Component: ARM Compiler 5.06 update 5 (build 528) Tool: armlink [4d35e2]

==============================================================================

Section Cross References

    main.o(i.main) refers to system.o(i.systemInit) for systemInit
    main.o(i.main) refers to tasks.o(i.xTaskCreate) for xTaskCreate
    main.o(i.main) refers to tasks.o(i.vTaskStartScheduler) for vTaskStartScheduler
    main.o(i.main) refers to main.o(.data) for startTaskHandle
    main.o(i.main) refers to main.o(i.startTask) for startTask
    main.o(i.startTask) refers to port.o(i.vPortEnterCritical) for vPortEnterCritical
    main.o(i.startTask) refers to tasks.o(i.xTaskCreate) for xTaskCreate
    main.o(i.startTask) refers to tasks.o(i.vTaskDelete) for vTaskDelete
    main.o(i.startTask) refers to port.o(i.vPortExitCritical) for vPortExitCritical
    main.o(i.startTask) refers to radiolink.o(i.radiolinkTask) for radiolinkTask
    main.o(i.startTask) refers to sensors.o(i.sensorsTask) for sensorsTask
    main.o(i.startTask) refers to stabilizer.o(i.stabilizerTask) for stabilizerTask
    main.o(i.startTask) refers to main.o(.data) for startTaskHandle
    main.o(i.vApplicationIdleHook) refers to nvic.o(i.getSysTickCnt) for getSysTickCnt
    main.o(i.vApplicationIdleHook) refers to watchdog.o(i.watchdogReset) for watchdogReset
    main.o(i.vApplicationIdleHook) refers to main.o(.data) for tickWatchdogReset
    system_stm32f4xx.o(i.SystemCoreClockUpdate) refers to system_stm32f4xx.o(.data) for SystemCoreClock
    system_stm32f4xx.o(i.SystemInit) refers to system_stm32f4xx.o(i.SetSysClock) for SetSysClock
    delay.o(i.delay_init) refers to delay.o(.data) for fac_us
    delay.o(i.delay_ms) refers to tasks.o(i.xTaskGetSchedulerState) for xTaskGetSchedulerState
    delay.o(i.delay_ms) refers to tasks.o(i.vTaskDelay) for vTaskDelay
    delay.o(i.delay_ms) refers to delay.o(i.delay_us) for delay_us
    delay.o(i.delay_ms) refers to delay.o(.data) for fac_ms
    delay.o(i.delay_us) refers to delay.o(.data) for fac_us
    delay.o(i.delay_xms) refers to delay.o(i.delay_us) for delay_us
    usart.o(.rev16_text) refers (Special) to use_no_semi_2.o(.text) for __use_no_semihosting
    usart.o(.revsh_text) refers (Special) to use_no_semi_2.o(.text) for __use_no_semihosting
    usart.o(i._sys_exit) refers (Special) to use_no_semi_2.o(.text) for __use_no_semihosting
    usart.o(i.fputc) refers (Special) to use_no_semi_2.o(.text) for __use_no_semihosting
    usart.o(i.uart_init) refers (Special) to use_no_semi_2.o(.text) for __use_no_semihosting
    usart.o(i.uart_init) refers to system_stm32f4xx.o(.data) for SystemCoreClock
    usart.o(.bss) refers (Special) to use_no_semi_2.o(.text) for __use_no_semihosting
    usart.o(.data) refers (Special) to use_no_semi_2.o(.text) for __use_no_semihosting
    exti.o(i.EXTI0_IRQHandler) refers to exti.o(i.EXTI0_Callback) for EXTI0_Callback
    exti.o(i.EXTI15_10_IRQHandler) refers to exti.o(i.EXTI10_Callback) for EXTI10_Callback
    exti.o(i.EXTI15_10_IRQHandler) refers to exti.o(i.EXTI11_Callback) for EXTI11_Callback
    exti.o(i.EXTI15_10_IRQHandler) refers to exti.o(i.EXTI12_Callback) for EXTI12_Callback
    exti.o(i.EXTI15_10_IRQHandler) refers to exti.o(i.EXTI13_Callback) for EXTI13_Callback
    exti.o(i.EXTI15_10_IRQHandler) refers to exti.o(i.EXTI14_Callback) for EXTI14_Callback
    exti.o(i.EXTI15_10_IRQHandler) refers to exti.o(i.EXTI15_Callback) for EXTI15_Callback
    exti.o(i.EXTI1_IRQHandler) refers to exti.o(i.EXTI1_Callback) for EXTI1_Callback
    exti.o(i.EXTI2_IRQHandler) refers to exti.o(i.EXTI2_Callback) for EXTI2_Callback
    exti.o(i.EXTI3_IRQHandler) refers to exti.o(i.EXTI3_Callback) for EXTI3_Callback
    exti.o(i.EXTI4_IRQHandler) refers to sensors.o(i.EXTI4_Callback) for EXTI4_Callback
    exti.o(i.EXTI9_5_IRQHandler) refers to exti.o(i.EXTI5_Callback) for EXTI5_Callback
    exti.o(i.EXTI9_5_IRQHandler) refers to exti.o(i.EXTI6_Callback) for EXTI6_Callback
    exti.o(i.EXTI9_5_IRQHandler) refers to exti.o(i.EXTI7_Callback) for EXTI7_Callback
    exti.o(i.EXTI9_5_IRQHandler) refers to exti.o(i.EXTI8_Callback) for EXTI8_Callback
    exti.o(i.EXTI9_5_IRQHandler) refers to exti.o(i.EXTI9_Callback) for EXTI9_Callback
    exti.o(i.extiInit) refers to exti.o(i.NVIC_ConfigureIRQ) for NVIC_ConfigureIRQ
    exti.o(i.extiInit) refers to exti.o(.data) for isInit
    exti.o(i.extiTest) refers to exti.o(.data) for isInit
    i2cdev.o(i.i2cdevInit) refers to i2c_drv.o(i.i2cdrvInit) for i2cdrvInit
    i2cdev.o(i.i2cdevRead) refers to i2c_drv.o(i.i2cdrvCreateMessageIntAddr) for i2cdrvCreateMessageIntAddr
    i2cdev.o(i.i2cdevRead) refers to i2c_drv.o(i.i2cdrvMessageTransfer) for i2cdrvMessageTransfer
    i2cdev.o(i.i2cdevRead16) refers to i2c_drv.o(i.i2cdrvCreateMessageIntAddr) for i2cdrvCreateMessageIntAddr
    i2cdev.o(i.i2cdevRead16) refers to i2c_drv.o(i.i2cdrvMessageTransfer) for i2cdrvMessageTransfer
    i2cdev.o(i.i2cdevReadBit) refers to i2cdev.o(i.i2cdevRead) for i2cdevRead
[...]
    TIM5_IRQHandler                          0x08000363   Thumb Code     0  startup_stm32f411xe.o(.text)
    USART1_IRQHandler                        0x08000363   Thumb Code     0  startup_stm32f411xe.o(.text)
    USART6_IRQHandler                        0x08000363   Thumb Code     0  startup_stm32f411xe.o(.text)
    WWDG_IRQHandler                          0x08000363   Thumb Code     0  startup_stm32f411xe.o(.text)
    __user_initial_stackheap                 0x08000365   Thumb Code     0  startup_stm32f411xe.o(.text)
    __use_no_semihosting                     0x08000389   Thumb Code     2  use_no_semi_2.o(.text)
    __aeabi_ldivmod                          0x0800038b   Thumb Code     0  llsdiv.o(.text)
    _ll_sdiv                                 0x0800038b   Thumb Code    72  llsdiv.o(.text)
    __2printf                                0x080003d5   Thumb Code    20  noretval__2printf.o(.text)
    __printf                                 0x080003ed   Thumb Code   104  __printf.o(.text)
    __aeabi_memcpy                           0x08000455   Thumb Code     0  rt_memcpy_v6.o(.text)
    __rt_memcpy                              0x08000455   Thumb Code   138  rt_memcpy_v6.o(.text)
    _memcpy_lastbytes                        0x080004bb   Thumb Code     0  rt_memcpy_v6.o(.text)
    __aeabi_memcpy4                          0x080004df   Thumb Code     0  rt_memcpy_w.o(.text)
    __aeabi_memcpy8                          0x080004df   Thumb Code     0  rt_memcpy_w.o(.text)
    __rt_memcpy_w                            0x080004df   Thumb Code   100  rt_memcpy_w.o(.text)
    _memcpy_lastbytes_aligned                0x08000527   Thumb Code     0  rt_memcpy_w.o(.text)
    __aeabi_memset                           0x08000543   Thumb Code    16  aeabi_memset.o(.text)
    __aeabi_memclr4                          0x08000553   Thumb Code     0  rt_memclr_w.o(.text)
    __aeabi_memclr8                          0x08000553   Thumb Code     0  rt_memclr_w.o(.text)
    __rt_memclr_w                            0x08000553   Thumb Code    78  rt_memclr_w.o(.text)
    _memset_w                                0x08000557   Thumb Code     0  rt_memclr_w.o(.text)
    __use_two_region_memory                  0x080005a1   Thumb Code     2  heapauxi.o(.text)
    __rt_heap_escrow$2region                 0x080005a3   Thumb Code     2  heapauxi.o(.text)
    __rt_heap_expand$2region                 0x080005a5   Thumb Code     2  heapauxi.o(.text)
    __I$use$semihosting                      0x080005a7   Thumb Code     0  use_no_semi.o(.text)
    __use_no_semihosting_swi                 0x080005a7   Thumb Code     2  use_no_semi.o(.text)
    __aeabi_uldivmod                         0x080005a9   Thumb Code     0  lludivv7m.o(.text)
    _ll_udiv                                 0x080005a9   Thumb Code   238  lludivv7m.o(.text)
    __read_errno                             0x08000697   Thumb Code    10  _rserrno.o(.text)
    __set_errno                              0x080006a1   Thumb Code    12  _rserrno.o(.text)
    _printf_char_common                      0x080006b7   Thumb Code    32  _printf_char_common.o(.text)
    _printf_char_file                        0x080006dd   Thumb Code    32  _printf_char_file.o(.text)
    __aeabi_memclr                           0x08000701   Thumb Code     0  rt_memclr.o(.text)
    __rt_memclr                              0x08000701   Thumb Code    68  rt_memclr.o(.text)
    _memset                                  0x08000705   Thumb Code     0  rt_memclr.o(.text)
    __aeabi_errno_addr                       0x08000745   Thumb Code     8  rt_errno_addr_intlibspace.o(.text)
    __errno$intlibspace                      0x08000745   Thumb Code     0  rt_errno_addr_intlibspace.o(.text)
    __rt_errno_addr$intlibspace              0x08000745   Thumb Code     0  rt_errno_addr_intlibspace.o(.text)
    ferror                                   0x0800074d   Thumb Code     8  ferror.o(.text)
    __user_libspace                          0x08000755   Thumb Code     8  libspace.o(.text)
    __user_perproc_libspace                  0x08000755   Thumb Code     0  libspace.o(.text)
    __user_perthread_libspace                0x08000755   Thumb Code     0  libspace.o(.text)
    __user_setup_stackheap                   0x0800075d   Thumb Code    74  sys_stackheap_outer.o(.text)
    exit                                     0x080007a7   Thumb Code    18  exit.o(.text)
    BusFault_Handler                         0x080007b9   Thumb Code    64  nvic.o(i.BusFault_Handler)
    EXTI0_Callback                           0x08000811   Thumb Code     2  exti.o(i.EXTI0_Callback)
    EXTI0_IRQHandler                         0x08000815   Thumb Code    14  exti.o(i.EXTI0_IRQHandler)
    EXTI10_Callback                          0x08000829   Thumb Code     2  exti.o(i.EXTI10_Callback)
    EXTI11_Callback                          0x0800082b   Thumb Code     2  exti.o(i.EXTI11_Callback)
    EXTI12_Callback                          0x0800082d   Thumb Code     2  exti.o(i.EXTI12_Callback)
    EXTI13_Callback                          0x0800082f   Thumb Code     2  exti.o(i.EXTI13_Callback)
    EXTI14_Callback                          0x08000831   Thumb Code     2  exti.o(i.EXTI14_Callback)
    EXTI15_10_IRQHandler                     0x08000835   Thumb Code   136  exti.o(i.EXTI15_10_IRQHandler)
    EXTI15_Callback                          0x080008c1   Thumb Code     2  exti.o(i.EXTI15_Callback)
    EXTI1_Callback                           0x080008c3   Thumb Code     2  exti.o(i.EXTI1_Callback)
    EXTI1_IRQHandler                         0x080008c5   Thumb Code    14  exti.o(i.EXTI1_IRQHandler)
    EXTI2_Callback                           0x080008d9   Thumb Code     2  exti.o(i.EXTI2_Callback)
    EXTI2_IRQHandler                         0x080008dd   Thumb Code    14  exti.o(i.EXTI2_IRQHandler)
    EXTI3_Callback                           0x080008f1   Thumb Code     2  exti.o(i.EXTI3_Callback)
    EXTI3_IRQHandler                         0x080008f5   Thumb Code    14  exti.o(i.EXTI3_IRQHandler)
    EXTI4_Callback                           0x08000909   Thumb Code    38  sensors.o(i.EXTI4_Callback)
    EXTI4_IRQHandler                         0x08000939   Thumb Code    14  exti.o(i.EXTI4_IRQHandler)
    EXTI5_Callback                           0x0800094d   Thumb Code     2  exti.o(i.EXTI5_Callback)
    EXTI6_Callback                           0x0800094f   Thumb Code     2  exti.o(i.EXTI6_Callback)
    EXTI7_Callback                           0x08000951   Thumb Code     2  exti.o(i.EXTI7_Callback)
    EXTI8_Callback                           0x08000953   Thumb Code     2  exti.o(i.EXTI8_Callback)
    EXTI9_5_IRQHandler                       0x08000955   Thumb Code   108  exti.o(i.EXTI9_5_IRQHandler)
    EXTI9_Callback                           0x080009c5   Thumb Code     2  exti.o(i.EXTI9_Callback)
    MemManage_Handler                        0x080009c9   Thumb Code    64  nvic.o(i.MemManage_Handler)
    NVIC_ConfigureIRQ                        0x08000a21   Thumb Code    42  exti.o(i.NVIC_ConfigureIRQ)
    SysTick_Handler                          0x08000b55   Thumb Code    28  nvic.o(i.SysTick_Handler)
    SystemInit                               0x08000b75   Thumb Code    88  system_stm32f4xx.o(i.SystemInit)
    USART2_IRQHandler                        0x08000bdd   Thumb Code     8  uart_syslink.o(i.USART2_IRQHandler)
    UsageFault_Handler                       0x08000be5   Thumb Code    64  nvic.o(i.UsageFault_Handler)
    __ARM_fpclassifyf                        0x08000c3d   Thumb Code    38  fpclassifyf.o(i.__ARM_fpclassifyf)
    __hardfp_asinf                           0x08000c65   Thumb Code   258  asinf.o(i.__hardfp_asinf)
    __hardfp_atan2f                          0x08000d91   Thumb Code   502  atan2f.o(i.__hardfp_atan2f)
    __hardfp_cosf                            0x08000fe1   Thumb Code   280  cosf.o(i.__hardfp_cosf)
    __hardfp_fabs                            0x08001131   Thumb Code    20  fabs.o(i.__hardfp_fabs)
    __hardfp_powf                            0x08001145   Thumb Code  1606  powf.o(i.__hardfp_powf)
    __mathlib_powf                           0x08001145   Thumb Code     0  powf.o(i.__hardfp_powf)
    __hardfp_sinf                            0x080017a9   Thumb Code   344  sinf.o(i.__hardfp_sinf)
    __hardfp_sqrtf                           0x08001939   Thumb Code    58  sqrtf.o(i.__hardfp_sqrtf)
    __hardfp_tanf                            0x08001975   Thumb Code   322  tanf.o(i.__hardfp_tanf)
    __mathlib_flt_divzero                    0x08001af1   Thumb Code    14  funder.o(i.__mathlib_flt_divzero)
    __mathlib_flt_infnan                     0x08001b05   Thumb Code     6  funder.o(i.__mathlib_flt_infnan)
    __mathlib_flt_infnan2                    0x08001b0b   Thumb Code     6  funder.o(i.__mathlib_flt_infnan2)
    __mathlib_flt_invalid                    0x08001b11   Thumb Code    10  funder.o(i.__mathlib_flt_invalid)
    __mathlib_flt_overflow                   0x08001b21   Thumb Code    10  funder.o(i.__mathlib_flt_overflow)
    __mathlib_flt_underflow                  0x08001b31   Thumb Code    10  funder.o(i.__mathlib_flt_underflow)
    __mathlib_rredf2                         0x08001b41   Thumb Code   316  rredf.o(i.__mathlib_rredf2)
    _sys_exit                                0x08001c95   Thumb Code     4  usart.o(i._sys_exit)
    anomalDetec                              0x08001c99   Thumb Code   186  anomal_detec.o(i.anomalDetec)
    applyDeadbandf                           0x08001d95   Thumb Code    80  maths.o(i.applyDeadbandf)
    assertFail                               0x08001de9   Thumb Code    86  debug_assert.o(i.assertFail)
    atkp_read                                0x08001e41   Thumb Code    20  communicate.o(i.atkp_read)
    atkp_write                               0x08001e59   Thumb Code    20  communicate.o(i.atkp_write)
    attitudeAnglePID                         0x08001e71   Thumb Code   166  attitude_pid.o(i.attitudeAnglePID)
    attitudeControlInit                      0x08001f35   Thumb Code   248  attitude_pid.o(i.attitudeControlInit)
    attitudeControllerResetPitchAttitudePID  0x08002059   Thumb Code    10  attitude_pid.o(i.attitudeControllerResetPitchAttitudePID)
    attitudeControllerResetRollAttitudePID   0x08002069   Thumb Code    10  attitude_pid.o(i.attitudeControllerResetRollAttitudePID)
    attitudeDataprocess                      0x08002079   Thumb Code   824  attitude_pid.o(i.attitudeDataprocess)
    attitudeRatePID                          0x080023d1   Thumb Code   114  attitude_pid.o(i.attitudeRatePID)
    attitudeResetAllPID                      0x08002451   Thumb Code    40  attitude_pid.o(i.attitudeResetAllPID)
    bmp280CompensateP                        0x08002491   Thumb Code   420  bmp280.o(i.bmp280CompensateP)
    bmp280CompensateT                        0x08002639   Thumb Code    66  bmp280.o(i.bmp280CompensateT)
    bmp280Init                               0x08002681   Thumb Code   120  bmp280.o(i.bmp280Init)
    bmp280PressureToAltitude                 0x0800270d   Thumb Code    78  bmp280.o(i.bmp280PressureToAltitude)
    commanderGetSetpoint                     0x080028e1   Thumb Code   548  commander.o(i.commanderGetSetpoint)
    communicateInit                          0x08002b69   Thumb Code    50  communicate.o(i.communicateInit)
    constrainf                               0x08002be1   Thumb Code    42  maths.o(i.constrainf)
    delay_init                               0x08002d61   Thumb Code    64  delay.o(i.delay_init)
    delay_us                                 0x08002da9   Thumb Code    68  delay.o(i.delay_us)
    delay_xms                                0x08002df1   Thumb Code    24  delay.o(i.delay_xms)
    estRstAll                                0x08002f71   Thumb Code     8  state_estimator.o(i.estRstAll)
    estRstHeight                             0x08002f7d   Thumb Code     8  state_estimator.o(i.estRstHeight)
    extiInit                                 0x08002f89   Thumb Code    88  exti.o(i.extiInit)
    flightCtrldataCache                      0x080030c9   Thumb Code    30  commander.o(i.flightCtrldataCache)
    flyerAutoLand                            0x080030ed   Thumb Code   252  commander.o(i.flyerAutoLand)
    fputc                                    0x08003211   Thumb Code     2  usart.o(i.fputc)
    getAltholdThrust                         0x08003215   Thumb Code     8  position_pid.o(i.getAltholdThrust)
    getCommanderCtrlMode                     0x08003221   Thumb Code    10  commander.o(i.getCommanderCtrlMode)
    getCommanderKeyFlight                    0x08003231   Thumb Code    10  commander.o(i.getCommanderKeyFlight)
    getCommanderKeyland                      0x08003241   Thumb Code    10  commander.o(i.getCommanderKeyland)
    getIsCalibrated                          0x08003251   Thumb Code     6  sensfusion6.o(i.getIsCalibrated)
    getSysTickCnt                            0x08003281   Thumb Code    22  nvic.o(i.getSysTickCnt)
    i2cdevInit                               0x08003509   Thumb Code    14  i2cdev.o(i.i2cdevInit)
    i2cdevRead                               0x08003517   Thumb Code    50  i2cdev.o(i.i2cdevRead)
    i2cdevReadByte                           0x08003549   Thumb Code    26  i2cdev.o(i.i2cdevReadByte)
    i2cdevWrite                              0x08003563   Thumb Code    50  i2cdev.o(i.i2cdevWrite)
    i2cdevWriteBit                           0x08003595   Thumb Code    80  i2cdev.o(i.i2cdevWriteBit)
    i2cdevWriteBits                          0x080035e5   Thumb Code   100  i2cdev.o(i.i2cdevWriteBits)
    i2cdevWriteByte                          0x08003649   Thumb Code    30  i2cdev.o(i.i2cdevWriteByte)
    i2cdrvCreateMessageIntAddr               0x08003667   Thumb Code    28  i2c_drv.o(i.i2cdrvCreateMessageIntAddr)
    i2cdrvInit                               0x08003683   Thumb Code    12  i2c_drv.o(i.i2cdrvInit)
    i2cdrvMessageTransfer                    0x08003a21   Thumb Code   124  i2c_drv.o(i.i2cdrvMessageTransfer)
    imuComputeRotationMatrix                 0x08003b55   Thumb Code   358  sensfusion6.o(i.imuComputeRotationMatrix)
    imuTransformVectorBodyToEarth            0x08003cd1   Thumb Code   242  sensfusion6.o(i.imuTransformVectorBodyToEarth)
    imuTransformVectorEarthToBody            0x08003dd1   Thumb Code   148  sensfusion6.o(i.imuTransformVectorEarthToBody)
    imuUpdate                                0x08003e69   Thumb Code   940  sensfusion6.o(i.imuUpdate)
    ledClearAll                              0x08004325   Thumb Code    24  led.o(i.ledClearAll)
    ledFlashOne                              0x0800433d   Thumb Code    38  led.o(i.ledFlashOne)
    ledInit                                  0x08004365   Thumb Code   220  led.o(i.ledInit)
    ledSet                                   0x08004455   Thumb Code    84  led.o(i.ledSet)
    ledseqInit                               0x080044ad   Thumb Code   140  ledseq.o(i.ledseqInit)
    ledseqRun                                0x0800455d   Thumb Code    94  ledseq.o(i.ledseqRun)
    limitThrust                              0x080045cd   Thumb Code    24  power_control.o(i.limitThrust)
    lpf2pApply                               0x080045e5   Thumb Code   110  filter.o(i.lpf2pApply)
    lpf2pInit                                0x08004653   Thumb Code    52  filter.o(i.lpf2pInit)
    lpf2pSetCutoffFreq                       0x08004689   Thumb Code   198  filter.o(i.lpf2pSetCutoffFreq)
    main                                     0x0800475d   Thumb Code    36  main.o(i.main)
    motorsInit                               0x08004795   Thumb Code   738  motors.o(i.motorsInit)
    motorsSetRatio                           0x08004a8d   Thumb Code   210  motors.o(i.motorsSetRatio)
    mpu6500Init                              0x08004b85   Thumb Code    28  mpu6500.o(i.mpu6500Init)
    mpu6500Reset                             0x08004bad   Thumb Code    24  mpu6500.o(i.mpu6500Reset)
    mpu6500SetAccelDLPF                      0x08004bcd   Thumb Code    28  mpu6500.o(i.mpu6500SetAccelDLPF)
    mpu6500SetClockSource                    0x08004bf1   Thumb Code    28  mpu6500.o(i.mpu6500SetClockSource)
    mpu6500SetDLPFMode                       0x08004c15   Thumb Code    28  mpu6500.o(i.mpu6500SetDLPFMode)
    mpu6500SetFullScaleAccelRange            0x08004c39   Thumb Code    28  mpu6500.o(i.mpu6500SetFullScaleAccelRange)
    mpu6500SetFullScaleGyroRange             0x08004c5d   Thumb Code    28  mpu6500.o(i.mpu6500SetFullScaleGyroRange)
    mpu6500SetI2CBypassEnabled               0x08004c81   Thumb Code    24  mpu6500.o(i.mpu6500SetI2CBypassEnabled)
    mpu6500SetI2CMasterModeEnabled           0x08004ca1   Thumb Code    24  mpu6500.o(i.mpu6500SetI2CMasterModeEnabled)
    mpu6500SetIntDataReadyEnabled            0x08004cc1   Thumb Code    24  mpu6500.o(i.mpu6500SetIntDataReadyEnabled)
    mpu6500SetIntEnabled                     0x08004ce1   Thumb Code    22  mpu6500.o(i.mpu6500SetIntEnabled)
    mpu6500SetInterruptDrive                 0x08004d01   Thumb Code    24  mpu6500.o(i.mpu6500SetInterruptDrive)
    mpu6500SetInterruptLatch                 0x08004d21   Thumb Code    24  mpu6500.o(i.mpu6500SetInterruptLatch)
    mpu6500SetInterruptLatchClear            0x08004d41   Thumb Code    24  mpu6500.o(i.mpu6500SetInterruptLatchClear)
    mpu6500SetInterruptMode                  0x08004d61   Thumb Code    24  mpu6500.o(i.mpu6500SetInterruptMode)
    mpu6500SetMasterClockSpeed               0x08004d81   Thumb Code    28  mpu6500.o(i.mpu6500SetMasterClockSpeed)
    mpu6500SetRate                           0x08004da5   Thumb Code    22  mpu6500.o(i.mpu6500SetRate)
    mpu6500SetSlave4MasterDelay              0x08004dc5   Thumb Code    28  mpu6500.o(i.mpu6500SetSlave4MasterDelay)
    mpu6500SetSlaveAddress                   0x08004de9   Thumb Code    38  mpu6500.o(i.mpu6500SetSlaveAddress)
    mpu6500SetSlaveDataLength                0x08004e19   Thumb Code    44  mpu6500.o(i.mpu6500SetSlaveDataLength)
    mpu6500SetSlaveDelayEnabled              0x08004e4d   Thumb Code    26  mpu6500.o(i.mpu6500SetSlaveDelayEnabled)
    mpu6500SetSlaveEnabled                   0x08004e71   Thumb Code    40  mpu6500.o(i.mpu6500SetSlaveEnabled)
    mpu6500SetSlaveReadWriteTransitionEnabled 0x08004ea1   Thumb Code    24  mpu6500.o(i.mpu6500SetSlaveReadWriteTransitionEnabled)
    mpu6500SetSlaveRegister                  0x08004ec1   Thumb Code    38  mpu6500.o(i.mpu6500SetSlaveRegister)
    mpu6500SetSleepEnabled                   0x08004ef1   Thumb Code    24  mpu6500.o(i.mpu6500SetSleepEnabled)
    mpu6500SetTempSensorEnabled              0x08004f11   Thumb Code    28  mpu6500.o(i.mpu6500SetTempSensorEnabled)
    mpu6500SetWaitForExternalSensorEnabled   0x08004f35   Thumb Code    24  mpu6500.o(i.mpu6500SetWaitForExternalSensorEnabled)
    nvicInit                                 0x08004f55   Thumb Code    16  nvic.o(i.nvicInit)
    pidInit                                  0x08004f6d   Thumb Code    90  pid.o(i.pidInit)
    pidReset                                 0x08005011   Thumb Code    34  pid.o(i.pidReset)
    pidSetIntegralLimit                      0x08005039   Thumb Code     6  pid.o(i.pidSetIntegralLimit)
    pidSetOutputLimit                        0x0800503f   Thumb Code     6  pid.o(i.pidSetOutputLimit)
    pidUpdate                                0x08005045   Thumb Code   264  pid.o(i.pidUpdate)
    positionControlInit                      0x0800514d   Thumb Code   248  position_pid.o(i.positionControlInit)
    positionController                       0x08005271   Thumb Code   158  position_pid.o(i.positionController)
    positionDataprocess                      0x08005321   Thumb Code   576  position_pid.o(i.positionDataprocess)
    positionEstimate                         0x08005581   Thumb Code  1104  state_estimator.o(i.positionEstimate)
    positionResetAllPID                      0x080059d1   Thumb Code    40  position_pid.o(i.positionResetAllPID)
    powerControl                             0x08005a11   Thumb Code   364  power_control.o(i.powerControl)
    powerControlInit                         0x08005b89   Thumb Code     8  power_control.o(i.powerControlInit)
    powerDataprocess                         0x08005b91   Thumb Code    94  power_control.o(i.powerDataprocess)
    printHardFault                           0x08005bf1   Thumb Code    64  nvic.o(i.printHardFault)
    processAccGyroMeasurements               0x08005c49   Thumb Code   326  sensors.o(i.processAccGyroMeasurements)
    processBarometerMeasurements             0x08005e8d   Thumb Code   158  sensors.o(i.processBarometerMeasurements)
    pvPortMalloc                             0x080068f1   Thumb Code   198  heap_4.o(i.pvPortMalloc)
    pvTaskIncrementMutexHeldCount            0x080069cd   Thumb Code    26  tasks.o(i.pvTaskIncrementMutexHeldCount)
    pvTimerGetTimerID                        0x080069ed   Thumb Code    20  timers.o(i.pvTimerGetTimerID)
    pxPortInitialiseStack                    0x08006a01   Thumb Code    38  port.o(i.pxPortInitialiseStack)
    queue_init                               0x08006a2d   Thumb Code    34  com_queue.o(i.queue_init)
    radiolinkTask                            0x08006a59   Thumb Code   264  radiolink.o(i.radiolinkTask)
    remoterCtrlProcess                       0x08006b95   Thumb Code   190  remoter_ctrl.o(i.remoterCtrlProcess)
    sensor_data_Read                         0x08006e1d   Thumb Code    20  com_queue.o(i.sensor_data_Read)
    sensor_data_Write                        0x08006e35   Thumb Code    20  com_queue.o(i.sensor_data_Write)
    sensorsDeviceInit                        0x08007051   Thumb Code   192  sensors.o(i.sensorsDeviceInit)
    sensorsInit                              0x080071ad   Thumb Code    54  sensors.o(i.sensorsInit)
    sensorsTask                              0x08007389   Thumb Code    94  sensors.o(i.sensorsTask)
    setCommanderCtrlMode                     0x080073f9   Thumb Code    14  commander.o(i.setCommanderCtrlMode)
    setCommanderFlightmode                   0x0800740d   Thumb Code    14  commander.o(i.setCommanderFlightmode)
    setCommanderKeyFlight                    0x08007421   Thumb Code    38  commander.o(i.setCommanderKeyFlight)
    setCommanderKeyland                      0x08007459   Thumb Code    14  commander.o(i.setCommanderKeyland)
    setFastAdjustPosParam                    0x0800746d   Thumb Code    54  stabilizer.o(i.setFastAdjustPosParam)
    setMotorPWM                              0x080074c1   Thumb Code    20  power_control.o(i.setMotorPWM)
    sqrtf                                    0x080074dd   Thumb Code    62  sqrtf.o(i.sqrtf)
    stabilizerDataprocess                    0x0800751b   Thumb Code    72  stabilizer.o(i.stabilizerDataprocess)
    stabilizerInit                           0x08007565   Thumb Code    28  stabilizer.o(i.stabilizerInit)
    stabilizerTask                           0x08007585   Thumb Code   196  stabilizer.o(i.stabilizerTask)
    stateControl                             0x080076ed   Thumb Code   414  state_control.o(i.stateControl)
    stateControlInit                         0x080078b5   Thumb Code    28  state_control.o(i.stateControlInit)
    storeAssertSnapshotData                  0x080078d9   Thumb Code    14  debug_assert.o(i.storeAssertSnapshotData)
    systemInit                               0x080078f1   Thumb Code    74  system.o(i.systemInit)
    uartslkGetDataWithTimout                 0x08007941   Thumb Code    34  uart_syslink.o(i.uartslkGetDataWithTimout)
    uartslkInit                              0x08007969   Thumb Code   564  uart_syslink.o(i.uartslkInit)
    uartslkIsr                               0x08007bfd   Thumb Code   154  uart_syslink.o(i.uartslkIsr)
    uxListRemove                             0x08007cfd   Thumb Code    40  list.o(i.uxListRemove)
    vApplicationIdleHook                     0x08007d25   Thumb Code    30  main.o(i.vApplicationIdleHook)
    vApplicationMallocFailedHook             0x08007d49   Thumb Code    44  freertosdebug.o(i.vApplicationMallocFailedHook)
    vListInitialise                          0x08007d89   Thumb Code    26  list.o(i.vListInitialise)
    vListInitialiseItem                      0x08007da3   Thumb Code     6  list.o(i.vListInitialiseItem)
    vListInsert                              0x08007da9   Thumb Code    52  list.o(i.vListInsert)
    vListInsertEnd                           0x08007ddd   Thumb Code    24  list.o(i.vListInsertEnd)
    vPortEnterCritical                       0x08007df5   Thumb Code    30  port.o(i.vPortEnterCritical)
    vPortExitCritical                        0x08007e19   Thumb Code    28  port.o(i.vPortExitCritical)
    vPortFree                                0x08007e39   Thumb Code    64  heap_4.o(i.vPortFree)
    vPortSetupTimerInterrupt                 0x08007e81   Thumb Code    14  port.o(i.vPortSetupTimerInterrupt)
    vQueueAddToRegistry                      0x08007e95   Thumb Code    38  queue.o(i.vQueueAddToRegistry)
    vQueueWaitForMessageRestricted           0x08007ec1   Thumb Code    74  queue.o(i.vQueueWaitForMessageRestricted)
    vTaskDelay                               0x08007f0d   Thumb Code    46  tasks.o(i.vTaskDelay)
    vTaskDelayUntil                          0x08007f41   Thumb Code   106  tasks.o(i.vTaskDelayUntil)
    vTaskDelete                              0x08007fb5   Thumb Code   166  tasks.o(i.vTaskDelete)
    vTaskMissedYield                         0x08008081   Thumb Code     8  tasks.o(i.vTaskMissedYield)
    vTaskPlaceOnEventList                    0x0800808d   Thumb Code    28  tasks.o(i.vTaskPlaceOnEventList)
    vTaskPlaceOnEventListRestricted          0x080080ad   Thumb Code    36  tasks.o(i.vTaskPlaceOnEventListRestricted)
    vTaskPriorityInherit                     0x080080d5   Thumb Code   164  tasks.o(i.vTaskPriorityInherit)
    vTaskSetTimeOutState                     0x08008185   Thumb Code    14  tasks.o(i.vTaskSetTimeOutState)
    vTaskStartScheduler                      0x0800819d   Thumb Code    82  tasks.o(i.vTaskStartScheduler)
    vTaskSuspendAll                          0x0800820d   Thumb Code    12  tasks.o(i.vTaskSuspendAll)
    vTaskSwitchContext                       0x0800821d   Thumb Code    76  tasks.o(i.vTaskSwitchContext)
    watchdogInit                             0x0800843d   Thumb Code    74  watchdog.o(i.watchdogInit)
    watchdogReset                            0x08008495   Thumb Code    10  watchdog.o(i.watchdogReset)
    xPortStartScheduler                      0x080084a5   Thumb Code    58  port.o(i.xPortStartScheduler)
    xPortSysTickHandler                      0x080084ed   Thumb Code    46  port.o(i.xPortSysTickHandler)
    xQueueCreateMutex                        0x08008521   Thumb Code    34  queue.o(i.xQueueCreateMutex)
    xQueueGenericCreate                      0x08008543   Thumb Code    56  queue.o(i.xQueueGenericCreate)
    xQueueGenericReceive                     0x0800857d   Thumb Code   342  queue.o(i.xQueueGenericReceive)
    xQueueGenericReset                       0x080086d9   Thumb Code   122  queue.o(i.xQueueGenericReset)
    xQueueGenericSend                        0x08008759   Thumb Code   308  queue.o(i.xQueueGenericSend)
    xQueueGenericSendFromISR                 0x08008891   Thumb Code   156  queue.o(i.xQueueGenericSendFromISR)
    xQueueGiveFromISR                        0x0800892d   Thumb Code   142  queue.o(i.xQueueGiveFromISR)
    xTaskCheckForTimeOut                     0x080089bd   Thumb Code    84  tasks.o(i.xTaskCheckForTimeOut)
    xTaskCreate                              0x08008a19   Thumb Code    96  tasks.o(i.xTaskCreate)
    xTaskGetSchedulerState                   0x08008a79   Thumb Code    24  tasks.o(i.xTaskGetSchedulerState)
    xTaskGetTickCount                        0x08008a99   Thumb Code     6  tasks.o(i.xTaskGetTickCount)
    xTaskIncrementTick                       0x08008aa5   Thumb Code   238  tasks.o(i.xTaskIncrementTick)
    xTaskPriorityDisinherit                  0x08008bc1   Thumb Code   122  tasks.o(i.xTaskPriorityDisinherit)
    xTaskRemoveFromEventList                 0x08008c45   Thumb Code   104  tasks.o(i.xTaskRemoveFromEventList)
    xTaskResumeAll                           0x08008cc5   Thumb Code   196  tasks.o(i.xTaskResumeAll)
    xTimerCreate                             0x08008dad   Thumb Code    48  timers.o(i.xTimerCreate)
    xTimerCreateTimerTask                    0x08008ddd   Thumb Code    40  timers.o(i.xTimerCreateTimerTask)
    xTimerGenericCommand                     0x08008e19   Thumb Code   102  timers.o(i.xTimerGenericCommand)
    __aeabi_d2f                              0x08008e85   Thumb Code     0  d2f.o(x$fpl$d2f)
    _d2f                                     0x08008e85   Thumb Code    98  d2f.o(x$fpl$d2f)
    __fpl_dcmp_Inf                           0x08008ee7   Thumb Code    24  dcmpi.o(x$fpl$dcmpinf)
    __aeabi_d2uiz                            0x08008f01   Thumb Code     0  dfixu.o(x$fpl$dfixu)
    _dfixu                                   0x08008f01   Thumb Code    90  dfixu.o(x$fpl$dfixu)
    __aeabi_i2d                              0x08008f5b   Thumb Code     0  dflt_clz.o(x$fpl$dflt)
    _dflt                                    0x08008f5b   Thumb Code    46  dflt_clz.o(x$fpl$dflt)
    __aeabi_ui2d                             0x08008f89   Thumb Code     0  dflt_clz.o(x$fpl$dfltu)
    _dfltu                                   0x08008f89   Thumb Code    38  dflt_clz.o(x$fpl$dfltu)
    __aeabi_cdcmple                          0x08008fb1   Thumb Code     0  dleqf.o(x$fpl$dleqf)
    _dcmple                                  0x08008fb1   Thumb Code   120  dleqf.o(x$fpl$dleqf)
    __fpl_dcmple_InfNaN                      0x08009013   Thumb Code     0  dleqf.o(x$fpl$dleqf)
    __aeabi_dmul                             0x08009029   Thumb Code     0  dmul.o(x$fpl$dmul)
    _dmul                                    0x08009029   Thumb Code   332  dmul.o(x$fpl$dmul)
    __fpl_dnaninf                            0x0800917d   Thumb Code   156  dnaninf.o(x$fpl$dnaninf)
    __fpl_dretinf                            0x08009219   Thumb Code    12  dretinf.o(x$fpl$dretinf)
    __aeabi_cdrcmple                         0x08009225   Thumb Code     0  drleqf.o(x$fpl$drleqf)
    _drcmple                                 0x08009225   Thumb Code   108  drleqf.o(x$fpl$drleqf)
    __aeabi_f2d                              0x08009291   Thumb Code     0  f2d.o(x$fpl$f2d)
    _f2d                                     0x08009291   Thumb Code    86  f2d.o(x$fpl$f2d)
    __aeabi_ul2f                             0x080092e7   Thumb Code     0  ffltll_clz.o(x$fpl$ffltll)
    _ll_uto_f                                0x080092e7   Thumb Code     6  ffltll_clz.o(x$fpl$ffltll)
    __aeabi_l2f                              0x080092ed   Thumb Code     0  ffltll_clz.o(x$fpl$ffltll)
    _ll_sto_f                                0x080092ed   Thumb Code    90  ffltll_clz.o(x$fpl$ffltll)
    __fpl_fnaninf                            0x08009347   Thumb Code   140  fnaninf.o(x$fpl$fnaninf)
    _fp_init                                 0x080093d3   Thumb Code    10  fpinit.o(x$fpl$fpinit)
    __fplib_config_fpu_vfp                   0x080093db   Thumb Code     0  fpinit.o(x$fpl$fpinit)
    __fplib_config_pureend_doubles           0x080093db   Thumb Code     0  fpinit.o(x$fpl$fpinit)
    __fpl_fretinf                            0x080093dd   Thumb Code    10  fretinf.o(x$fpl$fretinf)
    __I$use$fp                               0x080093e6   Number         0  usenofp.o(x$fpl$usenofp)
    seq_lowbat                               0x08009420   Data          16  ledseq.o(.constdata)
    seq_calibrated                           0x08009430   Data          24  ledseq.o(.constdata)
    seq_alive                                0x08009448   Data          24  ledseq.o(.constdata)
    seq_linkup                               0x08009460   Data          24  ledseq.o(.constdata)
    seq_charged                              0x08009478   Data          16  ledseq.o(.constdata)
    seq_charging                             0x08009488   Data          24  ledseq.o(.constdata)
    Region$$Table$$Base                      0x08009604   Number         0  anon$$obj.o(Region$$Table)
    Region$$Table$$Limit                     0x08009624   Number         0  anon$$obj.o(Region$$Table)
    startTaskHandle                          0x2000000c   Data           4  main.o(.data)
    __stdout                                 0x2000001c   Data           4  usart.o(.data)
    USART_RX_STA                             0x20000020   Data           2  usart.o(.data)
    configParam                              0x20000024   Data         156  config_param.o(.data)
    sensorsBus                               0x200000c4   Data          40  i2c_drv.o(.data)
    pxCurrentTCB                             0x2000014c   Data           4  tasks.o(.data)
    Kp                                       0x20000220   Data           4  sensfusion6.o(.data)
    Ki                                       0x20000224   Data           4  sensfusion6.o(.data)
    exInt                                    0x20000228   Data           4  sensfusion6.o(.data)
    eyInt                                    0x2000022c   Data           4  sensfusion6.o(.data)
    ezInt                                    0x20000230   Data           4  sensfusion6.o(.data)
    isGravityCalibrated                      0x20000248   Data           1  sensfusion6.o(.data)
    timestamp                                0x20000300   Data           4  commander.o(.data)
    snapshot                                 0x2000035c   Data          12  debug_assert.o(.nzds)
    motor_ratios                             0x20000368   Data          16  motors.o(.bss)
    xQueueRegistry                           0x20000378   Data          80  queue.o(.bss)
    pidAngleRoll                             0x200096e8   Data          60  attitude_pid.o(.bss)
    pidAnglePitch                            0x20009724   Data          60  attitude_pid.o(.bss)
    pidAngleYaw                              0x20009760   Data          60  attitude_pid.o(.bss)
    pidRateRoll                              0x2000979c   Data          60  attitude_pid.o(.bss)
    pidRatePitch                             0x200097d8   Data          60  attitude_pid.o(.bss)
    pidRateYaw                               0x20009814   Data          60  attitude_pid.o(.bss)
    pidVX                                    0x20009850   Data          60  position_pid.o(.bss)
    pidVY                                    0x2000988c   Data          60  position_pid.o(.bss)
    pidVZ                                    0x200098c8   Data          60  position_pid.o(.bss)
    pidX                                     0x20009904   Data          60  position_pid.o(.bss)
    pidY                                     0x20009940   Data          60  position_pid.o(.bss)
    pidZ                                     0x2000997c   Data          60  position_pid.o(.bss)
    bmp280Cal                                0x2000e698   Data          28  bmp280.o(.bss)
    __libspace_start                         0x2000e6b4   Data          96  libspace.o(.bss)
    __temporary_stack_top$libspace           0x2000e714   Data           0  libspace.o(.bss)



==============================================================================

Memory Map of the image

  Image Entry point : 0x08000199

  Load Region LR_IROM1 (Base: 0x08000000, Size: 0x0000998c, Max: 0x00078000, ABSOLUTE, COMPRESSED[0x000096d8])

    Execution Region ER_IROM1 (Exec base: 0x08000000, Load base: 0x08000000, Size: 0x00009624, Max: 0x00078000, ABSOLUTE)

    Exec Addr    Load Addr    Size         Type   Attr      Idx    E Section Name        Object

    0x08000000   0x08000000   0x00000198   Data   RO         1013    RESET               startup_stm32f411xe.o
    0x08000198   0x08000198   0x00000008   Code   RO         3707  * !!!main             c_w.l(__main.o)
    0x080001a0   0x080001a0   0x00000034   Code   RO         4048    !!!scatter          c_w.l(__scatter.o)
    0x080001d4   0x080001d4   0x0000005a   Code   RO         4046    !!dczerorl2         c_w.l(__dczerorl2.o)
    0x0800022e   0x0800022e   0x00000002   PAD
    0x08000230   0x08000230   0x0000001c   Code   RO         4050    !!handler_zi        c_w.l(__scatter_zi.o)
    0x0800024c   0x0800024c   0x00000000   Code   RO         3692    .ARM.Collect$$_printf_percent$$00000000  c_w.l(_printf_percent.o)
    0x0800024c   0x0800024c   0x00000004   Code   RO         3840    .ARM.Collect$$_printf_percent$$00000017  c_w.l(_printf_percent_end.o)
    0x08000250   0x08000250   0x00000002   Code   RO         3919    .ARM.Collect$$libinit$$00000000  c_w.l(libinit.o)
    0x08000252   0x08000252   0x00000004   Code   RO         3926    .ARM.Collect$$libinit$$00000001  c_w.l(libinit2.o)
    0x08000256   0x08000256   0x00000000   Code   RO         3929    .ARM.Collect$$libinit$$00000004  c_w.l(libinit2.o)
    0x08000256   0x08000256   0x00000000   Code   RO         3932    .ARM.Collect$$libinit$$0000000A  c_w.l(libinit2.o)
    0x08000256   0x08000256   0x00000000   Code   RO         3934    .ARM.Collect$$libinit$$0000000C  c_w.l(libinit2.o)
    0x08000256   0x08000256   0x00000000   Code   RO         3936    .ARM.Collect$$libinit$$0000000E  c_w.l(libinit2.o)
    0x08000256   0x08000256   0x00000000   Code   RO         3939    .ARM.Collect$$libinit$$00000011  c_w.l(libinit2.o)
    0x08000256   0x08000256   0x00000000   Code   RO         3941    .ARM.Collect$$libinit$$00000013  c_w.l(libinit2.o)
    0x08000256   0x08000256   0x00000000   Code   RO         3943    .ARM.Collect$$libinit$$00000015  c_w.l(libinit2.o)
    0x08000256   0x08000256   0x00000000   Code   RO         3945    .ARM.Collect$$libinit$$00000017  c_w.l(libinit2.o)
    0x08000256   0x08000256   0x00000000   Code   RO         3947    .ARM.Collect$$libinit$$00000019  c_w.l(libinit2.o)
    0x08000256   0x08000256   0x00000000   Code   RO         3949    .ARM.Collect$$libinit$$0000001B  c_w.l(libinit2.o)
    0x08000256   0x08000256   0x00000000   Code   RO         3951    .ARM.Collect$$libinit$$0000001D  c_w.l(libinit2.o)
    0x08000256   0x08000256   0x00000000   Code   RO         3953    .ARM.Collect$$libinit$$0000001F  c_w.l(libinit2.o)
    0x08000256   0x08000256   0x00000000   Code   RO         3955    .ARM.Collect$$libinit$$00000021  c_w.l(libinit2.o)
    0x08000256   0x08000256   0x00000000   Code   RO         3957    .ARM.Collect$$libinit$$00000023  c_w.l(libinit2.o)
    0x08000256   0x08000256   0x00000000   Code   RO         3959    .ARM.Collect$$libinit$$00000025  c_w.l(libinit2.o)
    0x08000256   0x08000256   0x00000000   Code   RO         3963    .ARM.Collect$$libinit$$0000002C  c_w.l(libinit2.o)
    0x08000256   0x08000256   0x00000000   Code   RO         3965    .ARM.Collect$$libinit$$0000002E  c_w.l(libinit2.o)
    0x08000256   0x08000256   0x00000000   Code   RO         3967    .ARM.Collect$$libinit$$00000030  c_w.l(libinit2.o)
    0x08000256   0x08000256   0x00000000   Code   RO         3969    .ARM.Collect$$libinit$$00000032  c_w.l(libinit2.o)
    0x08000256   0x08000256   0x00000002   Code   RO         3970    .ARM.Collect$$libinit$$00000033  c_w.l(libinit2.o)
    0x08000258   0x08000258   0x00000002   Code   RO         3998    .ARM.Collect$$libshutdown$$00000000  c_w.l(libshutdown.o)
    0x0800025a   0x0800025a   0x00000000   Code   RO         4012    .ARM.Collect$$libshutdown$$00000002  c_w.l(libshutdown2.o)
    0x0800025a   0x0800025a   0x00000000   Code   RO         4014    .ARM.Collect$$libshutdown$$00000004  c_w.l(libshutdown2.o)
    0x0800025a   0x0800025a   0x00000000   Code   RO         4017    .ARM.Collect$$libshutdown$$00000007  c_w.l(libshutdown2.o)
    0x0800025a   0x0800025a   0x00000000   Code   RO         4020    .ARM.Collect$$libshutdown$$0000000A  c_w.l(libshutdown2.o)
    0x0800025a   0x0800025a   0x00000000   Code   RO         4022    .ARM.Collect$$libshutdown$$0000000C  c_w.l(libshutdown2.o)
    0x0800025a   0x0800025a   0x00000000   Code   RO         4025    .ARM.Collect$$libshutdown$$0000000F  c_w.l(libshutdown2.o)
    0x0800025a   0x0800025a   0x00000002   Code   RO         4026    .ARM.Collect$$libshutdown$$00000010  c_w.l(libshutdown2.o)
    0x0800025c   0x0800025c   0x00000000   Code   RO         3825    .ARM.Collect$$rtentry$$00000000  c_w.l(__rtentry.o)
    0x0800025c   0x0800025c   0x00000000   Code   RO         3876    .ARM.Collect$$rtentry$$00000002  c_w.l(__rtentry2.o)
    0x0800025c   0x0800025c   0x00000006   Code   RO         3888    .ARM.Collect$$rtentry$$00000004  c_w.l(__rtentry4.o)
    0x08000262   0x08000262   0x00000000   Code   RO         3878    .ARM.Collect$$rtentry$$00000009  c_w.l(__rtentry2.o)
    0x08000262   0x08000262   0x00000004   Code   RO         3879    .ARM.Collect$$rtentry$$0000000A  c_w.l(__rtentry2.o)
    0x08000266   0x08000266   0x00000000   Code   RO         3881    .ARM.Collect$$rtentry$$0000000C  c_w.l(__rtentry2.o)
    0x08000266   0x08000266   0x00000008   Code   RO         3882    .ARM.Collect$$rtentry$$0000000D  c_w.l(__rtentry2.o)
    0x0800026e   0x0800026e   0x00000002   Code   RO         3920    .ARM.Collect$$rtexit$$00000000  c_w.l(rtexit.o)
    0x08000270   0x08000270   0x00000000   Code   RO         3972    .ARM.Collect$$rtexit$$00000002  c_w.l(rtexit2.o)
    0x08000270   0x08000270   0x00000004   Code   RO         3973    .ARM.Collect$$rtexit$$00000003  c_w.l(rtexit2.o)
    0x08000274   0x08000274   0x00000006   Code   RO         3974    .ARM.Collect$$rtexit$$00000004  c_w.l(rtexit2.o)
    0x0800027a   0x0800027a   0x00000002   PAD
    0x0800027c   0x0800027c   0x00000012   Code   RO          818    .emb_text           nvic.o
    0x0800028e   0x0800028e   0x00000002   PAD
    0x08000290   0x08000290   0x000000b6   Code   RO         1972    .emb_text           port.o
    0x08000346   0x08000346   0x00000002   PAD
    0x08000348   0x08000348   0x00000040   Code   RO         1014    .text               startup_stm32f411xe.o
    0x08000388   0x08000388   0x00000002   Code   RO         3652    .text               c_w.l(use_no_semi_2.o)
    0x0800038a   0x0800038a   0x00000048   Code   RO         3654    .text               c_w.l(llsdiv.o)
    0x080003d2   0x080003d2   0x00000002   PAD
    0x080003d4   0x080003d4   0x00000018   Code   RO         3660    .text               c_w.l(noretval__2printf.o)
    0x080003ec   0x080003ec   0x00000068   Code   RO         3664    .text               c_w.l(__printf.o)
    0x08000454   0x08000454   0x0000008a   Code   RO         3697    .text               c_w.l(rt_memcpy_v6.o)
    0x080004de   0x080004de   0x00000064   Code   RO         3699    .text               c_w.l(rt_memcpy_w.o)
    0x08000542   0x08000542   0x00000010   Code   RO         3701    .text               c_w.l(aeabi_memset.o)
    0x08000552   0x08000552   0x0000004e   Code   RO         3703    .text               c_w.l(rt_memclr_w.o)
    0x080005a0   0x080005a0   0x00000006   Code   RO         3705    .text               c_w.l(heapauxi.o)
    0x080005a6   0x080005a6   0x00000002   Code   RO         3823    .text               c_w.l(use_no_semi.o)
    0x080005a8   0x080005a8   0x000000ee   Code   RO         3826    .text               c_w.l(lludivv7m.o)
    0x08000696   0x08000696   0x00000016   Code   RO         3828    .text               c_w.l(_rserrno.o)
    0x080006ac   0x080006ac   0x00000030   Code   RO         3832    .text               c_w.l(_printf_char_common.o)
    0x080006dc   0x080006dc   0x00000024   Code   RO         3838    .text               c_w.l(_printf_char_file.o)
    0x08000700   0x08000700   0x00000044   Code   RO         3841    .text               c_w.l(rt_memclr.o)
    0x08000744   0x08000744   0x00000008   Code   RO         3897    .text               c_w.l(rt_errno_addr_intlibspace.o)
    0x0800074c   0x0800074c   0x00000008   Code   RO         3901    .text               c_w.l(ferror.o)
    0x08000754   0x08000754   0x00000008   Code   RO         3905    .text               c_w.l(libspace.o)
    0x0800075c   0x0800075c   0x0000004a   Code   RO         3908    .text               c_w.l(sys_stackheap_outer.o)
    0x080007a6   0x080007a6   0x00000012   Code   RO         3912    .text               c_w.l(exit.o)
    0x080007b8   0x080007b8   0x00000058   Code   RO          819    i.BusFault_Handler  nvic.o
    0x08000810   0x08000810   0x00000002   Code   RO          372    i.EXTI0_Callback    exti.o
    0x08000812   0x08000812   0x00000002   PAD
    0x08000814   0x08000814   0x00000014   Code   RO          373    i.EXTI0_IRQHandler  exti.o
    0x08000828   0x08000828   0x00000002   Code   RO          374    i.EXTI10_Callback   exti.o
    0x0800082a   0x0800082a   0x00000002   Code   RO          375    i.EXTI11_Callback   exti.o
    0x0800082c   0x0800082c   0x00000002   Code   RO          376    i.EXTI12_Callback   exti.o
    0x0800082e   0x0800082e   0x00000002   Code   RO          377    i.EXTI13_Callback   exti.o
    0x08000830   0x08000830   0x00000002   Code   RO          378    i.EXTI14_Callback   exti.o
    0x08000832   0x08000832   0x00000002   PAD
    0x08000834   0x08000834   0x0000008c   Code   RO          379    i.EXTI15_10_IRQHandler  exti.o
    0x080008c0   0x080008c0   0x00000002   Code   RO          380    i.EXTI15_Callback   exti.o
    0x080008c2   0x080008c2   0x00000002   Code   RO          381    i.EXTI1_Callback    exti.o
    0x080008c4   0x080008c4   0x00000014   Code   RO          382    i.EXTI1_IRQHandler  exti.o
    0x080008d8   0x080008d8   0x00000002   Code   RO          383    i.EXTI2_Callback    exti.o
    0x080008da   0x080008da   0x00000002   PAD
    0x080008dc   0x080008dc   0x00000014   Code   RO          384    i.EXTI2_IRQHandler  exti.o
    0x080008f0   0x080008f0   0x00000002   Code   RO          385    i.EXTI3_Callback    exti.o
    0x080008f2   0x080008f2   0x00000002   PAD
    0x080008f4   0x080008f4   0x00000014   Code   RO          386    i.EXTI3_IRQHandler  exti.o
    0x08000908   0x08000908   0x00000030   Code   RO         3272    i.EXTI4_Callback    sensors.o
    0x08000938   0x08000938   0x00000014   Code   RO          388    i.EXTI4_IRQHandler  exti.o
    0x0800094c   0x0800094c   0x00000002   Code   RO          389    i.EXTI5_Callback    exti.o
    0x0800094e   0x0800094e   0x00000002   Code   RO          390    i.EXTI6_Callback    exti.o
    0x08000950   0x08000950   0x00000002   Code   RO          391    i.EXTI7_Callback    exti.o
    0x08000952   0x08000952   0x00000002   Code   RO          392    i.EXTI8_Callback    exti.o
    0x08000954   0x08000954   0x00000070   Code   RO          393    i.EXTI9_5_IRQHandler  exti.o
    0x080009c4   0x080009c4   0x00000002   Code   RO          394    i.EXTI9_Callback    exti.o
    0x080009c6   0x080009c6   0x00000002   PAD
    0x080009c8   0x080009c8   0x00000058   Code   RO          820    i.MemManage_Handler  nvic.o
    0x08000a20   0x08000a20   0x00000034   Code   RO          395    i.NVIC_ConfigureIRQ  exti.o
    0x08000a54   0x08000a54   0x00000016   Code   RO          880    i.NVIC_EnableIRQ    uart_syslink.o
    0x08000a6a   0x08000a6a   0x00000002   PAD
    0x08000a6c   0x08000a6c   0x000000e8   Code   RO          191    i.SetSysClock       system_stm32f4xx.o
    0x08000b54   0x08000b54   0x00000020   Code   RO          821    i.SysTick_Handler   nvic.o
    0x08000b74   0x08000b74   0x00000068   Code   RO          193    i.SystemInit        system_stm32f4xx.o
    0x08000bdc   0x08000bdc   0x00000008   Code   RO          881    i.USART2_IRQHandler  uart_syslink.o
    0x08000be4   0x08000be4   0x00000058   Code   RO          822    i.UsageFault_Handler  nvic.o
    0x08000c3c   0x08000c3c   0x00000026   Code   RO         3856    i.__ARM_fpclassifyf  m_wm.l(fpclassifyf.o)
    0x08000c62   0x08000c62   0x00000002   PAD
    0x08000c64   0x08000c64   0x0000012c   Code   RO         3731    i.__hardfp_asinf    m_wm.l(asinf.o)
    0x08000d90   0x08000d90   0x00000250   Code   RO         3743    i.__hardfp_atan2f   m_wm.l(atan2f.o)
    0x08000fe0   0x08000fe0   0x00000150   Code   RO         3755    i.__hardfp_cosf     m_wm.l(cosf.o)
    0x08001130   0x08001130   0x00000014   Code   RO         3767    i.__hardfp_fabs     m_wm.l(fabs.o)
    0x08001144   0x08001144   0x00000664   Code   RO         3773    i.__hardfp_powf     m_wm.l(powf.o)
    0x080017a8   0x080017a8   0x00000190   Code   RO         3787    i.__hardfp_sinf     m_wm.l(sinf.o)
    0x08001938   0x08001938   0x0000003a   Code   RO         3799    i.__hardfp_sqrtf    m_wm.l(sqrtf.o)
    0x08001972   0x08001972   0x00000002   PAD
    0x08001974   0x08001974   0x0000017c   Code   RO         3811    i.__hardfp_tanf     m_wm.l(tanf.o)
    0x08001af0   0x08001af0   0x00000014   Code   RO         3858    i.__mathlib_flt_divzero  m_wm.l(funder.o)
    0x08001b04   0x08001b04   0x00000006   Code   RO         3859    i.__mathlib_flt_infnan  m_wm.l(funder.o)
    0x08001b0a   0x08001b0a   0x00000006   Code   RO         3860    i.__mathlib_flt_infnan2  m_wm.l(funder.o)
    0x08001b10   0x08001b10   0x00000010   Code   RO         3861    i.__mathlib_flt_invalid  m_wm.l(funder.o)
    0x08001b20   0x08001b20   0x00000010   Code   RO         3862    i.__mathlib_flt_overflow  m_wm.l(funder.o)
    0x08001b30   0x08001b30   0x00000010   Code   RO         3864    i.__mathlib_flt_underflow  m_wm.l(funder.o)
    0x08001b40   0x08001b40   0x00000154   Code   RO         3872    i.__mathlib_rredf2  m_wm.l(rredf.o)
    0x08001c94   0x08001c94   0x00000004   Code   RO          306    i._sys_exit         usart.o
    0x08001c98   0x08001c98   0x000000c8   Code   RO         2258    i.anomalDetec       anomal_detec.o
    0x08001d60   0x08001d60   0x00000034   Code   RO         3273    i.applyAxis3fLpf    sensors.o
    0x08001d94   0x08001d94   0x00000054   Code   RO         3040    i.applyDeadbandf    maths.o
    0x08001de8   0x08001de8   0x00000056   Code   RO         2969    i.assertFail        debug_assert.o
    0x08001e3e   0x08001e3e   0x00000002   PAD
    0x08001e40   0x08001e40   0x00000018   Code   RO         2230    i.atkp_read         communicate.o
    0x08001e58   0x08001e58   0x00000018   Code   RO         2231    i.atkp_write        communicate.o
    0x08001e70   0x08001e70   0x000000c4   Code   RO         2305    i.attitudeAnglePID  attitude_pid.o
    0x08001f34   0x08001f34   0x00000124   Code   RO         2306    i.attitudeControlInit  attitude_pid.o
    0x08002058   0x08002058   0x00000010   Code   RO         2307    i.attitudeControllerResetPitchAttitudePID  attitude_pid.o
    0x08002068   0x08002068   0x00000010   Code   RO         2308    i.attitudeControllerResetRollAttitudePID  attitude_pid.o
    0x08002078   0x08002078   0x00000358   Code   RO         2309    i.attitudeDataprocess  attitude_pid.o
    0x080023d0   0x080023d0   0x00000080   Code   RO         2311    i.attitudeRatePID   attitude_pid.o
    0x08002450   0x08002450   0x00000040   Code   RO         2312    i.attitudeResetAllPID  attitude_pid.o
    0x08002490   0x08002490   0x000001a8   Code   RO         3386    i.bmp280CompensateP  bmp280.o
    0x08002638   0x08002638   0x00000048   Code   RO         3387    i.bmp280CompensateT  bmp280.o
    0x08002680   0x08002680   0x0000008c   Code   RO         3388    i.bmp280Init        bmp280.o
    0x0800270c   0x0800270c   0x00000060   Code   RO         3389    i.bmp280PressureToAltitude  bmp280.o
    0x0800276c   0x0800276c   0x0000013c   Code   RO         2586    i.calBaseAcc        sensfusion6.o
    0x080028a8   0x080028a8   0x00000038   Code   RO         2823    i.commanderDropToGround  commander.o
    0x080028e0   0x080028e0   0x0000025c   Code   RO         2824    i.commanderGetSetpoint  commander.o
    0x08002b3c   0x08002b3c   0x0000002c   Code   RO         2825    i.commanderLevelRPY  commander.o
    0x08002b68   0x08002b68   0x00000078   Code   RO         2232    i.communicateInit   communicate.o
    0x08002be0   0x08002be0   0x0000002a   Code   RO         3046    i.constrainf        maths.o
    0x08002c0a   0x08002c0a   0x00000002   PAD
    0x08002c0c   0x08002c0c   0x00000154   Code   RO         2826    i.ctrlDataUpdate    commander.o
    0x08002d60   0x08002d60   0x00000048   Code   RO          235    i.delay_init        delay.o
    0x08002da8   0x08002da8   0x00000048   Code   RO          237    i.delay_us          delay.o
    0x08002df0   0x08002df0   0x00000018   Code   RO          238    i.delay_xms         delay.o
    0x08002e08   0x08002e08   0x000000ac   Code   RO         2259    i.detecFreeFall     anomal_detec.o
    0x08002eb4   0x08002eb4   0x000000bc   Code   RO         2260    i.detecTumbled      anomal_detec.o
    0x08002f70   0x08002f70   0x0000000c   Code   RO         2769    i.estRstAll         state_estimator.o
    0x08002f7c   0x08002f7c   0x0000000c   Code   RO         2770    i.estRstHeight      state_estimator.o
    0x08002f88   0x08002f88   0x00000060   Code   RO          396    i.extiInit          exti.o
    0x08002fe8   0x08002fe8   0x000000e0   Code   RO         2647    i.fastAdjustPosZ    stabilizer.o
    0x080030c8   0x080030c8   0x00000024   Code   RO         2827    i.flightCtrldataCache  commander.o
    0x080030ec   0x080030ec   0x00000124   Code   RO         2828    i.flyerAutoLand     commander.o
    0x08003210   0x08003210   0x00000002   Code   RO          307    i.fputc             usart.o
    0x08003212   0x08003212   0x00000002   PAD
    0x08003214   0x08003214   0x0000000c   Code   RO         2468    i.getAltholdThrust  position_pid.o
    0x08003220   0x08003220   0x00000010   Code   RO         2830    i.getCommanderCtrlMode  commander.o
    0x08003230   0x08003230   0x00000010   Code   RO         2832    i.getCommanderKeyFlight  commander.o
    0x08003240   0x08003240   0x00000010   Code   RO         2833    i.getCommanderKeyland  commander.o
    0x08003250   0x08003250   0x0000000c   Code   RO         2587    i.getIsCalibrated   sensfusion6.o
    0x0800325c   0x0800325c   0x00000024   Code   RO         2094    i.getPrio           ledseq.o
    0x08003280   0x08003280   0x0000001c   Code   RO          823    i.getSysTickCnt     nvic.o
    0x0800329c   0x0800329c   0x00000114   Code   RO          638    i.i2cReadPoll       i2c_drv.o
    0x080033b0   0x080033b0   0x00000158   Code   RO          639    i.i2cWritePoll      i2c_drv.o
    0x08003508   0x08003508   0x0000000e   Code   RO          551    i.i2cdevInit        i2cdev.o
    0x08003516   0x08003516   0x00000032   Code   RO          552    i.i2cdevRead        i2cdev.o
    0x08003548   0x08003548   0x0000001a   Code   RO          556    i.i2cdevReadByte    i2cdev.o
    0x08003562   0x08003562   0x00000032   Code   RO          557    i.i2cdevWrite       i2cdev.o
    0x08003594   0x08003594   0x00000050   Code   RO          559    i.i2cdevWriteBit    i2cdev.o
    0x080035e4   0x080035e4   0x00000064   Code   RO          560    i.i2cdevWriteBits   i2cdev.o
    0x08003648   0x08003648   0x0000001e   Code   RO          561    i.i2cdevWriteByte   i2cdev.o
    0x08003666   0x08003666   0x0000001c   Code   RO          640    i.i2cdrvCreateMessageIntAddr  i2c_drv.o
    0x08003682   0x08003682   0x0000000c   Code   RO          641    i.i2cdrvInit        i2c_drv.o
    0x0800368e   0x0800368e   0x00000002   PAD
    0x08003690   0x08003690   0x00000390   Code   RO          642    i.i2cdrvInitBus     i2c_drv.o
    0x08003a20   0x08003a20   0x0000007c   Code   RO          643    i.i2cdrvMessageTransfer  i2c_drv.o
    0x08003a9c   0x08003a9c   0x0000001e   Code   RO          644    i.i2cdrvRoughLoopDelay  i2c_drv.o
    0x08003aba   0x08003aba   0x0000000c   Code   RO          645    i.i2cdrvTryToRestartBus  i2c_drv.o
    0x08003ac6   0x08003ac6   0x00000002   PAD
    0x08003ac8   0x08003ac8   0x0000008c   Code   RO          646    i.i2cdrvdevUnlockBus  i2c_drv.o
    0x08003b54   0x08003b54   0x0000017c   Code   RO         2588    i.imuComputeRotationMatrix  sensfusion6.o
    0x08003cd0   0x08003cd0   0x00000100   Code   RO         2589    i.imuTransformVectorBodyToEarth  sensfusion6.o
    0x08003dd0   0x08003dd0   0x00000098   Code   RO         2590    i.imuTransformVectorEarthToBody  sensfusion6.o
    0x08003e68   0x08003e68   0x000003e0   Code   RO         2591    i.imuUpdate         sensfusion6.o
    0x08004248   0x08004248   0x00000048   Code   RO         2772    i.inavFilterCorrectPos  state_estimator.o
    0x08004290   0x08004290   0x00000058   Code   RO         2773    i.inavFilterPredict  state_estimator.o
    0x080042e8   0x080042e8   0x0000003c   Code   RO         2592    i.invSqrt           sensfusion6.o
    0x08004324   0x08004324   0x00000018   Code   RO          721    i.ledClearAll       led.o
    0x0800433c   0x0800433c   0x00000026   Code   RO          722    i.ledFlashOne       led.o
    0x08004362   0x08004362   0x00000002   PAD
    0x08004364   0x08004364   0x000000f0   Code   RO          723    i.ledInit           led.o
    0x08004454   0x08004454   0x00000058   Code   RO          724    i.ledSet            led.o
    0x080044ac   0x080044ac   0x000000b0   Code   RO         2096    i.ledseqInit        ledseq.o
    0x0800455c   0x0800455c   0x00000070   Code   RO         2097    i.ledseqRun         ledseq.o
    0x080045cc   0x080045cc   0x00000018   Code   RO         2525    i.limitThrust       power_control.o
    0x080045e4   0x080045e4   0x0000006e   Code   RO         3427    i.lpf2pApply        filter.o
    0x08004652   0x08004652   0x00000034   Code   RO         3428    i.lpf2pInit         filter.o
    0x08004686   0x08004686   0x00000002   PAD
    0x08004688   0x08004688   0x000000d4   Code   RO         3430    i.lpf2pSetCutoffFreq  filter.o
    0x0800475c   0x0800475c   0x00000038   Code   RO            3    i.main              main.o
    0x08004794   0x08004794   0x000002f8   Code   RO          773    i.motorsInit        motors.o
    0x08004a8c   0x08004a8c   0x000000f8   Code   RO          774    i.motorsSetRatio    motors.o
    0x08004b84   0x08004b84   0x00000028   Code   RO         3468    i.mpu6500Init       mpu6500.o
    0x08004bac   0x08004bac   0x00000020   Code   RO         3469    i.mpu6500Reset      mpu6500.o
    0x08004bcc   0x08004bcc   0x00000024   Code   RO         3470    i.mpu6500SetAccelDLPF  mpu6500.o
    0x08004bf0   0x08004bf0   0x00000024   Code   RO         3471    i.mpu6500SetClockSource  mpu6500.o
    0x08004c14   0x08004c14   0x00000024   Code   RO         3472    i.mpu6500SetDLPFMode  mpu6500.o
    0x08004c38   0x08004c38   0x00000024   Code   RO         3473    i.mpu6500SetFullScaleAccelRange  mpu6500.o
    0x08004c5c   0x08004c5c   0x00000024   Code   RO         3474    i.mpu6500SetFullScaleGyroRange  mpu6500.o
    0x08004c80   0x08004c80   0x00000020   Code   RO         3475    i.mpu6500SetI2CBypassEnabled  mpu6500.o
    0x08004ca0   0x08004ca0   0x00000020   Code   RO         3476    i.mpu6500SetI2CMasterModeEnabled  mpu6500.o
    0x08004cc0   0x08004cc0   0x00000020   Code   RO         3477    i.mpu6500SetIntDataReadyEnabled  mpu6500.o
    0x08004ce0   0x08004ce0   0x00000020   Code   RO         3478    i.mpu6500SetIntEnabled  mpu6500.o
    0x08004d00   0x08004d00   0x00000020   Code   RO         3479    i.mpu6500SetInterruptDrive  mpu6500.o
    0x08004d20   0x08004d20   0x00000020   Code   RO         3480    i.mpu6500SetInterruptLatch  mpu6500.o
    0x08004d40   0x08004d40   0x00000020   Code   RO         3481    i.mpu6500SetInterruptLatchClear  mpu6500.o
    0x08004d60   0x08004d60   0x00000020   Code   RO         3482    i.mpu6500SetInterruptMode  mpu6500.o
    0x08004d80   0x08004d80   0x00000024   Code   RO         3483    i.mpu6500SetMasterClockSpeed  mpu6500.o
    0x08004da4   0x08004da4   0x00000020   Code   RO         3484    i.mpu6500SetRate    mpu6500.o
    0x08004dc4   0x08004dc4   0x00000024   Code   RO         3486    i.mpu6500SetSlave4MasterDelay  mpu6500.o
    0x08004de8   0x08004de8   0x00000030   Code   RO         3487    i.mpu6500SetSlaveAddress  mpu6500.o
    0x08004e18   0x08004e18   0x00000034   Code   RO         3488    i.mpu6500SetSlaveDataLength  mpu6500.o
    0x08004e4c   0x08004e4c   0x00000024   Code   RO         3489    i.mpu6500SetSlaveDelayEnabled  mpu6500.o
    0x08004e70   0x08004e70   0x00000030   Code   RO         3490    i.mpu6500SetSlaveEnabled  mpu6500.o
    0x08004ea0   0x08004ea0   0x00000020   Code   RO         3491    i.mpu6500SetSlaveReadWriteTransitionEnabled  mpu6500.o
    0x08004ec0   0x08004ec0   0x00000030   Code   RO         3492    i.mpu6500SetSlaveRegister  mpu6500.o
    0x08004ef0   0x08004ef0   0x00000020   Code   RO         3493    i.mpu6500SetSleepEnabled  mpu6500.o
    0x08004f10   0x08004f10   0x00000024   Code   RO         3494    i.mpu6500SetTempSensorEnabled  mpu6500.o
    0x08004f34   0x08004f34   0x00000020   Code   RO         3495    i.mpu6500SetWaitForExternalSensorEnabled  mpu6500.o
    0x08004f54   0x08004f54   0x00000018   Code   RO          824    i.nvicInit          nvic.o
    0x08004f6c   0x08004f6c   0x00000064   Code   RO         2383    i.pidInit           pid.o
    0x08004fd0   0x08004fd0   0x00000040   Code   RO         2313    i.pidOutLimit       attitude_pid.o
    0x08005010   0x08005010   0x00000028   Code   RO         2384    i.pidReset          pid.o
    0x08005038   0x08005038   0x00000006   Code   RO         2388    i.pidSetIntegralLimit  pid.o
    0x0800503e   0x0800503e   0x00000006   Code   RO         2392    i.pidSetOutputLimit  pid.o
    0x08005044   0x08005044   0x00000108   Code   RO         2393    i.pidUpdate         pid.o
    0x0800514c   0x0800514c   0x00000124   Code   RO         2469    i.positionControlInit  position_pid.o
    0x08005270   0x08005270   0x000000b0   Code   RO         2470    i.positionController  position_pid.o
    0x08005320   0x08005320   0x00000260   Code   RO         2471    i.positionDataprocess  position_pid.o
    0x08005580   0x08005580   0x00000450   Code   RO         2774    i.positionEstimate  state_estimator.o
    0x080059d0   0x080059d0   0x00000040   Code   RO         2472    i.positionResetAllPID  position_pid.o
    0x08005a10   0x08005a10   0x00000178   Code   RO         2526    i.powerControl      power_control.o
    0x08005b88   0x08005b88   0x00000008   Code   RO         2527    i.powerControlInit  power_control.o
    0x08005b90   0x08005b90   0x0000005e   Code   RO         2529    i.powerDataprocess  power_control.o
    0x08005bee   0x08005bee   0x00000002   PAD
    0x08005bf0   0x08005bf0   0x00000058   Code   RO          825    i.printHardFault    nvic.o
    0x08005c48   0x08005c48   0x00000168   Code   RO         3274    i.processAccGyroMeasurements  sensors.o
    0x08005db0   0x08005db0   0x000000dc   Code   RO         3275    i.processAccScale   sensors.o
    0x08005e8c   0x08005e8c   0x000000b8   Code   RO         3276    i.processBarometerMeasurements  sensors.o
    0x08005f44   0x08005f44   0x00000048   Code   RO         3277    i.processGyroBias   sensors.o
    0x08005f8c   0x08005f8c   0x00000098   Code   RO         1470    i.prvAddCurrentTaskToDelayedList  tasks.o
    0x08006024   0x08006024   0x000000b8   Code   RO         1471    i.prvAddNewTaskToReadyList  tasks.o
    0x080060dc   0x080060dc   0x00000064   Code   RO         1854    i.prvCheckForValidListAndQueue  timers.o
    0x08006140   0x08006140   0x00000064   Code   RO         1472    i.prvCheckTasksWaitingTermination  tasks.o
    0x080061a4   0x080061a4   0x0000002a   Code   RO         1225    i.prvCopyDataFromQueue  queue.o
    0x080061ce   0x080061ce   0x0000007c   Code   RO         1226    i.prvCopyDataToQueue  queue.o
    0x0800624a   0x0800624a   0x00000012   Code   RO         1473    i.prvDeleteTCB      tasks.o
    0x0800625c   0x0800625c   0x00000028   Code   RO         1855    i.prvGetNextExpireTime  timers.o
    0x08006284   0x08006284   0x0000007c   Code   RO         2043    i.prvHeapInit       heap_4.o
    0x08006300   0x08006300   0x0000000c   Code   RO         1474    i.prvIdleTask       tasks.o
    0x0800630c   0x0800630c   0x0000001c   Code   RO         1227    i.prvInitialiseMutex  queue.o
    0x08006328   0x08006328   0x0000002e   Code   RO         1228    i.prvInitialiseNewQueue  queue.o
    0x08006356   0x08006356   0x00000092   Code   RO         1475    i.prvInitialiseNewTask  tasks.o
    0x080063e8   0x080063e8   0x0000002e   Code   RO         1856    i.prvInitialiseNewTimer  timers.o
    0x08006416   0x08006416   0x00000002   PAD
    0x08006418   0x08006418   0x00000068   Code   RO         1476    i.prvInitialiseTaskLists  tasks.o
    0x08006480   0x08006480   0x00000068   Code   RO         2044    i.prvInsertBlockIntoFreeList  heap_4.o
    0x080064e8   0x080064e8   0x00000058   Code   RO         1857    i.prvInsertTimerInActiveList  timers.o
    0x08006540   0x08006540   0x0000001a   Code   RO         1229    i.prvIsQueueEmpty   queue.o
    0x0800655a   0x0800655a   0x0000001e   Code   RO         1230    i.prvIsQueueFull    queue.o
    0x08006578   0x08006578   0x00000052   Code   RO         1231    i.prvNotifyQueueSetContainer  queue.o
    0x080065ca   0x080065ca   0x00000002   PAD
    0x080065cc   0x080065cc   0x0000004c   Code   RO         1858    i.prvProcessExpiredTimer  timers.o
    0x08006618   0x08006618   0x000000bc   Code   RO         1859    i.prvProcessReceivedCommands  timers.o
    0x080066d4   0x080066d4   0x00000074   Code   RO         1860    i.prvProcessTimerOrBlockTask  timers.o
    0x08006748   0x08006748   0x00000034   Code   RO         1478    i.prvResetNextTaskUnblockTime  tasks.o
    0x0800677c   0x0800677c   0x0000002c   Code   RO         1861    i.prvSampleTimeNow  timers.o
    0x080067a8   0x080067a8   0x00000084   Code   RO         1862    i.prvSwitchTimerLists  timers.o
    0x0800682c   0x0800682c   0x00000016   Code   RO         1973    i.prvTaskExitError  port.o
    0x08006842   0x08006842   0x0000001a   Code   RO         1863    i.prvTimerTask      timers.o
    0x0800685c   0x0800685c   0x00000092   Code   RO         1232    i.prvUnlockQueue    queue.o
    0x080068ee   0x080068ee   0x00000002   PAD
    0x080068f0   0x080068f0   0x000000dc   Code   RO         2045    i.pvPortMalloc      heap_4.o
    0x080069cc   0x080069cc   0x00000020   Code   RO         1482    i.pvTaskIncrementMutexHeldCount  tasks.o
    0x080069ec   0x080069ec   0x00000014   Code   RO         1864    i.pvTimerGetTimerID  timers.o
    0x08006a00   0x08006a00   0x0000002c   Code   RO         1974    i.pxPortInitialiseStack  port.o
    0x08006a2c   0x08006a2c   0x0000002c   Code   RO         2192    i.queue_init        com_queue.o
    0x08006a58   0x08006a58   0x00000134   Code   RO         2167    i.radiolinkTask     radiolink.o
    0x08006b8c   0x08006b8c   0x00000006   Code   RO          776    i.ratioToCCRx       motors.o
    0x08006b92   0x08006b92   0x00000002   PAD
    0x08006b94   0x08006b94   0x000000c8   Code   RO         2946    i.remoterCtrlProcess  remoter_ctrl.o
    0x08006c5c   0x08006c5c   0x000000ac   Code   RO         2834    i.rotateYawCarefree  commander.o
    0x08006d08   0x08006d08   0x00000114   Code   RO         2101    i.runLedseq         ledseq.o
    0x08006e1c   0x08006e1c   0x00000018   Code   RO         2193    i.sensor_data_Read  com_queue.o
    0x08006e34   0x08006e34   0x00000018   Code   RO         2194    i.sensor_data_Write  com_queue.o
    0x08006e4c   0x08006e4c   0x0000002e   Code   RO         3278    i.sensorsAddBiasValue  sensors.o
    0x08006e7a   0x08006e7a   0x0000000c   Code   RO         3279    i.sensorsBiasObjInit  sensors.o
    0x08006e86   0x08006e86   0x00000002   PAD
    0x08006e88   0x08006e88   0x000001c8   Code   RO         3280    i.sensorsCalculateVarianceAndMean  sensors.o
    0x08007050   0x08007050   0x000000dc   Code   RO         3281    i.sensorsDeviceInit  sensors.o
    0x0800712c   0x0800712c   0x00000080   Code   RO         3282    i.sensorsFindBiasValue  sensors.o
    0x080071ac   0x080071ac   0x00000044   Code   RO         3283    i.sensorsInit       sensors.o
    0x080071f0   0x080071f0   0x000000ec   Code   RO         3284    i.sensorsInterruptInit  sensors.o
    0x080072dc   0x080072dc   0x000000ac   Code   RO         3285    i.sensorsSetupSlaveRead  sensors.o
    0x08007388   0x08007388   0x00000070   Code   RO         3286    i.sensorsTask       sensors.o
    0x080073f8   0x080073f8   0x00000014   Code   RO         2835    i.setCommanderCtrlMode  commander.o
    0x0800740c   0x0800740c   0x00000014   Code   RO         2837    i.setCommanderFlightmode  commander.o
    0x08007420   0x08007420   0x00000038   Code   RO         2838    i.setCommanderKeyFlight  commander.o
    0x08007458   0x08007458   0x00000014   Code   RO         2839    i.setCommanderKeyland  commander.o
    0x0800746c   0x0800746c   0x00000054   Code   RO         2652    i.setFastAdjustPosParam  stabilizer.o
    0x080074c0   0x080074c0   0x0000001c   Code   RO         2530    i.setMotorPWM       power_control.o
    0x080074dc   0x080074dc   0x0000003e   Code   RO         3801    i.sqrtf             m_wm.l(sqrtf.o)
    0x0800751a   0x0800751a   0x00000048   Code   RO         2653    i.stabilizerDataprocess  stabilizer.o
    0x08007562   0x08007562   0x00000002   PAD
    0x08007564   0x08007564   0x00000020   Code   RO         2654    i.stabilizerInit    stabilizer.o
    0x08007584   0x08007584   0x000000e0   Code   RO         2655    i.stabilizerTask    stabilizer.o
    0x08007664   0x08007664   0x00000088   Code   RO            4    i.startTask         main.o
    0x080076ec   0x080076ec   0x000001c8   Code   RO         2740    i.stateControl      state_control.o
    0x080078b4   0x080078b4   0x00000024   Code   RO         2741    i.stateControlInit  state_control.o
    0x080078d8   0x080078d8   0x00000018   Code   RO         2971    i.storeAssertSnapshotData  debug_assert.o
    0x080078f0   0x080078f0   0x0000004a   Code   RO          953    i.systemInit        system.o
    0x0800793a   0x0800793a   0x00000004   Code   RO          954    i.systemTest        system.o
    0x0800793e   0x0800793e   0x00000002   PAD
    0x08007940   0x08007940   0x00000028   Code   RO          882    i.uartslkGetDataWithTimout  uart_syslink.o
    0x08007968   0x08007968   0x00000294   Code   RO          883    i.uartslkInit       uart_syslink.o
    0x08007bfc   0x08007bfc   0x000000b8   Code   RO          884    i.uartslkIsr        uart_syslink.o
    0x08007cb4   0x08007cb4   0x00000048   Code   RO         2102    i.updateActive      ledseq.o
    0x08007cfc   0x08007cfc   0x00000028   Code   RO         1175    i.uxListRemove      list.o
    0x08007d24   0x08007d24   0x00000024   Code   RO            5    i.vApplicationIdleHook  main.o
    0x08007d48   0x08007d48   0x00000040   Code   RO         3011    i.vApplicationMallocFailedHook  freertosdebug.o
    0x08007d88   0x08007d88   0x0000001a   Code   RO         1176    i.vListInitialise   list.o
    0x08007da2   0x08007da2   0x00000006   Code   RO         1177    i.vListInitialiseItem  list.o
    0x08007da8   0x08007da8   0x00000034   Code   RO         1178    i.vListInsert       list.o
    0x08007ddc   0x08007ddc   0x00000018   Code   RO         1179    i.vListInsertEnd    list.o
    0x08007df4   0x08007df4   0x00000024   Code   RO         1976    i.vPortEnterCritical  port.o
    0x08007e18   0x08007e18   0x00000020   Code   RO         1977    i.vPortExitCritical  port.o
    0x08007e38   0x08007e38   0x00000048   Code   RO         2046    i.vPortFree         heap_4.o
    0x08007e80   0x08007e80   0x00000014   Code   RO         1978    i.vPortSetupTimerInterrupt  port.o
    0x08007e94   0x08007e94   0x0000002c   Code   RO         1238    i.vQueueAddToRegistry  queue.o
    0x08007ec0   0x08007ec0   0x0000004a   Code   RO         1242    i.vQueueWaitForMessageRestricted  queue.o
    0x08007f0a   0x08007f0a   0x00000002   PAD
    0x08007f0c   0x08007f0c   0x00000034   Code   RO         1491    i.vTaskDelay        tasks.o
    0x08007f40   0x08007f40   0x00000074   Code   RO         1492    i.vTaskDelayUntil   tasks.o
    0x08007fb4   0x08007fb4   0x000000cc   Code   RO         1493    i.vTaskDelete       tasks.o
    0x08008080   0x08008080   0x0000000c   Code   RO         1497    i.vTaskMissedYield  tasks.o
    0x0800808c   0x0800808c   0x00000020   Code   RO         1499    i.vTaskPlaceOnEventList  tasks.o
    0x080080ac   0x080080ac   0x00000028   Code   RO         1500    i.vTaskPlaceOnEventListRestricted  tasks.o
    0x080080d4   0x080080d4   0x000000b0   Code   RO         1502    i.vTaskPriorityInherit  tasks.o
    0x08008184   0x08008184   0x00000018   Code   RO         1507    i.vTaskSetTimeOutState  tasks.o
    0x0800819c   0x0800819c   0x00000070   Code   RO         1508    i.vTaskStartScheduler  tasks.o
    0x0800820c   0x0800820c   0x00000010   Code   RO         1510    i.vTaskSuspendAll   tasks.o
    0x0800821c   0x0800821c   0x00000060   Code   RO         1511    i.vTaskSwitchContext  tasks.o
    0x0800827c   0x0800827c   0x000001c0   Code   RO         2473    i.velocityController  position_pid.o
    0x0800843c   0x0800843c   0x00000058   Code   RO          981    i.watchdogInit      watchdog.o
    0x08008494   0x08008494   0x00000010   Code   RO          982    i.watchdogReset     watchdog.o
    0x080084a4   0x080084a4   0x00000048   Code   RO         1979    i.xPortStartScheduler  port.o
    0x080084ec   0x080084ec   0x00000034   Code   RO         1980    i.xPortSysTickHandler  port.o
    0x08008520   0x08008520   0x00000022   Code   RO         1245    i.xQueueCreateMutex  queue.o
    0x08008542   0x08008542   0x00000038   Code   RO         1247    i.xQueueGenericCreate  queue.o
    0x0800857a   0x0800857a   0x00000002   PAD
    0x0800857c   0x0800857c   0x0000015c   Code   RO         1248    i.xQueueGenericReceive  queue.o
    0x080086d8   0x080086d8   0x00000080   Code   RO         1249    i.xQueueGenericReset  queue.o
    0x08008758   0x08008758   0x00000138   Code   RO         1250    i.xQueueGenericSend  queue.o
    0x08008890   0x08008890   0x0000009c   Code   RO         1251    i.xQueueGenericSendFromISR  queue.o
    0x0800892c   0x0800892c   0x0000008e   Code   RO         1252    i.xQueueGiveFromISR  queue.o
    0x080089ba   0x080089ba   0x00000002   PAD
    0x080089bc   0x080089bc   0x0000005c   Code   RO         1513    i.xTaskCheckForTimeOut  tasks.o
    0x08008a18   0x08008a18   0x00000060   Code   RO         1514    i.xTaskCreate       tasks.o
    0x08008a78   0x08008a78   0x00000020   Code   RO         1519    i.xTaskGetSchedulerState  tasks.o
    0x08008a98   0x08008a98   0x0000000c   Code   RO         1520    i.xTaskGetTickCount  tasks.o
    0x08008aa4   0x08008aa4   0x0000011c   Code   RO         1522    i.xTaskIncrementTick  tasks.o
    0x08008bc0   0x08008bc0   0x00000084   Code   RO         1525    i.xTaskPriorityDisinherit  tasks.o
    0x08008c44   0x08008c44   0x00000080   Code   RO         1526    i.xTaskRemoveFromEventList  tasks.o
    0x08008cc4   0x08008cc4   0x000000e8   Code   RO         1528    i.xTaskResumeAll    tasks.o
    0x08008dac   0x08008dac   0x00000030   Code   RO         1866    i.xTimerCreate      timers.o
    0x08008ddc   0x08008ddc   0x0000003c   Code   RO         1867    i.xTimerCreateTimerTask  timers.o
    0x08008e18   0x08008e18   0x0000006c   Code   RO         1868    i.xTimerGenericCommand  timers.o
    0x08008e84   0x08008e84   0x00000062   Code   RO         3709    x$fpl$d2f           fz_wm.l(d2f.o)
    0x08008ee6   0x08008ee6   0x00000018   Code   RO         3843    x$fpl$dcmpinf       fz_wm.l(dcmpi.o)
    0x08008efe   0x08008efe   0x00000002   PAD
    0x08008f00   0x08008f00   0x0000005a   Code   RO         3711    x$fpl$dfixu         fz_wm.l(dfixu.o)
    0x08008f5a   0x08008f5a   0x0000002e   Code   RO         3716    x$fpl$dflt          fz_wm.l(dflt_clz.o)
    0x08008f88   0x08008f88   0x00000026   Code   RO         3715    x$fpl$dfltu         fz_wm.l(dflt_clz.o)
    0x08008fae   0x08008fae   0x00000002   PAD
    0x08008fb0   0x08008fb0   0x00000078   Code   RO         3721    x$fpl$dleqf         fz_wm.l(dleqf.o)
    0x08009028   0x08009028   0x00000154   Code   RO         3723    x$fpl$dmul          fz_wm.l(dmul.o)
    0x0800917c   0x0800917c   0x0000009c   Code   RO         3845    x$fpl$dnaninf       fz_wm.l(dnaninf.o)
    0x08009218   0x08009218   0x0000000c   Code   RO         3847    x$fpl$dretinf       fz_wm.l(dretinf.o)
    0x08009224   0x08009224   0x0000006c   Code   RO         3725    x$fpl$drleqf        fz_wm.l(drleqf.o)
    0x08009290   0x08009290   0x00000056   Code   RO         3727    x$fpl$f2d           fz_wm.l(f2d.o)
    0x080092e6   0x080092e6   0x00000060   Code   RO         3729    x$fpl$ffltll        fz_wm.l(ffltll_clz.o)
    0x08009346   0x08009346   0x0000008c   Code   RO         3849    x$fpl$fnaninf       fz_wm.l(fnaninf.o)
    0x080093d2   0x080093d2   0x0000000a   Code   RO         3986    x$fpl$fpinit        fz_wm.l(fpinit.o)
    0x080093dc   0x080093dc   0x0000000a   Code   RO         3851    x$fpl$fretinf       fz_wm.l(fretinf.o)
    0x080093e6   0x080093e6   0x00000000   Code   RO         3855    x$fpl$usenofp       fz_wm.l(usenofp.o)
    0x080093e6   0x080093e6   0x00000002   PAD
    0x080093e8   0x080093e8   0x00000038   Data   RO          647    .constdata          i2c_drv.o
    0x08009420   0x08009420   0x00000080   Data   RO         2104    .constdata          ledseq.o
    0x080094a0   0x080094a0   0x00000140   Data   RO         3776    .constdata          m_wm.l(powf.o)
    0x080095e0   0x080095e0   0x00000020   Data   RO         3873    .constdata          m_wm.l(rredf.o)
    0x08009600   0x08009600   0x00000001   Data   RO         2972    .conststrlit        debug_assert.o
    0x08009601   0x08009601   0x00000003   PAD
    0x08009604   0x08009604   0x00000020   Data   RO         4044    Region$$Table       anon$$obj.o


    Execution Region RW_IRAM1 (Exec base: 0x20000000, Load base: 0x08009624, Size: 0x0000ed18, Max: 0x00020000, ABSOLUTE, COMPRESSED[0x000000b4])

    Exec Addr    Load Addr    Size         Type   Attr      Idx    E Section Name        Object

    0x20000000   COMPRESSED   0x00000014   Data   RW            7    .data               main.o
    0x20000014   COMPRESSED   0x00000006   Data   RW          239    .data               delay.o
    0x2000001a   COMPRESSED   0x00000002   PAD
    0x2000001c   COMPRESSED   0x00000006   Data   RW          310    .data               usart.o
    0x20000022   COMPRESSED   0x00000002   PAD
    0x20000024   COMPRESSED   0x0000009c   Data   RW          352    .data               config_param.o
    0x200000c0   COMPRESSED   0x00000001   Data   RW          398    .data               exti.o
    0x200000c1   COMPRESSED   0x00000003   PAD
    0x200000c4   COMPRESSED   0x00000028   Data   RW          648    .data               i2c_drv.o
    0x200000ec   COMPRESSED   0x00000040   Data   RW          727    .data               led.o
    0x2000012c   COMPRESSED   0x00000001   Data   RW          779    .data               motors.o
    0x2000012d   COMPRESSED   0x00000003   PAD
    0x20000130   COMPRESSED   0x00000004   Data   RW          826    .data               nvic.o
    0x20000134   COMPRESSED   0x00000016   Data   RW          889    .data               uart_syslink.o
    0x2000014a   COMPRESSED   0x00000002   PAD
    0x2000014c   COMPRESSED   0x0000003c   Data   RW         1531    .data               tasks.o
    0x20000188   COMPRESSED   0x00000014   Data   RW         1874    .data               timers.o
    0x2000019c   COMPRESSED   0x00000004   Data   RW         1981    .data               port.o
    0x200001a0   COMPRESSED   0x00000018   Data   RW         2051    .data               heap_4.o
    0x200001b8   COMPRESSED   0x00000020   Data   RW         2105    .data               ledseq.o
    0x200001d8   COMPRESSED   0x00000001   Data   RW         2169    .data               radiolink.o
    0x200001d9   COMPRESSED   0x00000003   PAD
    0x200001dc   COMPRESSED   0x00000008   Data   RW         2197    .data               com_queue.o
    0x200001e4   COMPRESSED   0x00000005   Data   RW         2233    .data               communicate.o
    0x200001e9   COMPRESSED   0x00000003   PAD
    0x200001ec   COMPRESSED   0x0000000e   Data   RW         2261    .data               anomal_detec.o
    0x200001fa   COMPRESSED   0x00000002   PAD
    0x200001fc   COMPRESSED   0x0000000e   Data   RW         2475    .data               position_pid.o
    0x2000020a   COMPRESSED   0x00000002   PAD
    0x2000020c   COMPRESSED   0x00000009   Data   RW         2532    .data               power_control.o
    0x20000215   COMPRESSED   0x00000003   PAD
    0x20000218   COMPRESSED   0x0000004c   Data   RW         2594    .data               sensfusion6.o
    0x20000264   COMPRESSED   0x00000020   Data   RW         2658    .data               stabilizer.o
    0x20000284   COMPRESSED   0x0000000e   Data   RW         2743    .data               state_control.o
    0x20000292   COMPRESSED   0x00000002   PAD
    0x20000294   COMPRESSED   0x00000054   Data   RW         2776    .data               state_estimator.o
    0x200002e8   COMPRESSED   0x00000034   Data   RW         2841    .data               commander.o
    0x2000031c   COMPRESSED   0x00000028   Data   RW         3288    .data               sensors.o
    0x20000344   COMPRESSED   0x0000000a   Data   RW         3391    .data               bmp280.o
    0x2000034e   COMPRESSED   0x00000002   PAD
    0x20000350   COMPRESSED   0x00000009   Data   RW         3496    .data               mpu6500.o
    0x20000359   COMPRESSED   0x00000003   PAD
    0x2000035c   COMPRESSED   0x0000000c   Data   RW         2973    .nzds               debug_assert.o
    0x20000368        -       0x00000010   Zero   RW          777    .bss                motors.o
    0x20000378        -       0x00000050   Zero   RW         1262    .bss                queue.o
    0x200003c8        -       0x0000012c   Zero   RW         1530    .bss                tasks.o
    0x200004f4        -       0x00000028   Zero   RW         1873    .bss                timers.o
    0x2000051c        -       0x00007800   Zero   RW         2050    .bss                heap_4.o
    0x20007d1c        -       0x000000a0   Zero   RW         2103    .bss                ledseq.o
    0x20007dbc        -       0x00000020   Zero   RW         2168    .bss                radiolink.o
    0x20007ddc        -       0x00001a74   Zero   RW         2314    .bss                attitude_pid.o
    0x20009850        -       0x00000168   Zero   RW         2474    .bss                position_pid.o
    0x200099b8        -       0x00000020   Zero   RW         2531    .bss                power_control.o
    0x200099d8        -       0x00000030   Zero   RW         2593    .bss                sensfusion6.o
    0x20009a08        -       0x00001a04   Zero   RW         2657    .bss                stabilizer.o
    0x2000b40c        -       0x00000020   Zero   RW         2742    .bss                state_control.o
    0x2000b42c        -       0x0000000c   Zero   RW         2775    .bss                state_estimator.o
    0x2000b438        -       0x00000032   Zero   RW         2840    .bss                commander.o
    0x2000b46a   COMPRESSED   0x00000002   PAD
    0x2000b46c        -       0x0000191f   Zero   RW         2947    .bss                remoter_ctrl.o
    0x2000cd8b   COMPRESSED   0x00000001   PAD
    0x2000cd8c        -       0x00001909   Zero   RW         3287    .bss                sensors.o
    0x2000e695   COMPRESSED   0x00000003   PAD
    0x2000e698        -       0x0000001c   Zero   RW         3390    .bss                bmp280.o
    0x2000e6b4        -       0x00000060   Zero   RW         3906    .bss                c_w.l(libspace.o)
    0x2000e714   COMPRESSED   0x00000004   PAD
    0x2000e718        -       0x00000200   Zero   RW         1012    HEAP                startup_stm32f411xe.o
    0x2000e918        -       0x00000400   Zero   RW         1011    STACK               startup_stm32f411xe.o


==============================================================================

Image component sizes


      Code (inc. data)   RO Data    RW Data    ZI Data      Debug   Object Name

       560         36          0         14          0       6318   anomal_detec.o
      1632        170          0          0       6772       7175   attitude_pid.o
       732         48          0         10         28       3924   bmp280.o
        92         18          0          8          0       2292   com_queue.o
      1708        200          0         52         50      10116   commander.o
       168         78          0          5          0       2243   communicate.o
         0          0          0        156          0       1162   config_param.o
       110         10          1         12          0       4598   debug_assert.o
       168         12          0          6          0       2000   delay.o
       530         56          0          1          0     208735   exti.o
       374         14          0          0          0       7317   filter.o
        64         20          0          0          0        663   freertosdebug.o
       520         64          0         24      30720       3995   heap_4.o
      1878         52         56         40          0       9885   i2c_drv.o
       350          0          0          0          0       7775   i2cdev.o
       390         24          0         64          0       3111   led.o
       672         88        128         32        160       5059   ledseq.o
       148          0          0          0          0       4714   list.o
       228         76          0         20          0     229901   main.o
       126          4          0          0          0       1294   maths.o
      1014         60          0          1         16       2949   motors.o
       976        230          0          9          0      16450   mpu6500.o
       454        114          0          4          0       4634   nvic.o
       416         16          0          0          0       3291   pid.o
       460         58          0          4          0       9696   port.o
      1600        186          0         14        360       5373   position_pid.o
       530         20          0          9         32       4321   power_control.o
      1818         22          0          0         80      23545   queue.o
       308         50          0          1         32       2726   radiolink.o
       200         10          0          0       6431       1753   remoter_ctrl.o
      2168        148          0         76         48       6611   sensfusion6.o
      2386        206          0         40       6409      39876   sensors.o
       636        102          0         32       6660       5750   stabilizer.o
        64         26        408          0       1536        844   startup_stm32f411xe.o
       492         50          0         14         32       2294   state_control.o
      1288        106          0         84         12       4630   state_estimator.o
        78          0          0          0          0       1033   system.o
       336         32          0          0          0       1533   system_stm32f4xx.o
      2688        400          0         60        300      30369   tasks.o
      1092        114          0         20         40      11074   timers.o
       914        132          0         22          0      30985   uart_syslink.o
         6          0          0          6          0       2932   usart.o
       104         20          0          0          0       1087   watchdog.o

    ----------------------------------------------------------------------
     30530       3072        628        872      59724     736033   Object Totals
         0          0         32          0          0          0   (incl. Generated)
        52          0          3         32          6          0   (incl. Padding)

    ----------------------------------------------------------------------

      Code (inc. data)   RO Data    RW Data    ZI Data      Debug   Library Member Name

        90          0          0          0          0          0   __dczerorl2.o
         8          0          0          0          0         68   __main.o
       104          0          0          0          0         84   __printf.o
         0          0          0          0          0          0   __rtentry.o
        12          0          0          0          0          0   __rtentry2.o
         6          0          0          0          0          0   __rtentry4.o
        52          8          0          0          0          0   __scatter.o
        28          0          0          0          0          0   __scatter_zi.o
        48          6          0          0          0         96   _printf_char_common.o
        36          4          0          0          0         80   _printf_char_file.o
         0          0          0          0          0          0   _printf_percent.o
         4          0          0          0          0          0   _printf_percent_end.o
        22          0          0          0          0        100   _rserrno.o
        16          0          0          0          0         68   aeabi_memset.o
        18          0          0          0          0         80   exit.o
         8          0          0          0          0         68   ferror.o
         6          0          0          0          0        152   heapauxi.o
         2          0          0          0          0          0   libinit.o
         6          0          0          0          0          0   libinit2.o
         2          0          0          0          0          0   libshutdown.o
         2          0          0          0          0          0   libshutdown2.o
         8          4          0          0         96         68   libspace.o
        72          0          0          0          0         76   llsdiv.o
       238          0          0          0          0        100   lludivv7m.o
        24          4          0          0          0         84   noretval__2printf.o
         8          4          0          0          0         68   rt_errno_addr_intlibspace.o
        68          0          0          0          0         68   rt_memclr.o
        78          0          0          0          0         80   rt_memclr_w.o
       138          0          0          0          0         68   rt_memcpy_v6.o
       100          0          0          0          0         80   rt_memcpy_w.o
         2          0          0          0          0          0   rtexit.o
        10          0          0          0          0          0   rtexit2.o
        74          0          0          0          0         80   sys_stackheap_outer.o
         2          0          0          0          0         68   use_no_semi.o
         2          0          0          0          0         68   use_no_semi_2.o
        98          4          0          0          0        140   d2f.o
        24          0          0          0          0        116   dcmpi.o
        90          4          0          0          0        140   dfixu.o
        84          0          0          0          0        232   dflt_clz.o
       120          4          0          0          0        140   dleqf.o
       340         12          0          0          0        152   dmul.o
       156          4          0          0          0        140   dnaninf.o
        12          0          0          0          0        116   dretinf.o
       108          0          0          0          0        128   drleqf.o
        86          4          0          0          0        132   f2d.o
        96          0          0          0          0        132   ffltll_clz.o
       140          4          0          0          0        132   fnaninf.o
        10          0          0          0          0        116   fpinit.o
        10          0          0          0          0        116   fretinf.o
         0          0          0          0          0          0   usenofp.o
       300         42          0          0          0        176   asinf.o
       592         90          0          0          0        184   atan2f.o
       336         56          0          0          0        136   cosf.o
        20          0          0          0          0        124   fabs.o
        38          0          0          0          0        116   fpclassifyf.o
        80         24          0          0          0        696   funder.o
      1636        110        320          0          0        372   powf.o
       340         24         32          0          0        160   rredf.o
       400         56          0          0          0        212   sinf.o
       120          0          0          0          0        272   sqrtf.o
       380         58          0          0          0        200   tanf.o

    ----------------------------------------------------------------------
      6926        526        352          0        100       6284   Library Totals
        16          0          0          0          4          0   (incl. Padding)

    ----------------------------------------------------------------------

      Code (inc. data)   RO Data    RW Data    ZI Data      Debug   Library Name

      1294         30          0          0         96       1704   c_w.l
      1374         36          0          0          0       1932   fz_wm.l
      4242        460        352          0          0       2648   m_wm.l

    ----------------------------------------------------------------------
      6926        526        352          0        100       6284   Library Totals

    ----------------------------------------------------------------------

==============================================================================


      Code (inc. data)   RO Data    RW Data    ZI Data      Debug   

     37456       3598        980        872      59824     711833   Grand Totals
     37456       3598        980        180      59824     711833   ELF Image Totals (compressed)
     37456       3598        980        180          0          0   ROM Totals

==============================================================================

    Total RO  Size (Code + RO Data)                38436 (  37.54kB)
    Total RW  Size (RW Data + ZI Data)             60696 (  59.27kB)
    Total ROM Size (Code + RO Data + RW Data)      38616 (  37.71kB)

==============================================================================

