<html>
<body>
<pre>
<h1>礦ision Build Log</h1>
<h2>Tool Versions:</h2>
IDE-Version: μVision V5.37.0.0
Copyright (C) 2022 ARM Ltd and ARM Germany GmbH. All rights reserved.
License Information: feng 8618263261027, sdu, LIC=NQQMA-11CFK-SBTEJ-UCZ6Z-2NW0B-L9AED
 
Tool Versions:
Toolchain:       MDK-ARM Plus  Version: 5.37.0.0
Toolchain Path:  C:\Keil_v5\ARM\ARM_Compiler_5\Bin
C Compiler:      Armcc.exe V5.06 update 7 (build 960)
Assembler:       Armasm.exe V5.06 update 7 (build 960)
Linker/Locator:  ArmLink.exe V5.06 update 7 (build 960)
Library Manager: ArmAr.exe V5.06 update 7 (build 960)
Hex Converter:   FromElf.exe V5.06 update 7 (build 960)
CPU DLL:         SARMCM3.DLL V5.37.0.0
Dialog DLL:      DCM.DLL V1.17.5.0
Target DLL:      CMSIS_AGDI.dll V1.33.12.0
Dialog DLL:      TCM.DLL V1.56.1.0
 
<h2>Project:</h2>
C:\Users\86182\Desktop\Code_Library\f411\Firmware_F411\USER\Firmware_F411.uvprojx
Project File Date:  04/14/2025

<h2>Output:</h2>
*** Using Compiler 'V5.06 update 7 (build 960)', folder: 'C:\Keil_v5\ARM\ARM_Compiler_5\Bin'
Rebuild target 'Firmware'
compiling nvic.c...
compiling i2c_drv.c...
compiling sys.c...
compiling exti.c...
compiling system_stm32f4xx.c...
compiling mpu6500.c...
compiling bmp280.c...
compiling module_detect.c...
compiling main.c...
compiling led.c...
compiling config_param.c...
compiling i2cdev.c...
compiling usart.c...
compiling uart_syslink.c...
compiling delay.c...
compiling motors.c...
assembling startup_stm32f411xe.s...
compiling uart1.c...
compiling system.c...
..\HARDWARE\src\system.c(30): warning:  #223-D: function "communicateInit" declared implicitly
  	communicateInit();	/*和stablilizer通信的初始化*/
..\HARDWARE\src\system.c: 1 warning, 0 errors
compiling watchdog.c...
compiling stm32f4xx_dma.c...
compiling stm32f4xx_exti.c...
compiling stm32f4xx_dbgmcu.c...
compiling misc.c...
compiling stm32f4xx_gpio.c...
compiling ws2812.c...
compiling stm32f4xx_iwdg.c...
compiling stm32f4xx_i2c.c...
compiling spl06.c...
compiling stm32f4xx_adc.c...
compiling spi.c...
compiling stm32f4xx_rcc.c...
compiling stm32f4xx_tim.c...
compiling stm32f4xx_usart.c...
compiling stm32f4xx_spi.c...
compiling stm32f4xx_syscfg.c...
compiling arm_cos_f32.c...
compiling arm_common_tables.c...
compiling arm_mat_trans_f32.c...
compiling arm_mat_mult_f32.c...
compiling arm_const_structs.c...
compiling arm_mean_f32.c...
compiling timers.c...
compiling tasks.c...
compiling list.c...
compiling arm_sin_f32.c...
compiling queue.c...
compiling heap_4.c...
compiling ledseq.c...
compiling port.c...
compiling position_pid.c...
compiling anomal_detec.c...
compiling pid.c...
compiling attitude_pid.c...
compiling com_queue.c...
..\COMMUNICATE\src\com_queue.c(11): warning:  #188-D: enumerated type mixed with another type
      return(pdTRUE==xQueueReceive(sensor_data_queue,sensordata,0));
..\COMMUNICATE\src\com_queue.c(21): warning:  #188-D: enumerated type mixed with another type
      return(pdTRUE==xQueueReceive(sensor_gyroBias_queue,gyroBias,0));
..\COMMUNICATE\src\com_queue.c: 2 warnings, 0 errors
compiling communicate.c...
compiling radiolink.c...
compiling sensfusion6.c...
compiling state_estimator.c...
compiling power_control.c...
compiling state_control.c...
compiling stabilizer.c...
compiling sensors.c...
compiling commander.c...
compiling pm.c...
compiling freeRTOSdebug.c...
compiling filter2.c...
compiling debug_assert.c...
compiling maths.c...
compiling filter.c...
compiling remoter_ctrl.c...
linking...
Program Size: Code=44892 RO-data=1192 RW-data=1172 ZI-data=59988  
FromELF: creating hex file...
"..\OBJ\Firmware_F411.axf" - 0 Error(s), 3 Warning(s).

<h2>Software Packages used:</h2>

Package Vendor: Keil
                https://www.keil.com/pack/Keil.STM32F4xx_DFP.3.0.0.pack
                Keil.STM32F4xx_DFP.3.0.0
                STMicroelectronics STM32F4 Series Device Support

<h2>Collection of Component include folders:</h2>

<h2>Collection of Component Files used:</h2>
Build Time Elapsed:  00:00:12
</pre>
</body>
</html>
