<html>
<body>
<pre>
<h1>µVision Build Log</h1>
<h2>Tool Versions:</h2>
IDE-Version: ¦ÌVision V5.37.0.0
Copyright (C) 2022 ARM Ltd and ARM Germany GmbH. All rights reserved.
License Information: zhao zhao18763679957@outlook.com, shandong university, LIC=585FJ-UBMPU-Y87FK-Z4W6N-ECBLB-V5JEJ
 
Tool Versions:
Toolchain:       MDK-ARM Plus  Version: 5.37.0.0
Toolchain Path:  D:\Keil_v5\ARM\ARMCC\Bin
C Compiler:      Armcc.exe V5.06 update 5 (build 528)
Assembler:       Armasm.exe V5.06 update 5 (build 528)
Linker/Locator:  ArmLink.exe V5.06 update 5 (build 528)
Library Manager: ArmAr.exe V5.06 update 5 (build 528)
Hex Converter:   FromElf.exe V5.06 update 5 (build 528)
CPU DLL:         SARMCM3.DLL V5.37.0.0
Dialog DLL:      DCM.DLL V1.17.5.0
Target DLL:      CMSIS_AGDI.dll V1.33.12.0
Dialog DLL:      TCM.DLL V1.56.1.0
 
<h2>Project:</h2>
C:\Users\zhao1\Desktop\Code_Library\f411\Firmware_F411 V1.4\USER\Firmware_F411.uvprojx
Project File Date:  04/12/2025

<h2>Output:</h2>
*** Using Compiler 'V5.06 update 5 (build 528)', folder: 'D:\Keil_v5\ARM\ARMCC\Bin'
Build target 'Firmware'
compiling stabilizer.c...
..\COMMUNICATE\interface\communicate.h(14): warning:  #1295-D: Deprecated declaration communicateTest - give arg types
  
ool communicateTest();
..\COMMUNICATE\interface\communicate.h(16): warning:  #1-D: last line of file ends without a newline
  #endif // COMMUNICATE_WITH_STABILIZER_H
..\FLIGHT\src\stabilizer.c: 2 warnings, 0 errors
linking...
Program Size: Code=47956 RO-data=1192 RW-data=1336 ZI-data=60240  
FromELF: creating hex file...
"..\OBJ\Firmware_F411.axf" - 0 Error(s), 2 Warning(s).

<h2>Software Packages used:</h2>

Package Vendor: Keil
                https://www.keil.com/pack/Keil.STM32F4xx_DFP.3.0.0.pack
                Keil.STM32F4xx_DFP.3.0.0
                STMicroelectronics STM32F4 Series Device Support

<h2>Collection of Component include folders:</h2>

<h2>Collection of Component Files used:</h2>
Build Time Elapsed:  00:00:02
</pre>
</body>
</html>
