Component: ARM Compiler 5.06 update 7 (build 960) Tool: armlink [4d3601]

==============================================================================

Section Cross References

    main.o(i.main) refers to system.o(i.systemInit) for systemInit
    main.o(i.main) refers to tasks.o(i.xTaskCreate) for xTaskCreate
    main.o(i.main) refers to tasks.o(i.vTaskStartScheduler) for vTaskStartScheduler
    main.o(i.main) refers to main.o(.data) for startTaskHandle
    main.o(i.main) refers to main.o(i.startTask) for startTask
    main.o(i.startTask) refers to port.o(i.vPortEnterCritical) for vPortEnterCritical
    main.o(i.startTask) refers to tasks.o(i.xTaskCreate) for xTaskCreate
    main.o(i.startTask) refers to tasks.o(i.vTaskDelete) for vTaskDelete
    main.o(i.startTask) refers to port.o(i.vPortExitCritical) for vPortExitCritical
    main.o(i.startTask) refers to radiolink.o(i.radiolinkTask) for radiolinkTask
    main.o(i.startTask) refers to sensors.o(i.sensorsTask) for sensorsTask
    main.o(i.startTask) refers to stabilizer.o(i.stabilizerTask) for stabilizerTask
    main.o(i.startTask) refers to main.o(.data) for startTaskHandle
    main.o(i.vApplicationIdleHook) refers to nvic.o(i.getSysTickCnt) for getSysTickCnt
    main.o(i.vApplicationIdleHook) refers to watchdog.o(i.watchdogReset) for watchdogReset
    main.o(i.vApplicationIdleHook) refers to main.o(.data) for tickWatchdogReset
    system_stm32f4xx.o(i.SystemCoreClockUpdate) refers to system_stm32f4xx.o(.data) for SystemCoreClock
    system_stm32f4xx.o(i.SystemInit) refers to system_stm32f4xx.o(i.SetSysClock) for SetSysClock
    delay.o(i.delay_init) refers to delay.o(.data) for fac_us
    delay.o(i.delay_ms) refers to tasks.o(i.xTaskGetSchedulerState) for xTaskGetSchedulerState
    delay.o(i.delay_ms) refers to tasks.o(i.vTaskDelay) for vTaskDelay
    delay.o(i.delay_ms) refers to delay.o(i.delay_us) for delay_us
    delay.o(i.delay_ms) refers to delay.o(.data) for fac_ms
    delay.o(i.delay_us) refers to delay.o(.data) for fac_us
    delay.o(i.delay_xms) refers to delay.o(i.delay_us) for delay_us
    usart.o(.rev16_text) refers (Special) to use_no_semi_2.o(.text) for __use_no_semihosting
    usart.o(.revsh_text) refers (Special) to use_no_semi_2.o(.text) for __use_no_semihosting
    usart.o(i._sys_exit) refers (Special) to use_no_semi_2.o(.text) for __use_no_semihosting
    usart.o(i.fputc) refers (Special) to use_no_semi_2.o(.text) for __use_no_semihosting
    usart.o(i.uart_init) refers (Special) to use_no_semi_2.o(.text) for __use_no_semihosting
    usart.o(i.uart_init) refers to system_stm32f4xx.o(.data) for SystemCoreClock
    usart.o(.bss) refers (Special) to use_no_semi_2.o(.text) for __use_no_semihosting
    usart.o(.data) refers (Special) to use_no_semi_2.o(.text) for __use_no_semihosting
    exti.o(i.EXTI0_IRQHandler) refers to exti.o(i.EXTI0_Callback) for EXTI0_Callback
    exti.o(i.EXTI15_10_IRQHandler) refers to exti.o(i.EXTI10_Callback) for EXTI10_Callback
    exti.o(i.EXTI15_10_IRQHandler) refers to exti.o(i.EXTI11_Callback) for EXTI11_Callback
    exti.o(i.EXTI15_10_IRQHandler) refers to exti.o(i.EXTI12_Callback) for EXTI12_Callback
    exti.o(i.EXTI15_10_IRQHandler) refers to exti.o(i.EXTI13_Callback) for EXTI13_Callback
    exti.o(i.EXTI15_10_IRQHandler) refers to exti.o(i.EXTI14_Callback) for EXTI14_Callback
    exti.o(i.EXTI15_10_IRQHandler) refers to exti.o(i.EXTI15_Callback) for EXTI15_Callback
    exti.o(i.EXTI1_IRQHandler) refers to exti.o(i.EXTI1_Callback) for EXTI1_Callback
    exti.o(i.EXTI2_IRQHandler) refers to exti.o(i.EXTI2_Callback) for EXTI2_Callback
    exti.o(i.EXTI3_IRQHandler) refers to exti.o(i.EXTI3_Callback) for EXTI3_Callback
    exti.o(i.EXTI4_IRQHandler) refers to sensors.o(i.EXTI4_Callback) for EXTI4_Callback
    exti.o(i.EXTI9_5_IRQHandler) refers to exti.o(i.EXTI5_Callback) for EXTI5_Callback
    exti.o(i.EXTI9_5_IRQHandler) refers to exti.o(i.EXTI6_Callback) for EXTI6_Callback
    exti.o(i.EXTI9_5_IRQHandler) refers to exti.o(i.EXTI7_Callback) for EXTI7_Callback
    exti.o(i.EXTI9_5_IRQHandler) refers to exti.o(i.EXTI8_Callback) for EXTI8_Callback
    exti.o(i.EXTI9_5_IRQHandler) refers to exti.o(i.EXTI9_Callback) for EXTI9_Callback
    exti.o(i.extiInit) refers to exti.o(i.NVIC_ConfigureIRQ) for NVIC_ConfigureIRQ
    exti.o(i.extiInit) refers to exti.o(.data) for isInit
    exti.o(i.extiTest) refers to exti.o(.data) for isInit
    i2cdev.o(i.i2cdevInit) refers to i2c_drv.o(i.i2cdrvInit) for i2cdrvInit
    i2cdev.o(i.i2cdevRead) refers to i2c_drv.o(i.i2cdrvCreateMessageIntAddr) for i2cdrvCreateMessageIntAddr
    i2cdev.o(i.i2cdevRead) refers to i2c_drv.o(i.i2cdrvMessageTransfer) for i2cdrvMessageTransfer
    i2cdev.o(i.i2cdevRead16) refers to i2c_drv.o(i.i2cdrvCreateMessageIntAddr) for i2cdrvCreateMessageIntAddr
    i2cdev.o(i.i2cdevRead16) refers to i2c_drv.o(i.i2cdrvMessageTransfer) for i2cdrvMessageTransfer
    i2cdev.o(i.i2cdevReadBit) refers to i2cdev.o(i.i2cdevRead) for i2cdevRead
[...]
    TIM4_IRQHandler                          0x08000363   Thumb Code     0  startup_stm32f411xe.o(.text)
    TIM5_IRQHandler                          0x08000363   Thumb Code     0  startup_stm32f411xe.o(.text)
    USART1_IRQHandler                        0x08000363   Thumb Code     0  startup_stm32f411xe.o(.text)
    USART6_IRQHandler                        0x08000363   Thumb Code     0  startup_stm32f411xe.o(.text)
    WWDG_IRQHandler                          0x08000363   Thumb Code     0  startup_stm32f411xe.o(.text)
    __user_initial_stackheap                 0x08000365   Thumb Code     0  startup_stm32f411xe.o(.text)
    __use_no_semihosting                     0x08000389   Thumb Code     2  use_no_semi_2.o(.text)
    __aeabi_ldivmod                          0x0800038b   Thumb Code     0  llsdiv.o(.text)
    _ll_sdiv                                 0x0800038b   Thumb Code    72  llsdiv.o(.text)
    __2printf                                0x080003d5   Thumb Code    20  noretval__2printf.o(.text)
    __printf                                 0x080003ed   Thumb Code   104  __printf.o(.text)
    __aeabi_memcpy                           0x08000455   Thumb Code     0  rt_memcpy_v6.o(.text)
    __rt_memcpy                              0x08000455   Thumb Code   138  rt_memcpy_v6.o(.text)
    _memcpy_lastbytes                        0x080004bb   Thumb Code     0  rt_memcpy_v6.o(.text)
    __aeabi_memcpy4                          0x080004df   Thumb Code     0  rt_memcpy_w.o(.text)
    __aeabi_memcpy8                          0x080004df   Thumb Code     0  rt_memcpy_w.o(.text)
    __rt_memcpy_w                            0x080004df   Thumb Code   100  rt_memcpy_w.o(.text)
    _memcpy_lastbytes_aligned                0x08000527   Thumb Code     0  rt_memcpy_w.o(.text)
    __aeabi_memset                           0x08000543   Thumb Code    16  aeabi_memset.o(.text)
    __aeabi_memclr4                          0x08000553   Thumb Code     0  rt_memclr_w.o(.text)
    __aeabi_memclr8                          0x08000553   Thumb Code     0  rt_memclr_w.o(.text)
    __rt_memclr_w                            0x08000553   Thumb Code    78  rt_memclr_w.o(.text)
    _memset_w                                0x08000557   Thumb Code     0  rt_memclr_w.o(.text)
    __use_two_region_memory                  0x080005a1   Thumb Code     2  heapauxi.o(.text)
    __rt_heap_escrow$2region                 0x080005a3   Thumb Code     2  heapauxi.o(.text)
    __rt_heap_expand$2region                 0x080005a5   Thumb Code     2  heapauxi.o(.text)
    __I$use$semihosting                      0x080005a7   Thumb Code     0  use_no_semi.o(.text)
    __use_no_semihosting_swi                 0x080005a7   Thumb Code     2  use_no_semi.o(.text)
    __aeabi_uldivmod                         0x080005a9   Thumb Code     0  lludivv7m.o(.text)
    _ll_udiv                                 0x080005a9   Thumb Code   238  lludivv7m.o(.text)
    __read_errno                             0x08000697   Thumb Code    10  _rserrno.o(.text)
    __set_errno                              0x080006a1   Thumb Code    12  _rserrno.o(.text)
    _printf_char_common                      0x080006b7   Thumb Code    32  _printf_char_common.o(.text)
    _printf_char_file                        0x080006dd   Thumb Code    32  _printf_char_file.o(.text)
    __aeabi_memclr                           0x08000701   Thumb Code     0  rt_memclr.o(.text)
    __rt_memclr                              0x08000701   Thumb Code    68  rt_memclr.o(.text)
    _memset                                  0x08000705   Thumb Code     0  rt_memclr.o(.text)
    __aeabi_errno_addr                       0x08000745   Thumb Code     8  rt_errno_addr_intlibspace.o(.text)
    __errno$intlibspace                      0x08000745   Thumb Code     0  rt_errno_addr_intlibspace.o(.text)
    __rt_errno_addr$intlibspace              0x08000745   Thumb Code     0  rt_errno_addr_intlibspace.o(.text)
    ferror                                   0x0800074d   Thumb Code     8  ferror.o(.text)
    __user_libspace                          0x08000755   Thumb Code     8  libspace.o(.text)
    __user_perproc_libspace                  0x08000755   Thumb Code     0  libspace.o(.text)
    __user_perthread_libspace                0x08000755   Thumb Code     0  libspace.o(.text)
    __user_setup_stackheap                   0x0800075d   Thumb Code    74  sys_stackheap_outer.o(.text)
    exit                                     0x080007a7   Thumb Code    18  exit.o(.text)
    BusFault_Handler                         0x080007b9   Thumb Code    64  nvic.o(i.BusFault_Handler)
    EXTI0_Callback                           0x08000811   Thumb Code     2  exti.o(i.EXTI0_Callback)
    EXTI0_IRQHandler                         0x08000815   Thumb Code    14  exti.o(i.EXTI0_IRQHandler)
    EXTI10_Callback                          0x08000829   Thumb Code     2  exti.o(i.EXTI10_Callback)
    EXTI11_Callback                          0x0800082b   Thumb Code     2  exti.o(i.EXTI11_Callback)
    EXTI12_Callback                          0x0800082d   Thumb Code     2  exti.o(i.EXTI12_Callback)
    EXTI13_Callback                          0x0800082f   Thumb Code     2  exti.o(i.EXTI13_Callback)
    EXTI14_Callback                          0x08000831   Thumb Code     2  exti.o(i.EXTI14_Callback)
    EXTI15_10_IRQHandler                     0x08000835   Thumb Code   136  exti.o(i.EXTI15_10_IRQHandler)
    EXTI15_Callback                          0x080008c1   Thumb Code     2  exti.o(i.EXTI15_Callback)
    EXTI1_Callback                           0x080008c3   Thumb Code     2  exti.o(i.EXTI1_Callback)
    EXTI1_IRQHandler                         0x080008c5   Thumb Code    14  exti.o(i.EXTI1_IRQHandler)
    EXTI2_Callback                           0x080008d9   Thumb Code     2  exti.o(i.EXTI2_Callback)
    EXTI2_IRQHandler                         0x080008dd   Thumb Code    14  exti.o(i.EXTI2_IRQHandler)
    EXTI3_Callback                           0x080008f1   Thumb Code     2  exti.o(i.EXTI3_Callback)
    EXTI3_IRQHandler                         0x080008f5   Thumb Code    14  exti.o(i.EXTI3_IRQHandler)
    EXTI4_Callback                           0x08000909   Thumb Code    38  sensors.o(i.EXTI4_Callback)
    EXTI4_IRQHandler                         0x08000939   Thumb Code    14  exti.o(i.EXTI4_IRQHandler)
    EXTI5_Callback                           0x0800094d   Thumb Code     2  exti.o(i.EXTI5_Callback)
    EXTI6_Callback                           0x0800094f   Thumb Code     2  exti.o(i.EXTI6_Callback)
    EXTI7_Callback                           0x08000951   Thumb Code     2  exti.o(i.EXTI7_Callback)
    EXTI8_Callback                           0x08000953   Thumb Code     2  exti.o(i.EXTI8_Callback)
    EXTI9_5_IRQHandler                       0x08000955   Thumb Code   108  exti.o(i.EXTI9_5_IRQHandler)
    EXTI9_Callback                           0x080009c5   Thumb Code     2  exti.o(i.EXTI9_Callback)
    MemManage_Handler                        0x080009c9   Thumb Code    64  nvic.o(i.MemManage_Handler)
    NVIC_ConfigureIRQ                        0x08000a21   Thumb Code    42  exti.o(i.NVIC_ConfigureIRQ)
    SysTick_Handler                          0x08000b55   Thumb Code    28  nvic.o(i.SysTick_Handler)
    SystemInit                               0x08000b75   Thumb Code    88  system_stm32f4xx.o(i.SystemInit)
    USART2_IRQHandler                        0x08000bdd   Thumb Code     8  uart_syslink.o(i.USART2_IRQHandler)
    UsageFault_Handler                       0x08000be5   Thumb Code    64  nvic.o(i.UsageFault_Handler)
    __ARM_fpclassifyf                        0x08000c3d   Thumb Code    38  fpclassifyf.o(i.__ARM_fpclassifyf)
    __hardfp_asinf                           0x08000c65   Thumb Code   258  asinf.o(i.__hardfp_asinf)
    __hardfp_atan2f                          0x08000d91   Thumb Code   594  atan2f.o(i.__hardfp_atan2f)
    __hardfp_cosf                            0x0800103d   Thumb Code   280  cosf.o(i.__hardfp_cosf)
    __hardfp_fabs                            0x0800118d   Thumb Code    20  fabs.o(i.__hardfp_fabs)
    __hardfp_powf                            0x080011a1   Thumb Code  1606  powf.o(i.__hardfp_powf)
    __mathlib_powf                           0x080011a1   Thumb Code     0  powf.o(i.__hardfp_powf)
    __hardfp_sinf                            0x08001805   Thumb Code   344  sinf.o(i.__hardfp_sinf)
    __hardfp_sqrtf                           0x08001995   Thumb Code    58  sqrtf.o(i.__hardfp_sqrtf)
    __hardfp_tanf                            0x080019d1   Thumb Code   322  tanf.o(i.__hardfp_tanf)
    __mathlib_flt_divzero                    0x08001b4d   Thumb Code    14  funder.o(i.__mathlib_flt_divzero)
    __mathlib_flt_infnan                     0x08001b61   Thumb Code     6  funder.o(i.__mathlib_flt_infnan)
    __mathlib_flt_infnan2                    0x08001b67   Thumb Code     6  funder.o(i.__mathlib_flt_infnan2)
    __mathlib_flt_invalid                    0x08001b6d   Thumb Code    10  funder.o(i.__mathlib_flt_invalid)
    __mathlib_flt_overflow                   0x08001b7d   Thumb Code    10  funder.o(i.__mathlib_flt_overflow)
    __mathlib_flt_underflow                  0x08001b8d   Thumb Code    10  funder.o(i.__mathlib_flt_underflow)
    __mathlib_rredf2                         0x08001b9d   Thumb Code   316  rredf.o(i.__mathlib_rredf2)
    _sys_exit                                0x08001cf1   Thumb Code     4  usart.o(i._sys_exit)
    anomalDetec                              0x08001cf5   Thumb Code   186  anomal_detec.o(i.anomalDetec)
    applyDeadbandf                           0x08001df1   Thumb Code    80  maths.o(i.applyDeadbandf)
    assertFail                               0x08001e45   Thumb Code    86  debug_assert.o(i.assertFail)
    atkp_read                                0x08001e9d   Thumb Code    20  communicate.o(i.atkp_read)
    atkp_write                               0x08001eb5   Thumb Code    20  communicate.o(i.atkp_write)
    attitudeAnglePID                         0x08001ecd   Thumb Code   166  state_control.o(i.attitudeAnglePID)
    attitudeControlInit                      0x08001f91   Thumb Code   248  state_control.o(i.attitudeControlInit)
    attitudeControllerResetPitchAttitudePID  0x080020b5   Thumb Code    10  state_control.o(i.attitudeControllerResetPitchAttitudePID)
    attitudeControllerResetRollAttitudePID   0x080020c5   Thumb Code    10  state_control.o(i.attitudeControllerResetRollAttitudePID)
    attitudeDataprocess                      0x080020d5   Thumb Code   824  state_control.o(i.attitudeDataprocess)
    attitudeRatePID                          0x0800242d   Thumb Code   114  state_control.o(i.attitudeRatePID)
    attitudeResetAllPID                      0x080024ad   Thumb Code    40  state_control.o(i.attitudeResetAllPID)
    bmp280CompensateP                        0x080024ed   Thumb Code   420  bmp280.o(i.bmp280CompensateP)
    bmp280CompensateT                        0x08002695   Thumb Code    66  bmp280.o(i.bmp280CompensateT)
    bmp280Init                               0x080026dd   Thumb Code   120  bmp280.o(i.bmp280Init)
    bmp280PressureToAltitude                 0x08002769   Thumb Code    78  bmp280.o(i.bmp280PressureToAltitude)
    commanderGetSetpoint                     0x0800293d   Thumb Code   548  commander.o(i.commanderGetSetpoint)
    communicateInit                          0x08002bc5   Thumb Code    50  communicate.o(i.communicateInit)
    constrainf                               0x08002c3d   Thumb Code    42  maths.o(i.constrainf)
    delay_init                               0x08002dbd   Thumb Code    64  delay.o(i.delay_init)
    delay_us                                 0x08002e05   Thumb Code    68  delay.o(i.delay_us)
    delay_xms                                0x08002e4d   Thumb Code    24  delay.o(i.delay_xms)
    estRstAll                                0x08002fcd   Thumb Code     8  state_estimator.o(i.estRstAll)
    estRstHeight                             0x08002fd9   Thumb Code     8  state_estimator.o(i.estRstHeight)
    extiInit                                 0x08002fe5   Thumb Code    88  exti.o(i.extiInit)
    flightCtrldataCache                      0x08003125   Thumb Code    30  commander.o(i.flightCtrldataCache)
    flyerAutoLand                            0x08003149   Thumb Code   252  commander.o(i.flyerAutoLand)
    fputc                                    0x0800326d   Thumb Code     2  usart.o(i.fputc)
    getAltholdThrust                         0x08003271   Thumb Code     8  position_pid.o(i.getAltholdThrust)
    getCommanderCtrlMode                     0x0800327d   Thumb Code    10  commander.o(i.getCommanderCtrlMode)
    getCommanderKeyFlight                    0x0800328d   Thumb Code    10  commander.o(i.getCommanderKeyFlight)
    getCommanderKeyland                      0x0800329d   Thumb Code    10  commander.o(i.getCommanderKeyland)
    getIsCalibrated                          0x080032ad   Thumb Code     6  sensfusion6.o(i.getIsCalibrated)
    getSysTickCnt                            0x080032dd   Thumb Code    22  nvic.o(i.getSysTickCnt)
    i2cdevInit                               0x08003565   Thumb Code    14  i2cdev.o(i.i2cdevInit)
    i2cdevRead                               0x08003573   Thumb Code    50  i2cdev.o(i.i2cdevRead)
    i2cdevReadByte                           0x080035a5   Thumb Code    26  i2cdev.o(i.i2cdevReadByte)
    i2cdevWrite                              0x080035bf   Thumb Code    50  i2cdev.o(i.i2cdevWrite)
    i2cdevWriteBit                           0x080035f1   Thumb Code    80  i2cdev.o(i.i2cdevWriteBit)
    i2cdevWriteBits                          0x08003641   Thumb Code   100  i2cdev.o(i.i2cdevWriteBits)
    i2cdevWriteByte                          0x080036a5   Thumb Code    30  i2cdev.o(i.i2cdevWriteByte)
    i2cdrvCreateMessageIntAddr               0x080036c3   Thumb Code    28  i2c_drv.o(i.i2cdrvCreateMessageIntAddr)
    i2cdrvInit                               0x080036df   Thumb Code    12  i2c_drv.o(i.i2cdrvInit)
    i2cdrvMessageTransfer                    0x0800399d   Thumb Code   124  i2c_drv.o(i.i2cdrvMessageTransfer)
    imuComputeRotationMatrix                 0x08003ad1   Thumb Code   358  sensfusion6.o(i.imuComputeRotationMatrix)
    imuTransformVectorBodyToEarth            0x08003c4d   Thumb Code   242  sensfusion6.o(i.imuTransformVectorBodyToEarth)
    imuTransformVectorEarthToBody            0x08003d4d   Thumb Code   148  sensfusion6.o(i.imuTransformVectorEarthToBody)
    imuUpdate                                0x08003de5   Thumb Code   940  sensfusion6.o(i.imuUpdate)
    ledClearAll                              0x080042a1   Thumb Code    24  led.o(i.ledClearAll)
    ledFlashOne                              0x080042b9   Thumb Code    38  led.o(i.ledFlashOne)
    ledInit                                  0x080042e1   Thumb Code   220  led.o(i.ledInit)
    ledSet                                   0x080043d1   Thumb Code    84  led.o(i.ledSet)
    ledseqInit                               0x08004429   Thumb Code   140  ledseq.o(i.ledseqInit)
    ledseqRun                                0x080044d9   Thumb Code    94  ledseq.o(i.ledseqRun)
    limitThrust                              0x08004549   Thumb Code    24  power_control.o(i.limitThrust)
    lpf2pApply                               0x08004561   Thumb Code   110  filter.o(i.lpf2pApply)
    lpf2pInit                                0x080045cf   Thumb Code    52  filter.o(i.lpf2pInit)
    lpf2pSetCutoffFreq                       0x08004605   Thumb Code   198  filter.o(i.lpf2pSetCutoffFreq)
    main                                     0x080046d9   Thumb Code    36  main.o(i.main)
    motorsInit                               0x08004711   Thumb Code   738  motors.o(i.motorsInit)
    motorsSetRatio                           0x08004a09   Thumb Code   210  motors.o(i.motorsSetRatio)
    mpu6500Init                              0x08004b01   Thumb Code    28  mpu6500.o(i.mpu6500Init)
    mpu6500Reset                             0x08004b29   Thumb Code    24  mpu6500.o(i.mpu6500Reset)
    mpu6500SetAccelDLPF                      0x08004b49   Thumb Code    28  mpu6500.o(i.mpu6500SetAccelDLPF)
    mpu6500SetClockSource                    0x08004b6d   Thumb Code    28  mpu6500.o(i.mpu6500SetClockSource)
    mpu6500SetDLPFMode                       0x08004b91   Thumb Code    28  mpu6500.o(i.mpu6500SetDLPFMode)
    mpu6500SetFullScaleAccelRange            0x08004bb5   Thumb Code    28  mpu6500.o(i.mpu6500SetFullScaleAccelRange)
    mpu6500SetFullScaleGyroRange             0x08004bd9   Thumb Code    28  mpu6500.o(i.mpu6500SetFullScaleGyroRange)
    mpu6500SetI2CBypassEnabled               0x08004bfd   Thumb Code    24  mpu6500.o(i.mpu6500SetI2CBypassEnabled)
    mpu6500SetI2CMasterModeEnabled           0x08004c1d   Thumb Code    24  mpu6500.o(i.mpu6500SetI2CMasterModeEnabled)
    mpu6500SetIntDataReadyEnabled            0x08004c3d   Thumb Code    24  mpu6500.o(i.mpu6500SetIntDataReadyEnabled)
    mpu6500SetIntEnabled                     0x08004c5d   Thumb Code    22  mpu6500.o(i.mpu6500SetIntEnabled)
    mpu6500SetInterruptDrive                 0x08004c7d   Thumb Code    24  mpu6500.o(i.mpu6500SetInterruptDrive)
    mpu6500SetInterruptLatch                 0x08004c9d   Thumb Code    24  mpu6500.o(i.mpu6500SetInterruptLatch)
    mpu6500SetInterruptLatchClear            0x08004cbd   Thumb Code    24  mpu6500.o(i.mpu6500SetInterruptLatchClear)
    mpu6500SetInterruptMode                  0x08004cdd   Thumb Code    24  mpu6500.o(i.mpu6500SetInterruptMode)
    mpu6500SetMasterClockSpeed               0x08004cfd   Thumb Code    28  mpu6500.o(i.mpu6500SetMasterClockSpeed)
    mpu6500SetRate                           0x08004d21   Thumb Code    22  mpu6500.o(i.mpu6500SetRate)
    mpu6500SetSlave4MasterDelay              0x08004d41   Thumb Code    28  mpu6500.o(i.mpu6500SetSlave4MasterDelay)
    mpu6500SetSlaveAddress                   0x08004d65   Thumb Code    38  mpu6500.o(i.mpu6500SetSlaveAddress)
    mpu6500SetSlaveDataLength                0x08004d95   Thumb Code    44  mpu6500.o(i.mpu6500SetSlaveDataLength)
    mpu6500SetSlaveDelayEnabled              0x08004dc9   Thumb Code    26  mpu6500.o(i.mpu6500SetSlaveDelayEnabled)
    mpu6500SetSlaveEnabled                   0x08004ded   Thumb Code    40  mpu6500.o(i.mpu6500SetSlaveEnabled)
    mpu6500SetSlaveReadWriteTransitionEnabled 0x08004e1d   Thumb Code    24  mpu6500.o(i.mpu6500SetSlaveReadWriteTransitionEnabled)
    mpu6500SetSlaveRegister                  0x08004e3d   Thumb Code    38  mpu6500.o(i.mpu6500SetSlaveRegister)
    mpu6500SetSleepEnabled                   0x08004e6d   Thumb Code    24  mpu6500.o(i.mpu6500SetSleepEnabled)
    mpu6500SetTempSensorEnabled              0x08004e8d   Thumb Code    28  mpu6500.o(i.mpu6500SetTempSensorEnabled)
    mpu6500SetWaitForExternalSensorEnabled   0x08004eb1   Thumb Code    24  mpu6500.o(i.mpu6500SetWaitForExternalSensorEnabled)
    nvicInit                                 0x08004ed1   Thumb Code    16  nvic.o(i.nvicInit)
    pidInit                                  0x08004ee9   Thumb Code    90  pid.o(i.pidInit)
    pidReset                                 0x08004f8d   Thumb Code    34  pid.o(i.pidReset)
    pidSetIntegralLimit                      0x08004fb5   Thumb Code     6  pid.o(i.pidSetIntegralLimit)
    pidSetOutputLimit                        0x08004fbb   Thumb Code     6  pid.o(i.pidSetOutputLimit)
    pidUpdate                                0x08004fc1   Thumb Code   264  pid.o(i.pidUpdate)
    positionControlInit                      0x080050c9   Thumb Code   248  position_pid.o(i.positionControlInit)
    positionController                       0x080051ed   Thumb Code   158  position_pid.o(i.positionController)
    positionDataprocess                      0x0800529d   Thumb Code   576  position_pid.o(i.positionDataprocess)
    positionEstimate                         0x080054fd   Thumb Code  1104  state_estimator.o(i.positionEstimate)
    positionResetAllPID                      0x0800594d   Thumb Code    40  position_pid.o(i.positionResetAllPID)
    powerControl                             0x0800598d   Thumb Code   364  power_control.o(i.powerControl)
    powerControlInit                         0x08005b05   Thumb Code     8  power_control.o(i.powerControlInit)
    powerDataprocess                         0x08005b0d   Thumb Code    94  power_control.o(i.powerDataprocess)
    printHardFault                           0x08005b6d   Thumb Code    64  nvic.o(i.printHardFault)
    processAccGyroMeasurements               0x08005bc5   Thumb Code   326  sensors.o(i.processAccGyroMeasurements)
    processBarometerMeasurements             0x08005e09   Thumb Code   158  sensors.o(i.processBarometerMeasurements)
    pvPortMalloc                             0x0800686d   Thumb Code   198  heap_4.o(i.pvPortMalloc)
    pvTaskIncrementMutexHeldCount            0x08006949   Thumb Code    26  tasks.o(i.pvTaskIncrementMutexHeldCount)
    pvTimerGetTimerID                        0x08006969   Thumb Code    20  timers.o(i.pvTimerGetTimerID)
    pxPortInitialiseStack                    0x0800697d   Thumb Code    38  port.o(i.pxPortInitialiseStack)
    queue_init                               0x080069a9   Thumb Code    34  com_queue.o(i.queue_init)
    radiolinkTask                            0x080069d5   Thumb Code   264  radiolink.o(i.radiolinkTask)
    remoterCtrlProcess                       0x08006b11   Thumb Code   190  remoter_ctrl.o(i.remoterCtrlProcess)
    sensor_data_Read                         0x08006d99   Thumb Code    20  com_queue.o(i.sensor_data_Read)
    sensor_data_Write                        0x08006db1   Thumb Code    20  com_queue.o(i.sensor_data_Write)
    sensorsDeviceInit                        0x08006fcd   Thumb Code   192  sensors.o(i.sensorsDeviceInit)
    sensorsInit                              0x08007129   Thumb Code    54  sensors.o(i.sensorsInit)
    sensorsTask                              0x08007305   Thumb Code    94  sensors.o(i.sensorsTask)
    setCommanderCtrlMode                     0x08007375   Thumb Code    14  commander.o(i.setCommanderCtrlMode)
    setCommanderFlightmode                   0x08007389   Thumb Code    14  commander.o(i.setCommanderFlightmode)
    setCommanderKeyFlight                    0x0800739d   Thumb Code    38  commander.o(i.setCommanderKeyFlight)
    setCommanderKeyland                      0x080073d5   Thumb Code    14  commander.o(i.setCommanderKeyland)
    setFastAdjustPosParam                    0x080073e9   Thumb Code    54  stabilizer.o(i.setFastAdjustPosParam)
    setMotorPWM                              0x0800743d   Thumb Code    20  power_control.o(i.setMotorPWM)
    sqrtf                                    0x08007459   Thumb Code    62  sqrtf.o(i.sqrtf)
    stabilizerDataprocess                    0x08007497   Thumb Code    72  stabilizer.o(i.stabilizerDataprocess)
    stabilizerInit                           0x080074e1   Thumb Code    28  stabilizer.o(i.stabilizerInit)
    stabilizerTask                           0x08007501   Thumb Code   196  stabilizer.o(i.stabilizerTask)
    stateControl                             0x08007669   Thumb Code   414  state_control.o(i.stateControl)
    stateControlInit                         0x08007831   Thumb Code    28  state_control.o(i.stateControlInit)
    storeAssertSnapshotData                  0x08007855   Thumb Code    14  debug_assert.o(i.storeAssertSnapshotData)
    systemInit                               0x0800786d   Thumb Code    74  system.o(i.systemInit)
    uartslkGetDataWithTimout                 0x080078bd   Thumb Code    34  uart_syslink.o(i.uartslkGetDataWithTimout)
    uartslkInit                              0x080078e5   Thumb Code   564  uart_syslink.o(i.uartslkInit)
    uartslkIsr                               0x08007b79   Thumb Code   154  uart_syslink.o(i.uartslkIsr)
    uxListRemove                             0x08007c79   Thumb Code    40  list.o(i.uxListRemove)
    vApplicationIdleHook                     0x08007ca1   Thumb Code    30  main.o(i.vApplicationIdleHook)
    vApplicationMallocFailedHook             0x08007cc5   Thumb Code    44  freertosdebug.o(i.vApplicationMallocFailedHook)
    vListInitialise                          0x08007d05   Thumb Code    26  list.o(i.vListInitialise)
    vListInitialiseItem                      0x08007d1f   Thumb Code     6  list.o(i.vListInitialiseItem)
    vListInsert                              0x08007d25   Thumb Code    52  list.o(i.vListInsert)
    vListInsertEnd                           0x08007d59   Thumb Code    24  list.o(i.vListInsertEnd)
    vPortEnterCritical                       0x08007d71   Thumb Code    30  port.o(i.vPortEnterCritical)
    vPortExitCritical                        0x08007d95   Thumb Code    28  port.o(i.vPortExitCritical)
    vPortFree                                0x08007db5   Thumb Code    64  heap_4.o(i.vPortFree)
    vPortSetupTimerInterrupt                 0x08007dfd   Thumb Code    14  port.o(i.vPortSetupTimerInterrupt)
    vQueueAddToRegistry                      0x08007e11   Thumb Code    38  queue.o(i.vQueueAddToRegistry)
    vQueueWaitForMessageRestricted           0x08007e3d   Thumb Code    74  queue.o(i.vQueueWaitForMessageRestricted)
    vTaskDelay                               0x08007e89   Thumb Code    46  tasks.o(i.vTaskDelay)
    vTaskDelayUntil                          0x08007ebd   Thumb Code   106  tasks.o(i.vTaskDelayUntil)
    vTaskDelete                              0x08007f31   Thumb Code   166  tasks.o(i.vTaskDelete)
    vTaskMissedYield                         0x08007ffd   Thumb Code     8  tasks.o(i.vTaskMissedYield)
    vTaskPlaceOnEventList                    0x08008009   Thumb Code    28  tasks.o(i.vTaskPlaceOnEventList)
    vTaskPlaceOnEventListRestricted          0x08008029   Thumb Code    36  tasks.o(i.vTaskPlaceOnEventListRestricted)
    vTaskPriorityInherit                     0x08008051   Thumb Code   164  tasks.o(i.vTaskPriorityInherit)
    vTaskSetTimeOutState                     0x08008101   Thumb Code    14  tasks.o(i.vTaskSetTimeOutState)
    vTaskStartScheduler                      0x08008119   Thumb Code    82  tasks.o(i.vTaskStartScheduler)
    vTaskSuspendAll                          0x08008189   Thumb Code    12  tasks.o(i.vTaskSuspendAll)
    vTaskSwitchContext                       0x08008199   Thumb Code    76  tasks.o(i.vTaskSwitchContext)
    watchdogInit                             0x080083b9   Thumb Code    74  watchdog.o(i.watchdogInit)
    watchdogReset                            0x08008411   Thumb Code    10  watchdog.o(i.watchdogReset)
    xPortStartScheduler                      0x08008421   Thumb Code    58  port.o(i.xPortStartScheduler)
    xPortSysTickHandler                      0x08008469   Thumb Code    46  port.o(i.xPortSysTickHandler)
    xQueueCreateMutex                        0x0800849d   Thumb Code    34  queue.o(i.xQueueCreateMutex)
    xQueueGenericCreate                      0x080084bf   Thumb Code    56  queue.o(i.xQueueGenericCreate)
    xQueueGenericReceive                     0x080084f9   Thumb Code   342  queue.o(i.xQueueGenericReceive)
    xQueueGenericReset                       0x08008655   Thumb Code   122  queue.o(i.xQueueGenericReset)
    xQueueGenericSend                        0x080086d5   Thumb Code   308  queue.o(i.xQueueGenericSend)
    xQueueGenericSendFromISR                 0x0800880d   Thumb Code   156  queue.o(i.xQueueGenericSendFromISR)
    xQueueGiveFromISR                        0x080088a9   Thumb Code   142  queue.o(i.xQueueGiveFromISR)
    xTaskCheckForTimeOut                     0x08008939   Thumb Code    84  tasks.o(i.xTaskCheckForTimeOut)
    xTaskCreate                              0x08008995   Thumb Code    96  tasks.o(i.xTaskCreate)
    xTaskGetSchedulerState                   0x080089f5   Thumb Code    24  tasks.o(i.xTaskGetSchedulerState)
    xTaskGetTickCount                        0x08008a15   Thumb Code     6  tasks.o(i.xTaskGetTickCount)
    xTaskIncrementTick                       0x08008a21   Thumb Code   238  tasks.o(i.xTaskIncrementTick)
    xTaskPriorityDisinherit                  0x08008b3d   Thumb Code   122  tasks.o(i.xTaskPriorityDisinherit)
    xTaskRemoveFromEventList                 0x08008bc1   Thumb Code   104  tasks.o(i.xTaskRemoveFromEventList)
    xTaskResumeAll                           0x08008c41   Thumb Code   196  tasks.o(i.xTaskResumeAll)
    xTimerCreate                             0x08008d29   Thumb Code    48  timers.o(i.xTimerCreate)
    xTimerCreateTimerTask                    0x08008d59   Thumb Code    40  timers.o(i.xTimerCreateTimerTask)
    xTimerGenericCommand                     0x08008d95   Thumb Code   102  timers.o(i.xTimerGenericCommand)
    __aeabi_d2f                              0x08008e01   Thumb Code     0  d2f.o(x$fpl$d2f)
    _d2f                                     0x08008e01   Thumb Code    98  d2f.o(x$fpl$d2f)
    __fpl_dcmp_Inf                           0x08008e63   Thumb Code    24  dcmpi.o(x$fpl$dcmpinf)
    __aeabi_d2uiz                            0x08008e7d   Thumb Code     0  dfixu.o(x$fpl$dfixu)
    _dfixu                                   0x08008e7d   Thumb Code    90  dfixu.o(x$fpl$dfixu)
    __aeabi_i2d                              0x08008ed7   Thumb Code     0  dflt_clz.o(x$fpl$dflt)
    _dflt                                    0x08008ed7   Thumb Code    46  dflt_clz.o(x$fpl$dflt)
    __aeabi_ui2d                             0x08008f05   Thumb Code     0  dflt_clz.o(x$fpl$dfltu)
    _dfltu                                   0x08008f05   Thumb Code    38  dflt_clz.o(x$fpl$dfltu)
    __aeabi_cdcmple                          0x08008f2d   Thumb Code     0  dleqf.o(x$fpl$dleqf)
    _dcmple                                  0x08008f2d   Thumb Code   120  dleqf.o(x$fpl$dleqf)
    __fpl_dcmple_InfNaN                      0x08008f8f   Thumb Code     0  dleqf.o(x$fpl$dleqf)
    __aeabi_dmul                             0x08008fa5   Thumb Code     0  dmul.o(x$fpl$dmul)
    _dmul                                    0x08008fa5   Thumb Code   332  dmul.o(x$fpl$dmul)
    __fpl_dnaninf                            0x080090f9   Thumb Code   156  dnaninf.o(x$fpl$dnaninf)
    __fpl_dretinf                            0x08009195   Thumb Code    12  dretinf.o(x$fpl$dretinf)
    __aeabi_cdrcmple                         0x080091a1   Thumb Code     0  drleqf.o(x$fpl$drleqf)
    _drcmple                                 0x080091a1   Thumb Code   108  drleqf.o(x$fpl$drleqf)
    __aeabi_f2d                              0x0800920d   Thumb Code     0  f2d.o(x$fpl$f2d)
    _f2d                                     0x0800920d   Thumb Code    86  f2d.o(x$fpl$f2d)
    __aeabi_ul2f                             0x08009263   Thumb Code     0  ffltll_clz.o(x$fpl$ffltll)
    _ll_uto_f                                0x08009263   Thumb Code     6  ffltll_clz.o(x$fpl$ffltll)
    __aeabi_l2f                              0x08009269   Thumb Code     0  ffltll_clz.o(x$fpl$ffltll)
    _ll_sto_f                                0x08009269   Thumb Code    90  ffltll_clz.o(x$fpl$ffltll)
    __fpl_fnaninf                            0x080092c3   Thumb Code   140  fnaninf.o(x$fpl$fnaninf)
    _fp_init                                 0x0800934f   Thumb Code    10  fpinit.o(x$fpl$fpinit)
    __fplib_config_fpu_vfp                   0x08009357   Thumb Code     0  fpinit.o(x$fpl$fpinit)
    __fplib_config_pureend_doubles           0x08009357   Thumb Code     0  fpinit.o(x$fpl$fpinit)
    __fpl_fretinf                            0x08009359   Thumb Code    10  fretinf.o(x$fpl$fretinf)
    __I$use$fp                               0x08009362   Number         0  usenofp.o(x$fpl$usenofp)
    seq_lowbat                               0x0800939c   Data          16  ledseq.o(.constdata)
    seq_calibrated                           0x080093ac   Data          24  ledseq.o(.constdata)
    seq_alive                                0x080093c4   Data          24  ledseq.o(.constdata)
    seq_linkup                               0x080093dc   Data          24  ledseq.o(.constdata)
    seq_charged                              0x080093f4   Data          16  ledseq.o(.constdata)
    seq_charging                             0x08009404   Data          24  ledseq.o(.constdata)
    Region$$Table$$Base                      0x08009580   Number         0  anon$$obj.o(Region$$Table)
    Region$$Table$$Limit                     0x080095a0   Number         0  anon$$obj.o(Region$$Table)
    startTaskHandle                          0x2000000c   Data           4  main.o(.data)
    __stdout                                 0x2000001c   Data           4  usart.o(.data)
    USART_RX_STA                             0x20000020   Data           2  usart.o(.data)
    configParam                              0x20000024   Data         156  config_param.o(.data)
    sensorsBus                               0x200000c4   Data          40  i2c_drv.o(.data)
    pxCurrentTCB                             0x2000014c   Data           4  tasks.o(.data)
    Kp                                       0x20000220   Data           4  sensfusion6.o(.data)
    Ki                                       0x20000224   Data           4  sensfusion6.o(.data)
    exInt                                    0x20000228   Data           4  sensfusion6.o(.data)
    eyInt                                    0x2000022c   Data           4  sensfusion6.o(.data)
    ezInt                                    0x20000230   Data           4  sensfusion6.o(.data)
    isGravityCalibrated                      0x20000248   Data           1  sensfusion6.o(.data)
    timestamp                                0x20000304   Data           4  commander.o(.data)
    snapshot                                 0x20000360   Data          12  debug_assert.o(.nzds)
    motor_ratios                             0x2000036c   Data          16  motors.o(.bss)
    xQueueRegistry                           0x2000037c   Data          80  queue.o(.bss)
    pidVX                                    0x20007de0   Data          60  position_pid.o(.bss)
    pidVY                                    0x20007e1c   Data          60  position_pid.o(.bss)
    pidVZ                                    0x20007e58   Data          60  position_pid.o(.bss)
    pidX                                     0x20007e94   Data          60  position_pid.o(.bss)
    pidY                                     0x20007ed0   Data          60  position_pid.o(.bss)
    pidZ                                     0x20007f0c   Data          60  position_pid.o(.bss)
    pidAngleRoll                             0x2000b2c8   Data          60  state_control.o(.bss)
    pidAnglePitch                            0x2000b304   Data          60  state_control.o(.bss)
    pidAngleYaw                              0x2000b340   Data          60  state_control.o(.bss)
    pidRateRoll                              0x2000b37c   Data          60  state_control.o(.bss)
    pidRatePitch                             0x2000b3b8   Data          60  state_control.o(.bss)
    pidRateYaw                               0x2000b3f4   Data          60  state_control.o(.bss)
    bmp280Cal                                0x2000e69c   Data          28  bmp280.o(.bss)
    __libspace_start                         0x2000e6b8   Data          96  libspace.o(.bss)
    __temporary_stack_top$libspace           0x2000e718   Data           0  libspace.o(.bss)



==============================================================================

Memory Map of the image

  Image Entry point : 0x08000199

  Load Region LR_IROM1 (Base: 0x08000000, Size: 0x0000990c, Max: 0x00078000, ABSOLUTE, COMPRESSED[0x00009658])

    Execution Region ER_IROM1 (Exec base: 0x08000000, Load base: 0x08000000, Size: 0x000095a0, Max: 0x00078000, ABSOLUTE)

    Exec Addr    Load Addr    Size         Type   Attr      Idx    E Section Name        Object

    0x08000000   0x08000000   0x00000198   Data   RO         1013    RESET               startup_stm32f411xe.o
    0x08000198   0x08000198   0x00000008   Code   RO         3681  * !!!main             c_w.l(__main.o)
    0x080001a0   0x080001a0   0x00000034   Code   RO         4024    !!!scatter          c_w.l(__scatter.o)
    0x080001d4   0x080001d4   0x0000005a   Code   RO         4022    !!dczerorl2         c_w.l(__dczerorl2.o)
    0x0800022e   0x0800022e   0x00000002   PAD
    0x08000230   0x08000230   0x0000001c   Code   RO         4026    !!handler_zi        c_w.l(__scatter_zi.o)
    0x0800024c   0x0800024c   0x00000000   Code   RO         3666    .ARM.Collect$$_printf_percent$$00000000  c_w.l(_printf_percent.o)
    0x0800024c   0x0800024c   0x00000004   Code   RO         3814    .ARM.Collect$$_printf_percent$$00000017  c_w.l(_printf_percent_end.o)
    0x08000250   0x08000250   0x00000002   Code   RO         3893    .ARM.Collect$$libinit$$00000000  c_w.l(libinit.o)
    0x08000252   0x08000252   0x00000004   Code   RO         3900    .ARM.Collect$$libinit$$00000001  c_w.l(libinit2.o)
    0x08000256   0x08000256   0x00000000   Code   RO         3903    .ARM.Collect$$libinit$$00000004  c_w.l(libinit2.o)
    0x08000256   0x08000256   0x00000000   Code   RO         3906    .ARM.Collect$$libinit$$0000000A  c_w.l(libinit2.o)
    0x08000256   0x08000256   0x00000000   Code   RO         3908    .ARM.Collect$$libinit$$0000000C  c_w.l(libinit2.o)
    0x08000256   0x08000256   0x00000000   Code   RO         3910    .ARM.Collect$$libinit$$0000000E  c_w.l(libinit2.o)
    0x08000256   0x08000256   0x00000000   Code   RO         3913    .ARM.Collect$$libinit$$00000011  c_w.l(libinit2.o)
    0x08000256   0x08000256   0x00000000   Code   RO         3915    .ARM.Collect$$libinit$$00000013  c_w.l(libinit2.o)
    0x08000256   0x08000256   0x00000000   Code   RO         3917    .ARM.Collect$$libinit$$00000015  c_w.l(libinit2.o)
    0x08000256   0x08000256   0x00000000   Code   RO         3919    .ARM.Collect$$libinit$$00000017  c_w.l(libinit2.o)
    0x08000256   0x08000256   0x00000000   Code   RO         3921    .ARM.Collect$$libinit$$00000019  c_w.l(libinit2.o)
    0x08000256   0x08000256   0x00000000   Code   RO         3923    .ARM.Collect$$libinit$$0000001B  c_w.l(libinit2.o)
    0x08000256   0x08000256   0x00000000   Code   RO         3925    .ARM.Collect$$libinit$$0000001D  c_w.l(libinit2.o)
    0x08000256   0x08000256   0x00000000   Code   RO         3927    .ARM.Collect$$libinit$$0000001F  c_w.l(libinit2.o)
    0x08000256   0x08000256   0x00000000   Code   RO         3929    .ARM.Collect$$libinit$$00000021  c_w.l(libinit2.o)
    0x08000256   0x08000256   0x00000000   Code   RO         3931    .ARM.Collect$$libinit$$00000023  c_w.l(libinit2.o)
    0x08000256   0x08000256   0x00000000   Code   RO         3933    .ARM.Collect$$libinit$$00000025  c_w.l(libinit2.o)
    0x08000256   0x08000256   0x00000000   Code   RO         3937    .ARM.Collect$$libinit$$0000002C  c_w.l(libinit2.o)
    0x08000256   0x08000256   0x00000000   Code   RO         3939    .ARM.Collect$$libinit$$0000002E  c_w.l(libinit2.o)
    0x08000256   0x08000256   0x00000000   Code   RO         3941    .ARM.Collect$$libinit$$00000030  c_w.l(libinit2.o)
    0x08000256   0x08000256   0x00000000   Code   RO         3943    .ARM.Collect$$libinit$$00000032  c_w.l(libinit2.o)
    0x08000256   0x08000256   0x00000002   Code   RO         3944    .ARM.Collect$$libinit$$00000033  c_w.l(libinit2.o)
    0x08000258   0x08000258   0x00000002   Code   RO         3972    .ARM.Collect$$libshutdown$$00000000  c_w.l(libshutdown.o)
    0x0800025a   0x0800025a   0x00000000   Code   RO         3986    .ARM.Collect$$libshutdown$$00000002  c_w.l(libshutdown2.o)
    0x0800025a   0x0800025a   0x00000000   Code   RO         3988    .ARM.Collect$$libshutdown$$00000004  c_w.l(libshutdown2.o)
    0x0800025a   0x0800025a   0x00000000   Code   RO         3990    .ARM.Collect$$libshutdown$$00000006  c_w.l(libshutdown2.o)
    0x0800025a   0x0800025a   0x00000000   Code   RO         3993    .ARM.Collect$$libshutdown$$00000009  c_w.l(libshutdown2.o)
    0x0800025a   0x0800025a   0x00000000   Code   RO         3996    .ARM.Collect$$libshutdown$$0000000C  c_w.l(libshutdown2.o)
    0x0800025a   0x0800025a   0x00000000   Code   RO         3998    .ARM.Collect$$libshutdown$$0000000E  c_w.l(libshutdown2.o)
    0x0800025a   0x0800025a   0x00000000   Code   RO         4001    .ARM.Collect$$libshutdown$$00000011  c_w.l(libshutdown2.o)
    0x0800025a   0x0800025a   0x00000002   Code   RO         4002    .ARM.Collect$$libshutdown$$00000012  c_w.l(libshutdown2.o)
    0x0800025c   0x0800025c   0x00000000   Code   RO         3799    .ARM.Collect$$rtentry$$00000000  c_w.l(__rtentry.o)
    0x0800025c   0x0800025c   0x00000000   Code   RO         3850    .ARM.Collect$$rtentry$$00000002  c_w.l(__rtentry2.o)
    0x0800025c   0x0800025c   0x00000006   Code   RO         3862    .ARM.Collect$$rtentry$$00000004  c_w.l(__rtentry4.o)
    0x08000262   0x08000262   0x00000000   Code   RO         3852    .ARM.Collect$$rtentry$$00000009  c_w.l(__rtentry2.o)
    0x08000262   0x08000262   0x00000004   Code   RO         3853    .ARM.Collect$$rtentry$$0000000A  c_w.l(__rtentry2.o)
    0x08000266   0x08000266   0x00000000   Code   RO         3855    .ARM.Collect$$rtentry$$0000000C  c_w.l(__rtentry2.o)
    0x08000266   0x08000266   0x00000008   Code   RO         3856    .ARM.Collect$$rtentry$$0000000D  c_w.l(__rtentry2.o)
    0x0800026e   0x0800026e   0x00000002   Code   RO         3894    .ARM.Collect$$rtexit$$00000000  c_w.l(rtexit.o)
    0x08000270   0x08000270   0x00000000   Code   RO         3946    .ARM.Collect$$rtexit$$00000002  c_w.l(rtexit2.o)
    0x08000270   0x08000270   0x00000004   Code   RO         3947    .ARM.Collect$$rtexit$$00000003  c_w.l(rtexit2.o)
    0x08000274   0x08000274   0x00000006   Code   RO         3948    .ARM.Collect$$rtexit$$00000004  c_w.l(rtexit2.o)
    0x0800027a   0x0800027a   0x00000002   PAD
    0x0800027c   0x0800027c   0x00000012   Code   RO          818    .emb_text           nvic.o
    0x0800028e   0x0800028e   0x00000002   PAD
    0x08000290   0x08000290   0x000000b6   Code   RO         1972    .emb_text           port.o
    0x08000346   0x08000346   0x00000002   PAD
    0x08000348   0x08000348   0x00000040   Code   RO         1014    .text               startup_stm32f411xe.o
    0x08000388   0x08000388   0x00000002   Code   RO         3626    .text               c_w.l(use_no_semi_2.o)
    0x0800038a   0x0800038a   0x00000048   Code   RO         3628    .text               c_w.l(llsdiv.o)
    0x080003d2   0x080003d2   0x00000002   PAD
    0x080003d4   0x080003d4   0x00000018   Code   RO         3634    .text               c_w.l(noretval__2printf.o)
    0x080003ec   0x080003ec   0x00000068   Code   RO         3638    .text               c_w.l(__printf.o)
    0x08000454   0x08000454   0x0000008a   Code   RO         3671    .text               c_w.l(rt_memcpy_v6.o)
    0x080004de   0x080004de   0x00000064   Code   RO         3673    .text               c_w.l(rt_memcpy_w.o)
    0x08000542   0x08000542   0x00000010   Code   RO         3675    .text               c_w.l(aeabi_memset.o)
    0x08000552   0x08000552   0x0000004e   Code   RO         3677    .text               c_w.l(rt_memclr_w.o)
    0x080005a0   0x080005a0   0x00000006   Code   RO         3679    .text               c_w.l(heapauxi.o)
    0x080005a6   0x080005a6   0x00000002   Code   RO         3797    .text               c_w.l(use_no_semi.o)
    0x080005a8   0x080005a8   0x000000ee   Code   RO         3800    .text               c_w.l(lludivv7m.o)
    0x08000696   0x08000696   0x00000016   Code   RO         3802    .text               c_w.l(_rserrno.o)
    0x080006ac   0x080006ac   0x00000030   Code   RO         3806    .text               c_w.l(_printf_char_common.o)
    0x080006dc   0x080006dc   0x00000024   Code   RO         3812    .text               c_w.l(_printf_char_file.o)
    0x08000700   0x08000700   0x00000044   Code   RO         3815    .text               c_w.l(rt_memclr.o)
    0x08000744   0x08000744   0x00000008   Code   RO         3871    .text               c_w.l(rt_errno_addr_intlibspace.o)
    0x0800074c   0x0800074c   0x00000008   Code   RO         3875    .text               c_w.l(ferror.o)
    0x08000754   0x08000754   0x00000008   Code   RO         3879    .text               c_w.l(libspace.o)
    0x0800075c   0x0800075c   0x0000004a   Code   RO         3882    .text               c_w.l(sys_stackheap_outer.o)
    0x080007a6   0x080007a6   0x00000012   Code   RO         3886    .text               c_w.l(exit.o)
    0x080007b8   0x080007b8   0x00000058   Code   RO          819    i.BusFault_Handler  nvic.o
    0x08000810   0x08000810   0x00000002   Code   RO          372    i.EXTI0_Callback    exti.o
    0x08000812   0x08000812   0x00000002   PAD
    0x08000814   0x08000814   0x00000014   Code   RO          373    i.EXTI0_IRQHandler  exti.o
    0x08000828   0x08000828   0x00000002   Code   RO          374    i.EXTI10_Callback   exti.o
    0x0800082a   0x0800082a   0x00000002   Code   RO          375    i.EXTI11_Callback   exti.o
    0x0800082c   0x0800082c   0x00000002   Code   RO          376    i.EXTI12_Callback   exti.o
    0x0800082e   0x0800082e   0x00000002   Code   RO          377    i.EXTI13_Callback   exti.o
    0x08000830   0x08000830   0x00000002   Code   RO          378    i.EXTI14_Callback   exti.o
    0x08000832   0x08000832   0x00000002   PAD
    0x08000834   0x08000834   0x0000008c   Code   RO          379    i.EXTI15_10_IRQHandler  exti.o
    0x080008c0   0x080008c0   0x00000002   Code   RO          380    i.EXTI15_Callback   exti.o
    0x080008c2   0x080008c2   0x00000002   Code   RO          381    i.EXTI1_Callback    exti.o
    0x080008c4   0x080008c4   0x00000014   Code   RO          382    i.EXTI1_IRQHandler  exti.o
    0x080008d8   0x080008d8   0x00000002   Code   RO          383    i.EXTI2_Callback    exti.o
    0x080008da   0x080008da   0x00000002   PAD
    0x080008dc   0x080008dc   0x00000014   Code   RO          384    i.EXTI2_IRQHandler  exti.o
    0x080008f0   0x080008f0   0x00000002   Code   RO          385    i.EXTI3_Callback    exti.o
    0x080008f2   0x080008f2   0x00000002   PAD
    0x080008f4   0x080008f4   0x00000014   Code   RO          386    i.EXTI3_IRQHandler  exti.o
    0x08000908   0x08000908   0x00000030   Code   RO         3246    i.EXTI4_Callback    sensors.o
    0x08000938   0x08000938   0x00000014   Code   RO          388    i.EXTI4_IRQHandler  exti.o
    0x0800094c   0x0800094c   0x00000002   Code   RO          389    i.EXTI5_Callback    exti.o
    0x0800094e   0x0800094e   0x00000002   Code   RO          390    i.EXTI6_Callback    exti.o
    0x08000950   0x08000950   0x00000002   Code   RO          391    i.EXTI7_Callback    exti.o
    0x08000952   0x08000952   0x00000002   Code   RO          392    i.EXTI8_Callback    exti.o
    0x08000954   0x08000954   0x00000070   Code   RO          393    i.EXTI9_5_IRQHandler  exti.o
    0x080009c4   0x080009c4   0x00000002   Code   RO          394    i.EXTI9_Callback    exti.o
    0x080009c6   0x080009c6   0x00000002   PAD
    0x080009c8   0x080009c8   0x00000058   Code   RO          820    i.MemManage_Handler  nvic.o
    0x08000a20   0x08000a20   0x00000034   Code   RO          395    i.NVIC_ConfigureIRQ  exti.o
    0x08000a54   0x08000a54   0x00000016   Code   RO          880    i.NVIC_EnableIRQ    uart_syslink.o
    0x08000a6a   0x08000a6a   0x00000002   PAD
    0x08000a6c   0x08000a6c   0x000000e8   Code   RO          191    i.SetSysClock       system_stm32f4xx.o
    0x08000b54   0x08000b54   0x00000020   Code   RO          821    i.SysTick_Handler   nvic.o
    0x08000b74   0x08000b74   0x00000068   Code   RO          193    i.SystemInit        system_stm32f4xx.o
    0x08000bdc   0x08000bdc   0x00000008   Code   RO          881    i.USART2_IRQHandler  uart_syslink.o
    0x08000be4   0x08000be4   0x00000058   Code   RO          822    i.UsageFault_Handler  nvic.o
    0x08000c3c   0x08000c3c   0x00000026   Code   RO         3830    i.__ARM_fpclassifyf  m_wm.l(fpclassifyf.o)
    0x08000c62   0x08000c62   0x00000002   PAD
    0x08000c64   0x08000c64   0x0000012c   Code   RO         3705    i.__hardfp_asinf    m_wm.l(asinf.o)
    0x08000d90   0x08000d90   0x000002ac   Code   RO         3717    i.__hardfp_atan2f   m_wm.l(atan2f.o)
    0x0800103c   0x0800103c   0x00000150   Code   RO         3729    i.__hardfp_cosf     m_wm.l(cosf.o)
    0x0800118c   0x0800118c   0x00000014   Code   RO         3741    i.__hardfp_fabs     m_wm.l(fabs.o)
    0x080011a0   0x080011a0   0x00000664   Code   RO         3747    i.__hardfp_powf     m_wm.l(powf.o)
    0x08001804   0x08001804   0x00000190   Code   RO         3761    i.__hardfp_sinf     m_wm.l(sinf.o)
    0x08001994   0x08001994   0x0000003a   Code   RO         3773    i.__hardfp_sqrtf    m_wm.l(sqrtf.o)
    0x080019ce   0x080019ce   0x00000002   PAD
    0x080019d0   0x080019d0   0x0000017c   Code   RO         3785    i.__hardfp_tanf     m_wm.l(tanf.o)
    0x08001b4c   0x08001b4c   0x00000014   Code   RO         3832    i.__mathlib_flt_divzero  m_wm.l(funder.o)
    0x08001b60   0x08001b60   0x00000006   Code   RO         3833    i.__mathlib_flt_infnan  m_wm.l(funder.o)
    0x08001b66   0x08001b66   0x00000006   Code   RO         3834    i.__mathlib_flt_infnan2  m_wm.l(funder.o)
    0x08001b6c   0x08001b6c   0x00000010   Code   RO         3835    i.__mathlib_flt_invalid  m_wm.l(funder.o)
    0x08001b7c   0x08001b7c   0x00000010   Code   RO         3836    i.__mathlib_flt_overflow  m_wm.l(funder.o)
    0x08001b8c   0x08001b8c   0x00000010   Code   RO         3838    i.__mathlib_flt_underflow  m_wm.l(funder.o)
    0x08001b9c   0x08001b9c   0x00000154   Code   RO         3846    i.__mathlib_rredf2  m_wm.l(rredf.o)
    0x08001cf0   0x08001cf0   0x00000004   Code   RO          306    i._sys_exit         usart.o
    0x08001cf4   0x08001cf4   0x000000c8   Code   RO         2258    i.anomalDetec       anomal_detec.o
    0x08001dbc   0x08001dbc   0x00000034   Code   RO         3247    i.applyAxis3fLpf    sensors.o
    0x08001df0   0x08001df0   0x00000054   Code   RO         3014    i.applyDeadbandf    maths.o
    0x08001e44   0x08001e44   0x00000056   Code   RO         2943    i.assertFail        debug_assert.o
    0x08001e9a   0x08001e9a   0x00000002   PAD
    0x08001e9c   0x08001e9c   0x00000018   Code   RO         2230    i.atkp_read         communicate.o
    0x08001eb4   0x08001eb4   0x00000018   Code   RO         2231    i.atkp_write        communicate.o
    0x08001ecc   0x08001ecc   0x000000c4   Code   RO         2663    i.attitudeAnglePID  state_control.o
    0x08001f90   0x08001f90   0x00000124   Code   RO         2664    i.attitudeControlInit  state_control.o
    0x080020b4   0x080020b4   0x00000010   Code   RO         2665    i.attitudeControllerResetPitchAttitudePID  state_control.o
    0x080020c4   0x080020c4   0x00000010   Code   RO         2666    i.attitudeControllerResetRollAttitudePID  state_control.o
    0x080020d4   0x080020d4   0x00000358   Code   RO         2667    i.attitudeDataprocess  state_control.o
    0x0800242c   0x0800242c   0x00000080   Code   RO         2668    i.attitudeRatePID   state_control.o
    0x080024ac   0x080024ac   0x00000040   Code   RO         2669    i.attitudeResetAllPID  state_control.o
    0x080024ec   0x080024ec   0x000001a8   Code   RO         3360    i.bmp280CompensateP  bmp280.o
    0x08002694   0x08002694   0x00000048   Code   RO         3361    i.bmp280CompensateT  bmp280.o
    0x080026dc   0x080026dc   0x0000008c   Code   RO         3362    i.bmp280Init        bmp280.o
    0x08002768   0x08002768   0x00000060   Code   RO         3363    i.bmp280PressureToAltitude  bmp280.o
    0x080027c8   0x080027c8   0x0000013c   Code   RO         2512    i.calBaseAcc        sensfusion6.o
    0x08002904   0x08002904   0x00000038   Code   RO         2797    i.commanderDropToGround  commander.o
    0x0800293c   0x0800293c   0x0000025c   Code   RO         2798    i.commanderGetSetpoint  commander.o
    0x08002b98   0x08002b98   0x0000002c   Code   RO         2799    i.commanderLevelRPY  commander.o
    0x08002bc4   0x08002bc4   0x00000078   Code   RO         2232    i.communicateInit   communicate.o
    0x08002c3c   0x08002c3c   0x0000002a   Code   RO         3020    i.constrainf        maths.o
    0x08002c66   0x08002c66   0x00000002   PAD
    0x08002c68   0x08002c68   0x00000154   Code   RO         2800    i.ctrlDataUpdate    commander.o
    0x08002dbc   0x08002dbc   0x00000048   Code   RO          235    i.delay_init        delay.o
    0x08002e04   0x08002e04   0x00000048   Code   RO          237    i.delay_us          delay.o
    0x08002e4c   0x08002e4c   0x00000018   Code   RO          238    i.delay_xms         delay.o
    0x08002e64   0x08002e64   0x000000ac   Code   RO         2259    i.detecFreeFall     anomal_detec.o
    0x08002f10   0x08002f10   0x000000bc   Code   RO         2260    i.detecTumbled      anomal_detec.o
    0x08002fcc   0x08002fcc   0x0000000c   Code   RO         2743    i.estRstAll         state_estimator.o
    0x08002fd8   0x08002fd8   0x0000000c   Code   RO         2744    i.estRstHeight      state_estimator.o
    0x08002fe4   0x08002fe4   0x00000060   Code   RO          396    i.extiInit          exti.o
    0x08003044   0x08003044   0x000000e0   Code   RO         2573    i.fastAdjustPosZ    stabilizer.o
    0x08003124   0x08003124   0x00000024   Code   RO         2801    i.flightCtrldataCache  commander.o
    0x08003148   0x08003148   0x00000124   Code   RO         2802    i.flyerAutoLand     commander.o
    0x0800326c   0x0800326c   0x00000002   Code   RO          307    i.fputc             usart.o
    0x0800326e   0x0800326e   0x00000002   PAD
    0x08003270   0x08003270   0x0000000c   Code   RO         2394    i.getAltholdThrust  position_pid.o
    0x0800327c   0x0800327c   0x00000010   Code   RO         2804    i.getCommanderCtrlMode  commander.o
    0x0800328c   0x0800328c   0x00000010   Code   RO         2806    i.getCommanderKeyFlight  commander.o
    0x0800329c   0x0800329c   0x00000010   Code   RO         2807    i.getCommanderKeyland  commander.o
    0x080032ac   0x080032ac   0x0000000c   Code   RO         2513    i.getIsCalibrated   sensfusion6.o
    0x080032b8   0x080032b8   0x00000024   Code   RO         2094    i.getPrio           ledseq.o
    0x080032dc   0x080032dc   0x0000001c   Code   RO          823    i.getSysTickCnt     nvic.o
    0x080032f8   0x080032f8   0x00000114   Code   RO          638    i.i2cReadPoll       i2c_drv.o
    0x0800340c   0x0800340c   0x00000158   Code   RO          639    i.i2cWritePoll      i2c_drv.o
    0x08003564   0x08003564   0x0000000e   Code   RO          551    i.i2cdevInit        i2cdev.o
    0x08003572   0x08003572   0x00000032   Code   RO          552    i.i2cdevRead        i2cdev.o
    0x080035a4   0x080035a4   0x0000001a   Code   RO          556    i.i2cdevReadByte    i2cdev.o
    0x080035be   0x080035be   0x00000032   Code   RO          557    i.i2cdevWrite       i2cdev.o
    0x080035f0   0x080035f0   0x00000050   Code   RO          559    i.i2cdevWriteBit    i2cdev.o
    0x08003640   0x08003640   0x00000064   Code   RO          560    i.i2cdevWriteBits   i2cdev.o
    0x080036a4   0x080036a4   0x0000001e   Code   RO          561    i.i2cdevWriteByte   i2cdev.o
    0x080036c2   0x080036c2   0x0000001c   Code   RO          640    i.i2cdrvCreateMessageIntAddr  i2c_drv.o
    0x080036de   0x080036de   0x0000000c   Code   RO          641    i.i2cdrvInit        i2c_drv.o
    0x080036ea   0x080036ea   0x00000002   PAD
    0x080036ec   0x080036ec   0x000002b0   Code   RO          642    i.i2cdrvInitBus     i2c_drv.o
    0x0800399c   0x0800399c   0x0000007c   Code   RO          643    i.i2cdrvMessageTransfer  i2c_drv.o
    0x08003a18   0x08003a18   0x0000001e   Code   RO          644    i.i2cdrvRoughLoopDelay  i2c_drv.o
    0x08003a36   0x08003a36   0x0000000c   Code   RO          645    i.i2cdrvTryToRestartBus  i2c_drv.o
    0x08003a42   0x08003a42   0x00000002   PAD
    0x08003a44   0x08003a44   0x0000008c   Code   RO          646    i.i2cdrvdevUnlockBus  i2c_drv.o
    0x08003ad0   0x08003ad0   0x0000017c   Code   RO         2514    i.imuComputeRotationMatrix  sensfusion6.o
    0x08003c4c   0x08003c4c   0x00000100   Code   RO         2515    i.imuTransformVectorBodyToEarth  sensfusion6.o
    0x08003d4c   0x08003d4c   0x00000098   Code   RO         2516    i.imuTransformVectorEarthToBody  sensfusion6.o
    0x08003de4   0x08003de4   0x000003e0   Code   RO         2517    i.imuUpdate         sensfusion6.o
    0x080041c4   0x080041c4   0x00000048   Code   RO         2746    i.inavFilterCorrectPos  state_estimator.o
    0x0800420c   0x0800420c   0x00000058   Code   RO         2747    i.inavFilterPredict  state_estimator.o
    0x08004264   0x08004264   0x0000003c   Code   RO         2518    i.invSqrt           sensfusion6.o
    0x080042a0   0x080042a0   0x00000018   Code   RO          721    i.ledClearAll       led.o
    0x080042b8   0x080042b8   0x00000026   Code   RO          722    i.ledFlashOne       led.o
    0x080042de   0x080042de   0x00000002   PAD
    0x080042e0   0x080042e0   0x000000f0   Code   RO          723    i.ledInit           led.o
    0x080043d0   0x080043d0   0x00000058   Code   RO          724    i.ledSet            led.o
    0x08004428   0x08004428   0x000000b0   Code   RO         2096    i.ledseqInit        ledseq.o
    0x080044d8   0x080044d8   0x00000070   Code   RO         2097    i.ledseqRun         ledseq.o
    0x08004548   0x08004548   0x00000018   Code   RO         2451    i.limitThrust       power_control.o
    0x08004560   0x08004560   0x0000006e   Code   RO         3401    i.lpf2pApply        filter.o
    0x080045ce   0x080045ce   0x00000034   Code   RO         3402    i.lpf2pInit         filter.o
    0x08004602   0x08004602   0x00000002   PAD
    0x08004604   0x08004604   0x000000d4   Code   RO         3404    i.lpf2pSetCutoffFreq  filter.o
    0x080046d8   0x080046d8   0x00000038   Code   RO            3    i.main              main.o
    0x08004710   0x08004710   0x000002f8   Code   RO          773    i.motorsInit        motors.o
    0x08004a08   0x08004a08   0x000000f8   Code   RO          774    i.motorsSetRatio    motors.o
    0x08004b00   0x08004b00   0x00000028   Code   RO         3442    i.mpu6500Init       mpu6500.o
    0x08004b28   0x08004b28   0x00000020   Code   RO         3443    i.mpu6500Reset      mpu6500.o
    0x08004b48   0x08004b48   0x00000024   Code   RO         3444    i.mpu6500SetAccelDLPF  mpu6500.o
    0x08004b6c   0x08004b6c   0x00000024   Code   RO         3445    i.mpu6500SetClockSource  mpu6500.o
    0x08004b90   0x08004b90   0x00000024   Code   RO         3446    i.mpu6500SetDLPFMode  mpu6500.o
    0x08004bb4   0x08004bb4   0x00000024   Code   RO         3447    i.mpu6500SetFullScaleAccelRange  mpu6500.o
    0x08004bd8   0x08004bd8   0x00000024   Code   RO         3448    i.mpu6500SetFullScaleGyroRange  mpu6500.o
    0x08004bfc   0x08004bfc   0x00000020   Code   RO         3449    i.mpu6500SetI2CBypassEnabled  mpu6500.o
    0x08004c1c   0x08004c1c   0x00000020   Code   RO         3450    i.mpu6500SetI2CMasterModeEnabled  mpu6500.o
    0x08004c3c   0x08004c3c   0x00000020   Code   RO         3451    i.mpu6500SetIntDataReadyEnabled  mpu6500.o
    0x08004c5c   0x08004c5c   0x00000020   Code   RO         3452    i.mpu6500SetIntEnabled  mpu6500.o
    0x08004c7c   0x08004c7c   0x00000020   Code   RO         3453    i.mpu6500SetInterruptDrive  mpu6500.o
    0x08004c9c   0x08004c9c   0x00000020   Code   RO         3454    i.mpu6500SetInterruptLatch  mpu6500.o
    0x08004cbc   0x08004cbc   0x00000020   Code   RO         3455    i.mpu6500SetInterruptLatchClear  mpu6500.o
    0x08004cdc   0x08004cdc   0x00000020   Code   RO         3456    i.mpu6500SetInterruptMode  mpu6500.o
    0x08004cfc   0x08004cfc   0x00000024   Code   RO         3457    i.mpu6500SetMasterClockSpeed  mpu6500.o
    0x08004d20   0x08004d20   0x00000020   Code   RO         3458    i.mpu6500SetRate    mpu6500.o
    0x08004d40   0x08004d40   0x00000024   Code   RO         3460    i.mpu6500SetSlave4MasterDelay  mpu6500.o
    0x08004d64   0x08004d64   0x00000030   Code   RO         3461    i.mpu6500SetSlaveAddress  mpu6500.o
    0x08004d94   0x08004d94   0x00000034   Code   RO         3462    i.mpu6500SetSlaveDataLength  mpu6500.o
    0x08004dc8   0x08004dc8   0x00000024   Code   RO         3463    i.mpu6500SetSlaveDelayEnabled  mpu6500.o
    0x08004dec   0x08004dec   0x00000030   Code   RO         3464    i.mpu6500SetSlaveEnabled  mpu6500.o
    0x08004e1c   0x08004e1c   0x00000020   Code   RO         3465    i.mpu6500SetSlaveReadWriteTransitionEnabled  mpu6500.o
    0x08004e3c   0x08004e3c   0x00000030   Code   RO         3466    i.mpu6500SetSlaveRegister  mpu6500.o
    0x08004e6c   0x08004e6c   0x00000020   Code   RO         3467    i.mpu6500SetSleepEnabled  mpu6500.o
    0x08004e8c   0x08004e8c   0x00000024   Code   RO         3468    i.mpu6500SetTempSensorEnabled  mpu6500.o
    0x08004eb0   0x08004eb0   0x00000020   Code   RO         3469    i.mpu6500SetWaitForExternalSensorEnabled  mpu6500.o
    0x08004ed0   0x08004ed0   0x00000018   Code   RO          824    i.nvicInit          nvic.o
    0x08004ee8   0x08004ee8   0x00000064   Code   RO         2306    i.pidInit           pid.o
    0x08004f4c   0x08004f4c   0x00000040   Code   RO         2670    i.pidOutLimit       state_control.o
    0x08004f8c   0x08004f8c   0x00000028   Code   RO         2307    i.pidReset          pid.o
    0x08004fb4   0x08004fb4   0x00000006   Code   RO         2311    i.pidSetIntegralLimit  pid.o
    0x08004fba   0x08004fba   0x00000006   Code   RO         2315    i.pidSetOutputLimit  pid.o
    0x08004fc0   0x08004fc0   0x00000108   Code   RO         2316    i.pidUpdate         pid.o
    0x080050c8   0x080050c8   0x00000124   Code   RO         2395    i.positionControlInit  position_pid.o
    0x080051ec   0x080051ec   0x000000b0   Code   RO         2396    i.positionController  position_pid.o
    0x0800529c   0x0800529c   0x00000260   Code   RO         2397    i.positionDataprocess  position_pid.o
    0x080054fc   0x080054fc   0x00000450   Code   RO         2748    i.positionEstimate  state_estimator.o
    0x0800594c   0x0800594c   0x00000040   Code   RO         2398    i.positionResetAllPID  position_pid.o
    0x0800598c   0x0800598c   0x00000178   Code   RO         2452    i.powerControl      power_control.o
    0x08005b04   0x08005b04   0x00000008   Code   RO         2453    i.powerControlInit  power_control.o
    0x08005b0c   0x08005b0c   0x0000005e   Code   RO         2455    i.powerDataprocess  power_control.o
    0x08005b6a   0x08005b6a   0x00000002   PAD
    0x08005b6c   0x08005b6c   0x00000058   Code   RO          825    i.printHardFault    nvic.o
    0x08005bc4   0x08005bc4   0x00000168   Code   RO         3248    i.processAccGyroMeasurements  sensors.o
    0x08005d2c   0x08005d2c   0x000000dc   Code   RO         3249    i.processAccScale   sensors.o
    0x08005e08   0x08005e08   0x000000b8   Code   RO         3250    i.processBarometerMeasurements  sensors.o
    0x08005ec0   0x08005ec0   0x00000048   Code   RO         3251    i.processGyroBias   sensors.o
    0x08005f08   0x08005f08   0x00000098   Code   RO         1470    i.prvAddCurrentTaskToDelayedList  tasks.o
    0x08005fa0   0x08005fa0   0x000000b8   Code   RO         1471    i.prvAddNewTaskToReadyList  tasks.o
    0x08006058   0x08006058   0x00000064   Code   RO         1854    i.prvCheckForValidListAndQueue  timers.o
    0x080060bc   0x080060bc   0x00000064   Code   RO         1472    i.prvCheckTasksWaitingTermination  tasks.o
    0x08006120   0x08006120   0x0000002a   Code   RO         1225    i.prvCopyDataFromQueue  queue.o
    0x0800614a   0x0800614a   0x0000007c   Code   RO         1226    i.prvCopyDataToQueue  queue.o
    0x080061c6   0x080061c6   0x00000012   Code   RO         1473    i.prvDeleteTCB      tasks.o
    0x080061d8   0x080061d8   0x00000028   Code   RO         1855    i.prvGetNextExpireTime  timers.o
    0x08006200   0x08006200   0x0000007c   Code   RO         2043    i.prvHeapInit       heap_4.o
    0x0800627c   0x0800627c   0x0000000c   Code   RO         1474    i.prvIdleTask       tasks.o
    0x08006288   0x08006288   0x0000001c   Code   RO         1227    i.prvInitialiseMutex  queue.o
    0x080062a4   0x080062a4   0x0000002e   Code   RO         1228    i.prvInitialiseNewQueue  queue.o
    0x080062d2   0x080062d2   0x00000092   Code   RO         1475    i.prvInitialiseNewTask  tasks.o
    0x08006364   0x08006364   0x0000002e   Code   RO         1856    i.prvInitialiseNewTimer  timers.o
    0x08006392   0x08006392   0x00000002   PAD
    0x08006394   0x08006394   0x00000068   Code   RO         1476    i.prvInitialiseTaskLists  tasks.o
    0x080063fc   0x080063fc   0x00000068   Code   RO         2044    i.prvInsertBlockIntoFreeList  heap_4.o
    0x08006464   0x08006464   0x00000058   Code   RO         1857    i.prvInsertTimerInActiveList  timers.o
    0x080064bc   0x080064bc   0x0000001a   Code   RO         1229    i.prvIsQueueEmpty   queue.o
    0x080064d6   0x080064d6   0x0000001e   Code   RO         1230    i.prvIsQueueFull    queue.o
    0x080064f4   0x080064f4   0x00000052   Code   RO         1231    i.prvNotifyQueueSetContainer  queue.o
    0x08006546   0x08006546   0x00000002   PAD
    0x08006548   0x08006548   0x0000004c   Code   RO         1858    i.prvProcessExpiredTimer  timers.o
    0x08006594   0x08006594   0x000000bc   Code   RO         1859    i.prvProcessReceivedCommands  timers.o
    0x08006650   0x08006650   0x00000074   Code   RO         1860    i.prvProcessTimerOrBlockTask  timers.o
    0x080066c4   0x080066c4   0x00000034   Code   RO         1478    i.prvResetNextTaskUnblockTime  tasks.o
    0x080066f8   0x080066f8   0x0000002c   Code   RO         1861    i.prvSampleTimeNow  timers.o
    0x08006724   0x08006724   0x00000084   Code   RO         1862    i.prvSwitchTimerLists  timers.o
    0x080067a8   0x080067a8   0x00000016   Code   RO         1973    i.prvTaskExitError  port.o
    0x080067be   0x080067be   0x0000001a   Code   RO         1863    i.prvTimerTask      timers.o
    0x080067d8   0x080067d8   0x00000092   Code   RO         1232    i.prvUnlockQueue    queue.o
    0x0800686a   0x0800686a   0x00000002   PAD
    0x0800686c   0x0800686c   0x000000dc   Code   RO         2045    i.pvPortMalloc      heap_4.o
    0x08006948   0x08006948   0x00000020   Code   RO         1482    i.pvTaskIncrementMutexHeldCount  tasks.o
    0x08006968   0x08006968   0x00000014   Code   RO         1864    i.pvTimerGetTimerID  timers.o
    0x0800697c   0x0800697c   0x0000002c   Code   RO         1974    i.pxPortInitialiseStack  port.o
    0x080069a8   0x080069a8   0x0000002c   Code   RO         2192    i.queue_init        com_queue.o
    0x080069d4   0x080069d4   0x00000134   Code   RO         2167    i.radiolinkTask     radiolink.o
    0x08006b08   0x08006b08   0x00000006   Code   RO          776    i.ratioToCCRx       motors.o
    0x08006b0e   0x08006b0e   0x00000002   PAD
    0x08006b10   0x08006b10   0x000000c8   Code   RO         2920    i.remoterCtrlProcess  remoter_ctrl.o
    0x08006bd8   0x08006bd8   0x000000ac   Code   RO         2808    i.rotateYawCarefree  commander.o
    0x08006c84   0x08006c84   0x00000114   Code   RO         2101    i.runLedseq         ledseq.o
    0x08006d98   0x08006d98   0x00000018   Code   RO         2193    i.sensor_data_Read  com_queue.o
    0x08006db0   0x08006db0   0x00000018   Code   RO         2194    i.sensor_data_Write  com_queue.o
    0x08006dc8   0x08006dc8   0x0000002e   Code   RO         3252    i.sensorsAddBiasValue  sensors.o
    0x08006df6   0x08006df6   0x0000000c   Code   RO         3253    i.sensorsBiasObjInit  sensors.o
    0x08006e02   0x08006e02   0x00000002   PAD
    0x08006e04   0x08006e04   0x000001c8   Code   RO         3254    i.sensorsCalculateVarianceAndMean  sensors.o
    0x08006fcc   0x08006fcc   0x000000dc   Code   RO         3255    i.sensorsDeviceInit  sensors.o
    0x080070a8   0x080070a8   0x00000080   Code   RO         3256    i.sensorsFindBiasValue  sensors.o
    0x08007128   0x08007128   0x00000044   Code   RO         3257    i.sensorsInit       sensors.o
    0x0800716c   0x0800716c   0x000000ec   Code   RO         3258    i.sensorsInterruptInit  sensors.o
    0x08007258   0x08007258   0x000000ac   Code   RO         3259    i.sensorsSetupSlaveRead  sensors.o
    0x08007304   0x08007304   0x00000070   Code   RO         3260    i.sensorsTask       sensors.o
    0x08007374   0x08007374   0x00000014   Code   RO         2809    i.setCommanderCtrlMode  commander.o
    0x08007388   0x08007388   0x00000014   Code   RO         2811    i.setCommanderFlightmode  commander.o
    0x0800739c   0x0800739c   0x00000038   Code   RO         2812    i.setCommanderKeyFlight  commander.o
    0x080073d4   0x080073d4   0x00000014   Code   RO         2813    i.setCommanderKeyland  commander.o
    0x080073e8   0x080073e8   0x00000054   Code   RO         2578    i.setFastAdjustPosParam  stabilizer.o
    0x0800743c   0x0800743c   0x0000001c   Code   RO         2456    i.setMotorPWM       power_control.o
    0x08007458   0x08007458   0x0000003e   Code   RO         3775    i.sqrtf             m_wm.l(sqrtf.o)
    0x08007496   0x08007496   0x00000048   Code   RO         2579    i.stabilizerDataprocess  stabilizer.o
    0x080074de   0x080074de   0x00000002   PAD
    0x080074e0   0x080074e0   0x00000020   Code   RO         2580    i.stabilizerInit    stabilizer.o
    0x08007500   0x08007500   0x000000e0   Code   RO         2581    i.stabilizerTask    stabilizer.o
    0x080075e0   0x080075e0   0x00000088   Code   RO            4    i.startTask         main.o
    0x08007668   0x08007668   0x000001c8   Code   RO         2671    i.stateControl      state_control.o
    0x08007830   0x08007830   0x00000024   Code   RO         2672    i.stateControlInit  state_control.o
    0x08007854   0x08007854   0x00000018   Code   RO         2945    i.storeAssertSnapshotData  debug_assert.o
    0x0800786c   0x0800786c   0x0000004a   Code   RO          953    i.systemInit        system.o
    0x080078b6   0x080078b6   0x00000004   Code   RO          954    i.systemTest        system.o
    0x080078ba   0x080078ba   0x00000002   PAD
    0x080078bc   0x080078bc   0x00000028   Code   RO          882    i.uartslkGetDataWithTimout  uart_syslink.o
    0x080078e4   0x080078e4   0x00000294   Code   RO          883    i.uartslkInit       uart_syslink.o
    0x08007b78   0x08007b78   0x000000b8   Code   RO          884    i.uartslkIsr        uart_syslink.o
    0x08007c30   0x08007c30   0x00000048   Code   RO         2102    i.updateActive      ledseq.o
    0x08007c78   0x08007c78   0x00000028   Code   RO         1175    i.uxListRemove      list.o
    0x08007ca0   0x08007ca0   0x00000024   Code   RO            5    i.vApplicationIdleHook  main.o
    0x08007cc4   0x08007cc4   0x00000040   Code   RO         2985    i.vApplicationMallocFailedHook  freertosdebug.o
    0x08007d04   0x08007d04   0x0000001a   Code   RO         1176    i.vListInitialise   list.o
    0x08007d1e   0x08007d1e   0x00000006   Code   RO         1177    i.vListInitialiseItem  list.o
    0x08007d24   0x08007d24   0x00000034   Code   RO         1178    i.vListInsert       list.o
    0x08007d58   0x08007d58   0x00000018   Code   RO         1179    i.vListInsertEnd    list.o
    0x08007d70   0x08007d70   0x00000024   Code   RO         1976    i.vPortEnterCritical  port.o
    0x08007d94   0x08007d94   0x00000020   Code   RO         1977    i.vPortExitCritical  port.o
    0x08007db4   0x08007db4   0x00000048   Code   RO         2046    i.vPortFree         heap_4.o
    0x08007dfc   0x08007dfc   0x00000014   Code   RO         1978    i.vPortSetupTimerInterrupt  port.o
    0x08007e10   0x08007e10   0x0000002c   Code   RO         1238    i.vQueueAddToRegistry  queue.o
    0x08007e3c   0x08007e3c   0x0000004a   Code   RO         1242    i.vQueueWaitForMessageRestricted  queue.o
    0x08007e86   0x08007e86   0x00000002   PAD
    0x08007e88   0x08007e88   0x00000034   Code   RO         1491    i.vTaskDelay        tasks.o
    0x08007ebc   0x08007ebc   0x00000074   Code   RO         1492    i.vTaskDelayUntil   tasks.o
    0x08007f30   0x08007f30   0x000000cc   Code   RO         1493    i.vTaskDelete       tasks.o
    0x08007ffc   0x08007ffc   0x0000000c   Code   RO         1497    i.vTaskMissedYield  tasks.o
    0x08008008   0x08008008   0x00000020   Code   RO         1499    i.vTaskPlaceOnEventList  tasks.o
    0x08008028   0x08008028   0x00000028   Code   RO         1500    i.vTaskPlaceOnEventListRestricted  tasks.o
    0x08008050   0x08008050   0x000000b0   Code   RO         1502    i.vTaskPriorityInherit  tasks.o
    0x08008100   0x08008100   0x00000018   Code   RO         1507    i.vTaskSetTimeOutState  tasks.o
    0x08008118   0x08008118   0x00000070   Code   RO         1508    i.vTaskStartScheduler  tasks.o
    0x08008188   0x08008188   0x00000010   Code   RO         1510    i.vTaskSuspendAll   tasks.o
    0x08008198   0x08008198   0x00000060   Code   RO         1511    i.vTaskSwitchContext  tasks.o
    0x080081f8   0x080081f8   0x000001c0   Code   RO         2399    i.velocityController  position_pid.o
    0x080083b8   0x080083b8   0x00000058   Code   RO          981    i.watchdogInit      watchdog.o
    0x08008410   0x08008410   0x00000010   Code   RO          982    i.watchdogReset     watchdog.o
    0x08008420   0x08008420   0x00000048   Code   RO         1979    i.xPortStartScheduler  port.o
    0x08008468   0x08008468   0x00000034   Code   RO         1980    i.xPortSysTickHandler  port.o
    0x0800849c   0x0800849c   0x00000022   Code   RO         1245    i.xQueueCreateMutex  queue.o
    0x080084be   0x080084be   0x00000038   Code   RO         1247    i.xQueueGenericCreate  queue.o
    0x080084f6   0x080084f6   0x00000002   PAD
    0x080084f8   0x080084f8   0x0000015c   Code   RO         1248    i.xQueueGenericReceive  queue.o
    0x08008654   0x08008654   0x00000080   Code   RO         1249    i.xQueueGenericReset  queue.o
    0x080086d4   0x080086d4   0x00000138   Code   RO         1250    i.xQueueGenericSend  queue.o
    0x0800880c   0x0800880c   0x0000009c   Code   RO         1251    i.xQueueGenericSendFromISR  queue.o
    0x080088a8   0x080088a8   0x0000008e   Code   RO         1252    i.xQueueGiveFromISR  queue.o
    0x08008936   0x08008936   0x00000002   PAD
    0x08008938   0x08008938   0x0000005c   Code   RO         1513    i.xTaskCheckForTimeOut  tasks.o
    0x08008994   0x08008994   0x00000060   Code   RO         1514    i.xTaskCreate       tasks.o
    0x080089f4   0x080089f4   0x00000020   Code   RO         1519    i.xTaskGetSchedulerState  tasks.o
    0x08008a14   0x08008a14   0x0000000c   Code   RO         1520    i.xTaskGetTickCount  tasks.o
    0x08008a20   0x08008a20   0x0000011c   Code   RO         1522    i.xTaskIncrementTick  tasks.o
    0x08008b3c   0x08008b3c   0x00000084   Code   RO         1525    i.xTaskPriorityDisinherit  tasks.o
    0x08008bc0   0x08008bc0   0x00000080   Code   RO         1526    i.xTaskRemoveFromEventList  tasks.o
    0x08008c40   0x08008c40   0x000000e8   Code   RO         1528    i.xTaskResumeAll    tasks.o
    0x08008d28   0x08008d28   0x00000030   Code   RO         1866    i.xTimerCreate      timers.o
    0x08008d58   0x08008d58   0x0000003c   Code   RO         1867    i.xTimerCreateTimerTask  timers.o
    0x08008d94   0x08008d94   0x0000006c   Code   RO         1868    i.xTimerGenericCommand  timers.o
    0x08008e00   0x08008e00   0x00000062   Code   RO         3683    x$fpl$d2f           fz_wm.l(d2f.o)
    0x08008e62   0x08008e62   0x00000018   Code   RO         3817    x$fpl$dcmpinf       fz_wm.l(dcmpi.o)
    0x08008e7a   0x08008e7a   0x00000002   PAD
    0x08008e7c   0x08008e7c   0x0000005a   Code   RO         3685    x$fpl$dfixu         fz_wm.l(dfixu.o)
    0x08008ed6   0x08008ed6   0x0000002e   Code   RO         3690    x$fpl$dflt          fz_wm.l(dflt_clz.o)
    0x08008f04   0x08008f04   0x00000026   Code   RO         3689    x$fpl$dfltu         fz_wm.l(dflt_clz.o)
    0x08008f2a   0x08008f2a   0x00000002   PAD
    0x08008f2c   0x08008f2c   0x00000078   Code   RO         3695    x$fpl$dleqf         fz_wm.l(dleqf.o)
    0x08008fa4   0x08008fa4   0x00000154   Code   RO         3697    x$fpl$dmul          fz_wm.l(dmul.o)
    0x080090f8   0x080090f8   0x0000009c   Code   RO         3819    x$fpl$dnaninf       fz_wm.l(dnaninf.o)
    0x08009194   0x08009194   0x0000000c   Code   RO         3821    x$fpl$dretinf       fz_wm.l(dretinf.o)
    0x080091a0   0x080091a0   0x0000006c   Code   RO         3699    x$fpl$drleqf        fz_wm.l(drleqf.o)
    0x0800920c   0x0800920c   0x00000056   Code   RO         3701    x$fpl$f2d           fz_wm.l(f2d.o)
    0x08009262   0x08009262   0x00000060   Code   RO         3703    x$fpl$ffltll        fz_wm.l(ffltll_clz.o)
    0x080092c2   0x080092c2   0x0000008c   Code   RO         3823    x$fpl$fnaninf       fz_wm.l(fnaninf.o)
    0x0800934e   0x0800934e   0x0000000a   Code   RO         3960    x$fpl$fpinit        fz_wm.l(fpinit.o)
    0x08009358   0x08009358   0x0000000a   Code   RO         3825    x$fpl$fretinf       fz_wm.l(fretinf.o)
    0x08009362   0x08009362   0x00000000   Code   RO         3829    x$fpl$usenofp       fz_wm.l(usenofp.o)
    0x08009362   0x08009362   0x00000002   PAD
    0x08009364   0x08009364   0x00000038   Data   RO          647    .constdata          i2c_drv.o
    0x0800939c   0x0800939c   0x00000080   Data   RO         2104    .constdata          ledseq.o
    0x0800941c   0x0800941c   0x00000140   Data   RO         3750    .constdata          m_wm.l(powf.o)
    0x0800955c   0x0800955c   0x00000020   Data   RO         3847    .constdata          m_wm.l(rredf.o)
    0x0800957c   0x0800957c   0x00000001   Data   RO         2946    .conststrlit        debug_assert.o
    0x0800957d   0x0800957d   0x00000003   PAD
    0x08009580   0x08009580   0x00000020   Data   RO         4020    Region$$Table       anon$$obj.o


    Execution Region RW_IRAM1 (Exec base: 0x20000000, Load base: 0x080095a0, Size: 0x0000ed18, Max: 0x00020000, ABSOLUTE, COMPRESSED[0x000000b8])

    Exec Addr    Load Addr    Size         Type   Attr      Idx    E Section Name        Object

    0x20000000   COMPRESSED   0x00000014   Data   RW            7    .data               main.o
    0x20000014   COMPRESSED   0x00000006   Data   RW          239    .data               delay.o
    0x2000001a   COMPRESSED   0x00000002   PAD
    0x2000001c   COMPRESSED   0x00000006   Data   RW          310    .data               usart.o
    0x20000022   COMPRESSED   0x00000002   PAD
    0x20000024   COMPRESSED   0x0000009c   Data   RW          352    .data               config_param.o
    0x200000c0   COMPRESSED   0x00000001   Data   RW          398    .data               exti.o
    0x200000c1   COMPRESSED   0x00000003   PAD
    0x200000c4   COMPRESSED   0x00000028   Data   RW          648    .data               i2c_drv.o
    0x200000ec   COMPRESSED   0x00000040   Data   RW          727    .data               led.o
    0x2000012c   COMPRESSED   0x00000001   Data   RW          779    .data               motors.o
    0x2000012d   COMPRESSED   0x00000003   PAD
    0x20000130   COMPRESSED   0x00000004   Data   RW          826    .data               nvic.o
    0x20000134   COMPRESSED   0x00000016   Data   RW          889    .data               uart_syslink.o
    0x2000014a   COMPRESSED   0x00000002   PAD
    0x2000014c   COMPRESSED   0x0000003c   Data   RW         1531    .data               tasks.o
    0x20000188   COMPRESSED   0x00000014   Data   RW         1874    .data               timers.o
    0x2000019c   COMPRESSED   0x00000004   Data   RW         1981    .data               port.o
    0x200001a0   COMPRESSED   0x00000018   Data   RW         2051    .data               heap_4.o
    0x200001b8   COMPRESSED   0x00000020   Data   RW         2105    .data               ledseq.o
    0x200001d8   COMPRESSED   0x00000001   Data   RW         2169    .data               radiolink.o
    0x200001d9   COMPRESSED   0x00000003   PAD
    0x200001dc   COMPRESSED   0x00000008   Data   RW         2197    .data               com_queue.o
    0x200001e4   COMPRESSED   0x00000005   Data   RW         2233    .data               communicate.o
    0x200001e9   COMPRESSED   0x00000003   PAD
    0x200001ec   COMPRESSED   0x0000000e   Data   RW         2261    .data               anomal_detec.o
    0x200001fa   COMPRESSED   0x00000002   PAD
    0x200001fc   COMPRESSED   0x0000000e   Data   RW         2401    .data               position_pid.o
    0x2000020a   COMPRESSED   0x00000002   PAD
    0x2000020c   COMPRESSED   0x00000009   Data   RW         2458    .data               power_control.o
    0x20000215   COMPRESSED   0x00000003   PAD
    0x20000218   COMPRESSED   0x0000004c   Data   RW         2520    .data               sensfusion6.o
    0x20000264   COMPRESSED   0x00000020   Data   RW         2584    .data               stabilizer.o
    0x20000284   COMPRESSED   0x00000012   Data   RW         2674    .data               state_control.o
    0x20000296   COMPRESSED   0x00000002   PAD
    0x20000298   COMPRESSED   0x00000054   Data   RW         2750    .data               state_estimator.o
    0x200002ec   COMPRESSED   0x00000034   Data   RW         2815    .data               commander.o
    0x20000320   COMPRESSED   0x00000028   Data   RW         3262    .data               sensors.o
    0x20000348   COMPRESSED   0x0000000a   Data   RW         3365    .data               bmp280.o
    0x20000352   COMPRESSED   0x00000002   PAD
    0x20000354   COMPRESSED   0x00000009   Data   RW         3470    .data               mpu6500.o
    0x2000035d   COMPRESSED   0x00000003   PAD
    0x20000360   COMPRESSED   0x0000000c   Data   RW         2947    .nzds               debug_assert.o
    0x2000036c        -       0x00000010   Zero   RW          777    .bss                motors.o
    0x2000037c        -       0x00000050   Zero   RW         1262    .bss                queue.o
    0x200003cc        -       0x0000012c   Zero   RW         1530    .bss                tasks.o
    0x200004f8        -       0x00000028   Zero   RW         1873    .bss                timers.o
    0x20000520        -       0x00007800   Zero   RW         2050    .bss                heap_4.o
    0x20007d20        -       0x000000a0   Zero   RW         2103    .bss                ledseq.o
    0x20007dc0        -       0x00000020   Zero   RW         2168    .bss                radiolink.o
    0x20007de0        -       0x00000168   Zero   RW         2400    .bss                position_pid.o
    0x20007f48        -       0x00000020   Zero   RW         2457    .bss                power_control.o
    0x20007f68        -       0x00000030   Zero   RW         2519    .bss                sensfusion6.o
    0x20007f98        -       0x00001a04   Zero   RW         2583    .bss                stabilizer.o
    0x2000999c        -       0x00001a94   Zero   RW         2673    .bss                state_control.o
    0x2000b430        -       0x0000000c   Zero   RW         2749    .bss                state_estimator.o
    0x2000b43c        -       0x00000032   Zero   RW         2814    .bss                commander.o
    0x2000b46e   COMPRESSED   0x00000002   PAD
    0x2000b470        -       0x0000191f   Zero   RW         2921    .bss                remoter_ctrl.o
    0x2000cd8f   COMPRESSED   0x00000001   PAD
    0x2000cd90        -       0x00001909   Zero   RW         3261    .bss                sensors.o
    0x2000e699   COMPRESSED   0x00000003   PAD
    0x2000e69c        -       0x0000001c   Zero   RW         3364    .bss                bmp280.o
    0x2000e6b8        -       0x00000060   Zero   RW         3880    .bss                c_w.l(libspace.o)
    0x2000e718        -       0x00000200   Zero   RW         1012    HEAP                startup_stm32f411xe.o
    0x2000e918        -       0x00000400   Zero   RW         1011    STACK               startup_stm32f411xe.o


==============================================================================

Image component sizes


      Code (inc. data)   RO Data    RW Data    ZI Data      Debug   Object Name

       560         36          0         14          0       6254   anomal_detec.o
       732         48          0         10         28       3856   bmp280.o
        92         18          0          8          0       2224   com_queue.o
      1708        200          0         52         50       9908   commander.o
       168         78          0          5          0       2183   communicate.o
         0          0          0        156          0       1142   config_param.o
       110         10          1         12          0       4534   debug_assert.o
       168         12          0          6          0       1948   delay.o
       530         56          0          1          0     208431   exti.o
       374         14          0          0          0       7313   filter.o
        64         20          0          0          0        651   freertosdebug.o
       520         64          0         24      30720       3935   heap_4.o
      1654         36         56         40          0       9325   i2c_drv.o
       350          0          0          0          0       7691   i2cdev.o
       390         24          0         64          0       3039   led.o
       672         88        128         32        160       4975   ledseq.o
       148          0          0          0          0       4670   list.o
       228         76          0         20          0     229745   main.o
       126          4          0          0          0       1270   maths.o
      1014         60          0          1         16       2889   motors.o
       976        230          0          9          0      16082   mpu6500.o
       454        114          0          4          0       4494   nvic.o
       416         16          0          0          0       3871   pid.o
       460         58          0          4          0       9556   port.o
      1600        186          0         14        360       5281   position_pid.o
       530         20          0          9         32       4221   power_control.o
      1818         22          0          0         80      23265   queue.o
       308         50          0          1         32       2690   radiolink.o
       200         10          0          0       6431       1721   remoter_ctrl.o
      2168        148          0         76         48       6503   sensfusion6.o
      2386        206          0         40       6409      39640   sensors.o
       636        102          0         32       6660       5606   stabilizer.o
        64         26        408          0       1536        828   startup_stm32f411xe.o
      2124        220          0         18       6804       8109   state_control.o
      1288        106          0         84         12       4530   state_estimator.o
        78          0          0          0          0       1009   system.o
       336         32          0          0          0       1497   system_stm32f4xx.o
      2688        400          0         60        300      29937   tasks.o
      1092        114          0         20         40      10878   timers.o
       914        132          0         22          0      30901   uart_syslink.o
         6          0          0          6          0       2904   usart.o
       104         20          0          0          0       1059   watchdog.o

    ----------------------------------------------------------------------
     30306       3056        628        876      59724     730565   Object Totals
         0          0         32          0          0          0   (incl. Generated)
        52          0          3         32          6          0   (incl. Padding)

    ----------------------------------------------------------------------

      Code (inc. data)   RO Data    RW Data    ZI Data      Debug   Library Member Name

        90          0          0          0          0          0   __dczerorl2.o
         8          0          0          0          0         68   __main.o
       104          0          0          0          0         84   __printf.o
         0          0          0          0          0          0   __rtentry.o
        12          0          0          0          0          0   __rtentry2.o
         6          0          0          0          0          0   __rtentry4.o
        52          8          0          0          0          0   __scatter.o
        28          0          0          0          0          0   __scatter_zi.o
        48          6          0          0          0         96   _printf_char_common.o
        36          4          0          0          0         80   _printf_char_file.o
         0          0          0          0          0          0   _printf_percent.o
         4          0          0          0          0          0   _printf_percent_end.o
        22          0          0          0          0        100   _rserrno.o
        16          0          0          0          0         68   aeabi_memset.o
        18          0          0          0          0         80   exit.o
         8          0          0          0          0         68   ferror.o
         6          0          0          0          0        152   heapauxi.o
         2          0          0          0          0          0   libinit.o
         6          0          0          0          0          0   libinit2.o
         2          0          0          0          0          0   libshutdown.o
         2          0          0          0          0          0   libshutdown2.o
         8          4          0          0         96         68   libspace.o
        72          0          0          0          0         76   llsdiv.o
       238          0          0          0          0        100   lludivv7m.o
        24          4          0          0          0         84   noretval__2printf.o
         8          4          0          0          0         68   rt_errno_addr_intlibspace.o
        68          0          0          0          0         68   rt_memclr.o
        78          0          0          0          0         80   rt_memclr_w.o
       138          0          0          0          0         68   rt_memcpy_v6.o
       100          0          0          0          0         80   rt_memcpy_w.o
         2          0          0          0          0          0   rtexit.o
        10          0          0          0          0          0   rtexit2.o
        74          0          0          0          0         80   sys_stackheap_outer.o
         2          0          0          0          0         68   use_no_semi.o
         2          0          0          0          0         68   use_no_semi_2.o
        98          4          0          0          0        140   d2f.o
        24          0          0          0          0        116   dcmpi.o
        90          4          0          0          0        140   dfixu.o
        84          0          0          0          0        232   dflt_clz.o
       120          4          0          0          0        140   dleqf.o
       340         12          0          0          0        152   dmul.o
       156          4          0          0          0        140   dnaninf.o
        12          0          0          0          0        116   dretinf.o
       108          0          0          0          0        128   drleqf.o
        86          4          0          0          0        132   f2d.o
        96          0          0          0          0        132   ffltll_clz.o
       140          4          0          0          0        132   fnaninf.o
        10          0          0          0          0        116   fpinit.o
        10          0          0          0          0        116   fretinf.o
         0          0          0          0          0          0   usenofp.o
       300         42          0          0          0        176   asinf.o
       684         90          0          0          0        208   atan2f.o
       336         56          0          0          0        136   cosf.o
        20          0          0          0          0        124   fabs.o
        38          0          0          0          0        116   fpclassifyf.o
        80         24          0          0          0        696   funder.o
      1636        110        320          0          0        372   powf.o
       340         24         32          0          0        160   rredf.o
       400         56          0          0          0        212   sinf.o
       120          0          0          0          0        272   sqrtf.o
       380         58          0          0          0        200   tanf.o

    ----------------------------------------------------------------------
      7018        526        352          0         96       6308   Library Totals
        16          0          0          0          0          0   (incl. Padding)

    ----------------------------------------------------------------------

      Code (inc. data)   RO Data    RW Data    ZI Data      Debug   Library Name

      1294         30          0          0         96       1704   c_w.l
      1374         36          0          0          0       1932   fz_wm.l
      4334        460        352          0          0       2672   m_wm.l

    ----------------------------------------------------------------------
      7018        526        352          0         96       6308   Library Totals

    ----------------------------------------------------------------------

==============================================================================


      Code (inc. data)   RO Data    RW Data    ZI Data      Debug   

     37324       3582        980        876      59820     706389   Grand Totals
     37324       3582        980        184      59820     706389   ELF Image Totals (compressed)
     37324       3582        980        184          0          0   ROM Totals

==============================================================================

    Total RO  Size (Code + RO Data)                38304 (  37.41kB)
    Total RW  Size (RW Data + ZI Data)             60696 (  59.27kB)
    Total ROM Size (Code + RO Data + RW Data)      38488 (  37.59kB)

==============================================================================

