<html>
<body>
<pre>
<h1>礦ision Build Log</h1>
<h2>Tool Versions:</h2>
IDE-Version: μVision V5.37.0.0
Copyright (C) 2022 ARM Ltd and ARM Germany GmbH. All rights reserved.
License Information: zhao zhao18763679957@outlook.com, shandong university, LIC=585FJ-UBMPU-Y87FK-Z4W6N-ECBLB-V5JEJ
 
Tool Versions:
Toolchain:       MDK-ARM Plus  Version: 5.37.0.0
Toolchain Path:  D:\Keil_v5\ARM\ARMCC\Bin
C Compiler:      Armcc.exe V5.06 update 5 (build 528)
Assembler:       Armasm.exe V5.06 update 5 (build 528)
Linker/Locator:  ArmLink.exe V5.06 update 5 (build 528)
Library Manager: ArmAr.exe V5.06 update 5 (build 528)
Hex Converter:   FromElf.exe V5.06 update 5 (build 528)
CPU DLL:         SARMCM3.DLL V5.37.0.0
Dialog DLL:      DCM.DLL V1.17.5.0
Target DLL:      CMSIS_AGDI.dll V1.33.12.0
Dialog DLL:      TCM.DLL V1.56.1.0
 
<h2>Project:</h2>
C:\Users\zhao1\Desktop\Code_Library\f411\Firmware_F411 V1.4\USER\Firmware_F411.uvprojx
Project File Date:  04/10/2025

<h2>Output:</h2>
*** Using Compiler 'V5.06 update 5 (build 528)', folder: 'D:\Keil_v5\ARM\ARMCC\Bin'
Rebuild target 'Firmware'
compiling system_stm32f4xx.c...
compiling sys.c...
compiling usart.c...
compiling config_param.c...
compiling delay.c...
compiling i2cdev.c...
compiling exti.c...
compiling bmp280.c...
compiling ak8963.c...
compiling module_detect.c...
compiling main.c...
compiling led.c...
compiling motors.c...
compiling nvic.c...
compiling i2c_drv.c...
compiling stmflash.c...
compiling watchdog.c...
compiling uart1.c...
compiling uart_syslink.c...
compiling ws2812.c...
assembling startup_stm32f411xe.s...
compiling system.c...
..\HARDWARE\src\system.c(35): warning:  #223-D: function "communicateInit" declared implicitly
  	communicateInit();	/*和stablilizer通信的初始化*/
..\HARDWARE\src\system.c: 1 warning, 0 errors
compiling mpu6500.c...
compiling spi.c...
compiling misc.c...
compiling spl06.c...
compiling stm32f4xx_adc.c...
compiling stm32f4xx_dbgmcu.c...
compiling stm32f4xx_exti.c...
compiling stm32f4xx_dma.c...
compiling stm32f4xx_gpio.c...
compiling stm32f4xx_flash.c...
compiling stm32f4xx_iwdg.c...
compiling stm32f4xx_i2c.c...
compiling stm32f4xx_rcc.c...
compiling stm32f4xx_spi.c...
compiling stm32f4xx_syscfg.c...
compiling stm32f4xx_usart.c...
compiling stm32f4xx_tim.c...
compiling arm_const_structs.c...
compiling arm_mat_trans_f32.c...
compiling arm_cos_f32.c...
compiling arm_mat_mult_f32.c...
compiling arm_mean_f32.c...
compiling arm_common_tables.c...
compiling arm_sin_f32.c...
compiling list.c...
compiling timers.c...
compiling queue.c...
compiling port.c...
compiling heap_4.c...
compiling comm.c...
compiling tasks.c...
compiling ledseq.c...
compiling commander.c...
..\COMMUNICATE\src\commander.c(198): warning:  #550-D: variable "isAdjustingPosXY"  was set but never used
  static bool isAdjustingPosXY = true;/*调整XY位置*/
..\COMMUNICATE\src\commander.c(200): warning:  #550-D: variable "errorPosX"  was set but never used
  static float errorPosX = 0.f;		/*X位移误差*/
..\COMMUNICATE\src\commander.c(201): warning:  #550-D: variable "errorPosY"  was set but never used
  static float errorPosY = 0.f;		/*Y位移误差*/
..\COMMUNICATE\src\commander.c: 3 warnings, 0 errors
compiling atkp.c...
..\COMMUNICATE\interface\communicate.h(21): warning:  #1-D: last line of file ends without a newline
  #endif // COMMUNICATE_WITH_STABILIZER_H
..\COMMUNICATE\src\atkp.c(370): warning:  #223-D: function "getSensorRawData" declared implicitly
  		getSensorRawData(&acc, &gyro, &mag);
..\COMMUNICATE\src\atkp.c(261): warning:  #177-D: function "sendPid"  was declared but never referenced
  static void sendPid(u8 group,float p1_p,float p1_i,float p1_d,float p2_p,float p2_i,float p2_d,float p3_p,float p3_i,float p3_d)
..\COMMUNICATE\src\atkp.c(301): warning:  #177-D: function "sendCheck"  was declared but never referenced
  static void sendCheck(u8 head, u8 check_sum)
..\COMMUNICATE\src\atkp.c(411): warning:  #177-D: function "atkpCheckSum"  was declared but never referenced
  static u8 atkpCheckSum(atkp_t *packet)
..\COMMUNICATE\src\atkp.c: 5 warnings, 0 errors
compiling console.c...
compiling radiolink.c...
..\COMMUNICATE\interface\communicate.h(21): warning:  #1-D: last line of file ends without a newline
  #endif // COMMUNICATE_WITH_STABILIZER_H
..\COMMUNICATE\src\radiolink.c(41): warning:  #177-D: variable "txPacket"  was declared but never referenced
  static atkp_t txPacket;
..\COMMUNICATE\src\radiolink.c(162): warning:  #177-D: function "atkpPacketDispatch"  was declared but never referenced
  static void atkpPacketDispatch(atkp_t *rxPacket)
..\COMMUNICATE\src\radiolink.c(135): warning:  #177-D: function "uartSendPacket"  was declared but never referenced
  static void uartSendPacket(atkp_t *p)
..\COMMUNICATE\src\radiolink.c: 4 warnings, 0 errors
compiling com_queue.c...
compiling communicate.c...
..\COMMUNICATE\interface\communicate.h(21): warning:  #1-D: last line of file ends without a newline
  #endif // COMMUNICATE_WITH_STABILIZER_H
..\COMMUNICATE\src\communicate.c: 1 warning, 0 errors
compiling pm.c...
compiling anomal_detec.c...
compiling remoter_ctrl.c...
compiling pid.c...
compiling flip.c...
compiling attitude_pid.c...
compiling position_pid.c...
compiling power_control.c...
compiling sensfusion6.c...
compiling freeRTOSdebug.c...
compiling debug_assert.c...
compiling filter.c...
compiling state_estimator.c...
compiling stabilizer.c...
..\COMMUNICATE\interface\communicate.h(21): warning:  #1-D: last line of file ends without a newline
  #endif // COMMUNICATE_WITH_STABILIZER_H
..\FLIGHT\src\stabilizer.c: 1 warning, 0 errors
compiling state_control.c...
compiling filter2.c...
compiling sensors.c...
..\FLIGHT\src\sensors.c(6): warning:  #550-D: variable "isMPUPresent"  was set but never used
  static bool isMPUPresent=false;
..\FLIGHT\src\sensors.c: 1 warning, 0 errors
compiling maths.c...
linking...
Program Size: Code=49528 RO-data=1196 RW-data=1396 ZI-data=60348  
FromELF: creating hex file...
"..\OBJ\Firmware_F411.axf" - 0 Error(s), 16 Warning(s).

<h2>Software Packages used:</h2>

Package Vendor: Keil
                https://www.keil.com/pack/Keil.STM32F4xx_DFP.3.0.0.pack
                Keil.STM32F4xx_DFP.3.0.0
                STMicroelectronics STM32F4 Series Device Support

<h2>Collection of Component include folders:</h2>

<h2>Collection of Component Files used:</h2>
Build Time Elapsed:  00:00:10
</pre>
</body>
</html>
