<html>
<body>
<pre>
<h1>µVision Build Log</h1>
<h2>Tool Versions:</h2>
IDE-Version: ¦ÌVision V5.37.0.0
Copyright (C) 2022 ARM Ltd and ARM Germany GmbH. All rights reserved.
License Information: ¸¶ ÏèÓî, ·ë±ò¡¢ÕÔÐ½Óî, LIC=14HV2-91QKU-SB1EJ-UWLVL-I9FMS-3VGYT
 
Tool Versions:
Toolchain:       MDK-ARM Plus  Version: 5.37.0.0
Toolchain Path:  C:\Keil_v5\ARM\ARM_Compiler5.06\Bin
C Compiler:      Armcc.exe V5.06 update 7 (build 960)
Assembler:       Armasm.exe V5.06 update 7 (build 960)
Linker/Locator:  ArmLink.exe V5.06 update 7 (build 960)
Library Manager: ArmAr.exe V5.06 update 7 (build 960)
Hex Converter:   FromElf.exe V5.06 update 7 (build 960)
CPU DLL:         SARMCM3.DLL V5.37.0.0
Dialog DLL:      DCM.DLL V1.17.5.0
Target DLL:      CMSIS_AGDI.dll V1.33.12.0
Dialog DLL:      TCM.DLL V1.56.1.0
 
<h2>Project:</h2>
C:\Users\admin\Desktop\f411\Firmware_F411\USER\Firmware_F411.uvprojx
Project File Date:  04/24/2025

<h2>Output:</h2>
*** Using Compiler 'V5.06 update 7 (build 960)', folder: 'C:\Keil_v5\ARM\ARM_Compiler5.06\Bin'
Build target 'Firmware'
compiling main.c...
compiling system.c...
compiling anomal_detec.c...
compiling stabilizer.c...
compiling state_estimator.c...
compiling commander.c...
..\FLIGHT\src\commander.c(31): warning:  #550-D: variable "yawMode"  was set but never used
  static YawModeType yawMode = XMODE;	/* Ä¬ÈÏÎªX·ÉÐÐÄ£Ê½ */
..\FLIGHT\src\commander.c: 1 warning, 0 errors
compiling remoter_ctrl.c...
compiling state_control.c...
..\FLIGHT\src\state_control.c(380): warning:  #1-D: last line of file ends without a newline
  }
..\FLIGHT\src\state_control.c: 1 warning, 0 errors
linking...
Program Size: Code=37324 RO-data=980 RW-data=864 ZI-data=59824  
FromELF: creating hex file...
"..\OBJ\Firmware_F411.axf" - 0 Error(s), 2 Warning(s).

<h2>Software Packages used:</h2>

Package Vendor: Keil
                https://www.keil.com/pack/Keil.STM32F4xx_DFP.3.0.0.pack
                Keil.STM32F4xx_DFP.3.0.0
                STMicroelectronics STM32F4 Series Device Support

<h2>Collection of Component include folders:</h2>

<h2>Collection of Component Files used:</h2>
Build Time Elapsed:  00:00:04
</pre>
</body>
</html>
