<html>
<body>
<pre>
<h1>礦ision Build Log</h1>
<h2>Tool Versions:</h2>
IDE-Version: μVision V5.37.0.0
Copyright (C) 2022 ARM Ltd and ARM Germany GmbH. All rights reserved.
License Information: feng 8618263261027, sdu, LIC=NQQMA-11CFK-SBTEJ-UCZ6Z-2NW0B-L9AED
 
Tool Versions:
Toolchain:       MDK-ARM Plus  Version: 5.37.0.0
Toolchain Path:  C:\Keil_v5\ARM\ARM_Compiler_5\Bin
C Compiler:      Armcc.exe V5.06 update 7 (build 960)
Assembler:       Armasm.exe V5.06 update 7 (build 960)
Linker/Locator:  ArmLink.exe V5.06 update 7 (build 960)
Library Manager: ArmAr.exe V5.06 update 7 (build 960)
Hex Converter:   FromElf.exe V5.06 update 7 (build 960)
CPU DLL:         SARMCM3.DLL V5.37.0.0
Dialog DLL:      DCM.DLL V1.17.5.0
Target DLL:      CMSIS_AGDI.dll V1.33.12.0
Dialog DLL:      TCM.DLL V1.56.1.0
 
<h2>Project:</h2>
C:\Users\86182\Desktop\Code_Library\f411\Firmware_F411\USER\Firmware_F411.uvprojx
Project File Date:  04/27/2025

<h2>Output:</h2>
*** Using Compiler 'V5.06 update 7 (build 960)', folder: 'C:\Keil_v5\ARM\ARM_Compiler_5\Bin'
Rebuild target 'Firmware'
compiling system_stm32f4xx.c...
compiling delay.c...
compiling main.c...
compiling config_param.c...
compiling sys.c...
compiling exti.c...
assembling startup_stm32f411xe.s...
compiling led.c...
compiling usart.c...
compiling nvic.c...
compiling system.c...
compiling list.c...
compiling uart_syslink.c...
compiling i2c_drv.c...
..\HARDWARE\src\i2c_drv.c(155): warning:  #61-D: integer operation result is out of range
      NVIC->ISER[I2C1_EV_IRQn >> 5] = (1 << (I2C1_EV_IRQn & 0x1F)); // 使能中断
..\HARDWARE\src\i2c_drv.c(155): warning:  #68-D: integer conversion resulted in a change of sign
      NVIC->ISER[I2C1_EV_IRQn >> 5] = (1 << (I2C1_EV_IRQn & 0x1F)); // 使能中断
..\HARDWARE\src\i2c_drv.c: 2 warnings, 0 errors
compiling arm_const_structs.c...
..\CORE\core_cm4.h(112): warning:  #1215-D: #warning directive: "Compiler generates FPU instructions for a device without an FPU (check __FPU_PRESENT)"
        #warning "Compiler generates FPU instructions for a device without an FPU (check __FPU_PRESENT)"
..\DSP_Lib\arm_const_structs.c: 1 warning, 0 errors
compiling i2cdev.c...
compiling motors.c...
..\HARDWARE\src\motors.c(47): warning:  #61-D: integer operation result is out of range
  	GPIOB->AFR[0] &= ~(0xF << 28);
..\HARDWARE\src\motors.c: 1 warning, 0 errors
compiling arm_mat_trans_f32.c...
..\CORE\core_cm4.h(112): warning:  #1215-D: #warning directive: "Compiler generates FPU instructions for a device without an FPU (check __FPU_PRESENT)"
        #warning "Compiler generates FPU instructions for a device without an FPU (check __FPU_PRESENT)"
..\DSP_Lib\arm_mat_trans_f32.c: 1 warning, 0 errors
compiling watchdog.c...
compiling arm_common_tables.c...
..\CORE\core_cm4.h(112): warning:  #1215-D: #warning directive: "Compiler generates FPU instructions for a device without an FPU (check __FPU_PRESENT)"
        #warning "Compiler generates FPU instructions for a device without an FPU (check __FPU_PRESENT)"
..\DSP_Lib\arm_common_tables.c: 1 warning, 0 errors
compiling arm_mat_mult_f32.c...
..\CORE\core_cm4.h(112): warning:  #1215-D: #warning directive: "Compiler generates FPU instructions for a device without an FPU (check __FPU_PRESENT)"
        #warning "Compiler generates FPU instructions for a device without an FPU (check __FPU_PRESENT)"
..\DSP_Lib\arm_mat_mult_f32.c: 1 warning, 0 errors
compiling arm_cos_f32.c...
..\CORE\core_cm4.h(112): warning:  #1215-D: #warning directive: "Compiler generates FPU instructions for a device without an FPU (check __FPU_PRESENT)"
        #warning "Compiler generates FPU instructions for a device without an FPU (check __FPU_PRESENT)"
..\DSP_Lib\arm_cos_f32.c: 1 warning, 0 errors
compiling timers.c...
compiling communicate.c...
compiling arm_mean_f32.c...
..\CORE\core_cm4.h(112): warning:  #1215-D: #warning directive: "Compiler generates FPU instructions for a device without an FPU (check __FPU_PRESENT)"
        #warning "Compiler generates FPU instructions for a device without an FPU (check __FPU_PRESENT)"
..\DSP_Lib\arm_mean_f32.c: 1 warning, 0 errors
compiling heap_4.c...
compiling queue.c...
compiling tasks.c...
compiling com_queue.c...
compiling maths.c...
compiling arm_sin_f32.c...
..\CORE\core_cm4.h(112): warning:  #1215-D: #warning directive: "Compiler generates FPU instructions for a device without an FPU (check __FPU_PRESENT)"
        #warning "Compiler generates FPU instructions for a device without an FPU (check __FPU_PRESENT)"
..\DSP_Lib\arm_sin_f32.c: 1 warning, 0 errors
compiling filter.c...
compiling port.c...
compiling freeRTOSdebug.c...
compiling radiolink.c...
compiling ledseq.c...
compiling debug_assert.c...
compiling stabilizer.c...
..\FLIGHT\src\stabilizer.c(80): warning:  #550-D: variable "yawMode"  was set but never used
  static YawModeType yawMode = XMODE;	/* 默认为X飞行模式 */
..\FLIGHT\src\stabilizer.c: 1 warning, 0 errors
compiling mpu6500.c...
compiling bmp280.c...
compiling sensors.c...
linking...
Program Size: Code=37148 RO-data=980 RW-data=808 ZI-data=46984  
FromELF: creating hex file...
"..\OBJ\Firmware_F411.axf" - 0 Error(s), 11 Warning(s).

<h2>Software Packages used:</h2>

Package Vendor: Keil
                https://www.keil.com/pack/Keil.STM32F4xx_DFP.3.0.0.pack
                Keil.STM32F4xx_DFP.3.0.0
                STMicroelectronics STM32F4 Series Device Support

<h2>Collection of Component include folders:</h2>

<h2>Collection of Component Files used:</h2>
Build Time Elapsed:  00:00:06
</pre>
</body>
</html>
