<html>
<body>
<pre>
<h1>µVision Build Log</h1>
<h2>Tool Versions:</h2>
IDE-Version: ¦ÌVision V5.37.0.0
Copyright (C) 2022 ARM Ltd and ARM Germany GmbH. All rights reserved.
License Information: feng 8618263261027, sdu, LIC=NQQMA-11CFK-SBTEJ-UCZ6Z-2NW0B-L9AED
 
Tool Versions:
Toolchain:       MDK-ARM Plus  Version: 5.37.0.0
Toolchain Path:  C:\Keil_v5\ARM\ARM_Compiler_5\Bin
C Compiler:      Armcc.exe V5.06 update 7 (build 960)
Assembler:       Armasm.exe V5.06 update 7 (build 960)
Linker/Locator:  ArmLink.exe V5.06 update 7 (build 960)
Library Manager: ArmAr.exe V5.06 update 7 (build 960)
Hex Converter:   FromElf.exe V5.06 update 7 (build 960)
CPU DLL:         SARMCM3.DLL V5.37.0.0
Dialog DLL:      DCM.DLL V1.17.5.0
Target DLL:      CMSIS_AGDI.dll V1.33.12.0
Dialog DLL:      TCM.DLL V1.56.1.0
 
<h2>Project:</h2>
C:\Users\86182\Desktop\Code_Library\f411\Firmware_F103\USER\Firmware_F103.uvprojx
Project File Date:  04/27/2025

<h2>Output:</h2>
*** Using Compiler 'V5.06 update 7 (build 960)', folder: 'C:\Keil_v5\ARM\ARM_Compiler_5\Bin'
Rebuild target 'Firmware_F103'
compiling system_stm32f10x.c...
compiling joystickCalib_ui.c...
compiling stm32f10x_it.c...
compiling config_param.c...
compiling delay.c...
compiling atkp.c...
compiling joystick.c...
compiling main.c...
compiling beep.c...
compiling keyTask.c...
compiling remoter_ctrl.c...
compiling display.c...
compiling debug_ui.c...
compiling radiolink.c...
..\COMMUNICATE\src\radiolink.c(36): warning:  #550-D: variable "statusCount"  was set but never used
  static u8 statusCount;
..\COMMUNICATE\src\radiolink.c(37): warning:  #177-D: variable "failRxCount"  was declared but never referenced
  static u16 failRxCount;
..\COMMUNICATE\src\radiolink.c(39): warning:  #177-D: variable "failRxcountTime"  was declared but never referenced
  static TickType_t failRxcountTime;
..\COMMUNICATE\src\radiolink.c: 3 warnings, 0 errors
compiling main_ui.c...
..\GUI_APP\src\main_ui.c(39): warning:  #550-D: variable "isMFSelfTestPass"  was set but never used
  static bool isMFSelfTestPass = true;
..\GUI_APP\src\main_ui.c: 1 warning, 0 errors
compiling led.c...
compiling menuL2_item.c...
compiling key.c...
compiling reset_ui.c...
compiling menuL3_item.c...
compiling trim_ui.c...
compiling freeRTOSdebug.c...
compiling sys.c...
compiling menuL1_item.c...
compiling adc.c...
compiling 24l01.c...
compiling debug_assert.c...
compiling match_ui.c...
compiling menu_ui.c...
compiling oled.c...
compiling font.c...
compiling windows.c...
compiling button.c...
compiling text.c...
compiling gui_basic.c...
compiling list.c...
compiling lcmdrv.c...
compiling messagebox.c...
compiling queue.c...
compiling tasks.c...
compiling stmflash.c...
compiling heap_4.c...
compiling timers.c...
compiling scrollbar.c...
compiling gui_menu.c...
assembling startup_stm32f10x_md.s...
compiling stm32f10x_spi.c...
compiling stm32f10x_exti.c...
compiling misc.c...
compiling port.c...
compiling stm32f10x_gpio.c...
compiling stm32f10x_dma.c...
compiling stm32f10x_adc.c...
compiling stm32f10x_flash.c...
compiling stm32f10x_rcc.c...
compiling stm32f10x_usart.c...
linking...
Program Size: Code=33628 RO-data=14484 RW-data=1240 ZI-data=15056  
FromELF: creating hex file...
"..\OBJ\Firmware_F103.axf" - 0 Error(s), 4 Warning(s).

<h2>Software Packages used:</h2>

Package Vendor: Keil
                https://www.keil.com/pack/Keil.STM32F1xx_DFP.2.4.1.pack
                Keil.STM32F1xx_DFP.2.4.1
                STMicroelectronics STM32F1 Series Device Support, Drivers and Examples

<h2>Collection of Component include folders:</h2>
  C:/Users/86182/AppData/Local/Arm/Packs/Keil/STM32F1xx_DFP/2.4.1/Device/Include

<h2>Collection of Component Files used:</h2>
Build Time Elapsed:  00:00:05
</pre>
</body>
</html>
