<!doctype html public "-//w3c//dtd html 4.0 transitional//en">
<html><head>
<title>Static Call Graph - [.\Object\Monitor.axf]</title></head>
<body><HR>
<H1>Static Call Graph for image .\Object\Monitor.axf</H1><HR>
<BR><P>#&#060CALLGRAPH&#062# ARM Linker, 6180002: Last Updated: Thu May 29 16:03:00 2025
<BR><P>
<H3>Maximum Stack Usage =        136 bytes + Unknown(Untraceable Function Pointers)</H3><H3>
Call chain for Maximum Stack Depth:</H3>
RVM_Vmmd &rArr; _RVM_Virt_Recover &rArr; RVM_Thd_Print_Reg &rArr; RVM_Hex_Print
<P>
<H3>
Function Pointers
</H3><UL>
 <LI><a href="#[2]">RVM_Sftd</a> from rvm_monitor.o(.text.RVM_Sftd) referenced 2 times from rvm_monitor.o(.text.RVM_Init)
 <LI><a href="#[4]">RVM_Vmmd</a> from rvm_monitor.o(.text.RVM_Vmmd) referenced 2 times from rvm_monitor.o(.text.RVM_Init)
 <LI><a href="#[3]">__RVM_Stub</a> from rvm_platform_a7m_armcc.o(__RVM_STUB) referenced 4 times from rvm_monitor.o(.text.RVM_Init)
 <LI><a href="#[0]">__main</a> from entry.o(.ARM.Collect$$$$00000000) referenced from rvm_platform_a7m_armcc.o(RVM_ENTRY)
 <LI><a href="#[1]">main</a> from rvm_monitor.o(.text.main) referenced from entry9a.o(.ARM.Collect$$$$0000000B)
</UL>
<P>
<H3>
Global Symbols
</H3>
<P><STRONG><a name="[5]"></a>__RVM_Entry</STRONG> (Thumb, 4 bytes, Stack size 0 bytes, rvm_platform_a7m_armcc.o(RVM_ENTRY), UNUSED, KEPT)

<P><STRONG><a name="[0]"></a>__main</STRONG> (Thumb, 0 bytes, Stack size unknown bytes, entry.o(.ARM.Collect$$$$00000000))
<BR>[Address Reference Count : 1]<UL><LI> rvm_platform_a7m_armcc.o(RVM_ENTRY)
</UL>
<P><STRONG><a name="[3b]"></a>_main_stk</STRONG> (Thumb, 0 bytes, Stack size unknown bytes, entry4.o(.ARM.Collect$$$$00000003))

<P><STRONG><a name="[6]"></a>_main_scatterload</STRONG> (Thumb, 0 bytes, Stack size unknown bytes, entry5.o(.ARM.Collect$$$$00000004))
<BR><BR>[Calls]<UL><LI><a href="#[7]">&gt;&gt;</a>&nbsp;&nbsp;&nbsp;__scatterload
</UL>

<P><STRONG><a name="[8]"></a>__main_after_scatterload</STRONG> (Thumb, 0 bytes, Stack size unknown bytes, entry5.o(.ARM.Collect$$$$00000004))
<BR><BR>[Called By]<UL><LI><a href="#[7]">&gt;&gt;</a>&nbsp;&nbsp;&nbsp;__scatterload
</UL>

<P><STRONG><a name="[3c]"></a>_main_clock</STRONG> (Thumb, 0 bytes, Stack size unknown bytes, entry7b.o(.ARM.Collect$$$$00000008))

<P><STRONG><a name="[3d]"></a>_main_cpp_init</STRONG> (Thumb, 0 bytes, Stack size unknown bytes, entry8b.o(.ARM.Collect$$$$0000000A))

<P><STRONG><a name="[3e]"></a>_main_init</STRONG> (Thumb, 0 bytes, Stack size unknown bytes, entry9a.o(.ARM.Collect$$$$0000000B))

<P><STRONG><a name="[3f]"></a>__rt_final_cpp</STRONG> (Thumb, 0 bytes, Stack size unknown bytes, entry10a.o(.ARM.Collect$$$$0000000D))

<P><STRONG><a name="[40]"></a>__rt_final_exit</STRONG> (Thumb, 0 bytes, Stack size unknown bytes, entry11a.o(.ARM.Collect$$$$0000000F))

<P><STRONG><a name="[7]"></a>__scatterload</STRONG> (Thumb, 28 bytes, Stack size 0 bytes, init.o(.text))
<BR><BR>[Calls]<UL><LI><a href="#[8]">&gt;&gt;</a>&nbsp;&nbsp;&nbsp;__main_after_scatterload
</UL>
<BR>[Called By]<UL><LI><a href="#[6]">&gt;&gt;</a>&nbsp;&nbsp;&nbsp;_main_scatterload
</UL>

<P><STRONG><a name="[41]"></a>__scatterload_rt2</STRONG> (Thumb, 0 bytes, Stack size 0 bytes, init.o(.text), UNUSED)

<P><STRONG><a name="[29]"></a>RVM_Boot_Post_Init</STRONG> (Thumb, 2 bytes, Stack size 0 bytes, rvm_hook.o(.text.RVM_Boot_Post_Init))
<BR><BR>[Called By]<UL><LI><a href="#[11]">&gt;&gt;</a>&nbsp;&nbsp;&nbsp;RVM_Init
</UL>

<P><STRONG><a name="[12]"></a>RVM_Boot_Pre_Init</STRONG> (Thumb, 2 bytes, Stack size 0 bytes, rvm_hook.o(.text.RVM_Boot_Pre_Init))
<BR><BR>[Called By]<UL><LI><a href="#[11]">&gt;&gt;</a>&nbsp;&nbsp;&nbsp;RVM_Init
</UL>

<P><STRONG><a name="[19]"></a>RVM_Clear</STRONG> (Thumb, 88 bytes, Stack size 16 bytes, rvm_syslib.o(.text.RVM_Clear))
<BR><BR>[Stack]<UL><LI>Max Depth = 16<LI>Call Chain = RVM_Clear
</UL>
<BR>[Called By]<UL><LI><a href="#[2d]">&gt;&gt;</a>&nbsp;&nbsp;&nbsp;_RVM_Virt_Recover
<LI><a href="#[11]">&gt;&gt;</a>&nbsp;&nbsp;&nbsp;RVM_Init
</UL>

<P><STRONG><a name="[9]"></a>RVM_Cpt_Add</STRONG> (Thumb, 22 bytes, Stack size 0 bytes, rvm_syslib.o(.text.RVM_Cpt_Add))
<BR><BR>[Calls]<UL><LI><a href="#[a]">&gt;&gt;</a>&nbsp;&nbsp;&nbsp;RVM_Svc
</UL>
<BR>[Called By]<UL><LI><a href="#[11]">&gt;&gt;</a>&nbsp;&nbsp;&nbsp;RVM_Init
</UL>

<P><STRONG><a name="[b]"></a>RVM_Cpt_Crt</STRONG> (Thumb, 18 bytes, Stack size 0 bytes, rvm_syslib.o(.text.RVM_Cpt_Crt))
<BR><BR>[Calls]<UL><LI><a href="#[a]">&gt;&gt;</a>&nbsp;&nbsp;&nbsp;RVM_Svc
</UL>
<BR>[Called By]<UL><LI><a href="#[21]">&gt;&gt;</a>&nbsp;&nbsp;&nbsp;_RVM_Boot_Main_Crt
<LI><a href="#[11]">&gt;&gt;</a>&nbsp;&nbsp;&nbsp;RVM_Init
</UL>

<P><STRONG><a name="[c]"></a>RVM_Cpt_Kfn</STRONG> (Thumb, 30 bytes, Stack size 8 bytes, rvm_syslib.o(.text.RVM_Cpt_Kfn))
<BR><BR>[Stack]<UL><LI>Max Depth = 8<LI>Call Chain = RVM_Cpt_Kfn
</UL>
<BR>[Calls]<UL><LI><a href="#[a]">&gt;&gt;</a>&nbsp;&nbsp;&nbsp;RVM_Svc
</UL>
<BR>[Called By]<UL><LI><a href="#[11]">&gt;&gt;</a>&nbsp;&nbsp;&nbsp;RVM_Init
</UL>

<P><STRONG><a name="[38]"></a>RVM_Evt_Filter</STRONG> (Thumb, 4 bytes, Stack size 0 bytes, rvm_hook.o(.text.RVM_Evt_Filter))
<BR><BR>[Called By]<UL><LI><a href="#[37]">&gt;&gt;</a>&nbsp;&nbsp;&nbsp;_RVM_Evtset_Handle
</UL>

<P><STRONG><a name="[d]"></a>RVM_Hex_Print</STRONG> (Thumb, 168 bytes, Stack size 24 bytes, rvm_syslib.o(.text.RVM_Hex_Print))
<BR><BR>[Stack]<UL><LI>Max Depth = 24<LI>Call Chain = RVM_Hex_Print
</UL>
<BR>[Calls]<UL><LI><a href="#[e]">&gt;&gt;</a>&nbsp;&nbsp;&nbsp;RVM_Putchar
</UL>
<BR>[Called By]<UL><LI><a href="#[21]">&gt;&gt;</a>&nbsp;&nbsp;&nbsp;_RVM_Boot_Main_Crt
<LI><a href="#[2]">&gt;&gt;</a>&nbsp;&nbsp;&nbsp;RVM_Sftd
<LI><a href="#[11]">&gt;&gt;</a>&nbsp;&nbsp;&nbsp;RVM_Init
<LI><a href="#[2f]">&gt;&gt;</a>&nbsp;&nbsp;&nbsp;RVM_Thd_Print_Reg
</UL>

<P><STRONG><a name="[f]"></a>RVM_Hyp_Crt</STRONG> (Thumb, 36 bytes, Stack size 8 bytes, rvm_syslib.o(.text.RVM_Hyp_Crt))
<BR><BR>[Stack]<UL><LI>Max Depth = 8<LI>Call Chain = RVM_Hyp_Crt
</UL>
<BR>[Calls]<UL><LI><a href="#[a]">&gt;&gt;</a>&nbsp;&nbsp;&nbsp;RVM_Svc
</UL>
<BR>[Called By]<UL><LI><a href="#[11]">&gt;&gt;</a>&nbsp;&nbsp;&nbsp;RVM_Init
</UL>

<P><STRONG><a name="[10]"></a>RVM_Hyp_Sched_Bind</STRONG> (Thumb, 32 bytes, Stack size 8 bytes, rvm_syslib.o(.text.RVM_Hyp_Sched_Bind))
<BR><BR>[Stack]<UL><LI>Max Depth = 8<LI>Call Chain = RVM_Hyp_Sched_Bind
</UL>
<BR>[Calls]<UL><LI><a href="#[a]">&gt;&gt;</a>&nbsp;&nbsp;&nbsp;RVM_Svc
</UL>
<BR>[Called By]<UL><LI><a href="#[2d]">&gt;&gt;</a>&nbsp;&nbsp;&nbsp;_RVM_Virt_Recover
<LI><a href="#[11]">&gt;&gt;</a>&nbsp;&nbsp;&nbsp;RVM_Init
</UL>

<P><STRONG><a name="[1b]"></a>RVM_Int_Print</STRONG> (Thumb, 262 bytes, Stack size 32 bytes, rvm_syslib.o(.text.RVM_Int_Print))
<BR><BR>[Stack]<UL><LI>Max Depth = 32<LI>Call Chain = RVM_Int_Print
</UL>
<BR>[Calls]<UL><LI><a href="#[e]">&gt;&gt;</a>&nbsp;&nbsp;&nbsp;RVM_Putchar
</UL>
<BR>[Called By]<UL><LI><a href="#[21]">&gt;&gt;</a>&nbsp;&nbsp;&nbsp;_RVM_Boot_Main_Crt
<LI><a href="#[11]">&gt;&gt;</a>&nbsp;&nbsp;&nbsp;RVM_Init
</UL>

<P><STRONG><a name="[16]"></a>RVM_Kfn_Act</STRONG> (Thumb, 18 bytes, Stack size 0 bytes, rvm_syslib.o(.text.RVM_Kfn_Act))
<BR><BR>[Calls]<UL><LI><a href="#[a]">&gt;&gt;</a>&nbsp;&nbsp;&nbsp;RVM_Svc
</UL>
<BR>[Called By]<UL><LI><a href="#[35]">&gt;&gt;</a>&nbsp;&nbsp;&nbsp;_RVM_Virt_Vct_Snd
<LI><a href="#[33]">&gt;&gt;</a>&nbsp;&nbsp;&nbsp;_RVM_Virt_Switch
<LI><a href="#[2d]">&gt;&gt;</a>&nbsp;&nbsp;&nbsp;_RVM_Virt_Recover
<LI><a href="#[21]">&gt;&gt;</a>&nbsp;&nbsp;&nbsp;_RVM_Boot_Main_Crt
<LI><a href="#[4]">&gt;&gt;</a>&nbsp;&nbsp;&nbsp;RVM_Vmmd
<LI><a href="#[2]">&gt;&gt;</a>&nbsp;&nbsp;&nbsp;RVM_Sftd
<LI><a href="#[11]">&gt;&gt;</a>&nbsp;&nbsp;&nbsp;RVM_Init
</UL>

<P><STRONG><a name="[17]"></a>RVM_List_Crt</STRONG> (Thumb, 6 bytes, Stack size 0 bytes, rvm_syslib.o(.text.RVM_List_Crt))
<BR><BR>[Called By]<UL><LI><a href="#[11]">&gt;&gt;</a>&nbsp;&nbsp;&nbsp;RVM_Init
</UL>

<P><STRONG><a name="[34]"></a>RVM_List_Del</STRONG> (Thumb, 6 bytes, Stack size 0 bytes, rvm_syslib.o(.text.RVM_List_Del))
<BR><BR>[Called By]<UL><LI><a href="#[2d]">&gt;&gt;</a>&nbsp;&nbsp;&nbsp;_RVM_Virt_Recover
<LI><a href="#[4]">&gt;&gt;</a>&nbsp;&nbsp;&nbsp;RVM_Vmmd
</UL>

<P><STRONG><a name="[18]"></a>RVM_List_Ins</STRONG> (Thumb, 10 bytes, Stack size 0 bytes, rvm_syslib.o(.text.RVM_List_Ins))
<BR><BR>[Called By]<UL><LI><a href="#[3a]">&gt;&gt;</a>&nbsp;&nbsp;&nbsp;_RVM_Wheel_Ins
<LI><a href="#[35]">&gt;&gt;</a>&nbsp;&nbsp;&nbsp;_RVM_Virt_Vct_Snd
<LI><a href="#[2d]">&gt;&gt;</a>&nbsp;&nbsp;&nbsp;_RVM_Virt_Recover
<LI><a href="#[4]">&gt;&gt;</a>&nbsp;&nbsp;&nbsp;RVM_Vmmd
<LI><a href="#[11]">&gt;&gt;</a>&nbsp;&nbsp;&nbsp;RVM_Init
</UL>

<P><STRONG><a name="[15]"></a>RVM_Log</STRONG> (Thumb, 616 bytes, Stack size 40 bytes, rvm_syslib.o(.text.RVM_Log))
<BR><BR>[Stack]<UL><LI>Max Depth = 40<LI>Call Chain = RVM_Log
</UL>
<BR>[Calls]<UL><LI><a href="#[e]">&gt;&gt;</a>&nbsp;&nbsp;&nbsp;RVM_Putchar
</UL>
<BR>[Called By]<UL><LI><a href="#[35]">&gt;&gt;</a>&nbsp;&nbsp;&nbsp;_RVM_Virt_Vct_Snd
<LI><a href="#[33]">&gt;&gt;</a>&nbsp;&nbsp;&nbsp;_RVM_Virt_Switch
<LI><a href="#[2d]">&gt;&gt;</a>&nbsp;&nbsp;&nbsp;_RVM_Virt_Recover
<LI><a href="#[21]">&gt;&gt;</a>&nbsp;&nbsp;&nbsp;_RVM_Boot_Main_Crt
<LI><a href="#[4]">&gt;&gt;</a>&nbsp;&nbsp;&nbsp;RVM_Vmmd
<LI><a href="#[2]">&gt;&gt;</a>&nbsp;&nbsp;&nbsp;RVM_Sftd
<LI><a href="#[11]">&gt;&gt;</a>&nbsp;&nbsp;&nbsp;RVM_Init
</UL>

<P><STRONG><a name="[25]"></a>RVM_Pgt_Add</STRONG> (Thumb, 36 bytes, Stack size 8 bytes, rvm_syslib.o(.text.RVM_Pgt_Add))
<BR><BR>[Stack]<UL><LI>Max Depth = 8<LI>Call Chain = RVM_Pgt_Add
</UL>
<BR>[Calls]<UL><LI><a href="#[a]">&gt;&gt;</a>&nbsp;&nbsp;&nbsp;RVM_Svc
</UL>
<BR>[Called By]<UL><LI><a href="#[11]">&gt;&gt;</a>&nbsp;&nbsp;&nbsp;RVM_Init
</UL>

<P><STRONG><a name="[24]"></a>RVM_Pgt_Con</STRONG> (Thumb, 16 bytes, Stack size 0 bytes, rvm_syslib.o(.text.RVM_Pgt_Con))
<BR><BR>[Calls]<UL><LI><a href="#[a]">&gt;&gt;</a>&nbsp;&nbsp;&nbsp;RVM_Svc
</UL>
<BR>[Called By]<UL><LI><a href="#[11]">&gt;&gt;</a>&nbsp;&nbsp;&nbsp;RVM_Init
</UL>

<P><STRONG><a name="[22]"></a>RVM_Pgt_Crt</STRONG> (Thumb, 44 bytes, Stack size 16 bytes, rvm_syslib.o(.text.RVM_Pgt_Crt))
<BR><BR>[Stack]<UL><LI>Max Depth = 16<LI>Call Chain = RVM_Pgt_Crt
</UL>
<BR>[Calls]<UL><LI><a href="#[a]">&gt;&gt;</a>&nbsp;&nbsp;&nbsp;RVM_Svc
</UL>
<BR>[Called By]<UL><LI><a href="#[11]">&gt;&gt;</a>&nbsp;&nbsp;&nbsp;RVM_Init
</UL>

<P><STRONG><a name="[23]"></a>RVM_Prc_Crt</STRONG> (Thumb, 8 bytes, Stack size 0 bytes, rvm_syslib.o(.text.RVM_Prc_Crt))
<BR><BR>[Calls]<UL><LI><a href="#[a]">&gt;&gt;</a>&nbsp;&nbsp;&nbsp;RVM_Svc
</UL>
<BR>[Called By]<UL><LI><a href="#[11]">&gt;&gt;</a>&nbsp;&nbsp;&nbsp;RVM_Init
</UL>

<P><STRONG><a name="[e]"></a>RVM_Putchar</STRONG> (Thumb, 42 bytes, Stack size 0 bytes, rvm_monitor.o(.text.RVM_Putchar))
<BR><BR>[Called By]<UL><LI><a href="#[15]">&gt;&gt;</a>&nbsp;&nbsp;&nbsp;RVM_Log
<LI><a href="#[13]">&gt;&gt;</a>&nbsp;&nbsp;&nbsp;RVM_Str_Print
<LI><a href="#[d]">&gt;&gt;</a>&nbsp;&nbsp;&nbsp;RVM_Hex_Print
<LI><a href="#[1b]">&gt;&gt;</a>&nbsp;&nbsp;&nbsp;RVM_Int_Print
</UL>

<P><STRONG><a name="[1a]"></a>RVM_Sig_Crt</STRONG> (Thumb, 12 bytes, Stack size 0 bytes, rvm_syslib.o(.text.RVM_Sig_Crt))
<BR><BR>[Calls]<UL><LI><a href="#[a]">&gt;&gt;</a>&nbsp;&nbsp;&nbsp;RVM_Svc
</UL>
<BR>[Called By]<UL><LI><a href="#[11]">&gt;&gt;</a>&nbsp;&nbsp;&nbsp;RVM_Init
</UL>

<P><STRONG><a name="[2a]"></a>RVM_Sig_Rcv</STRONG> (Thumb, 14 bytes, Stack size 0 bytes, rvm_syslib.o(.text.RVM_Sig_Rcv))
<BR><BR>[Calls]<UL><LI><a href="#[a]">&gt;&gt;</a>&nbsp;&nbsp;&nbsp;RVM_Svc
</UL>
<BR>[Called By]<UL><LI><a href="#[4]">&gt;&gt;</a>&nbsp;&nbsp;&nbsp;RVM_Vmmd
<LI><a href="#[2]">&gt;&gt;</a>&nbsp;&nbsp;&nbsp;RVM_Sftd
</UL>

<P><STRONG><a name="[2e]"></a>RVM_Sig_Snd</STRONG> (Thumb, 14 bytes, Stack size 0 bytes, rvm_syslib.o(.text.RVM_Sig_Snd))
<BR><BR>[Calls]<UL><LI><a href="#[a]">&gt;&gt;</a>&nbsp;&nbsp;&nbsp;RVM_Svc
</UL>
<BR>[Called By]<UL><LI><a href="#[35]">&gt;&gt;</a>&nbsp;&nbsp;&nbsp;_RVM_Virt_Vct_Snd
<LI><a href="#[4]">&gt;&gt;</a>&nbsp;&nbsp;&nbsp;RVM_Vmmd
<LI><a href="#[2]">&gt;&gt;</a>&nbsp;&nbsp;&nbsp;RVM_Sftd
</UL>

<P><STRONG><a name="[1f]"></a>RVM_Stack_Init</STRONG> (Thumb, 26 bytes, Stack size 0 bytes, rvm_platform_a7m.o(.text.RVM_Stack_Init))
<BR><BR>[Called By]<UL><LI><a href="#[2d]">&gt;&gt;</a>&nbsp;&nbsp;&nbsp;_RVM_Virt_Recover
<LI><a href="#[11]">&gt;&gt;</a>&nbsp;&nbsp;&nbsp;RVM_Init
</UL>

<P><STRONG><a name="[13]"></a>RVM_Str_Print</STRONG> (Thumb, 30 bytes, Stack size 16 bytes, rvm_syslib.o(.text.RVM_Str_Print))
<BR><BR>[Stack]<UL><LI>Max Depth = 16<LI>Call Chain = RVM_Str_Print
</UL>
<BR>[Calls]<UL><LI><a href="#[e]">&gt;&gt;</a>&nbsp;&nbsp;&nbsp;RVM_Putchar
</UL>
<BR>[Called By]<UL><LI><a href="#[2d]">&gt;&gt;</a>&nbsp;&nbsp;&nbsp;_RVM_Virt_Recover
<LI><a href="#[21]">&gt;&gt;</a>&nbsp;&nbsp;&nbsp;_RVM_Boot_Main_Crt
<LI><a href="#[4]">&gt;&gt;</a>&nbsp;&nbsp;&nbsp;RVM_Vmmd
<LI><a href="#[2]">&gt;&gt;</a>&nbsp;&nbsp;&nbsp;RVM_Sftd
<LI><a href="#[11]">&gt;&gt;</a>&nbsp;&nbsp;&nbsp;RVM_Init
<LI><a href="#[2f]">&gt;&gt;</a>&nbsp;&nbsp;&nbsp;RVM_Thd_Print_Reg
<LI><a href="#[2c]">&gt;&gt;</a>&nbsp;&nbsp;&nbsp;RVM_Thd_Print_Exc
</UL>

<P><STRONG><a name="[1d]"></a>RVM_Thd_Cop_Size</STRONG> (Thumb, 10 bytes, Stack size 0 bytes, rvm_platform_a7m.o(.text.RVM_Thd_Cop_Size))
<BR><BR>[Called By]<UL><LI><a href="#[11]">&gt;&gt;</a>&nbsp;&nbsp;&nbsp;RVM_Init
</UL>

<P><STRONG><a name="[1c]"></a>RVM_Thd_Crt</STRONG> (Thumb, 36 bytes, Stack size 8 bytes, rvm_syslib.o(.text.RVM_Thd_Crt))
<BR><BR>[Stack]<UL><LI>Max Depth = 8<LI>Call Chain = RVM_Thd_Crt
</UL>
<BR>[Calls]<UL><LI><a href="#[a]">&gt;&gt;</a>&nbsp;&nbsp;&nbsp;RVM_Svc
</UL>
<BR>[Called By]<UL><LI><a href="#[11]">&gt;&gt;</a>&nbsp;&nbsp;&nbsp;RVM_Init
</UL>

<P><STRONG><a name="[20]"></a>RVM_Thd_Exec_Set</STRONG> (Thumb, 8 bytes, Stack size 0 bytes, rvm_syslib.o(.text.RVM_Thd_Exec_Set))
<BR><BR>[Calls]<UL><LI><a href="#[a]">&gt;&gt;</a>&nbsp;&nbsp;&nbsp;RVM_Svc
</UL>
<BR>[Called By]<UL><LI><a href="#[2d]">&gt;&gt;</a>&nbsp;&nbsp;&nbsp;_RVM_Virt_Recover
<LI><a href="#[11]">&gt;&gt;</a>&nbsp;&nbsp;&nbsp;RVM_Init
</UL>

<P><STRONG><a name="[2c]"></a>RVM_Thd_Print_Exc</STRONG> (Thumb, 360 bytes, Stack size 32 bytes, rvm_platform_a7m.o(.text.RVM_Thd_Print_Exc))
<BR><BR>[Stack]<UL><LI>Max Depth = 48<LI>Call Chain = RVM_Thd_Print_Exc &rArr; RVM_Str_Print
</UL>
<BR>[Calls]<UL><LI><a href="#[30]">&gt;&gt;</a>&nbsp;&nbsp;&nbsp;RVM_A7M_Svc_Kfn
<LI><a href="#[13]">&gt;&gt;</a>&nbsp;&nbsp;&nbsp;RVM_Str_Print
</UL>
<BR>[Called By]<UL><LI><a href="#[2]">&gt;&gt;</a>&nbsp;&nbsp;&nbsp;RVM_Sftd
</UL>

<P><STRONG><a name="[2f]"></a>RVM_Thd_Print_Reg</STRONG> (Thumb, 788 bytes, Stack size 64 bytes, rvm_platform_a7m.o(.text.RVM_Thd_Print_Reg))
<BR><BR>[Stack]<UL><LI>Max Depth = 88<LI>Call Chain = RVM_Thd_Print_Reg &rArr; RVM_Hex_Print
</UL>
<BR>[Calls]<UL><LI><a href="#[30]">&gt;&gt;</a>&nbsp;&nbsp;&nbsp;RVM_A7M_Svc_Kfn
<LI><a href="#[13]">&gt;&gt;</a>&nbsp;&nbsp;&nbsp;RVM_Str_Print
<LI><a href="#[d]">&gt;&gt;</a>&nbsp;&nbsp;&nbsp;RVM_Hex_Print
</UL>
<BR>[Called By]<UL><LI><a href="#[2d]">&gt;&gt;</a>&nbsp;&nbsp;&nbsp;_RVM_Virt_Recover
<LI><a href="#[2]">&gt;&gt;</a>&nbsp;&nbsp;&nbsp;RVM_Sftd
</UL>

<P><STRONG><a name="[1e]"></a>RVM_Thd_Sched_Bind</STRONG> (Thumb, 22 bytes, Stack size 0 bytes, rvm_syslib.o(.text.RVM_Thd_Sched_Bind))
<BR><BR>[Calls]<UL><LI><a href="#[a]">&gt;&gt;</a>&nbsp;&nbsp;&nbsp;RVM_Svc
</UL>
<BR>[Called By]<UL><LI><a href="#[2d]">&gt;&gt;</a>&nbsp;&nbsp;&nbsp;_RVM_Virt_Recover
<LI><a href="#[11]">&gt;&gt;</a>&nbsp;&nbsp;&nbsp;RVM_Init
</UL>

<P><STRONG><a name="[31]"></a>RVM_Thd_Sched_Free</STRONG> (Thumb, 14 bytes, Stack size 0 bytes, rvm_syslib.o(.text.RVM_Thd_Sched_Free))
<BR><BR>[Calls]<UL><LI><a href="#[a]">&gt;&gt;</a>&nbsp;&nbsp;&nbsp;RVM_Svc
</UL>
<BR>[Called By]<UL><LI><a href="#[2d]">&gt;&gt;</a>&nbsp;&nbsp;&nbsp;_RVM_Virt_Recover
</UL>

<P><STRONG><a name="[14]"></a>RVM_Thd_Sched_Prio</STRONG> (Thumb, 18 bytes, Stack size 0 bytes, rvm_syslib.o(.text.RVM_Thd_Sched_Prio))
<BR><BR>[Calls]<UL><LI><a href="#[a]">&gt;&gt;</a>&nbsp;&nbsp;&nbsp;RVM_Svc
</UL>
<BR>[Called By]<UL><LI><a href="#[4]">&gt;&gt;</a>&nbsp;&nbsp;&nbsp;RVM_Vmmd
<LI><a href="#[11]">&gt;&gt;</a>&nbsp;&nbsp;&nbsp;RVM_Init
</UL>

<P><STRONG><a name="[28]"></a>RVM_Thd_Sched_Prio2</STRONG> (Thumb, 28 bytes, Stack size 0 bytes, rvm_syslib.o(.text.RVM_Thd_Sched_Prio2))
<BR><BR>[Calls]<UL><LI><a href="#[a]">&gt;&gt;</a>&nbsp;&nbsp;&nbsp;RVM_Svc
</UL>
<BR>[Called By]<UL><LI><a href="#[33]">&gt;&gt;</a>&nbsp;&nbsp;&nbsp;_RVM_Virt_Switch
<LI><a href="#[11]">&gt;&gt;</a>&nbsp;&nbsp;&nbsp;RVM_Init
</UL>

<P><STRONG><a name="[32]"></a>RVM_Thd_Sched_Prio4</STRONG> (Thumb, 58 bytes, Stack size 16 bytes, rvm_syslib.o(.text.RVM_Thd_Sched_Prio4))
<BR><BR>[Stack]<UL><LI>Max Depth = 16<LI>Call Chain = RVM_Thd_Sched_Prio4
</UL>
<BR>[Calls]<UL><LI><a href="#[a]">&gt;&gt;</a>&nbsp;&nbsp;&nbsp;RVM_Svc
</UL>
<BR>[Called By]<UL><LI><a href="#[33]">&gt;&gt;</a>&nbsp;&nbsp;&nbsp;_RVM_Virt_Switch
</UL>

<P><STRONG><a name="[2b]"></a>RVM_Thd_Sched_Rcv</STRONG> (Thumb, 14 bytes, Stack size 0 bytes, rvm_syslib.o(.text.RVM_Thd_Sched_Rcv))
<BR><BR>[Calls]<UL><LI><a href="#[a]">&gt;&gt;</a>&nbsp;&nbsp;&nbsp;RVM_Svc
</UL>
<BR>[Called By]<UL><LI><a href="#[2]">&gt;&gt;</a>&nbsp;&nbsp;&nbsp;RVM_Sftd
</UL>

<P><STRONG><a name="[26]"></a>RVM_Thd_Time_Xfer</STRONG> (Thumb, 14 bytes, Stack size 0 bytes, rvm_syslib.o(.text.RVM_Thd_Time_Xfer))
<BR><BR>[Calls]<UL><LI><a href="#[a]">&gt;&gt;</a>&nbsp;&nbsp;&nbsp;RVM_Svc
</UL>
<BR>[Called By]<UL><LI><a href="#[2d]">&gt;&gt;</a>&nbsp;&nbsp;&nbsp;_RVM_Virt_Recover
<LI><a href="#[11]">&gt;&gt;</a>&nbsp;&nbsp;&nbsp;RVM_Init
</UL>

<P><STRONG><a name="[39]"></a>RVM_Vct_Filter</STRONG> (Thumb, 4 bytes, Stack size 0 bytes, rvm_hook.o(.text.RVM_Vct_Filter))
<BR><BR>[Called By]<UL><LI><a href="#[36]">&gt;&gt;</a>&nbsp;&nbsp;&nbsp;_RVM_Vctset_Handle
</UL>

<P><STRONG><a name="[1]"></a>main</STRONG> (Thumb, 4 bytes, Stack size 0 bytes, rvm_monitor.o(.text.main))
<BR><BR>[Stack]<UL><LI>Max Depth = 96<LI>Call Chain = main &rArr; RVM_Init &rArr; _RVM_Boot_Main_Crt &rArr; RVM_Log
</UL>
<BR>[Calls]<UL><LI><a href="#[11]">&gt;&gt;</a>&nbsp;&nbsp;&nbsp;RVM_Init
</UL>
<BR>[Address Reference Count : 1]<UL><LI> entry9a.o(.ARM.Collect$$$$0000000B)
</UL>
<P><STRONG><a name="[30]"></a>RVM_A7M_Svc_Kfn</STRONG> (Thumb, 72 bytes, Stack size 0 bytes, rvm_platform_a7m_armcc.o(RVM_A7M_SVC_KFN))
<BR><BR>[Called By]<UL><LI><a href="#[2f]">&gt;&gt;</a>&nbsp;&nbsp;&nbsp;RVM_Thd_Print_Reg
<LI><a href="#[2c]">&gt;&gt;</a>&nbsp;&nbsp;&nbsp;RVM_Thd_Print_Exc
</UL>

<P><STRONG><a name="[a]"></a>RVM_Svc</STRONG> (Thumb, 22 bytes, Stack size 0 bytes, rvm_platform_a7m_armcc.o(RVM_SVC))
<BR><BR>[Called By]<UL><LI><a href="#[16]">&gt;&gt;</a>&nbsp;&nbsp;&nbsp;RVM_Kfn_Act
<LI><a href="#[2a]">&gt;&gt;</a>&nbsp;&nbsp;&nbsp;RVM_Sig_Rcv
<LI><a href="#[2e]">&gt;&gt;</a>&nbsp;&nbsp;&nbsp;RVM_Sig_Snd
<LI><a href="#[1a]">&gt;&gt;</a>&nbsp;&nbsp;&nbsp;RVM_Sig_Crt
<LI><a href="#[26]">&gt;&gt;</a>&nbsp;&nbsp;&nbsp;RVM_Thd_Time_Xfer
<LI><a href="#[2b]">&gt;&gt;</a>&nbsp;&nbsp;&nbsp;RVM_Thd_Sched_Rcv
<LI><a href="#[31]">&gt;&gt;</a>&nbsp;&nbsp;&nbsp;RVM_Thd_Sched_Free
<LI><a href="#[32]">&gt;&gt;</a>&nbsp;&nbsp;&nbsp;RVM_Thd_Sched_Prio4
<LI><a href="#[28]">&gt;&gt;</a>&nbsp;&nbsp;&nbsp;RVM_Thd_Sched_Prio2
<LI><a href="#[14]">&gt;&gt;</a>&nbsp;&nbsp;&nbsp;RVM_Thd_Sched_Prio
<LI><a href="#[10]">&gt;&gt;</a>&nbsp;&nbsp;&nbsp;RVM_Hyp_Sched_Bind
<LI><a href="#[1e]">&gt;&gt;</a>&nbsp;&nbsp;&nbsp;RVM_Thd_Sched_Bind
<LI><a href="#[20]">&gt;&gt;</a>&nbsp;&nbsp;&nbsp;RVM_Thd_Exec_Set
<LI><a href="#[f]">&gt;&gt;</a>&nbsp;&nbsp;&nbsp;RVM_Hyp_Crt
<LI><a href="#[1c]">&gt;&gt;</a>&nbsp;&nbsp;&nbsp;RVM_Thd_Crt
<LI><a href="#[23]">&gt;&gt;</a>&nbsp;&nbsp;&nbsp;RVM_Prc_Crt
<LI><a href="#[24]">&gt;&gt;</a>&nbsp;&nbsp;&nbsp;RVM_Pgt_Con
<LI><a href="#[25]">&gt;&gt;</a>&nbsp;&nbsp;&nbsp;RVM_Pgt_Add
<LI><a href="#[22]">&gt;&gt;</a>&nbsp;&nbsp;&nbsp;RVM_Pgt_Crt
<LI><a href="#[c]">&gt;&gt;</a>&nbsp;&nbsp;&nbsp;RVM_Cpt_Kfn
<LI><a href="#[9]">&gt;&gt;</a>&nbsp;&nbsp;&nbsp;RVM_Cpt_Add
<LI><a href="#[b]">&gt;&gt;</a>&nbsp;&nbsp;&nbsp;RVM_Cpt_Crt
</UL>

<P><STRONG><a name="[27]"></a>__RVM_A7M_MSB_Get</STRONG> (Thumb, 14 bytes, Stack size 0 bytes, rvm_platform_a7m_armcc.o(__RVM_A7M_MSB_GET))
<BR><BR>[Called By]<UL><LI><a href="#[37]">&gt;&gt;</a>&nbsp;&nbsp;&nbsp;_RVM_Evtset_Handle
<LI><a href="#[36]">&gt;&gt;</a>&nbsp;&nbsp;&nbsp;_RVM_Vctset_Handle
<LI><a href="#[4]">&gt;&gt;</a>&nbsp;&nbsp;&nbsp;RVM_Vmmd
<LI><a href="#[11]">&gt;&gt;</a>&nbsp;&nbsp;&nbsp;RVM_Init
</UL>

<P><STRONG><a name="[3]"></a>__RVM_Stub</STRONG> (Thumb, 6 bytes, Stack size 0 bytes, rvm_platform_a7m_armcc.o(__RVM_STUB))
<BR>[Address Reference Count : 1]<UL><LI> rvm_monitor.o(.text.RVM_Init)
</UL>
<P><STRONG><a name="[42]"></a>__scatterload_copy</STRONG> (Thumb, 14 bytes, Stack size unknown bytes, handlers.o(i.__scatterload_copy), UNUSED)

<P><STRONG><a name="[43]"></a>__scatterload_null</STRONG> (Thumb, 2 bytes, Stack size unknown bytes, handlers.o(i.__scatterload_null), UNUSED)

<P><STRONG><a name="[44]"></a>__scatterload_zeroinit</STRONG> (Thumb, 14 bytes, Stack size unknown bytes, handlers.o(i.__scatterload_zeroinit), UNUSED)
<P>
<H3>
Local Symbols
</H3>
<P><STRONG><a name="[11]"></a>RVM_Init</STRONG> (Thumb, 8596 bytes, Stack size 32 bytes, rvm_monitor.o(.text.RVM_Init))
<BR><BR>[Stack]<UL><LI>Max Depth = 96<LI>Call Chain = RVM_Init &rArr; _RVM_Boot_Main_Crt &rArr; RVM_Log
</UL>
<BR>[Calls]<UL><LI><a href="#[21]">&gt;&gt;</a>&nbsp;&nbsp;&nbsp;_RVM_Boot_Main_Crt
<LI><a href="#[1d]">&gt;&gt;</a>&nbsp;&nbsp;&nbsp;RVM_Thd_Cop_Size
<LI><a href="#[1f]">&gt;&gt;</a>&nbsp;&nbsp;&nbsp;RVM_Stack_Init
<LI><a href="#[27]">&gt;&gt;</a>&nbsp;&nbsp;&nbsp;__RVM_A7M_MSB_Get
<LI><a href="#[16]">&gt;&gt;</a>&nbsp;&nbsp;&nbsp;RVM_Kfn_Act
<LI><a href="#[1a]">&gt;&gt;</a>&nbsp;&nbsp;&nbsp;RVM_Sig_Crt
<LI><a href="#[26]">&gt;&gt;</a>&nbsp;&nbsp;&nbsp;RVM_Thd_Time_Xfer
<LI><a href="#[28]">&gt;&gt;</a>&nbsp;&nbsp;&nbsp;RVM_Thd_Sched_Prio2
<LI><a href="#[14]">&gt;&gt;</a>&nbsp;&nbsp;&nbsp;RVM_Thd_Sched_Prio
<LI><a href="#[10]">&gt;&gt;</a>&nbsp;&nbsp;&nbsp;RVM_Hyp_Sched_Bind
<LI><a href="#[1e]">&gt;&gt;</a>&nbsp;&nbsp;&nbsp;RVM_Thd_Sched_Bind
<LI><a href="#[20]">&gt;&gt;</a>&nbsp;&nbsp;&nbsp;RVM_Thd_Exec_Set
<LI><a href="#[f]">&gt;&gt;</a>&nbsp;&nbsp;&nbsp;RVM_Hyp_Crt
<LI><a href="#[1c]">&gt;&gt;</a>&nbsp;&nbsp;&nbsp;RVM_Thd_Crt
<LI><a href="#[23]">&gt;&gt;</a>&nbsp;&nbsp;&nbsp;RVM_Prc_Crt
<LI><a href="#[24]">&gt;&gt;</a>&nbsp;&nbsp;&nbsp;RVM_Pgt_Con
<LI><a href="#[25]">&gt;&gt;</a>&nbsp;&nbsp;&nbsp;RVM_Pgt_Add
<LI><a href="#[22]">&gt;&gt;</a>&nbsp;&nbsp;&nbsp;RVM_Pgt_Crt
<LI><a href="#[c]">&gt;&gt;</a>&nbsp;&nbsp;&nbsp;RVM_Cpt_Kfn
<LI><a href="#[9]">&gt;&gt;</a>&nbsp;&nbsp;&nbsp;RVM_Cpt_Add
<LI><a href="#[b]">&gt;&gt;</a>&nbsp;&nbsp;&nbsp;RVM_Cpt_Crt
<LI><a href="#[18]">&gt;&gt;</a>&nbsp;&nbsp;&nbsp;RVM_List_Ins
<LI><a href="#[17]">&gt;&gt;</a>&nbsp;&nbsp;&nbsp;RVM_List_Crt
<LI><a href="#[19]">&gt;&gt;</a>&nbsp;&nbsp;&nbsp;RVM_Clear
<LI><a href="#[15]">&gt;&gt;</a>&nbsp;&nbsp;&nbsp;RVM_Log
<LI><a href="#[13]">&gt;&gt;</a>&nbsp;&nbsp;&nbsp;RVM_Str_Print
<LI><a href="#[d]">&gt;&gt;</a>&nbsp;&nbsp;&nbsp;RVM_Hex_Print
<LI><a href="#[1b]">&gt;&gt;</a>&nbsp;&nbsp;&nbsp;RVM_Int_Print
<LI><a href="#[29]">&gt;&gt;</a>&nbsp;&nbsp;&nbsp;RVM_Boot_Post_Init
<LI><a href="#[12]">&gt;&gt;</a>&nbsp;&nbsp;&nbsp;RVM_Boot_Pre_Init
</UL>
<BR>[Called By]<UL><LI><a href="#[1]">&gt;&gt;</a>&nbsp;&nbsp;&nbsp;main
</UL>

<P><STRONG><a name="[2]"></a>RVM_Sftd</STRONG> (Thumb, 828 bytes, Stack size 8 bytes, rvm_monitor.o(.text.RVM_Sftd))
<BR><BR>[Stack]<UL><LI>Max Depth = 128<LI>Call Chain = RVM_Sftd &rArr; _RVM_Virt_Recover &rArr; RVM_Thd_Print_Reg &rArr; RVM_Hex_Print
</UL>
<BR>[Calls]<UL><LI><a href="#[2d]">&gt;&gt;</a>&nbsp;&nbsp;&nbsp;_RVM_Virt_Recover
<LI><a href="#[2f]">&gt;&gt;</a>&nbsp;&nbsp;&nbsp;RVM_Thd_Print_Reg
<LI><a href="#[2c]">&gt;&gt;</a>&nbsp;&nbsp;&nbsp;RVM_Thd_Print_Exc
<LI><a href="#[16]">&gt;&gt;</a>&nbsp;&nbsp;&nbsp;RVM_Kfn_Act
<LI><a href="#[2a]">&gt;&gt;</a>&nbsp;&nbsp;&nbsp;RVM_Sig_Rcv
<LI><a href="#[2e]">&gt;&gt;</a>&nbsp;&nbsp;&nbsp;RVM_Sig_Snd
<LI><a href="#[2b]">&gt;&gt;</a>&nbsp;&nbsp;&nbsp;RVM_Thd_Sched_Rcv
<LI><a href="#[15]">&gt;&gt;</a>&nbsp;&nbsp;&nbsp;RVM_Log
<LI><a href="#[13]">&gt;&gt;</a>&nbsp;&nbsp;&nbsp;RVM_Str_Print
<LI><a href="#[d]">&gt;&gt;</a>&nbsp;&nbsp;&nbsp;RVM_Hex_Print
</UL>
<BR>[Address Reference Count : 1]<UL><LI> rvm_monitor.o(.text.RVM_Init)
</UL>
<P><STRONG><a name="[4]"></a>RVM_Vmmd</STRONG> (Thumb, 2092 bytes, Stack size 16 bytes, rvm_monitor.o(.text.RVM_Vmmd))
<BR><BR>[Stack]<UL><LI>Max Depth = 136<LI>Call Chain = RVM_Vmmd &rArr; _RVM_Virt_Recover &rArr; RVM_Thd_Print_Reg &rArr; RVM_Hex_Print
</UL>
<BR>[Calls]<UL><LI><a href="#[37]">&gt;&gt;</a>&nbsp;&nbsp;&nbsp;_RVM_Evtset_Handle
<LI><a href="#[36]">&gt;&gt;</a>&nbsp;&nbsp;&nbsp;_RVM_Vctset_Handle
<LI><a href="#[35]">&gt;&gt;</a>&nbsp;&nbsp;&nbsp;_RVM_Virt_Vct_Snd
<LI><a href="#[33]">&gt;&gt;</a>&nbsp;&nbsp;&nbsp;_RVM_Virt_Switch
<LI><a href="#[2d]">&gt;&gt;</a>&nbsp;&nbsp;&nbsp;_RVM_Virt_Recover
<LI><a href="#[27]">&gt;&gt;</a>&nbsp;&nbsp;&nbsp;__RVM_A7M_MSB_Get
<LI><a href="#[16]">&gt;&gt;</a>&nbsp;&nbsp;&nbsp;RVM_Kfn_Act
<LI><a href="#[2a]">&gt;&gt;</a>&nbsp;&nbsp;&nbsp;RVM_Sig_Rcv
<LI><a href="#[2e]">&gt;&gt;</a>&nbsp;&nbsp;&nbsp;RVM_Sig_Snd
<LI><a href="#[14]">&gt;&gt;</a>&nbsp;&nbsp;&nbsp;RVM_Thd_Sched_Prio
<LI><a href="#[18]">&gt;&gt;</a>&nbsp;&nbsp;&nbsp;RVM_List_Ins
<LI><a href="#[34]">&gt;&gt;</a>&nbsp;&nbsp;&nbsp;RVM_List_Del
<LI><a href="#[15]">&gt;&gt;</a>&nbsp;&nbsp;&nbsp;RVM_Log
<LI><a href="#[13]">&gt;&gt;</a>&nbsp;&nbsp;&nbsp;RVM_Str_Print
</UL>
<BR>[Address Reference Count : 1]<UL><LI> rvm_monitor.o(.text.RVM_Init)
</UL>
<P><STRONG><a name="[21]"></a>_RVM_Boot_Main_Crt</STRONG> (Thumb, 132 bytes, Stack size 24 bytes, rvm_monitor.o(.text._RVM_Boot_Main_Crt))
<BR><BR>[Stack]<UL><LI>Max Depth = 64<LI>Call Chain = _RVM_Boot_Main_Crt &rArr; RVM_Log
</UL>
<BR>[Calls]<UL><LI><a href="#[16]">&gt;&gt;</a>&nbsp;&nbsp;&nbsp;RVM_Kfn_Act
<LI><a href="#[b]">&gt;&gt;</a>&nbsp;&nbsp;&nbsp;RVM_Cpt_Crt
<LI><a href="#[15]">&gt;&gt;</a>&nbsp;&nbsp;&nbsp;RVM_Log
<LI><a href="#[13]">&gt;&gt;</a>&nbsp;&nbsp;&nbsp;RVM_Str_Print
<LI><a href="#[d]">&gt;&gt;</a>&nbsp;&nbsp;&nbsp;RVM_Hex_Print
<LI><a href="#[1b]">&gt;&gt;</a>&nbsp;&nbsp;&nbsp;RVM_Int_Print
</UL>
<BR>[Called By]<UL><LI><a href="#[11]">&gt;&gt;</a>&nbsp;&nbsp;&nbsp;RVM_Init
</UL>

<P><STRONG><a name="[2d]"></a>_RVM_Virt_Recover</STRONG> (Thumb, 984 bytes, Stack size 32 bytes, rvm_monitor.o(.text._RVM_Virt_Recover))
<BR><BR>[Stack]<UL><LI>Max Depth = 120<LI>Call Chain = _RVM_Virt_Recover &rArr; RVM_Thd_Print_Reg &rArr; RVM_Hex_Print
</UL>
<BR>[Calls]<UL><LI><a href="#[3a]">&gt;&gt;</a>&nbsp;&nbsp;&nbsp;_RVM_Wheel_Ins
<LI><a href="#[2f]">&gt;&gt;</a>&nbsp;&nbsp;&nbsp;RVM_Thd_Print_Reg
<LI><a href="#[1f]">&gt;&gt;</a>&nbsp;&nbsp;&nbsp;RVM_Stack_Init
<LI><a href="#[16]">&gt;&gt;</a>&nbsp;&nbsp;&nbsp;RVM_Kfn_Act
<LI><a href="#[26]">&gt;&gt;</a>&nbsp;&nbsp;&nbsp;RVM_Thd_Time_Xfer
<LI><a href="#[31]">&gt;&gt;</a>&nbsp;&nbsp;&nbsp;RVM_Thd_Sched_Free
<LI><a href="#[10]">&gt;&gt;</a>&nbsp;&nbsp;&nbsp;RVM_Hyp_Sched_Bind
<LI><a href="#[1e]">&gt;&gt;</a>&nbsp;&nbsp;&nbsp;RVM_Thd_Sched_Bind
<LI><a href="#[20]">&gt;&gt;</a>&nbsp;&nbsp;&nbsp;RVM_Thd_Exec_Set
<LI><a href="#[18]">&gt;&gt;</a>&nbsp;&nbsp;&nbsp;RVM_List_Ins
<LI><a href="#[34]">&gt;&gt;</a>&nbsp;&nbsp;&nbsp;RVM_List_Del
<LI><a href="#[19]">&gt;&gt;</a>&nbsp;&nbsp;&nbsp;RVM_Clear
<LI><a href="#[15]">&gt;&gt;</a>&nbsp;&nbsp;&nbsp;RVM_Log
<LI><a href="#[13]">&gt;&gt;</a>&nbsp;&nbsp;&nbsp;RVM_Str_Print
</UL>
<BR>[Called By]<UL><LI><a href="#[4]">&gt;&gt;</a>&nbsp;&nbsp;&nbsp;RVM_Vmmd
<LI><a href="#[2]">&gt;&gt;</a>&nbsp;&nbsp;&nbsp;RVM_Sftd
</UL>

<P><STRONG><a name="[33]"></a>_RVM_Virt_Switch</STRONG> (Thumb, 260 bytes, Stack size 24 bytes, rvm_monitor.o(.text._RVM_Virt_Switch))
<BR><BR>[Stack]<UL><LI>Max Depth = 64<LI>Call Chain = _RVM_Virt_Switch &rArr; RVM_Log
</UL>
<BR>[Calls]<UL><LI><a href="#[16]">&gt;&gt;</a>&nbsp;&nbsp;&nbsp;RVM_Kfn_Act
<LI><a href="#[32]">&gt;&gt;</a>&nbsp;&nbsp;&nbsp;RVM_Thd_Sched_Prio4
<LI><a href="#[28]">&gt;&gt;</a>&nbsp;&nbsp;&nbsp;RVM_Thd_Sched_Prio2
<LI><a href="#[15]">&gt;&gt;</a>&nbsp;&nbsp;&nbsp;RVM_Log
</UL>
<BR>[Called By]<UL><LI><a href="#[4]">&gt;&gt;</a>&nbsp;&nbsp;&nbsp;RVM_Vmmd
</UL>

<P><STRONG><a name="[35]"></a>_RVM_Virt_Vct_Snd</STRONG> (Thumb, 198 bytes, Stack size 32 bytes, rvm_monitor.o(.text._RVM_Virt_Vct_Snd))
<BR><BR>[Stack]<UL><LI>Max Depth = 72<LI>Call Chain = _RVM_Virt_Vct_Snd &rArr; RVM_Log
</UL>
<BR>[Calls]<UL><LI><a href="#[16]">&gt;&gt;</a>&nbsp;&nbsp;&nbsp;RVM_Kfn_Act
<LI><a href="#[2e]">&gt;&gt;</a>&nbsp;&nbsp;&nbsp;RVM_Sig_Snd
<LI><a href="#[18]">&gt;&gt;</a>&nbsp;&nbsp;&nbsp;RVM_List_Ins
<LI><a href="#[15]">&gt;&gt;</a>&nbsp;&nbsp;&nbsp;RVM_Log
</UL>
<BR>[Called By]<UL><LI><a href="#[37]">&gt;&gt;</a>&nbsp;&nbsp;&nbsp;_RVM_Evtset_Handle
<LI><a href="#[36]">&gt;&gt;</a>&nbsp;&nbsp;&nbsp;_RVM_Vctset_Handle
<LI><a href="#[4]">&gt;&gt;</a>&nbsp;&nbsp;&nbsp;RVM_Vmmd
</UL>

<P><STRONG><a name="[36]"></a>_RVM_Vctset_Handle</STRONG> (Thumb, 148 bytes, Stack size 32 bytes, rvm_monitor.o(.text._RVM_Vctset_Handle))
<BR><BR>[Stack]<UL><LI>Max Depth = 104<LI>Call Chain = _RVM_Vctset_Handle &rArr; _RVM_Virt_Vct_Snd &rArr; RVM_Log
</UL>
<BR>[Calls]<UL><LI><a href="#[35]">&gt;&gt;</a>&nbsp;&nbsp;&nbsp;_RVM_Virt_Vct_Snd
<LI><a href="#[27]">&gt;&gt;</a>&nbsp;&nbsp;&nbsp;__RVM_A7M_MSB_Get
<LI><a href="#[39]">&gt;&gt;</a>&nbsp;&nbsp;&nbsp;RVM_Vct_Filter
</UL>
<BR>[Called By]<UL><LI><a href="#[4]">&gt;&gt;</a>&nbsp;&nbsp;&nbsp;RVM_Vmmd
</UL>

<P><STRONG><a name="[37]"></a>_RVM_Evtset_Handle</STRONG> (Thumb, 120 bytes, Stack size 24 bytes, rvm_monitor.o(.text._RVM_Evtset_Handle))
<BR><BR>[Stack]<UL><LI>Max Depth = 96<LI>Call Chain = _RVM_Evtset_Handle &rArr; _RVM_Virt_Vct_Snd &rArr; RVM_Log
</UL>
<BR>[Calls]<UL><LI><a href="#[35]">&gt;&gt;</a>&nbsp;&nbsp;&nbsp;_RVM_Virt_Vct_Snd
<LI><a href="#[27]">&gt;&gt;</a>&nbsp;&nbsp;&nbsp;__RVM_A7M_MSB_Get
<LI><a href="#[38]">&gt;&gt;</a>&nbsp;&nbsp;&nbsp;RVM_Evt_Filter
</UL>
<BR>[Called By]<UL><LI><a href="#[4]">&gt;&gt;</a>&nbsp;&nbsp;&nbsp;RVM_Vmmd
</UL>

<P><STRONG><a name="[3a]"></a>_RVM_Wheel_Ins</STRONG> (Thumb, 128 bytes, Stack size 8 bytes, rvm_monitor.o(.text._RVM_Wheel_Ins))
<BR><BR>[Stack]<UL><LI>Max Depth = 8<LI>Call Chain = _RVM_Wheel_Ins
</UL>
<BR>[Calls]<UL><LI><a href="#[18]">&gt;&gt;</a>&nbsp;&nbsp;&nbsp;RVM_List_Ins
</UL>
<BR>[Called By]<UL><LI><a href="#[2d]">&gt;&gt;</a>&nbsp;&nbsp;&nbsp;_RVM_Virt_Recover
</UL>
<P>
<H3>
Undefined Global Symbols
</H3><HR></body></html>
