<html>
<body>
<pre>
<h1>µVision Build Log</h1>
<h2>Tool Versions:</h2>
IDE-Version: ¦ÌVision V5.37.0.0
Copyright (C) 2022 ARM Ltd and ARM Germany GmbH. All rights reserved.
License Information: feng 8618263261027, sdu, LIC=NQQMA-11CFK-SBTEJ-UCZ6Z-2NW0B-L9AED
 
Tool Versions:
Toolchain:       MDK-ARM Plus  Version: 5.37.0.0
Toolchain Path:  C:\Keil_v5\ARM\ARMCLANG\Bin
C Compiler:      ArmClang.exe V6.18
Assembler:       Armasm.exe V6.18
Linker/Locator:  ArmLink.exe V6.18
Library Manager: ArmAr.exe V6.18
Hex Converter:   FromElf.exe V6.18
CPU DLL:         SARMCM3.DLL V5.37.0.0
Dialog DLL:      DCM.DLL V1.17.5.0
Target DLL:      UL2CM3.DLL V1.164.7.0
Dialog DLL:      TCM.DLL V1.56.1.0
 
<h2>Project:</h2>
C:\Users\86182\Desktop\Code_Library\Stable_Fly\Monitor\Project\monitor.uvprojx
Project File Date:  05/28/2025

<h2>Output:</h2>
*** Using Compiler 'V6.18', folder: 'C:\Keil_v5\ARM\ARMCLANG\Bin'
Rebuild Project 'monitor' - Target 'Monitor'
assembling rvm_platform_a7m_armcc.s...
compiling rvm_platform_a7m.c...
compiling rvm_hook.c...
compiling rvm_boot.c...
compiling rvm_monitor.c...
compiling rvm_syslib.c...
linking...
Program Size: Code=17388 RO-data=4720 RW-data=0 ZI-data=2916  
FromELF: creating hex file...
After Build - User command #1: fromelf.exe --binCombined -o "C:\Users\86182\Desktop\Code_Library\Stable_Fly\Monitor\Project\Object\Monitor.bin" "C:\Users\86182\Desktop\Code_Library\Stable_Fly\Monitor\Project\Object\Monitor.axf"
After Build - User command #2: ../../../M7M02_Ammonite/Utility/M7M02_Final/bincopy.exe -i C:\Users\86182\Desktop\Code_Library\Stable_Fly\Monitor\Project\Object\Monitor.bin -o ./monitor_image.c
Size of image source file: 22108 bytes.
".\Object\Monitor.axf" - 0 Error(s), 0 Warning(s).

<h2>Software Packages used:</h2>

Package Vendor: Keil
                https://www.keil.com/pack/Keil.STM32F4xx_DFP.3.0.0.pack
                Keil.STM32F4xx_DFP.3.0.0
                STMicroelectronics STM32F4 Series Device Support

<h2>Collection of Component include folders:</h2>

<h2>Collection of Component Files used:</h2>
Build Time Elapsed:  00:00:03
</pre>
</body>
</html>
