Component: Arm Compiler for Embedded 6.18 Tool: armlink [5e4cc100]

==============================================================================

Section Cross References

    rmp_hook.o(.ARM.exidx.text.RMP_Init_Hook) refers to rmp_hook.o(.text.RMP_Init_Hook) for [Anonymous Symbol]
    rmp_hook.o(.text.RMP_Init_Idle) refers to rvm_virtlib.o(.text.RVM_Hyp_Vct_Wait) for RVM_Hyp_Vct_Wait
    rmp_hook.o(.ARM.exidx.text.RMP_Init_Idle) refers to rmp_hook.o(.text.RMP_Init_Idle) for [Anonymous Symbol]
    prc_flight_desc.o(.rodata.RVM_Desc) refers to prc_flight.o(.text.Thd_Vct) for Thd_Vct
    prc_flight_desc.o(.rodata.RVM_Desc) refers to rvm_platform_a7m_armcc.o(RVM_ENTRY) for __RVM_Entry
    prc_flight_desc.o(.rodata.RVM_Desc) refers to rvm_platform_a7m_armcc.o(__RVM_STUB) for __RVM_Stub
    prc_flight.o(.text.Thd_Vct) refers to prc_flight_desc.o(.rodata.RVM_Desc) for RVM_Desc
    prc_flight.o(.text.Thd_Vct) refers to rvm_virtlib.o(.text.RVM_Virt_Init) for RVM_Virt_Init
    prc_flight.o(.text.Thd_Vct) refers to rvm_virtlib.o(.text.RVM_Vct_Loop) for RVM_Vct_Loop
    prc_flight.o(.text.Thd_Vct) refers to prc_flight.o(.rodata.str1.1) for .L.str
    prc_flight.o(.text.Thd_Vct) refers to rvm_syslib.o(.text.RVM_Log) for RVM_Log
    prc_flight.o(.text.Thd_Vct) refers to rvm_virtlib.o(.text.RVM_Hyp_Reboot) for RVM_Hyp_Reboot
    prc_flight.o(.ARM.exidx.text.Thd_Vct) refers to prc_flight.o(.text.Thd_Vct) for [Anonymous Symbol]
    prc_flight.o(.text.RVM_Putchar) refers to rvm_virtlib.o(.text.RVM_Hyp_Putchar) for RVM_Hyp_Putchar
    prc_flight.o(.ARM.exidx.text.RVM_Putchar) refers to prc_flight.o(.text.RVM_Putchar) for [Anonymous Symbol]
    rvm_virtlib.o(.text.RVM_Virt_Init) refers to rvm_virtlib.o(.bss..L_MergedGlobals) for .L_MergedGlobals
    rvm_virtlib.o(.text.RVM_Virt_Init) refers to rvm_syslib.o(.text.RVM_Clear) for RVM_Clear
    rvm_virtlib.o(.ARM.exidx.text.RVM_Virt_Init) refers to rvm_virtlib.o(.text.RVM_Virt_Init) for [Anonymous Symbol]
    rvm_virtlib.o(.text.RVM_Virt_Vct_Reg) refers to rvm_virtlib.o(.bss..L_MergedGlobals) for .L_MergedGlobals
    rvm_virtlib.o(.ARM.exidx.text.RVM_Virt_Vct_Reg) refers to rvm_virtlib.o(.text.RVM_Virt_Vct_Reg) for [Anonymous Symbol]
    rvm_virtlib.o(.text.RVM_Virt_Vct_Trig) refers to rvm_virtlib.o(.bss..L_MergedGlobals) for .L_MergedGlobals
    rvm_virtlib.o(.text.RVM_Virt_Vct_Trig) refers to rvm_syslib.o(.text.RVM_Sig_Snd) for RVM_Sig_Snd
    rvm_virtlib.o(.text.RVM_Virt_Vct_Trig) refers to rvm_virtlib.o(.rodata.str1.1) for .L.str
    rvm_virtlib.o(.text.RVM_Virt_Vct_Trig) refers to rvm_syslib.o(.text.RVM_Log) for RVM_Log
    rvm_virtlib.o(.text.RVM_Virt_Vct_Trig) refers to rvm_virtlib.o(.text.RVM_Hyp_Reboot) for RVM_Hyp_Reboot
    rvm_virtlib.o(.ARM.exidx.text.RVM_Virt_Vct_Trig) refers to rvm_virtlib.o(.text.RVM_Virt_Vct_Trig) for [Anonymous Symbol]
    rvm_virtlib.o(.text.RVM_Hyp_Reboot) refers to rvm_syslib.o(.text.RVM_Sig_Snd) for RVM_Sig_Snd
    rvm_virtlib.o(.text.RVM_Hyp_Reboot) refers to rvm_virtlib.o(.rodata.str1.1) for .L.str
    rvm_virtlib.o(.text.RVM_Hyp_Reboot) refers to rvm_syslib.o(.text.RVM_Log) for RVM_Log
    rvm_virtlib.o(.ARM.exidx.text.RVM_Hyp_Reboot) refers to rvm_virtlib.o(.text.RVM_Hyp_Reboot) for [Anonymous Symbol]
    rvm_virtlib.o(.text.RVM_Virt_Tim_Reg) refers to rvm_virtlib.o(.bss..L_MergedGlobals) for .L_MergedGlobals
    rvm_virtlib.o(.ARM.exidx.text.RVM_Virt_Tim_Reg) refers to rvm_virtlib.o(.text.RVM_Virt_Tim_Reg) for [Anonymous Symbol]
    rvm_virtlib.o(.text.RVM_Virt_Ctx_Reg) refers to rvm_virtlib.o(.bss..L_MergedGlobals) for .L_MergedGlobals
    rvm_virtlib.o(.ARM.exidx.text.RVM_Virt_Ctx_Reg) refers to rvm_virtlib.o(.text.RVM_Virt_Ctx_Reg) for [Anonymous Symbol]
    rvm_virtlib.o(.text.RVM_Virt_Int_Mask) refers to rvm_virtlib.o(.bss..L_MergedGlobals) for .L_MergedGlobals
    rvm_virtlib.o(.ARM.exidx.text.RVM_Virt_Int_Mask) refers to rvm_virtlib.o(.text.RVM_Virt_Int_Mask) for [Anonymous Symbol]
    rvm_virtlib.o(.text.RVM_Virt_Int_Unmask) refers to rvm_virtlib.o(.bss..L_MergedGlobals) for .L_MergedGlobals
    rvm_virtlib.o(.text.RVM_Virt_Int_Unmask) refers to rvm_syslib.o(.text.RVM_Sig_Snd) for RVM_Sig_Snd
    rvm_virtlib.o(.text.RVM_Virt_Int_Unmask) refers to rvm_virtlib.o(.rodata.str1.1) for .L.str
    rvm_virtlib.o(.text.RVM_Virt_Int_Unmask) refers to rvm_syslib.o(.text.RVM_Log) for RVM_Log
    rvm_virtlib.o(.text.RVM_Virt_Int_Unmask) refers to rvm_virtlib.o(.text.RVM_Hyp_Reboot) for RVM_Hyp_Reboot
    rvm_virtlib.o(.ARM.exidx.text.RVM_Virt_Int_Unmask) refers to rvm_virtlib.o(.text.RVM_Virt_Int_Unmask) for [Anonymous Symbol]
    rvm_virtlib.o(.text.RVM_Virt_Yield) refers to rvm_virtlib.o(.bss..L_MergedGlobals) for .L_MergedGlobals
    rvm_virtlib.o(.text.RVM_Virt_Yield) refers to rvm_syslib.o(.text.RVM_Sig_Snd) for RVM_Sig_Snd
    rvm_virtlib.o(.text.RVM_Virt_Yield) refers to rvm_virtlib.o(.rodata.str1.1) for .L.str
    rvm_virtlib.o(.text.RVM_Virt_Yield) refers to rvm_syslib.o(.text.RVM_Log) for RVM_Log
[...]
    stabilizer.o(.text.stabilizerDataprocess) refers to stabilizer.o(.bss..L_MergedGlobals.3) for .L_MergedGlobals.3
    stabilizer.o(.text.stabilizerDataprocess) refers to stabilizer.o(.bss..L_MergedGlobals.5) for .L_MergedGlobals.5
    stabilizer.o(.ARM.exidx.text.stabilizerDataprocess) refers to stabilizer.o(.text.stabilizerDataprocess) for [Anonymous Symbol]
    stabilizer.o(.text.remoterCtrlProcess) refers to stabilizer.o(.bss..L_MergedGlobals.3) for .L_MergedGlobals.3
    stabilizer.o(.text.remoterCtrlProcess) refers to stabilizer.o(.bss..L_MergedGlobals.4) for .L_MergedGlobals.4
    stabilizer.o(.text.remoterCtrlProcess) refers to stabilizer.o(.bss..L_MergedGlobals.5) for .L_MergedGlobals.5
    stabilizer.o(.ARM.exidx.text.remoterCtrlProcess) refers to stabilizer.o(.text.remoterCtrlProcess) for [Anonymous Symbol]
    stabilizer.o(.text.attitudeDataprocess) refers to stabilizer.o(.bss..L_MergedGlobals.8) for .L_MergedGlobals.8
    stabilizer.o(.text.attitudeDataprocess) refers to stabilizer.o(.bss..L_MergedGlobals.7) for .L_MergedGlobals.7
    stabilizer.o(.text.attitudeDataprocess) refers to stabilizer.o(.bss..L_MergedGlobals.10) for .L_MergedGlobals.10
    stabilizer.o(.text.attitudeDataprocess) refers to stabilizer.o(.bss..L_MergedGlobals.9) for .L_MergedGlobals.9
    stabilizer.o(.text.attitudeDataprocess) refers to dflti.o(.text) for __aeabi_i2d
    stabilizer.o(.text.attitudeDataprocess) refers to dmul.o(.text) for __aeabi_dmul
    stabilizer.o(.text.attitudeDataprocess) refers to d2f.o(.text) for __aeabi_d2f
    stabilizer.o(.ARM.exidx.text.attitudeDataprocess) refers to stabilizer.o(.text.attitudeDataprocess) for [Anonymous Symbol]
    stabilizer.o(.text.positionDataprocess) refers to dflti.o(.text) for __aeabi_i2d
    stabilizer.o(.text.positionDataprocess) refers to dmul.o(.text) for __aeabi_dmul
    stabilizer.o(.text.positionDataprocess) refers to d2f.o(.text) for __aeabi_d2f
    stabilizer.o(.text.positionDataprocess) refers to stabilizer.o(.bss..L_MergedGlobals.11) for .L_MergedGlobals.11
    stabilizer.o(.text.positionDataprocess) refers to stabilizer.o(.bss.pidZ) for pidZ
    stabilizer.o(.text.positionDataprocess) refers to stabilizer.o(.bss..L_MergedGlobals.10) for .L_MergedGlobals.10
    stabilizer.o(.text.positionDataprocess) refers to stabilizer.o(.bss..L_MergedGlobals.12) for .L_MergedGlobals.12
    stabilizer.o(.ARM.exidx.text.positionDataprocess) refers to stabilizer.o(.text.positionDataprocess) for [Anonymous Symbol]
    stabilizer.o(.text.powerDataprocess) refers to stabilizer.o(.bss..L_MergedGlobals.3) for .L_MergedGlobals.3
    stabilizer.o(.text.powerDataprocess) refers to stabilizer.o(.bss..L_MergedGlobals.5) for .L_MergedGlobals.5
    stabilizer.o(.ARM.exidx.text.powerDataprocess) refers to stabilizer.o(.text.powerDataprocess) for [Anonymous Symbol]
    stabilizer.o(.text.stabilizerTask) refers to stabilizer.o(.bss..L_MergedGlobals.6) for .L_MergedGlobals.6
    stabilizer.o(.text.stabilizerTask) refers to stabilizer.o(.bss..L_MergedGlobals.7) for .L_MergedGlobals.7
    stabilizer.o(.text.stabilizerTask) refers to stabilizer.o(.bss..L_MergedGlobals.4) for .L_MergedGlobals.4
    stabilizer.o(.text.stabilizerTask) refers to rmp_kernel.o(.text.RMP_Msgq_Rcv) for RMP_Msgq_Rcv
    stabilizer.o(.text.stabilizerTask) refers to rvm_virtlib.o(.text.RVM_Virt_Int_Mask) for RVM_Virt_Int_Mask
    stabilizer.o(.text.stabilizerTask) refers to rmp_kernel.o(.text.RMP_List_Ins) for RMP_List_Ins
    stabilizer.o(.text.stabilizerTask) refers to rvm_virtlib.o(.text.RVM_Virt_Int_Unmask) for RVM_Virt_Int_Unmask
    stabilizer.o(.text.stabilizerTask) refers to stabilizer.o(.text.positionDataprocess) for positionDataprocess
    stabilizer.o(.text.stabilizerTask) refers to stabilizer.o(.bss..L_MergedGlobals.3) for .L_MergedGlobals.3
    stabilizer.o(.text.stabilizerTask) refers to stabilizer.o(.text.attitudeDataprocess) for attitudeDataprocess
    stabilizer.o(.text.stabilizerTask) refers to stabilizer.o(.bss..L_MergedGlobals.5) for .L_MergedGlobals.5
    stabilizer.o(.text.stabilizerTask) refers to stabilizer.o(.bss.state) for state
    stabilizer.o(.text.stabilizerTask) refers to stabilizer.o(.text.imuUpdate) for imuUpdate
    stabilizer.o(.text.stabilizerTask) refers to stabilizer.o(.text.positionEstimate) for positionEstimate
    stabilizer.o(.text.stabilizerTask) refers to stabilizer.o(.bss.setpoint) for setpoint
    stabilizer.o(.text.stabilizerTask) refers to stabilizer.o(.text.commanderGetSetpoint) for commanderGetSetpoint
    stabilizer.o(.text.stabilizerTask) refers to stabilizer.o(.text.stateControl) for stateControl
    stabilizer.o(.text.stabilizerTask) refers to stabilizer.o(.text.powerControl) for powerControl
    stabilizer.o(.ARM.exidx.text.stabilizerTask) refers to stabilizer.o(.text.stabilizerTask) for [Anonymous Symbol]
    stabilizer.o(.text.imuUpdate) refers to stabilizer.o(.bss..L_MergedGlobals.4) for .L_MergedGlobals.4
    stabilizer.o(.text.imuUpdate) refers to stabilizer.o(.data..L_MergedGlobals) for .L_MergedGlobals
    stabilizer.o(.text.imuUpdate) refers to stabilizer.o(.bss..L_MergedGlobals.3) for .L_MergedGlobals.3
    stabilizer.o(.text.imuUpdate) refers to asinf.o(i.__hardfp_asinf) for __hardfp_asinf
    stabilizer.o(.text.imuUpdate) refers to atan2f.o(i.__hardfp_atan2f) for __hardfp_atan2f
    stabilizer.o(.ARM.exidx.text.imuUpdate) refers to stabilizer.o(.text.imuUpdate) for [Anonymous Symbol]
    stabilizer.o(.text.positionEstimate) refers to stabilizer.o(.bss..L_MergedGlobals.3) for .L_MergedGlobals.3
    stabilizer.o(.text.positionEstimate) refers to stabilizer.o(.bss..L_MergedGlobals.4) for .L_MergedGlobals.4
    stabilizer.o(.text.positionEstimate) refers to atan2f.o(i.__hardfp_atan2f) for __hardfp_atan2f
    stabilizer.o(.text.positionEstimate) refers to cosf.o(i.__hardfp_cosf) for __hardfp_cosf
    stabilizer.o(.text.positionEstimate) refers to sinf.o(i.__hardfp_sinf) for __hardfp_sinf
    stabilizer.o(.text.positionEstimate) refers to stabilizer.o(.data..L_MergedGlobals) for .L_MergedGlobals
    stabilizer.o(.ARM.exidx.text.positionEstimate) refers to stabilizer.o(.text.positionEstimate) for [Anonymous Symbol]
    stabilizer.o(.text.getIsCalibrated) refers to stabilizer.o(.bss..L_MergedGlobals.3) for .L_MergedGlobals.3
    stabilizer.o(.ARM.exidx.text.getIsCalibrated) refers to stabilizer.o(.text.getIsCalibrated) for [Anonymous Symbol]
    stabilizer.o(.text.commanderGetSetpoint) refers to stabilizer.o(.bss..L_MergedGlobals.5) for .L_MergedGlobals.5
    stabilizer.o(.text.commanderGetSetpoint) refers to stabilizer.o(.bss..L_MergedGlobals.3) for .L_MergedGlobals.3
    stabilizer.o(.text.commanderGetSetpoint) refers to stabilizer.o(.bss..L_MergedGlobals.4) for .L_MergedGlobals.4
    stabilizer.o(.text.commanderGetSetpoint) refers to stabilizer.o(.data.configParam) for configParam
    stabilizer.o(.text.commanderGetSetpoint) refers to stabilizer.o(.data..L_MergedGlobals) for .L_MergedGlobals
    stabilizer.o(.text.commanderGetSetpoint) refers to cosf.o(i.__hardfp_cosf) for __hardfp_cosf
    stabilizer.o(.text.commanderGetSetpoint) refers to sinf.o(i.__hardfp_sinf) for __hardfp_sinf
    stabilizer.o(.ARM.exidx.text.commanderGetSetpoint) refers to stabilizer.o(.text.commanderGetSetpoint) for [Anonymous Symbol]
    stabilizer.o(.text.anomalDetec) refers to stabilizer.o(.bss..L_MergedGlobals.3) for .L_MergedGlobals.3
    stabilizer.o(.text.anomalDetec) refers to stabilizer.o(.bss..L_MergedGlobals.4) for .L_MergedGlobals.4
    stabilizer.o(.text.anomalDetec) refers to stabilizer.o(.bss..L_MergedGlobals.7) for .L_MergedGlobals.7
    stabilizer.o(.ARM.exidx.text.anomalDetec) refers to stabilizer.o(.text.anomalDetec) for [Anonymous Symbol]
    stabilizer.o(.text.stateControl) refers to stabilizer.o(.bss..L_MergedGlobals.4) for .L_MergedGlobals.4
    stabilizer.o(.text.stateControl) refers to stabilizer.o(.bss..L_MergedGlobals.5) for .L_MergedGlobals.5
    stabilizer.o(.text.stateControl) refers to stabilizer.o(.text.positionController) for positionController
    stabilizer.o(.text.stateControl) refers to stabilizer.o(.data.configParam) for configParam
    stabilizer.o(.text.stateControl) refers to stabilizer.o(.text.attitudeAnglePID) for attitudeAnglePID
    stabilizer.o(.text.stateControl) refers to stabilizer.o(.bss..L_MergedGlobals.7) for .L_MergedGlobals.7
    stabilizer.o(.text.stateControl) refers to stabilizer.o(.bss..L_MergedGlobals.8) for .L_MergedGlobals.8
    stabilizer.o(.text.stateControl) refers to stabilizer.o(.text.attitudeRatePID) for attitudeRatePID
    stabilizer.o(.text.stateControl) refers to stabilizer.o(.bss..L_MergedGlobals.3) for .L_MergedGlobals.3
    stabilizer.o(.text.stateControl) refers to stabilizer.o(.bss..L_MergedGlobals.9) for .L_MergedGlobals.9
    stabilizer.o(.text.stateControl) refers to stabilizer.o(.bss..L_MergedGlobals.10) for .L_MergedGlobals.10
    stabilizer.o(.text.stateControl) refers to stabilizer.o(.bss..L_MergedGlobals.11) for .L_MergedGlobals.11
    stabilizer.o(.text.stateControl) refers to stabilizer.o(.bss..L_MergedGlobals.12) for .L_MergedGlobals.12
    stabilizer.o(.text.stateControl) refers to stabilizer.o(.bss.pidZ) for pidZ
    stabilizer.o(.ARM.exidx.text.stateControl) refers to stabilizer.o(.text.stateControl) for [Anonymous Symbol]
    stabilizer.o(.text.powerControl) refers to stabilizer.o(.bss..L_MergedGlobals.5) for .L_MergedGlobals.5
    stabilizer.o(.text.powerControl) refers to stabilizer.o(.bss..L_MergedGlobals.3) for .L_MergedGlobals.3
    stabilizer.o(.text.powerControl) refers to stabilizer.o(.bss..L_MergedGlobals.4) for .L_MergedGlobals.4
    stabilizer.o(.ARM.exidx.text.powerControl) refers to stabilizer.o(.text.powerControl) for [Anonymous Symbol]
    stabilizer.o(.text.getAttitudeData) refers to stabilizer.o(.bss.state) for state
    stabilizer.o(.ARM.exidx.text.getAttitudeData) refers to stabilizer.o(.text.getAttitudeData) for [Anonymous Symbol]
    stabilizer.o(.text.getBaroData) refers to stabilizer.o(.bss..L_MergedGlobals.7) for .L_MergedGlobals.7
    stabilizer.o(.ARM.exidx.text.getBaroData) refers to stabilizer.o(.text.getBaroData) for [Anonymous Symbol]
    stabilizer.o(.text.getSensorData) refers to stabilizer.o(.bss..L_MergedGlobals.7) for .L_MergedGlobals.7
    stabilizer.o(.ARM.exidx.text.getSensorData) refers to stabilizer.o(.text.getSensorData) for [Anonymous Symbol]
    stabilizer.o(.text.getStateData) refers to stabilizer.o(.bss.state) for state
    stabilizer.o(.ARM.exidx.text.getStateData) refers to stabilizer.o(.text.getStateData) for [Anonymous Symbol]
    stabilizer.o(.text.getCommanderKeyFlight) refers to stabilizer.o(.bss..L_MergedGlobals.3) for .L_MergedGlobals.3
    stabilizer.o(.ARM.exidx.text.getCommanderKeyFlight) refers to stabilizer.o(.text.getCommanderKeyFlight) for [Anonymous Symbol]
    stabilizer.o(.text.setCommanderKeyFlight) refers to stabilizer.o(.bss..L_MergedGlobals.3) for .L_MergedGlobals.3
    stabilizer.o(.text.setCommanderKeyFlight) refers to stabilizer.o(.bss..L_MergedGlobals.4) for .L_MergedGlobals.4
    stabilizer.o(.ARM.exidx.text.setCommanderKeyFlight) refers to stabilizer.o(.text.setCommanderKeyFlight) for [Anonymous Symbol]
    stabilizer.o(.text.setCommanderKeyland) refers to stabilizer.o(.bss..L_MergedGlobals.3) for .L_MergedGlobals.3
    stabilizer.o(.ARM.exidx.text.setCommanderKeyland) refers to stabilizer.o(.text.setCommanderKeyland) for [Anonymous Symbol]
    stabilizer.o(.text.setCommanderCtrlMode) refers to stabilizer.o(.bss..L_MergedGlobals.3) for .L_MergedGlobals.3
    stabilizer.o(.ARM.exidx.text.setCommanderCtrlMode) refers to stabilizer.o(.text.setCommanderCtrlMode) for [Anonymous Symbol]
    stabilizer.o(.text.setCommanderFlightmode) refers to stabilizer.o(.bss..L_MergedGlobals.3) for .L_MergedGlobals.3
    stabilizer.o(.ARM.exidx.text.setCommanderFlightmode) refers to stabilizer.o(.text.setCommanderFlightmode) for [Anonymous Symbol]
    stabilizer.o(.text.flightCtrldataCache) refers to stabilizer.o(.bss..L_MergedGlobals.5) for .L_MergedGlobals.5
    stabilizer.o(.ARM.exidx.text.flightCtrldataCache) refers to stabilizer.o(.text.flightCtrldataCache) for [Anonymous Symbol]
    stabilizer.o(.text.getCommanderCtrlMode) refers to stabilizer.o(.bss..L_MergedGlobals.3) for .L_MergedGlobals.3
    stabilizer.o(.ARM.exidx.text.getCommanderCtrlMode) refers to stabilizer.o(.text.getCommanderCtrlMode) for [Anonymous Symbol]
    stabilizer.o(.text.imuTransformVectorBodyToEarth) refers to stabilizer.o(.bss..L_MergedGlobals.3) for .L_MergedGlobals.3
    stabilizer.o(.text.imuTransformVectorBodyToEarth) refers to stabilizer.o(.bss..L_MergedGlobals.4) for .L_MergedGlobals.4
    stabilizer.o(.text.imuTransformVectorBodyToEarth) refers to atan2f.o(i.__hardfp_atan2f) for __hardfp_atan2f
    stabilizer.o(.text.imuTransformVectorBodyToEarth) refers to cosf.o(i.__hardfp_cosf) for __hardfp_cosf
    stabilizer.o(.text.imuTransformVectorBodyToEarth) refers to sinf.o(i.__hardfp_sinf) for __hardfp_sinf
    stabilizer.o(.text.imuTransformVectorBodyToEarth) refers to stabilizer.o(.data..L_MergedGlobals) for .L_MergedGlobals
    stabilizer.o(.ARM.exidx.text.imuTransformVectorBodyToEarth) refers to stabilizer.o(.text.imuTransformVectorBodyToEarth) for [Anonymous Symbol]
    stabilizer.o(.ARM.exidx.text.applyDeadbandf) refers to stabilizer.o(.text.applyDeadbandf) for [Anonymous Symbol]
    stabilizer.o(.text.getCommanderKeyland) refers to stabilizer.o(.bss..L_MergedGlobals.3) for .L_MergedGlobals.3
    stabilizer.o(.ARM.exidx.text.getCommanderKeyland) refers to stabilizer.o(.text.getCommanderKeyland) for [Anonymous Symbol]
    stabilizer.o(.ARM.exidx.text.constrainf) refers to stabilizer.o(.text.constrainf) for [Anonymous Symbol]
    stabilizer.o(.text.imuTransformVectorEarthToBody) refers to stabilizer.o(.bss..L_MergedGlobals.3) for .L_MergedGlobals.3
    stabilizer.o(.text.imuTransformVectorEarthToBody) refers to stabilizer.o(.bss..L_MergedGlobals.4) for .L_MergedGlobals.4
    stabilizer.o(.ARM.exidx.text.imuTransformVectorEarthToBody) refers to stabilizer.o(.text.imuTransformVectorEarthToBody) for [Anonymous Symbol]
    stabilizer.o(.text.estRstHeight) refers to stabilizer.o(.bss..L_MergedGlobals.3) for .L_MergedGlobals.3
    stabilizer.o(.ARM.exidx.text.estRstHeight) refers to stabilizer.o(.text.estRstHeight) for [Anonymous Symbol]
    stabilizer.o(.text.estRstAll) refers to stabilizer.o(.bss..L_MergedGlobals.3) for .L_MergedGlobals.3
    stabilizer.o(.ARM.exidx.text.estRstAll) refers to stabilizer.o(.text.estRstAll) for [Anonymous Symbol]
    stabilizer.o(.text.imuComputeRotationMatrix) refers to stabilizer.o(.bss..L_MergedGlobals.3) for .L_MergedGlobals.3
    stabilizer.o(.text.imuComputeRotationMatrix) refers to stabilizer.o(.data..L_MergedGlobals) for .L_MergedGlobals
    stabilizer.o(.text.imuComputeRotationMatrix) refers to stabilizer.o(.bss..L_MergedGlobals.4) for .L_MergedGlobals.4
    stabilizer.o(.ARM.exidx.text.imuComputeRotationMatrix) refers to stabilizer.o(.text.imuComputeRotationMatrix) for [Anonymous Symbol]
    stabilizer.o(.text.setMotorPWM) refers to stabilizer.o(.bss..L_MergedGlobals.3) for .L_MergedGlobals.3
    stabilizer.o(.text.setMotorPWM) refers to stabilizer.o(.bss..L_MergedGlobals.5) for .L_MergedGlobals.5
    stabilizer.o(.ARM.exidx.text.setMotorPWM) refers to stabilizer.o(.text.setMotorPWM) for [Anonymous Symbol]
    stabilizer.o(.ARM.exidx.text.limitThrust) refers to stabilizer.o(.text.limitThrust) for [Anonymous Symbol]
    stabilizer.o(.text.flyerAutoLand) refers to stabilizer.o(.data..L_MergedGlobals) for .L_MergedGlobals
    stabilizer.o(.text.flyerAutoLand) refers to stabilizer.o(.bss..L_MergedGlobals.3) for .L_MergedGlobals.3
    stabilizer.o(.text.flyerAutoLand) refers to stabilizer.o(.bss..L_MergedGlobals.4) for .L_MergedGlobals.4
    stabilizer.o(.ARM.exidx.text.flyerAutoLand) refers to stabilizer.o(.text.flyerAutoLand) for [Anonymous Symbol]
    stabilizer.o(.text.getAltholdThrust) refers to stabilizer.o(.data..L_MergedGlobals) for .L_MergedGlobals
    stabilizer.o(.ARM.exidx.text.getAltholdThrust) refers to stabilizer.o(.text.getAltholdThrust) for [Anonymous Symbol]
    stabilizer.o(.text.attitudeControlInit) refers to stabilizer.o(.data.configParam) for configParam
    stabilizer.o(.text.attitudeControlInit) refers to stabilizer.o(.bss..L_MergedGlobals.7) for .L_MergedGlobals.7
    stabilizer.o(.text.attitudeControlInit) refers to stabilizer.o(.bss..L_MergedGlobals.8) for .L_MergedGlobals.8
    stabilizer.o(.text.attitudeControlInit) refers to stabilizer.o(.bss..L_MergedGlobals.9) for .L_MergedGlobals.9
    stabilizer.o(.text.attitudeControlInit) refers to stabilizer.o(.bss..L_MergedGlobals.10) for .L_MergedGlobals.10
    stabilizer.o(.ARM.exidx.text.attitudeControlInit) refers to stabilizer.o(.text.attitudeControlInit) for [Anonymous Symbol]
    stabilizer.o(.text.positionControlInit) refers to stabilizer.o(.data.configParam) for configParam
    stabilizer.o(.text.positionControlInit) refers to stabilizer.o(.bss..L_MergedGlobals.10) for .L_MergedGlobals.10
    stabilizer.o(.text.positionControlInit) refers to stabilizer.o(.bss..L_MergedGlobals.11) for .L_MergedGlobals.11
    stabilizer.o(.text.positionControlInit) refers to stabilizer.o(.bss..L_MergedGlobals.12) for .L_MergedGlobals.12
    stabilizer.o(.text.positionControlInit) refers to stabilizer.o(.bss.pidZ) for pidZ
    stabilizer.o(.ARM.exidx.text.positionControlInit) refers to stabilizer.o(.text.positionControlInit) for [Anonymous Symbol]
    stabilizer.o(.text.positionController) refers to stabilizer.o(.bss..L_MergedGlobals.12) for .L_MergedGlobals.12
    stabilizer.o(.text.positionController) refers to stabilizer.o(.bss.pidZ) for pidZ
    stabilizer.o(.text.positionController) refers to stabilizer.o(.bss..L_MergedGlobals.10) for .L_MergedGlobals.10
    stabilizer.o(.text.positionController) refers to stabilizer.o(.bss..L_MergedGlobals.11) for .L_MergedGlobals.11
    stabilizer.o(.text.positionController) refers to stabilizer.o(.data..L_MergedGlobals) for .L_MergedGlobals
    stabilizer.o(.text.positionController) refers to stabilizer.o(.bss..L_MergedGlobals.3) for .L_MergedGlobals.3
    stabilizer.o(.text.positionController) refers to stabilizer.o(.data.configParam) for configParam
    stabilizer.o(.ARM.exidx.text.positionController) refers to stabilizer.o(.text.positionController) for [Anonymous Symbol]
    stabilizer.o(.text.attitudeAnglePID) refers to stabilizer.o(.bss..L_MergedGlobals.7) for .L_MergedGlobals.7
    stabilizer.o(.text.attitudeAnglePID) refers to stabilizer.o(.bss..L_MergedGlobals.8) for .L_MergedGlobals.8
    stabilizer.o(.ARM.exidx.text.attitudeAnglePID) refers to stabilizer.o(.text.attitudeAnglePID) for [Anonymous Symbol]
    stabilizer.o(.text.attitudeControllerResetRollAttitudePID) refers to stabilizer.o(.bss..L_MergedGlobals.7) for .L_MergedGlobals.7
    stabilizer.o(.ARM.exidx.text.attitudeControllerResetRollAttitudePID) refers to stabilizer.o(.text.attitudeControllerResetRollAttitudePID) for [Anonymous Symbol]
    stabilizer.o(.text.attitudeControllerResetPitchAttitudePID) refers to stabilizer.o(.bss..L_MergedGlobals.8) for .L_MergedGlobals.8
    stabilizer.o(.ARM.exidx.text.attitudeControllerResetPitchAttitudePID) refers to stabilizer.o(.text.attitudeControllerResetPitchAttitudePID) for [Anonymous Symbol]
    stabilizer.o(.text.attitudeRatePID) refers to stabilizer.o(.bss..L_MergedGlobals.9) for .L_MergedGlobals.9
    stabilizer.o(.text.attitudeRatePID) refers to stabilizer.o(.bss..L_MergedGlobals.10) for .L_MergedGlobals.10
    stabilizer.o(.ARM.exidx.text.attitudeRatePID) refers to stabilizer.o(.text.attitudeRatePID) for [Anonymous Symbol]
    stabilizer.o(.text.attitudeResetAllPID) refers to stabilizer.o(.bss..L_MergedGlobals.7) for .L_MergedGlobals.7
    stabilizer.o(.text.attitudeResetAllPID) refers to stabilizer.o(.bss..L_MergedGlobals.8) for .L_MergedGlobals.8
    stabilizer.o(.text.attitudeResetAllPID) refers to stabilizer.o(.bss..L_MergedGlobals.9) for .L_MergedGlobals.9
    stabilizer.o(.text.attitudeResetAllPID) refers to stabilizer.o(.bss..L_MergedGlobals.10) for .L_MergedGlobals.10
    stabilizer.o(.ARM.exidx.text.attitudeResetAllPID) refers to stabilizer.o(.text.attitudeResetAllPID) for [Anonymous Symbol]
    stabilizer.o(.text.positionResetAllPID) refers to stabilizer.o(.bss..L_MergedGlobals.10) for .L_MergedGlobals.10
    stabilizer.o(.text.positionResetAllPID) refers to stabilizer.o(.bss..L_MergedGlobals.11) for .L_MergedGlobals.11
    stabilizer.o(.text.positionResetAllPID) refers to stabilizer.o(.bss..L_MergedGlobals.12) for .L_MergedGlobals.12
    stabilizer.o(.text.positionResetAllPID) refers to stabilizer.o(.bss.pidZ) for pidZ
    stabilizer.o(.ARM.exidx.text.positionResetAllPID) refers to stabilizer.o(.text.positionResetAllPID) for [Anonymous Symbol]
    stabilizer.o(.ARM.exidx.text.pidInit) refers to stabilizer.o(.text.pidInit) for [Anonymous Symbol]
    stabilizer.o(.ARM.exidx.text.pidSetIntegralLimit) refers to stabilizer.o(.text.pidSetIntegralLimit) for [Anonymous Symbol]
    stabilizer.o(.ARM.exidx.text.pidUpdate) refers to stabilizer.o(.text.pidUpdate) for [Anonymous Symbol]
    stabilizer.o(.ARM.exidx.text.pidReset) refers to stabilizer.o(.text.pidReset) for [Anonymous Symbol]
    stabilizer.o(.ARM.exidx.text.pidSetOutputLimit) refers to stabilizer.o(.text.pidSetOutputLimit) for [Anonymous Symbol]
    asinf.o(i.__hardfp_asinf) refers (Special) to iusefp.o(.text) for __I$use$fp
    asinf.o(i.__hardfp_asinf) refers to sqrtf.o(i.sqrtf) for sqrtf
    asinf.o(i.__hardfp_asinf) refers to fpclassifyf.o(i.__ARM_fpclassifyf) for __ARM_fpclassifyf
    asinf.o(i.__hardfp_asinf) refers to funder.o(i.__mathlib_flt_underflow) for __mathlib_flt_underflow
    asinf.o(i.__hardfp_asinf) refers to funder.o(i.__mathlib_flt_infnan) for __mathlib_flt_infnan
    asinf.o(i.__hardfp_asinf) refers to errno.o(i.__set_errno) for __set_errno
    asinf.o(i.__hardfp_asinf) refers to funder.o(i.__mathlib_flt_invalid) for __mathlib_flt_invalid
    asinf.o(i.__softfp_asinf) refers (Special) to iusefp.o(.text) for __I$use$fp
    asinf.o(i.__softfp_asinf) refers to asinf.o(i.__hardfp_asinf) for __hardfp_asinf
    asinf.o(i.asinf) refers (Special) to iusefp.o(.text) for __I$use$fp
    asinf.o(i.asinf) refers to asinf.o(i.__hardfp_asinf) for __hardfp_asinf
    atan2f.o(i.__hardfp_atan2f) refers (Special) to iusefp.o(.text) for __I$use$fp
    atan2f.o(i.__hardfp_atan2f) refers to fpclassifyf.o(i.__ARM_fpclassifyf) for __ARM_fpclassifyf
    atan2f.o(i.__hardfp_atan2f) refers to funder.o(i.__mathlib_flt_underflow) for __mathlib_flt_underflow
    atan2f.o(i.__hardfp_atan2f) refers to errno.o(i.__set_errno) for __set_errno
    atan2f.o(i.__hardfp_atan2f) refers to funder.o(i.__mathlib_flt_infnan2) for __mathlib_flt_infnan2
    atan2f.o(i.__softfp_atan2f) refers (Special) to iusefp.o(.text) for __I$use$fp
    atan2f.o(i.__softfp_atan2f) refers to atan2f.o(i.__hardfp_atan2f) for __hardfp_atan2f
    atan2f.o(i.atan2f) refers (Special) to iusefp.o(.text) for __I$use$fp
    atan2f.o(i.atan2f) refers to atan2f.o(i.__hardfp_atan2f) for __hardfp_atan2f
    cosf.o(i.__hardfp_cosf) refers (Special) to iusefp.o(.text) for __I$use$fp
    cosf.o(i.__hardfp_cosf) refers to rredf.o(i.__mathlib_rredf2) for __mathlib_rredf2
    cosf.o(i.__hardfp_cosf) refers to errno.o(i.__set_errno) for __set_errno
    cosf.o(i.__hardfp_cosf) refers to funder.o(i.__mathlib_flt_invalid) for __mathlib_flt_invalid
    cosf.o(i.__hardfp_cosf) refers to funder.o(i.__mathlib_flt_infnan) for __mathlib_flt_infnan
    cosf.o(i.__softfp_cosf) refers (Special) to iusefp.o(.text) for __I$use$fp
    cosf.o(i.__softfp_cosf) refers to cosf.o(i.__hardfp_cosf) for __hardfp_cosf
    cosf.o(i.cosf) refers (Special) to iusefp.o(.text) for __I$use$fp
    cosf.o(i.cosf) refers to cosf.o(i.__hardfp_cosf) for __hardfp_cosf
    sinf.o(i.__hardfp_sinf) refers (Special) to iusefp.o(.text) for __I$use$fp
    sinf.o(i.__hardfp_sinf) refers to rredf.o(i.__mathlib_rredf2) for __mathlib_rredf2
    sinf.o(i.__hardfp_sinf) refers to fpclassifyf.o(i.__ARM_fpclassifyf) for __ARM_fpclassifyf
    sinf.o(i.__hardfp_sinf) refers to funder.o(i.__mathlib_flt_underflow) for __mathlib_flt_underflow
    sinf.o(i.__hardfp_sinf) refers to errno.o(i.__set_errno) for __set_errno
    sinf.o(i.__hardfp_sinf) refers to funder.o(i.__mathlib_flt_invalid) for __mathlib_flt_invalid
    sinf.o(i.__hardfp_sinf) refers to funder.o(i.__mathlib_flt_infnan) for __mathlib_flt_infnan
    sinf.o(i.__softfp_sinf) refers (Special) to iusefp.o(.text) for __I$use$fp
    sinf.o(i.__softfp_sinf) refers to sinf.o(i.__hardfp_sinf) for __hardfp_sinf
    sinf.o(i.sinf) refers (Special) to iusefp.o(.text) for __I$use$fp
    sinf.o(i.sinf) refers to sinf.o(i.__hardfp_sinf) for __hardfp_sinf
    entry.o(.ARM.Collect$$$$00000000) refers (Special) to entry10a.o(.ARM.Collect$$$$0000000D) for __rt_final_cpp
    entry.o(.ARM.Collect$$$$00000000) refers (Special) to entry11a.o(.ARM.Collect$$$$0000000F) for __rt_final_exit
    entry.o(.ARM.Collect$$$$00000000) refers (Special) to entry7b.o(.ARM.Collect$$$$00000008) for _main_clock
    entry.o(.ARM.Collect$$$$00000000) refers (Special) to entry8b.o(.ARM.Collect$$$$0000000A) for _main_cpp_init
    entry.o(.ARM.Collect$$$$00000000) refers (Special) to entry9a.o(.ARM.Collect$$$$0000000B) for _main_init
    entry.o(.ARM.Collect$$$$00000000) refers (Special) to entry5.o(.ARM.Collect$$$$00000004) for _main_scatterload
    entry.o(.ARM.Collect$$$$00000000) refers (Special) to entry4.o(.ARM.Collect$$$$00000003) for _main_stk
    dmul.o(.text) refers (Special) to iusefp.o(.text) for __I$use$fp
    dmul.o(.text) refers to depilogue.o(.text) for _double_epilogue
    dflti.o(.text) refers (Special) to iusefp.o(.text) for __I$use$fp
    dflti.o(.text) refers to depilogue.o(.text) for _double_epilogue
    d2f.o(.text) refers (Special) to iusefp.o(.text) for __I$use$fp
    d2f.o(.text) refers to fepilogue.o(.text) for _float_round
    fpclassifyf.o(i.__ARM_fpclassifyf) refers (Special) to iusefp.o(.text) for __I$use$fp
    rredf.o(i.__mathlib_rredf2) refers (Special) to iusefp.o(.text) for __I$use$fp
    rredf.o(i.__mathlib_rredf2) refers to rredf.o(.constdata) for .constdata
    rredf.o(.constdata) refers (Special) to iusefp.o(.text) for __I$use$fp
    sqrtf.o(i.__hardfp_sqrtf) refers (Special) to iusefp.o(.text) for __I$use$fp
    sqrtf.o(i.__hardfp_sqrtf) refers to errno.o(i.__set_errno) for __set_errno
    sqrtf.o(i.__softfp_sqrtf) refers (Special) to iusefp.o(.text) for __I$use$fp
    sqrtf.o(i.__softfp_sqrtf) refers to errno.o(i.__set_errno) for __set_errno
    sqrtf.o(i.sqrtf) refers (Special) to iusefp.o(.text) for __I$use$fp
    sqrtf.o(i.sqrtf) refers to errno.o(i.__set_errno) for __set_errno
    entry4.o(.ARM.Collect$$$$00000003) refers to entry4.o(.ARM.Collect$$$$00002714) for __lit__00000000
    entry4.o(__vectab_stack_and_reset_area) refers to entry.o(.ARM.Collect$$$$00000000) for __main
    entry5.o(.ARM.Collect$$$$00000004) refers to init.o(.text) for __scatterload
    entry9a.o(.ARM.Collect$$$$0000000B) refers to rmp_kernel.o(.text.main) for main
    entry9b.o(.ARM.Collect$$$$0000000C) refers to rmp_kernel.o(.text.main) for main
    errno.o(i.__aeabi_errno_addr) refers to errno.o(.data) for .data
    errno.o(i.__read_errno) refers to errno.o(.data) for .data
    errno.o(i.__set_errno) refers to errno.o(.data) for .data
    fepilogue.o(.text) refers (Special) to iusefp.o(.text) for __I$use$fp
    depilogue.o(.text) refers (Special) to iusefp.o(.text) for __I$use$fp
    depilogue.o(.text) refers to llshl.o(.text) for __aeabi_llsl
    depilogue.o(.text) refers to llushr.o(.text) for __aeabi_llsr
    init.o(.text) refers to entry5.o(.ARM.Collect$$$$00000004) for __main_after_scatterload


==============================================================================

Removing Unused input sections from the image.

    Removing rmp_hook.o(.text), (0 bytes).
    Removing rmp_hook.o(.ARM.exidx.text.RMP_Init_Hook), (8 bytes).
    Removing rmp_hook.o(.ARM.exidx.text.RMP_Init_Idle), (8 bytes).
    Removing prc_flight_desc.o(.text), (0 bytes).
    Removing prc_flight.o(.text), (0 bytes).
    Removing prc_flight.o(.ARM.exidx.text.Thd_Vct), (8 bytes).
    Removing prc_flight.o(.ARM.exidx.text.RVM_Putchar), (8 bytes).
    Removing rvm_virtlib.o(.text), (0 bytes).
    Removing rvm_virtlib.o(.ARM.exidx.text.RVM_Virt_Init), (8 bytes).
    Removing rvm_virtlib.o(.text.RVM_Virt_Vct_Reg), (28 bytes).
    Removing rvm_virtlib.o(.ARM.exidx.text.RVM_Virt_Vct_Reg), (8 bytes).
    Removing rvm_virtlib.o(.text.RVM_Virt_Vct_Trig), (106 bytes).
    Removing rvm_virtlib.o(.ARM.exidx.text.RVM_Virt_Vct_Trig), (8 bytes).
    Removing rvm_virtlib.o(.ARM.exidx.text.RVM_Hyp_Reboot), (8 bytes).
    Removing rvm_virtlib.o(.ARM.exidx.text.RVM_Virt_Tim_Reg), (8 bytes).
    Removing rvm_virtlib.o(.ARM.exidx.text.RVM_Virt_Ctx_Reg), (8 bytes).
    Removing rvm_virtlib.o(.ARM.exidx.text.RVM_Virt_Int_Mask), (8 bytes).
    Removing rvm_virtlib.o(.ARM.exidx.text.RVM_Virt_Int_Unmask), (8 bytes).
    Removing rvm_virtlib.o(.ARM.exidx.text.RVM_Virt_Yield), (8 bytes).
    Removing rvm_virtlib.o(.text.RVM_Hyp), (166 bytes).
    Removing rvm_virtlib.o(.ARM.exidx.text.RVM_Hyp), (8 bytes).
    Removing rvm_virtlib.o(.ARM.exidx.text.RVM_Hyp_Putchar), (8 bytes).
    Removing rvm_virtlib.o(.ARM.exidx.text.RVM_Hyp_Int_Ena), (8 bytes).
    Removing rvm_virtlib.o(.text.RVM_Hyp_Int_Dis), (184 bytes).
    Removing rvm_virtlib.o(.ARM.exidx.text.RVM_Hyp_Int_Dis), (8 bytes).
    Removing rvm_virtlib.o(.text.RVM_Hyp_Vct_Phys), (168 bytes).
    Removing rvm_virtlib.o(.ARM.exidx.text.RVM_Hyp_Vct_Phys), (8 bytes).
    Removing rvm_virtlib.o(.text.RVM_Hyp_Vct_Evt), (168 bytes).
    Removing rvm_virtlib.o(.ARM.exidx.text.RVM_Hyp_Vct_Evt), (8 bytes).
    Removing rvm_virtlib.o(.text.RVM_Hyp_Vct_Del), (164 bytes).
    Removing rvm_virtlib.o(.ARM.exidx.text.RVM_Hyp_Vct_Del), (8 bytes).
    Removing rvm_virtlib.o(.text.RVM_Hyp_Evt_Add), (164 bytes).
    Removing rvm_virtlib.o(.ARM.exidx.text.RVM_Hyp_Evt_Add), (8 bytes).
    Removing rvm_virtlib.o(.text.RVM_Hyp_Evt_Del), (164 bytes).
    Removing rvm_virtlib.o(.ARM.exidx.text.RVM_Hyp_Evt_Del), (8 bytes).
    Removing rvm_virtlib.o(.text.RVM_Hyp_Vct_Lck), (168 bytes).
    Removing rvm_virtlib.o(.ARM.exidx.text.RVM_Hyp_Vct_Lck), (8 bytes).
    Removing rvm_virtlib.o(.ARM.exidx.text.RVM_Hyp_Vct_Wait), (8 bytes).
    Removing rvm_virtlib.o(.text.RVM_Hyp_Evt_Snd), (168 bytes).
    Removing rvm_virtlib.o(.ARM.exidx.text.RVM_Hyp_Evt_Snd), (8 bytes).
    Removing rvm_virtlib.o(.text.RVM_Hyp_Wdg_Clr), (172 bytes).
    Removing rvm_virtlib.o(.ARM.exidx.text.RVM_Hyp_Wdg_Clr), (8 bytes).
    Removing rvm_virtlib.o(.text.RVM_Vct_Get), (130 bytes).
    Removing rvm_virtlib.o(.ARM.exidx.text.RVM_Vct_Get), (8 bytes).
    Removing rvm_virtlib.o(.ARM.exidx.text.RVM_Vct_Loop), (8 bytes).
    Removing rvm_syslib.o(.text), (0 bytes).
    Removing rvm_syslib.o(.text.RVM_Int_Print), (262 bytes).
    Removing rvm_syslib.o(.ARM.exidx.text.RVM_Int_Print), (8 bytes).
    Removing rvm_syslib.o(.text.RVM_Hex_Print), (168 bytes).
    Removing rvm_syslib.o(.ARM.exidx.text.RVM_Hex_Print), (8 bytes).
    Removing rvm_syslib.o(.text.RVM_Str_Print), (30 bytes).
    Removing rvm_syslib.o(.ARM.exidx.text.RVM_Str_Print), (8 bytes).
    Removing rvm_syslib.o(.ARM.exidx.text.RVM_Log), (8 bytes).
    Removing rvm_syslib.o(.ARM.exidx.text.RVM_Clear), (8 bytes).
    Removing rvm_syslib.o(.text.RVM_List_Crt), (6 bytes).
    Removing rvm_syslib.o(.ARM.exidx.text.RVM_List_Crt), (8 bytes).
    Removing rvm_syslib.o(.text.RVM_List_Del), (6 bytes).
    Removing rvm_syslib.o(.ARM.exidx.text.RVM_List_Del), (8 bytes).
    Removing rvm_syslib.o(.text.RVM_List_Ins), (10 bytes).
    Removing rvm_syslib.o(.ARM.exidx.text.RVM_List_Ins), (8 bytes).
    Removing rvm_syslib.o(.text._RVM_MSB_Generic), (46 bytes).
    Removing rvm_syslib.o(.ARM.exidx.text._RVM_MSB_Generic), (8 bytes).
    Removing rvm_syslib.o(.text._RVM_LSB_Generic), (44 bytes).
    Removing rvm_syslib.o(.ARM.exidx.text._RVM_LSB_Generic), (8 bytes).
    Removing rvm_syslib.o(.text.RVM_Cpt_Crt), (18 bytes).
    Removing rvm_syslib.o(.ARM.exidx.text.RVM_Cpt_Crt), (8 bytes).
    Removing rvm_syslib.o(.text.RVM_Cpt_Del), (12 bytes).
    Removing rvm_syslib.o(.ARM.exidx.text.RVM_Cpt_Del), (8 bytes).
    Removing rvm_syslib.o(.text.RVM_Cpt_Frz), (12 bytes).
    Removing rvm_syslib.o(.ARM.exidx.text.RVM_Cpt_Frz), (8 bytes).
    Removing rvm_syslib.o(.text.RVM_Cpt_Add), (22 bytes).
    Removing rvm_syslib.o(.ARM.exidx.text.RVM_Cpt_Add), (8 bytes).
    Removing rvm_syslib.o(.text.RVM_Cpt_Pgt), (40 bytes).
    Removing rvm_syslib.o(.ARM.exidx.text.RVM_Cpt_Pgt), (8 bytes).
    Removing rvm_syslib.o(.text.RVM_Cpt_Kfn), (30 bytes).
    Removing rvm_syslib.o(.ARM.exidx.text.RVM_Cpt_Kfn), (8 bytes).
    Removing rvm_syslib.o(.text.RVM_Cpt_Kom), (56 bytes).
    Removing rvm_syslib.o(.ARM.exidx.text.RVM_Cpt_Kom), (8 bytes).
    Removing rvm_syslib.o(.text.RVM_Cpt_Rem), (12 bytes).
    Removing rvm_syslib.o(.ARM.exidx.text.RVM_Cpt_Rem), (8 bytes).
    Removing rvm_syslib.o(.text.RVM_Pgt_Crt), (44 bytes).
    Removing rvm_syslib.o(.ARM.exidx.text.RVM_Pgt_Crt), (8 bytes).
    Removing rvm_syslib.o(.text.RVM_Pgt_Del), (12 bytes).
    Removing rvm_syslib.o(.ARM.exidx.text.RVM_Pgt_Del), (8 bytes).
    Removing rvm_syslib.o(.text.RVM_Pgt_Add), (36 bytes).
    Removing rvm_syslib.o(.ARM.exidx.text.RVM_Pgt_Add), (8 bytes).
    Removing rvm_syslib.o(.text.RVM_Pgt_Rem), (14 bytes).
    Removing rvm_syslib.o(.ARM.exidx.text.RVM_Pgt_Rem), (8 bytes).
    Removing rvm_syslib.o(.text.RVM_Pgt_Con), (16 bytes).
    Removing rvm_syslib.o(.ARM.exidx.text.RVM_Pgt_Con), (8 bytes).
    Removing rvm_syslib.o(.text.RVM_Pgt_Des), (14 bytes).
    Removing rvm_syslib.o(.ARM.exidx.text.RVM_Pgt_Des), (8 bytes).
    Removing rvm_syslib.o(.text.RVM_Prc_Crt), (8 bytes).
    Removing rvm_syslib.o(.ARM.exidx.text.RVM_Prc_Crt), (8 bytes).
    Removing rvm_syslib.o(.text.RVM_Prc_Del), (12 bytes).
    Removing rvm_syslib.o(.ARM.exidx.text.RVM_Prc_Del), (8 bytes).
    Removing rvm_syslib.o(.text.RVM_Prc_Cpt), (14 bytes).
    Removing rvm_syslib.o(.ARM.exidx.text.RVM_Prc_Cpt), (8 bytes).
    Removing rvm_syslib.o(.text.RVM_Prc_Pgt), (14 bytes).
    Removing rvm_syslib.o(.ARM.exidx.text.RVM_Prc_Pgt), (8 bytes).
    Removing rvm_syslib.o(.text.RVM_Thd_Crt), (36 bytes).
    Removing rvm_syslib.o(.ARM.exidx.text.RVM_Thd_Crt), (8 bytes).
    Removing rvm_syslib.o(.text.RVM_Hyp_Crt), (36 bytes).
    Removing rvm_syslib.o(.ARM.exidx.text.RVM_Hyp_Crt), (8 bytes).
    Removing rvm_syslib.o(.text.RVM_Thd_Del), (12 bytes).
    Removing rvm_syslib.o(.ARM.exidx.text.RVM_Thd_Del), (8 bytes).
    Removing rvm_syslib.o(.text.RVM_Thd_Exec_Set), (8 bytes).
    Removing rvm_syslib.o(.ARM.exidx.text.RVM_Thd_Exec_Set), (8 bytes).
    Removing rvm_syslib.o(.text.RVM_Thd_Sched_Bind), (22 bytes).
    Removing rvm_syslib.o(.ARM.exidx.text.RVM_Thd_Sched_Bind), (8 bytes).
    Removing rvm_syslib.o(.text.RVM_Hyp_Sched_Bind), (32 bytes).
    Removing rvm_syslib.o(.ARM.exidx.text.RVM_Hyp_Sched_Bind), (8 bytes).
    Removing rvm_syslib.o(.text.RVM_Thd_Sched_Prio), (18 bytes).
    Removing rvm_syslib.o(.ARM.exidx.text.RVM_Thd_Sched_Prio), (8 bytes).
    Removing rvm_syslib.o(.text.RVM_Thd_Sched_Prio2), (28 bytes).
    Removing rvm_syslib.o(.ARM.exidx.text.RVM_Thd_Sched_Prio2), (8 bytes).
    Removing rvm_syslib.o(.text.RVM_Thd_Sched_Prio3), (42 bytes).
    Removing rvm_syslib.o(.ARM.exidx.text.RVM_Thd_Sched_Prio3), (8 bytes).
    Removing rvm_syslib.o(.text.RVM_Thd_Sched_Prio4), (58 bytes).
    Removing rvm_syslib.o(.ARM.exidx.text.RVM_Thd_Sched_Prio4), (8 bytes).
    Removing rvm_syslib.o(.text.RVM_Thd_Sched_Free), (14 bytes).
    Removing rvm_syslib.o(.ARM.exidx.text.RVM_Thd_Sched_Free), (8 bytes).
    Removing rvm_syslib.o(.text.RVM_Thd_Sched_Rcv), (14 bytes).
    Removing rvm_syslib.o(.ARM.exidx.text.RVM_Thd_Sched_Rcv), (8 bytes).
    Removing rvm_syslib.o(.text.RVM_Thd_Time_Xfer), (14 bytes).
    Removing rvm_syslib.o(.ARM.exidx.text.RVM_Thd_Time_Xfer), (8 bytes).
    Removing rvm_syslib.o(.text.RVM_Thd_Swt), (14 bytes).
    Removing rvm_syslib.o(.ARM.exidx.text.RVM_Thd_Swt), (8 bytes).
    Removing rvm_syslib.o(.text.RVM_Sig_Crt), (12 bytes).
    Removing rvm_syslib.o(.ARM.exidx.text.RVM_Sig_Crt), (8 bytes).
    Removing rvm_syslib.o(.text.RVM_Sig_Del), (12 bytes).
    Removing rvm_syslib.o(.ARM.exidx.text.RVM_Sig_Del), (8 bytes).
    Removing rvm_syslib.o(.ARM.exidx.text.RVM_Sig_Snd), (8 bytes).
    Removing rvm_syslib.o(.ARM.exidx.text.RVM_Sig_Rcv), (8 bytes).
    Removing rvm_syslib.o(.text.RVM_Inv_Crt), (18 bytes).
    Removing rvm_syslib.o(.ARM.exidx.text.RVM_Inv_Crt), (8 bytes).
    Removing rvm_syslib.o(.text.RVM_Inv_Del), (12 bytes).
    Removing rvm_syslib.o(.ARM.exidx.text.RVM_Inv_Del), (8 bytes).
    Removing rvm_syslib.o(.text.RVM_Inv_Set), (18 bytes).
    Removing rvm_syslib.o(.ARM.exidx.text.RVM_Inv_Set), (8 bytes).
    Removing rvm_syslib.o(.text.RVM_Kfn_Act), (18 bytes).
    Removing rvm_syslib.o(.ARM.exidx.text.RVM_Kfn_Act), (8 bytes).
    Removing rvm_syslib.o(.rodata._RVM_MSB_Generic.Table), (256 bytes).
    Removing rvm_syslib.o(.rodata._RVM_LSB_Generic.Table), (256 bytes).
    Removing rvm_platform_a7m_armcc.o(__RVM_A7M_MSB_GET), (14 bytes).
    Removing rvm_platform_a7m_armcc.o(RVM_INV_ACT), (32 bytes).
    Removing rvm_platform_a7m_armcc.o(RVM_INV_RET), (16 bytes).
    Removing rvm_platform_a7m_armcc.o(RVM_A7M_SVC_KFN), (72 bytes).
    Removing rvm_platform_a7m.o(.text), (0 bytes).
    Removing rvm_platform_a7m.o(.text.RVM_Stack_Init), (26 bytes).
    Removing rvm_platform_a7m.o(.ARM.exidx.text.RVM_Stack_Init), (8 bytes).
    Removing rvm_platform_a7m.o(.text.RVM_Thd_Cop_Size), (10 bytes).
    Removing rvm_platform_a7m.o(.ARM.exidx.text.RVM_Thd_Cop_Size), (8 bytes).
    Removing rvm_platform_a7m.o(.text.RVM_A7M_Kfn_Act), (14 bytes).
    Removing rvm_platform_a7m.o(.ARM.exidx.text.RVM_A7M_Kfn_Act), (8 bytes).
    Removing rvm_platform_a7m.o(.text.RVM_A7M_Pgt_Entry_Mod), (26 bytes).
    Removing rvm_platform_a7m.o(.ARM.exidx.text.RVM_A7M_Pgt_Entry_Mod), (8 bytes).
    Removing rvm_platform_a7m.o(.text.RVM_A7M_Int_Local_Mod), (26 bytes).
    Removing rvm_platform_a7m.o(.ARM.exidx.text.RVM_A7M_Int_Local_Mod), (8 bytes).
    Removing rvm_platform_a7m.o(.text.RVM_A7M_Int_Local_Trig), (28 bytes).
    Removing rvm_platform_a7m.o(.ARM.exidx.text.RVM_A7M_Int_Local_Trig), (8 bytes).
    Removing rvm_platform_a7m.o(.text.RVM_A7M_Cache_Mod), (26 bytes).
    Removing rvm_platform_a7m.o(.ARM.exidx.text.RVM_A7M_Cache_Mod), (8 bytes).
    Removing rvm_platform_a7m.o(.text.RVM_A7M_Cache_Maint), (26 bytes).
    Removing rvm_platform_a7m.o(.ARM.exidx.text.RVM_A7M_Cache_Maint), (8 bytes).
    Removing rvm_platform_a7m.o(.text.RVM_A7M_Prfth_Mod), (26 bytes).
    Removing rvm_platform_a7m.o(.ARM.exidx.text.RVM_A7M_Prfth_Mod), (8 bytes).
    Removing rvm_platform_a7m.o(.text.RVM_A7M_Perf_CPU_Func), (36 bytes).
    Removing rvm_platform_a7m.o(.ARM.exidx.text.RVM_A7M_Perf_CPU_Func), (8 bytes).
    Removing rvm_platform_a7m.o(.text.RVM_A7M_Perf_Mon_Mod), (26 bytes).
    Removing rvm_platform_a7m.o(.ARM.exidx.text.RVM_A7M_Perf_Mon_Mod), (8 bytes).
    Removing rvm_platform_a7m.o(.text.RVM_A7M_Perf_Cycle_Mod), (42 bytes).
    Removing rvm_platform_a7m.o(.ARM.exidx.text.RVM_A7M_Perf_Cycle_Mod), (8 bytes).
    Removing rvm_platform_a7m.o(.text.RVM_A7M_Debug_Print), (28 bytes).
    Removing rvm_platform_a7m.o(.ARM.exidx.text.RVM_A7M_Debug_Print), (8 bytes).
    Removing rvm_platform_a7m.o(.text.RVM_A7M_Debug_Reg_Mod), (42 bytes).
    Removing rvm_platform_a7m.o(.ARM.exidx.text.RVM_A7M_Debug_Reg_Mod), (8 bytes).
    Removing rvm_platform_a7m.o(.text.RVM_A7M_Debug_Inv_Mod), (48 bytes).
    Removing rvm_platform_a7m.o(.ARM.exidx.text.RVM_A7M_Debug_Inv_Mod), (8 bytes).
    Removing rvm_platform_a7m.o(.text.RVM_A7M_Debug_Exc_Get), (42 bytes).
    Removing rvm_platform_a7m.o(.ARM.exidx.text.RVM_A7M_Debug_Exc_Get), (8 bytes).
    Removing rmp_platform_a7m_rvm.o(.text), (0 bytes).
    Removing rmp_platform_a7m_rvm.o(.text._RMP_Stack_Init), (112 bytes).
    Removing rmp_platform_a7m_rvm.o(.ARM.exidx.text._RMP_Stack_Init), (8 bytes).
    Removing rmp_platform_a7m_rvm.o(.ARM.exidx.text._RMP_Lowlvl_Init), (8 bytes).
    Removing rmp_platform_a7m_rvm.o(.ARM.exidx.text.RMP_SysTick_Handler), (8 bytes).
    Removing rmp_platform_a7m_rvm.o(.ARM.exidx.text.RMP_PendSV_Handler), (8 bytes).
    Removing rmp_platform_a7m_rvm.o(.ARM.exidx.text._RMP_Plat_Hook), (8 bytes).
    Removing rmp_platform_a7m_rvm.o(.ARM.exidx.text.RMP_Putchar), (8 bytes).
    Removing rmp_platform_a7m_rvm.o(.text.RMP_Int_Enable), (4 bytes).
    Removing rmp_platform_a7m_rvm.o(.ARM.exidx.text.RMP_Int_Enable), (8 bytes).
    Removing rmp_platform_a7m_rvm.o(.text.RMP_Int_Disable), (4 bytes).
    Removing rmp_platform_a7m_rvm.o(.ARM.exidx.text.RMP_Int_Disable), (8 bytes).
    Removing rmp_kernel.o(.text), (0 bytes).
    Removing rmp_kernel.o(.text.RMP_Int_Print), (262 bytes).
    Removing rmp_kernel.o(.ARM.exidx.text.RMP_Int_Print), (8 bytes).
    Removing rmp_kernel.o(.text.RMP_Hex_Print), (168 bytes).
    Removing rmp_kernel.o(.ARM.exidx.text.RMP_Hex_Print), (8 bytes).
    Removing rmp_kernel.o(.text.RMP_Str_Print), (30 bytes).
    Removing rmp_kernel.o(.ARM.exidx.text.RMP_Str_Print), (8 bytes).
    Removing rmp_kernel.o(.ARM.exidx.text.RMP_Log), (8 bytes).
    Removing rmp_kernel.o(.text.RMP_Clear), (88 bytes).
    Removing rmp_kernel.o(.ARM.exidx.text.RMP_Clear), (8 bytes).
    Removing rmp_kernel.o(.text.RMP_MSB_Generic), (46 bytes).
    Removing rmp_kernel.o(.ARM.exidx.text.RMP_MSB_Generic), (8 bytes).
    Removing rmp_kernel.o(.text.RMP_LSB_Generic), (44 bytes).
    Removing rmp_kernel.o(.ARM.exidx.text.RMP_LSB_Generic), (8 bytes).
    Removing rmp_kernel.o(.text.RMP_List_Crt), (6 bytes).
    Removing rmp_kernel.o(.ARM.exidx.text.RMP_List_Crt), (8 bytes).
    Removing rmp_kernel.o(.text.RMP_List_Del), (6 bytes).
    Removing rmp_kernel.o(.ARM.exidx.text.RMP_List_Del), (8 bytes).
    Removing rmp_kernel.o(.text.RMP_List_Ins), (10 bytes).
    Removing rmp_kernel.o(.ARM.exidx.text.RMP_List_Ins), (8 bytes).
    Removing rmp_kernel.o(.text.RMP_Sched_Lock), (22 bytes).
    Removing rmp_kernel.o(.ARM.exidx.text.RMP_Sched_Lock), (8 bytes).
    Removing rmp_kernel.o(.text.RMP_Sched_Unlock), (90 bytes).
    Removing rmp_kernel.o(.ARM.exidx.text.RMP_Sched_Unlock), (8 bytes).
    Removing rmp_kernel.o(.ARM.exidx.text._RMP_Run_High), (8 bytes).
    Removing rmp_kernel.o(.ARM.exidx.text._RMP_Tim_Handler), (8 bytes).
    Removing rmp_kernel.o(.text._RMP_Run_Ins), (80 bytes).
    Removing rmp_kernel.o(.ARM.exidx.text._RMP_Run_Ins), (8 bytes).
    Removing rmp_kernel.o(.text._RMP_Tim_Elapse), (58 bytes).
    Removing rmp_kernel.o(.ARM.exidx.text._RMP_Tim_Elapse), (8 bytes).
    Removing rmp_kernel.o(.text._RMP_Tim_Future), (48 bytes).
    Removing rmp_kernel.o(.ARM.exidx.text._RMP_Tim_Future), (8 bytes).
    Removing rmp_kernel.o(.text._RMP_Tim_Idle), (54 bytes).
    Removing rmp_kernel.o(.ARM.exidx.text._RMP_Tim_Idle), (8 bytes).
    Removing rmp_kernel.o(.text.RMP_Thd_Crt), (406 bytes).
    Removing rmp_kernel.o(.ARM.exidx.text.RMP_Thd_Crt), (8 bytes).
    Removing rmp_kernel.o(.text.RMP_Thd_Del), (690 bytes).
    Removing rmp_kernel.o(.ARM.exidx.text.RMP_Thd_Del), (8 bytes).
    Removing rmp_kernel.o(.text._RMP_Run_Del), (72 bytes).
    Removing rmp_kernel.o(.ARM.exidx.text._RMP_Run_Del), (8 bytes).
    Removing rmp_kernel.o(.text.RMP_Thd_Set), (334 bytes).
    Removing rmp_kernel.o(.ARM.exidx.text.RMP_Thd_Set), (8 bytes).
    Removing rmp_kernel.o(.text.RMP_Thd_Yield), (24 bytes).
    Removing rmp_kernel.o(.ARM.exidx.text.RMP_Thd_Yield), (8 bytes).
    Removing rmp_kernel.o(.text.RMP_Thd_Suspend), (414 bytes).
    Removing rmp_kernel.o(.ARM.exidx.text.RMP_Thd_Suspend), (8 bytes).
    Removing rmp_kernel.o(.text.RMP_Thd_Resume), (366 bytes).
    Removing rmp_kernel.o(.ARM.exidx.text.RMP_Thd_Resume), (8 bytes).
    Removing rmp_kernel.o(.text.RMP_Thd_Delay), (306 bytes).
    Removing rmp_kernel.o(.ARM.exidx.text.RMP_Thd_Delay), (8 bytes).
    Removing rmp_kernel.o(.text.RMP_Thd_Cancel), (374 bytes).
    Removing rmp_kernel.o(.ARM.exidx.text.RMP_Thd_Cancel), (8 bytes).
    Removing rmp_kernel.o(.text.RMP_Thd_Loop), (64 bytes).
    Removing rmp_kernel.o(.ARM.exidx.text.RMP_Thd_Loop), (8 bytes).
    Removing rmp_kernel.o(.text.RMP_Thd_Snd), (802 bytes).
    Removing rmp_kernel.o(.ARM.exidx.text.RMP_Thd_Snd), (8 bytes).
    Removing rmp_kernel.o(.text.RMP_Thd_Snd_ISR), (158 bytes).
    Removing rmp_kernel.o(.ARM.exidx.text.RMP_Thd_Snd_ISR), (8 bytes).
    Removing rmp_kernel.o(.text.RMP_Thd_Rcv), (982 bytes).
    Removing rmp_kernel.o(.ARM.exidx.text.RMP_Thd_Rcv), (8 bytes).
    Removing rmp_kernel.o(.text.RMP_Sem_Crt), (298 bytes).
    Removing rmp_kernel.o(.ARM.exidx.text.RMP_Sem_Crt), (8 bytes).
    Removing rmp_kernel.o(.text.RMP_Sem_Del), (338 bytes).
    Removing rmp_kernel.o(.ARM.exidx.text.RMP_Sem_Del), (8 bytes).
    Removing rmp_kernel.o(.text.RMP_Sem_Post), (518 bytes).
    Removing rmp_kernel.o(.ARM.exidx.text.RMP_Sem_Post), (8 bytes).
    Removing rmp_kernel.o(.text.RMP_Sem_Post_ISR), (248 bytes).
    Removing rmp_kernel.o(.ARM.exidx.text.RMP_Sem_Post_ISR), (8 bytes).
    Removing rmp_kernel.o(.text.RMP_Sem_Bcst), (366 bytes).
    Removing rmp_kernel.o(.ARM.exidx.text.RMP_Sem_Bcst), (8 bytes).
    Removing rmp_kernel.o(.text.RMP_Sem_Bcst_ISR), (180 bytes).
    Removing rmp_kernel.o(.ARM.exidx.text.RMP_Sem_Bcst_ISR), (8 bytes).
    Removing rmp_kernel.o(.text.RMP_Sem_Pend), (46 bytes).
    Removing rmp_kernel.o(.ARM.exidx.text.RMP_Sem_Pend), (8 bytes).
    Removing rmp_kernel.o(.text._RMP_Sem_Pend_Core), (586 bytes).
    Removing rmp_kernel.o(.ARM.exidx.text._RMP_Sem_Pend_Core), (8 bytes).
    Removing rmp_kernel.o(.text.RMP_Sem_Pend_Unlock), (198 bytes).
    Removing rmp_kernel.o(.ARM.exidx.text.RMP_Sem_Pend_Unlock), (8 bytes).
    Removing rmp_kernel.o(.text.RMP_Sem_Abort), (438 bytes).
    Removing rmp_kernel.o(.ARM.exidx.text.RMP_Sem_Abort), (8 bytes).
    Removing rmp_kernel.o(.text.RMP_Sem_Cnt), (206 bytes).
    Removing rmp_kernel.o(.ARM.exidx.text.RMP_Sem_Cnt), (8 bytes).
    Removing rmp_kernel.o(.ARM.exidx.text.RMP_Init), (8 bytes).
    Removing rmp_kernel.o(.ARM.exidx.text.main), (8 bytes).
    Removing rmp_kernel.o(.text.RMP_Mem_Init), (434 bytes).
    Removing rmp_kernel.o(.ARM.exidx.text.RMP_Mem_Init), (8 bytes).
    Removing rmp_kernel.o(.text._RMP_Mem_Ins), (88 bytes).
    Removing rmp_kernel.o(.ARM.exidx.text._RMP_Mem_Ins), (8 bytes).
    Removing rmp_kernel.o(.text.RMP_Malloc), (450 bytes).
    Removing rmp_kernel.o(.ARM.exidx.text.RMP_Malloc), (8 bytes).
    Removing rmp_kernel.o(.text._RMP_Mem_Del), (90 bytes).
    Removing rmp_kernel.o(.ARM.exidx.text._RMP_Mem_Del), (8 bytes).
    Removing rmp_kernel.o(.text.RMP_Free), (214 bytes).
    Removing rmp_kernel.o(.ARM.exidx.text.RMP_Free), (8 bytes).
    Removing rmp_kernel.o(.text.RMP_Realloc), (482 bytes).
    Removing rmp_kernel.o(.ARM.exidx.text.RMP_Realloc), (8 bytes).
    Removing rmp_kernel.o(.text.RMP_Fifo_Crt), (206 bytes).
    Removing rmp_kernel.o(.ARM.exidx.text.RMP_Fifo_Crt), (8 bytes).
    Removing rmp_kernel.o(.text.RMP_Fifo_Del), (298 bytes).
    Removing rmp_kernel.o(.ARM.exidx.text.RMP_Fifo_Del), (8 bytes).
    Removing rmp_kernel.o(.text.RMP_Fifo_Read), (370 bytes).
    Removing rmp_kernel.o(.ARM.exidx.text.RMP_Fifo_Read), (8 bytes).
    Removing rmp_kernel.o(.text.RMP_Fifo_Write), (234 bytes).
    Removing rmp_kernel.o(.ARM.exidx.text.RMP_Fifo_Write), (8 bytes).
    Removing rmp_kernel.o(.text.RMP_Fifo_Write_ISR), (52 bytes).
    Removing rmp_kernel.o(.ARM.exidx.text.RMP_Fifo_Write_ISR), (8 bytes).
    Removing rmp_kernel.o(.text.RMP_Fifo_Cnt), (206 bytes).
    Removing rmp_kernel.o(.ARM.exidx.text.RMP_Fifo_Cnt), (8 bytes).
    Removing rmp_kernel.o(.text.RMP_Msgq_Crt), (294 bytes).
    Removing rmp_kernel.o(.ARM.exidx.text.RMP_Msgq_Crt), (8 bytes).
    Removing rmp_kernel.o(.text.RMP_Msgq_Del), (358 bytes).
    Removing rmp_kernel.o(.ARM.exidx.text.RMP_Msgq_Del), (8 bytes).
    Removing rmp_kernel.o(.text.RMP_Msgq_Snd), (370 bytes).
    Removing rmp_kernel.o(.ARM.exidx.text.RMP_Msgq_Snd), (8 bytes).
    Removing rmp_kernel.o(.text.RMP_Msgq_Snd_ISR), (114 bytes).
    Removing rmp_kernel.o(.ARM.exidx.text.RMP_Msgq_Snd_ISR), (8 bytes).
    Removing rmp_kernel.o(.text.RMP_Msgq_Rcv), (262 bytes).
    Removing rmp_kernel.o(.ARM.exidx.text.RMP_Msgq_Rcv), (8 bytes).
    Removing rmp_kernel.o(.text.RMP_Msgq_Cnt), (214 bytes).
    Removing rmp_kernel.o(.ARM.exidx.text.RMP_Msgq_Cnt), (8 bytes).
    Removing rmp_kernel.o(.text.RMP_Bmq_Crt), (240 bytes).
    Removing rmp_kernel.o(.ARM.exidx.text.RMP_Bmq_Crt), (8 bytes).
    Removing rmp_kernel.o(.text.RMP_Bmq_Del), (358 bytes).
    Removing rmp_kernel.o(.ARM.exidx.text.RMP_Bmq_Del), (8 bytes).
    Removing rmp_kernel.o(.text.RMP_Bmq_Snd), (114 bytes).
    Removing rmp_kernel.o(.ARM.exidx.text.RMP_Bmq_Snd), (8 bytes).
    Removing rmp_kernel.o(.text.RMP_Bmq_Snd_ISR), (138 bytes).
    Removing rmp_kernel.o(.ARM.exidx.text.RMP_Bmq_Snd_ISR), (8 bytes).
    Removing rmp_kernel.o(.text.RMP_Bmq_Rcv), (58 bytes).
    Removing rmp_kernel.o(.ARM.exidx.text.RMP_Bmq_Rcv), (8 bytes).
    Removing rmp_kernel.o(.text.RMP_Bmq_Cnt), (214 bytes).
    Removing rmp_kernel.o(.ARM.exidx.text.RMP_Bmq_Cnt), (8 bytes).
    Removing rmp_kernel.o(.text.RMP_Amgr_Crt), (258 bytes).
    Removing rmp_kernel.o(.ARM.exidx.text.RMP_Amgr_Crt), (8 bytes).
    Removing rmp_kernel.o(.text.RMP_Amgr_Del), (354 bytes).
    Removing rmp_kernel.o(.ARM.exidx.text.RMP_Amgr_Del), (8 bytes).
    Removing rmp_kernel.o(.text.RMP_Amgr_Pop), (326 bytes).
    Removing rmp_kernel.o(.ARM.exidx.text.RMP_Amgr_Pop), (8 bytes).
    Removing rmp_kernel.o(.text.RMP_Amgr_Proc), (134 bytes).
    Removing rmp_kernel.o(.ARM.exidx.text.RMP_Amgr_Proc), (8 bytes).
    Removing rmp_kernel.o(.text._RMP_Amgr_Expire), (158 bytes).
    Removing rmp_kernel.o(.ARM.exidx.text._RMP_Amgr_Expire), (8 bytes).
    Removing rmp_kernel.o(.text.RMP_Amgr_Cnt), (206 bytes).
    Removing rmp_kernel.o(.ARM.exidx.text.RMP_Amgr_Cnt), (8 bytes).
    Removing rmp_kernel.o(.text.RMP_Alrm_Init), (238 bytes).
    Removing rmp_kernel.o(.ARM.exidx.text.RMP_Alrm_Init), (8 bytes).
    Removing rmp_kernel.o(.text.RMP_Alrm_Set), (214 bytes).
    Removing rmp_kernel.o(.ARM.exidx.text.RMP_Alrm_Set), (8 bytes).
    Removing rmp_kernel.o(.text._RMP_Amgr_Ins), (218 bytes).
    Removing rmp_kernel.o(.ARM.exidx.text._RMP_Amgr_Ins), (8 bytes).
    Removing rmp_kernel.o(.text.RMP_Alrm_Clr), (202 bytes).
    Removing rmp_kernel.o(.ARM.exidx.text.RMP_Alrm_Clr), (8 bytes).
    Removing rmp_kernel.o(.text.RMP_Alrm_Trg), (118 bytes).
    Removing rmp_kernel.o(.ARM.exidx.text.RMP_Alrm_Trg), (8 bytes).
    Removing rmp_kernel.o(.rodata.RMP_MSB_Generic.Table), (256 bytes).
    Removing rmp_kernel.o(.rodata.RMP_LSB_Generic.Table), (256 bytes).
    Removing rmp_kernel.o(.ARM.use_no_argv), (4 bytes).
    Removing stabilizer.o(.text), (0 bytes).
    Removing stabilizer.o(.text.Sensor_Data_Read), (108 bytes).
    Removing stabilizer.o(.ARM.exidx.text.Sensor_Data_Read), (8 bytes).
    Removing stabilizer.o(.text.Remote_Data_Read), (90 bytes).
    Removing stabilizer.o(.ARM.exidx.text.Remote_Data_Read), (8 bytes).
    Removing stabilizer.o(.text.Contact_Sensor), (164 bytes).
    Removing stabilizer.o(.ARM.exidx.text.Contact_Sensor), (8 bytes).
    Removing stabilizer.o(.text.Contact_Remote), (152 bytes).
    Removing stabilizer.o(.ARM.exidx.text.Contact_Remote), (8 bytes).
    Removing stabilizer.o(.text.Int_Init), (186 bytes).
    Removing stabilizer.o(.ARM.exidx.text.Int_Init), (8 bytes).
    Removing stabilizer.o(.text.motorsInit), (712 bytes).
    Removing stabilizer.o(.ARM.exidx.text.motorsInit), (8 bytes).
    Removing stabilizer.o(.text.motorsTest), (84 bytes).
    Removing stabilizer.o(.ARM.exidx.text.motorsTest), (8 bytes).
    Removing stabilizer.o(.text.motorsSetRatio), (208 bytes).
    Removing stabilizer.o(.ARM.exidx.text.motorsSetRatio), (8 bytes).
    Removing stabilizer.o(.text.stabilizerInit), (32 bytes).
    Removing stabilizer.o(.ARM.exidx.text.stabilizerInit), (8 bytes).
    Removing stabilizer.o(.text.stateControlInit), (510 bytes).
    Removing stabilizer.o(.ARM.exidx.text.stateControlInit), (8 bytes).
    Removing stabilizer.o(.text.powerControlInit), (4 bytes).
    Removing stabilizer.o(.ARM.exidx.text.powerControlInit), (8 bytes).
    Removing stabilizer.o(.text.stabilizerTest), (84 bytes).
    Removing stabilizer.o(.ARM.exidx.text.stabilizerTest), (8 bytes).
    Removing stabilizer.o(.text.powerControlTest), (84 bytes).
    Removing stabilizer.o(.ARM.exidx.text.powerControlTest), (8 bytes).
    Removing stabilizer.o(.text.setFastAdjustPosParam), (54 bytes).
    Removing stabilizer.o(.ARM.exidx.text.setFastAdjustPosParam), (8 bytes).
    Removing stabilizer.o(.text.stabilizerDataprocess), (120 bytes).
    Removing stabilizer.o(.ARM.exidx.text.stabilizerDataprocess), (8 bytes).
    Removing stabilizer.o(.text.remoterCtrlProcess), (228 bytes).
    Removing stabilizer.o(.ARM.exidx.text.remoterCtrlProcess), (8 bytes).
    Removing stabilizer.o(.text.attitudeDataprocess), (432 bytes).
    Removing stabilizer.o(.ARM.exidx.text.attitudeDataprocess), (8 bytes).
    Removing stabilizer.o(.text.positionDataprocess), (568 bytes).
    Removing stabilizer.o(.ARM.exidx.text.positionDataprocess), (8 bytes).
    Removing stabilizer.o(.text.powerDataprocess), (62 bytes).
    Removing stabilizer.o(.ARM.exidx.text.powerDataprocess), (8 bytes).
    Removing stabilizer.o(.text.stabilizerTask), (1246 bytes).
    Removing stabilizer.o(.ARM.exidx.text.stabilizerTask), (8 bytes).
    Removing stabilizer.o(.text.imuUpdate), (980 bytes).
    Removing stabilizer.o(.ARM.exidx.text.imuUpdate), (8 bytes).
    Removing stabilizer.o(.text.positionEstimate), (1184 bytes).
    Removing stabilizer.o(.ARM.exidx.text.positionEstimate), (8 bytes).
    Removing stabilizer.o(.text.getIsCalibrated), (12 bytes).
    Removing stabilizer.o(.ARM.exidx.text.getIsCalibrated), (8 bytes).
    Removing stabilizer.o(.text.commanderGetSetpoint), (956 bytes).
    Removing stabilizer.o(.ARM.exidx.text.commanderGetSetpoint), (8 bytes).
    Removing stabilizer.o(.text.anomalDetec), (332 bytes).
    Removing stabilizer.o(.ARM.exidx.text.anomalDetec), (8 bytes).
    Removing stabilizer.o(.text.stateControl), (620 bytes).
    Removing stabilizer.o(.ARM.exidx.text.stateControl), (8 bytes).
    Removing stabilizer.o(.text.powerControl), (620 bytes).
    Removing stabilizer.o(.ARM.exidx.text.powerControl), (8 bytes).
    Removing stabilizer.o(.text.getAttitudeData), (38 bytes).
    Removing stabilizer.o(.ARM.exidx.text.getAttitudeData), (8 bytes).
    Removing stabilizer.o(.text.getBaroData), (14 bytes).
    Removing stabilizer.o(.ARM.exidx.text.getBaroData), (8 bytes).
    Removing stabilizer.o(.text.getSensorData), (48 bytes).
    Removing stabilizer.o(.ARM.exidx.text.getSensorData), (8 bytes).
    Removing stabilizer.o(.text.getStateData), (68 bytes).
    Removing stabilizer.o(.ARM.exidx.text.getStateData), (8 bytes).
    Removing stabilizer.o(.text.getCommanderKeyFlight), (16 bytes).
    Removing stabilizer.o(.ARM.exidx.text.getCommanderKeyFlight), (8 bytes).
    Removing stabilizer.o(.text.setCommanderKeyFlight), (42 bytes).
    Removing stabilizer.o(.ARM.exidx.text.setCommanderKeyFlight), (8 bytes).
    Removing stabilizer.o(.text.setCommanderKeyland), (22 bytes).
    Removing stabilizer.o(.ARM.exidx.text.setCommanderKeyland), (8 bytes).
    Removing stabilizer.o(.text.setCommanderCtrlMode), (24 bytes).
    Removing stabilizer.o(.ARM.exidx.text.setCommanderCtrlMode), (8 bytes).
    Removing stabilizer.o(.text.setCommanderFlightmode), (22 bytes).
    Removing stabilizer.o(.ARM.exidx.text.setCommanderFlightmode), (8 bytes).
    Removing stabilizer.o(.text.flightCtrldataCache), (34 bytes).
    Removing stabilizer.o(.ARM.exidx.text.flightCtrldataCache), (8 bytes).
    Removing stabilizer.o(.text.getCommanderCtrlMode), (16 bytes).
    Removing stabilizer.o(.ARM.exidx.text.getCommanderCtrlMode), (8 bytes).
    Removing stabilizer.o(.text.imuTransformVectorBodyToEarth), (228 bytes).
    Removing stabilizer.o(.ARM.exidx.text.imuTransformVectorBodyToEarth), (8 bytes).
    Removing stabilizer.o(.text.applyDeadbandf), (56 bytes).
    Removing stabilizer.o(.ARM.exidx.text.applyDeadbandf), (8 bytes).
    Removing stabilizer.o(.text.getCommanderKeyland), (16 bytes).
    Removing stabilizer.o(.ARM.exidx.text.getCommanderKeyland), (8 bytes).
    Removing stabilizer.o(.text.constrainf), (30 bytes).
    Removing stabilizer.o(.ARM.exidx.text.constrainf), (8 bytes).
    Removing stabilizer.o(.text.imuTransformVectorEarthToBody), (138 bytes).
    Removing stabilizer.o(.ARM.exidx.text.imuTransformVectorEarthToBody), (8 bytes).
    Removing stabilizer.o(.text.estRstHeight), (14 bytes).
    Removing stabilizer.o(.ARM.exidx.text.estRstHeight), (8 bytes).
    Removing stabilizer.o(.text.estRstAll), (14 bytes).
    Removing stabilizer.o(.ARM.exidx.text.estRstAll), (8 bytes).
    Removing stabilizer.o(.text.imuComputeRotationMatrix), (202 bytes).
    Removing stabilizer.o(.ARM.exidx.text.imuComputeRotationMatrix), (8 bytes).
    Removing stabilizer.o(.text.setMotorPWM), (34 bytes).
    Removing stabilizer.o(.ARM.exidx.text.setMotorPWM), (8 bytes).
    Removing stabilizer.o(.text.limitThrust), (18 bytes).
    Removing stabilizer.o(.ARM.exidx.text.limitThrust), (8 bytes).
    Removing stabilizer.o(.text.flyerAutoLand), (240 bytes).
    Removing stabilizer.o(.ARM.exidx.text.flyerAutoLand), (8 bytes).
    Removing stabilizer.o(.text.getAltholdThrust), (14 bytes).
    Removing stabilizer.o(.ARM.exidx.text.getAltholdThrust), (8 bytes).
    Removing stabilizer.o(.text.attitudeControlInit), (252 bytes).
    Removing stabilizer.o(.ARM.exidx.text.attitudeControlInit), (8 bytes).
    Removing stabilizer.o(.text.positionControlInit), (270 bytes).
    Removing stabilizer.o(.ARM.exidx.text.positionControlInit), (8 bytes).
    Removing stabilizer.o(.text.positionController), (1488 bytes).
    Removing stabilizer.o(.ARM.exidx.text.positionController), (8 bytes).
    Removing stabilizer.o(.text.attitudeAnglePID), (668 bytes).
    Removing stabilizer.o(.ARM.exidx.text.attitudeAnglePID), (8 bytes).
    Removing stabilizer.o(.text.attitudeControllerResetRollAttitudePID), (20 bytes).
    Removing stabilizer.o(.ARM.exidx.text.attitudeControllerResetRollAttitudePID), (8 bytes).
    Removing stabilizer.o(.text.attitudeControllerResetPitchAttitudePID), (20 bytes).
    Removing stabilizer.o(.ARM.exidx.text.attitudeControllerResetPitchAttitudePID), (8 bytes).
    Removing stabilizer.o(.text.attitudeRatePID), (744 bytes).
    Removing stabilizer.o(.ARM.exidx.text.attitudeRatePID), (8 bytes).
    Removing stabilizer.o(.text.attitudeResetAllPID), (84 bytes).
    Removing stabilizer.o(.ARM.exidx.text.attitudeResetAllPID), (8 bytes).
    Removing stabilizer.o(.text.positionResetAllPID), (84 bytes).
    Removing stabilizer.o(.ARM.exidx.text.positionResetAllPID), (8 bytes).
    Removing stabilizer.o(.text.pidInit), (38 bytes).
    Removing stabilizer.o(.ARM.exidx.text.pidInit), (8 bytes).
    Removing stabilizer.o(.text.pidSetIntegralLimit), (6 bytes).
    Removing stabilizer.o(.ARM.exidx.text.pidSetIntegralLimit), (8 bytes).
    Removing stabilizer.o(.text.pidUpdate), (196 bytes).
    Removing stabilizer.o(.ARM.exidx.text.pidUpdate), (8 bytes).
    Removing stabilizer.o(.text.pidReset), (12 bytes).
    Removing stabilizer.o(.ARM.exidx.text.pidReset), (8 bytes).
    Removing stabilizer.o(.text.pidSetOutputLimit), (6 bytes).
    Removing stabilizer.o(.ARM.exidx.text.pidSetOutputLimit), (8 bytes).
    Removing stabilizer.o(.data.configParam), (156 bytes).
    Removing stabilizer.o(.bss.msgarray_sensor), (132 bytes).
    Removing stabilizer.o(.bss.msgarray_remote), (120 bytes).
    Removing stabilizer.o(.bss.isInit), (1 bytes).
    Removing stabilizer.o(.bss.state), (88 bytes).
    Removing stabilizer.o(.bss.setpoint), (76 bytes).
    Removing stabilizer.o(.bss.timestamp), (4 bytes).
    Removing stabilizer.o(.bss.pidZ), (60 bytes).
    Removing stabilizer.o(.data..L_MergedGlobals), (32 bytes).
    Removing stabilizer.o(.bss..L_MergedGlobals.3), (124 bytes).
    Removing stabilizer.o(.bss..L_MergedGlobals.4), (112 bytes).
    Removing stabilizer.o(.bss..L_MergedGlobals.5), (116 bytes).
    Removing stabilizer.o(.bss..L_MergedGlobals.6), (104 bytes).
    Removing stabilizer.o(.bss..L_MergedGlobals.7), (96 bytes).
    Removing stabilizer.o(.bss..L_MergedGlobals.8), (120 bytes).
    Removing stabilizer.o(.bss..L_MergedGlobals.9), (120 bytes).
    Removing stabilizer.o(.bss..L_MergedGlobals.10), (120 bytes).
    Removing stabilizer.o(.bss..L_MergedGlobals.11), (120 bytes).
    Removing stabilizer.o(.bss..L_MergedGlobals.12), (120 bytes).
    Removing dmul.o(.text), (228 bytes).
    Removing dflti.o(.text), (34 bytes).
    Removing d2f.o(.text), (56 bytes).
    Removing fepilogue.o(.text), (110 bytes).
    Removing depilogue.o(.text), (186 bytes).

503 unused section(s) (total 42273 bytes) removed from the image.

==============================================================================

Image Symbol Table

    Local Symbols

    Symbol Name                              Value     Ov Type        Size  Object(Section)

    ../../../M5P01_Prokaron/Source/Platform/A7M_RVM/rmp_platform_a7m_rvm_armcc.s 0x00000000   Number         0  rmp_platform_a7m_rvm_armcc.o ABSOLUTE
    ../../../M7M02_Ammonite/Source/Platform/A7M/rvm_platform_a7m_armcc.s 0x00000000   Number         0  rvm_platform_a7m_armcc.o ABSOLUTE
    ../clib/microlib/errno.c                 0x00000000   Number         0  errno.o ABSOLUTE
    ../clib/microlib/init/entry.s            0x00000000   Number         0  entry.o ABSOLUTE
    ../clib/microlib/init/entry.s            0x00000000   Number         0  entry4.o ABSOLUTE
    ../clib/microlib/init/entry.s            0x00000000   Number         0  entry5.o ABSOLUTE
    ../clib/microlib/init/entry.s            0x00000000   Number         0  entry7a.o ABSOLUTE
    ../clib/microlib/init/entry.s            0x00000000   Number         0  entry7b.o ABSOLUTE
    ../clib/microlib/init/entry.s            0x00000000   Number         0  entry8a.o ABSOLUTE
    ../clib/microlib/init/entry.s            0x00000000   Number         0  entry8b.o ABSOLUTE
    ../clib/microlib/init/entry.s            0x00000000   Number         0  entry9a.o ABSOLUTE
    ../clib/microlib/init/entry.s            0x00000000   Number         0  entry9b.o ABSOLUTE
    ../clib/microlib/init/entry.s            0x00000000   Number         0  entry10a.o ABSOLUTE
    ../clib/microlib/init/entry.s            0x00000000   Number         0  entry10b.o ABSOLUTE
    ../clib/microlib/init/entry.s            0x00000000   Number         0  entry11a.o ABSOLUTE
    ../clib/microlib/init/entry.s            0x00000000   Number         0  entry11b.o ABSOLUTE
    ../clib/microlib/longlong.c              0x00000000   Number         0  llshl.o ABSOLUTE
    ../clib/microlib/longlong.c              0x00000000   Number         0  llushr.o ABSOLUTE
    ../clib/microlib/string/memcpy.c         0x00000000   Number         0  memcpya.o ABSOLUTE
    ../clib/microlib/string/memcpy.c         0x00000000   Number         0  memcpyb.o ABSOLUTE
    ../clib/microlib/stubs.s                 0x00000000   Number         0  iusefp.o ABSOLUTE
    ../fplib/microlib/d2f.c                  0x00000000   Number         0  d2f.o ABSOLUTE
    ../fplib/microlib/fpepilogue.c           0x00000000   Number         0  fepilogue.o ABSOLUTE
    ../fplib/microlib/fpepilogue.c           0x00000000   Number         0  depilogue.o ABSOLUTE
    ../fplib/microlib/fpflt.c                0x00000000   Number         0  dflti.o ABSOLUTE
    ../fplib/microlib/fpmul.c                0x00000000   Number         0  dmul.o ABSOLUTE
    ../mathlib/asinf.c                       0x00000000   Number         0  asinf.o ABSOLUTE
    ../mathlib/atan2f.c                      0x00000000   Number         0  atan2f.o ABSOLUTE
    ../mathlib/cosf.c                        0x00000000   Number         0  cosf.o ABSOLUTE
    ../mathlib/fpclassifyf.c                 0x00000000   Number         0  fpclassifyf.o ABSOLUTE
    ../mathlib/funder.c                      0x00000000   Number         0  funder.o ABSOLUTE
    ../mathlib/rredf.c                       0x00000000   Number         0  rredf.o ABSOLUTE
    ../mathlib/sinf.c                        0x00000000   Number         0  sinf.o ABSOLUTE
    ../mathlib/sqrtf.c                       0x00000000   Number         0  sqrtf.o ABSOLUTE
    dc.s                                     0x00000000   Number         0  dc.o ABSOLUTE
    handlers.s                               0x00000000   Number         0  handlers.o ABSOLUTE
    init.s                                   0x00000000   Number         0  init.o ABSOLUTE
    prc_flight.c                             0x00000000   Number         0  prc_flight.o ABSOLUTE
    prc_flight_desc.c                        0x00000000   Number         0  prc_flight_desc.o ABSOLUTE
    rmp_hook.c                               0x00000000   Number         0  rmp_hook.o ABSOLUTE
    rmp_kernel.c                             0x00000000   Number         0  rmp_kernel.o ABSOLUTE
    rmp_platform_a7m_rvm.c                   0x00000000   Number         0  rmp_platform_a7m_rvm.o ABSOLUTE
    rvm_platform_a7m.c                       0x00000000   Number         0  rvm_platform_a7m.o ABSOLUTE
    rvm_syslib.c                             0x00000000   Number         0  rvm_syslib.o ABSOLUTE
    rvm_virtlib.c                            0x00000000   Number         0  rvm_virtlib.o ABSOLUTE
    stabilizer.c                             0x00000000   Number         0  stabilizer.o ABSOLUTE
    $v0                                      0x08030020   Number         0  rvm_platform_a7m_armcc.o(RVM_ENTRY)
    RVM_ENTRY                                0x08030020   Section        8  rvm_platform_a7m_armcc.o(RVM_ENTRY)
    .ARM.Collect$$$$00000000                 0x08030028   Section        0  entry.o(.ARM.Collect$$$$00000000)
    .ARM.Collect$$$$00000003                 0x08030028   Section        4  entry4.o(.ARM.Collect$$$$00000003)
    .ARM.Collect$$$$00000004                 0x0803002c   Section        4  entry5.o(.ARM.Collect$$$$00000004)
    .ARM.Collect$$$$00000008                 0x08030030   Section        0  entry7b.o(.ARM.Collect$$$$00000008)
    .ARM.Collect$$$$0000000A                 0x08030030   Section        0  entry8b.o(.ARM.Collect$$$$0000000A)
    .ARM.Collect$$$$0000000B                 0x08030030   Section        8  entry9a.o(.ARM.Collect$$$$0000000B)
    __lit__00000000                          0x08030038   Data           4  entry4.o(.ARM.Collect$$$$00002714)
    .ARM.Collect$$$$0000000D                 0x08030038   Section        0  entry10a.o(.ARM.Collect$$$$0000000D)
    .ARM.Collect$$$$0000000F                 0x08030038   Section        0  entry11a.o(.ARM.Collect$$$$0000000F)
    .ARM.Collect$$$$00002714                 0x08030038   Section        4  entry4.o(.ARM.Collect$$$$00002714)
    .text                                    0x0803003c   Section       36  init.o(.text)
    [Anonymous Symbol]                       0x08030060   Section        0  rmp_kernel.o(.text.RMP_Init)
    [Anonymous Symbol]                       0x080300cc   Section        0  rmp_hook.o(.text.RMP_Init_Hook)
    [Anonymous Symbol]                       0x080300d0   Section        0  rmp_hook.o(.text.RMP_Init_Idle)
    [Anonymous Symbol]                       0x080300d4   Section        0  rmp_kernel.o(.text.RMP_Log)
    RMP_PendSV_Handler                       0x08030339   Thumb Code   392  rmp_platform_a7m_rvm.o(.text.RMP_PendSV_Handler)
    [Anonymous Symbol]                       0x08030338   Section        0  rmp_platform_a7m_rvm.o(.text.RMP_PendSV_Handler)
    [Anonymous Symbol]                       0x080304c0   Section        0  rmp_platform_a7m_rvm.o(.text.RMP_Putchar)
    RMP_SysTick_Handler                      0x080304c5   Thumb Code     6  rmp_platform_a7m_rvm.o(.text.RMP_SysTick_Handler)
    [Anonymous Symbol]                       0x080304c4   Section        0  rmp_platform_a7m_rvm.o(.text.RMP_SysTick_Handler)
    [Anonymous Symbol]                       0x080304cc   Section        0  rvm_syslib.o(.text.RVM_Clear)
    [Anonymous Symbol]                       0x08030524   Section        0  rvm_virtlib.o(.text.RVM_Hyp_Int_Ena)
    [Anonymous Symbol]                       0x08030618   Section        0  rvm_virtlib.o(.text.RVM_Hyp_Putchar)
    [Anonymous Symbol]                       0x080306bc   Section        0  rvm_virtlib.o(.text.RVM_Hyp_Reboot)
    [Anonymous Symbol]                       0x08030768   Section        0  rvm_virtlib.o(.text.RVM_Hyp_Vct_Wait)
    [Anonymous Symbol]                       0x08030814   Section        0  rvm_syslib.o(.text.RVM_Log)
    [Anonymous Symbol]                       0x08030a7c   Section        0  prc_flight.o(.text.RVM_Putchar)
    [Anonymous Symbol]                       0x08030a80   Section        0  rvm_syslib.o(.text.RVM_Sig_Rcv)
    [Anonymous Symbol]                       0x08030a90   Section        0  rvm_syslib.o(.text.RVM_Sig_Snd)
    [Anonymous Symbol]                       0x08030aa0   Section        0  rvm_virtlib.o(.text.RVM_Vct_Loop)
    [Anonymous Symbol]                       0x08030c00   Section        0  rvm_virtlib.o(.text.RVM_Virt_Ctx_Reg)
    [Anonymous Symbol]                       0x08030c0c   Section        0  rvm_virtlib.o(.text.RVM_Virt_Init)
    [Anonymous Symbol]                       0x08030c3c   Section        0  rvm_virtlib.o(.text.RVM_Virt_Int_Mask)
    [Anonymous Symbol]                       0x08030c4c   Section        0  rvm_virtlib.o(.text.RVM_Virt_Int_Unmask)
    [Anonymous Symbol]                       0x08030c9c   Section        0  rvm_virtlib.o(.text.RVM_Virt_Tim_Reg)
    [Anonymous Symbol]                       0x08030ca8   Section        0  rvm_virtlib.o(.text.RVM_Virt_Yield)
    [Anonymous Symbol]                       0x08030d08   Section        0  prc_flight.o(.text.Thd_Vct)
    [Anonymous Symbol]                       0x08030d84   Section        0  rmp_platform_a7m_rvm.o(.text._RMP_Lowlvl_Init)
    [Anonymous Symbol]                       0x08030da4   Section        0  rmp_platform_a7m_rvm.o(.text._RMP_Plat_Hook)
    [Anonymous Symbol]                       0x08030e1c   Section        0  rmp_kernel.o(.text._RMP_Run_High)
    [Anonymous Symbol]                       0x08030ebc   Section        0  rmp_kernel.o(.text._RMP_Tim_Handler)
    [Anonymous Symbol]                       0x08030fe4   Section        0  rmp_kernel.o(.text.main)
    $v0                                      0x08031258   Number         0  rmp_platform_a7m_rvm_armcc.o(ARCH)
    ARCH                                     0x08031258   Section       32  rmp_platform_a7m_rvm_armcc.o(ARCH)
    $v0                                      0x08031278   Number         0  rmp_platform_a7m_rvm_armcc.o(FASTYIELD)
    FASTYIELD                                0x08031278   Section      448  rmp_platform_a7m_rvm_armcc.o(FASTYIELD)
    _RMP_A7M_Skip                            0x0803141b   Thumb Code     0  rmp_platform_a7m_rvm_armcc.o(FASTYIELD)
    $v0                                      0x08031438   Number         0  rvm_platform_a7m_armcc.o(RVM_SVC)
    RVM_SVC                                  0x08031438   Section       22  rvm_platform_a7m_armcc.o(RVM_SVC)
    $v0                                      0x08031450   Number         0  rvm_platform_a7m_armcc.o(__RVM_STUB)
    __RVM_STUB                               0x08031450   Section        6  rvm_platform_a7m_armcc.o(__RVM_STUB)
    i.__scatterload_copy                     0x08031456   Section       14  handlers.o(i.__scatterload_copy)
    i.__scatterload_null                     0x08031464   Section        2  handlers.o(i.__scatterload_null)
    i.__scatterload_zeroinit                 0x08031466   Section       14  handlers.o(i.__scatterload_zeroinit)
    .L.str.2                                 0x08031478   Data           9  prc_flight.o(.rodata.str1.1)
    .L.str.2                                 0x08031478   Data           9  prc_flight.o(.rodata.str1.1)
    .L.str.2                                 0x08031478   Data           9  prc_flight.o(.rodata.str1.1)
    .L.str.6                                 0x08031478   Data           9  prc_flight.o(.rodata.str1.1)
    [Anonymous Symbol]                       0x08031478   Section        0  prc_flight.o(.rodata.str1.1)
    .L.str.1                                 0x08031481   Data          12  prc_flight.o(.rodata.str1.1)
    .L.str.1                                 0x08031481   Data          12  prc_flight.o(.rodata.str1.1)
    .L.str.1                                 0x08031481   Data          12  prc_flight.o(.rodata.str1.1)
    .L.str.5                                 0x08031481   Data          12  prc_flight.o(.rodata.str1.1)
    .L.str                                   0x0803148d   Data          23  prc_flight.o(.rodata.str1.1)
    .L.str                                   0x080314a4   Data          53  rvm_virtlib.o(.rodata.str1.1)
    [Anonymous Symbol]                       0x080314a4   Section        0  rvm_virtlib.o(.rodata.str1.1)
    .L.str                                   0x080314d9   Data          71  rmp_platform_a7m_rvm.o(.rodata.str1.1)
    [Anonymous Symbol]                       0x080314d9   Section        0  rmp_platform_a7m_rvm.o(.rodata.str1.1)
    .L.str.4                                 0x08031520   Data          51  rmp_kernel.o(.rodata.str1.1)
    [Anonymous Symbol]                       0x08031520   Section        0  rmp_kernel.o(.rodata.str1.1)
    .L_MergedGlobals                         0x2000c000   Data          28  rvm_virtlib.o(.bss..L_MergedGlobals)
    RVM_Int_Mask                             0x2000c000   Data           4  rvm_virtlib.o(.bss..L_MergedGlobals)
    [Anonymous Symbol]                       0x2000c000   Section        0  rvm_virtlib.o(.bss..L_MergedGlobals)
    RVM_Int_Disable                          0x2000c004   Data           4  rvm_virtlib.o(.bss..L_MergedGlobals)
    RVM_Vct_Pend                             0x2000c008   Data           4  rvm_virtlib.o(.bss..L_MergedGlobals)
    RVM_Handler                              0x2000c00c   Data          16  rvm_virtlib.o(.bss..L_MergedGlobals)
    .L_MergedGlobals                         0x2000c01c   Data          92  rmp_kernel.o(.bss..L_MergedGlobals)
    [Anonymous Symbol]                       0x2000c01c   Section        0  rmp_kernel.o(.bss..L_MergedGlobals)
    RMP_Bitmap                               0x2000c02c   Data           4  rmp_kernel.o(.bss..L_MergedGlobals)
    RMP_Delay                                0x2000c034   Data           8  rmp_kernel.o(.bss..L_MergedGlobals)
    RMP_Init_Thd                             0x2000c03c   Data          60  rmp_kernel.o(.bss..L_MergedGlobals)
    RMP_Init_Stack                           0x2000c078   Data        1024  rmp_kernel.o(.bss.RMP_Init_Stack)
    [Anonymous Symbol]                       0x2000c078   Section        0  rmp_kernel.o(.bss.RMP_Init_Stack)
    RMP_Run                                  0x2000c478   Data         256  rmp_kernel.o(.bss.RMP_Run)
    [Anonymous Symbol]                       0x2000c478   Section        0  rmp_kernel.o(.bss.RMP_Run)

    Global Symbols

    Symbol Name                              Value     Ov Type        Size  Object(Section)

    BuildAttributes$$THM_ISAv4$E$P$D$K$B$S$7EM$VFPi3$EXTD16$VFPS$VFMA$PE$A:L22UL41UL21$X:L11$S22US41US21$IEEE1$IW$~IW$USESV6$~STKCKD$USESV7$~SHL$OTIME$ROPI$IEEEX$EBA8$MICROLIB$REQ8$PRES8$EABIv2 0x00000000   Number         0  anon$$obj.o ABSOLUTE
    __cpp_initialize__aeabi_                  - Undefined Weak Reference
    __cxa_finalize                            - Undefined Weak Reference
    __decompress                              - Undefined Weak Reference
    _clock_init                               - Undefined Weak Reference
    _microlib_exit                            - Undefined Weak Reference
    RVM_Desc                                 0x08030000   Data          20  prc_flight_desc.o(.rodata.RVM_Desc)
    __RVM_Entry                              0x08030021   Thumb Code     4  rvm_platform_a7m_armcc.o(RVM_ENTRY)
    __main                                   0x08030029   Thumb Code     0  entry.o(.ARM.Collect$$$$00000000)
    _main_stk                                0x08030029   Thumb Code     0  entry4.o(.ARM.Collect$$$$00000003)
    _main_scatterload                        0x0803002d   Thumb Code     0  entry5.o(.ARM.Collect$$$$00000004)
    __main_after_scatterload                 0x08030031   Thumb Code     0  entry5.o(.ARM.Collect$$$$00000004)
    _main_clock                              0x08030031   Thumb Code     0  entry7b.o(.ARM.Collect$$$$00000008)
    _main_cpp_init                           0x08030031   Thumb Code     0  entry8b.o(.ARM.Collect$$$$0000000A)
    _main_init                               0x08030031   Thumb Code     0  entry9a.o(.ARM.Collect$$$$0000000B)
    __rt_final_cpp                           0x08030039   Thumb Code     0  entry10a.o(.ARM.Collect$$$$0000000D)
    __rt_final_exit                          0x08030039   Thumb Code     0  entry11a.o(.ARM.Collect$$$$0000000F)
    __scatterload                            0x0803003d   Thumb Code    28  init.o(.text)
    __scatterload_rt2                        0x0803003d   Thumb Code     0  init.o(.text)
    RMP_Init                                 0x08030061   Thumb Code   106  rmp_kernel.o(.text.RMP_Init)
    RMP_Init_Hook                            0x080300cd   Thumb Code     2  rmp_hook.o(.text.RMP_Init_Hook)
    RMP_Init_Idle                            0x080300d1   Thumb Code     4  rmp_hook.o(.text.RMP_Init_Idle)
    RMP_Log                                  0x080300d5   Thumb Code   612  rmp_kernel.o(.text.RMP_Log)
    RMP_Putchar                              0x080304c1   Thumb Code     4  rmp_platform_a7m_rvm.o(.text.RMP_Putchar)
    RVM_Clear                                0x080304cd   Thumb Code    88  rvm_syslib.o(.text.RVM_Clear)
    RVM_Hyp_Int_Ena                          0x08030525   Thumb Code   242  rvm_virtlib.o(.text.RVM_Hyp_Int_Ena)
    RVM_Hyp_Putchar                          0x08030619   Thumb Code   164  rvm_virtlib.o(.text.RVM_Hyp_Putchar)
    RVM_Hyp_Reboot                           0x080306bd   Thumb Code   172  rvm_virtlib.o(.text.RVM_Hyp_Reboot)
    RVM_Hyp_Vct_Wait                         0x08030769   Thumb Code   172  rvm_virtlib.o(.text.RVM_Hyp_Vct_Wait)
    RVM_Log                                  0x08030815   Thumb Code   616  rvm_syslib.o(.text.RVM_Log)
    RVM_Putchar                              0x08030a7d   Thumb Code     4  prc_flight.o(.text.RVM_Putchar)
    RVM_Sig_Rcv                              0x08030a81   Thumb Code    14  rvm_syslib.o(.text.RVM_Sig_Rcv)
    RVM_Sig_Snd                              0x08030a91   Thumb Code    14  rvm_syslib.o(.text.RVM_Sig_Snd)
    RVM_Vct_Loop                             0x08030aa1   Thumb Code   350  rvm_virtlib.o(.text.RVM_Vct_Loop)
    RVM_Virt_Ctx_Reg                         0x08030c01   Thumb Code    12  rvm_virtlib.o(.text.RVM_Virt_Ctx_Reg)
    RVM_Virt_Init                            0x08030c0d   Thumb Code    48  rvm_virtlib.o(.text.RVM_Virt_Init)
    RVM_Virt_Int_Mask                        0x08030c3d   Thumb Code    14  rvm_virtlib.o(.text.RVM_Virt_Int_Mask)
    RVM_Virt_Int_Unmask                      0x08030c4d   Thumb Code    78  rvm_virtlib.o(.text.RVM_Virt_Int_Unmask)
    RVM_Virt_Tim_Reg                         0x08030c9d   Thumb Code    12  rvm_virtlib.o(.text.RVM_Virt_Tim_Reg)
    RVM_Virt_Yield                           0x08030ca9   Thumb Code    94  rvm_virtlib.o(.text.RVM_Virt_Yield)
    Thd_Vct                                  0x08030d09   Thumb Code   122  prc_flight.o(.text.Thd_Vct)
    _RMP_Lowlvl_Init                         0x08030d85   Thumb Code    30  rmp_platform_a7m_rvm.o(.text._RMP_Lowlvl_Init)
    _RMP_Plat_Hook                           0x08030da5   Thumb Code   118  rmp_platform_a7m_rvm.o(.text._RMP_Plat_Hook)
    _RMP_Run_High                            0x08030e1d   Thumb Code   158  rmp_kernel.o(.text._RMP_Run_High)
    _RMP_Tim_Handler                         0x08030ebd   Thumb Code   294  rmp_kernel.o(.text._RMP_Tim_Handler)
    main                                     0x08030fe5   Thumb Code   626  rmp_kernel.o(.text.main)
    _RMP_Start                               0x08031259   Thumb Code     8  rmp_platform_a7m_rvm_armcc.o(ARCH)
    _RMP_A7M_RVM_MSB_Get                     0x08031261   Thumb Code    14  rmp_platform_a7m_rvm_armcc.o(ARCH)
    _RMP_A7M_RVM_LSB_Get                     0x0803126f   Thumb Code    10  rmp_platform_a7m_rvm_armcc.o(ARCH)
    _RMP_A7M_RVM_Yield                       0x08031279   Thumb Code   420  rmp_platform_a7m_rvm_armcc.o(FASTYIELD)
    RVM_Svc                                  0x08031439   Thumb Code    22  rvm_platform_a7m_armcc.o(RVM_SVC)
    __RVM_Stub                               0x08031451   Thumb Code     6  rvm_platform_a7m_armcc.o(__RVM_STUB)
    __scatterload_copy                       0x08031457   Thumb Code    14  handlers.o(i.__scatterload_copy)
    __scatterload_null                       0x08031465   Thumb Code     2  handlers.o(i.__scatterload_null)
    __scatterload_zeroinit                   0x08031467   Thumb Code    14  handlers.o(i.__scatterload_zeroinit)
    RVM_Usr_Param                            0x08031474   Data           4  rvm_virtlib.o(.rodata.RVM_Usr_Param)
    Region$$Table$$Base                      0x08031554   Number         0  anon$$obj.o(Region$$Table)
    Region$$Table$$Limit                     0x08031564   Number         0  anon$$obj.o(Region$$Table)
    RMP_Sched_Lock_Cnt                       0x2000c01c   Data           4  rmp_kernel.o(.bss..L_MergedGlobals)
    RMP_Sched_Pend                           0x2000c020   Data           4  rmp_kernel.o(.bss..L_MergedGlobals)
    RMP_Thd_Cur                              0x2000c024   Data           4  rmp_kernel.o(.bss..L_MergedGlobals)
    RMP_SP_Cur                               0x2000c028   Data           4  rmp_kernel.o(.bss..L_MergedGlobals)
    RMP_Timestamp                            0x2000c030   Data           4  rmp_kernel.o(.bss..L_MergedGlobals)
    Image$$ARM_LIB_STACK$$ZI$$Limit          0x2000fc00   Number         0  anon$$obj.o ABSOLUTE



==============================================================================

Memory Map of the image

  Image Entry point : 0x08030029

  Load Region DESC (Base: 0x08030000, Size: 0x00000014, Max: 0x00000020, ABSOLUTE)

    Execution Region PROCESS_DESC (Exec base: 0x08030000, Load base: 0x08030000, Size: 0x00000014, Max: 0x00000020, ABSOLUTE)

    Exec Addr    Load Addr    Size         Type   Attr      Idx    E Section Name        Object

    0x08030000   0x08030000   0x00000014   Data   RO           14    .rodata.RVM_Desc    prc_flight_desc.o



  Load Region PROCESS (Base: 0x08030020, Size: 0x00001544, Max: 0x0000ffe0, ABSOLUTE)

    Execution Region PROCESS_CODE (Exec base: 0x08030020, Load base: 0x08030020, Size: 0x00001544, Max: 0x0000ffe0, ABSOLUTE)

    Exec Addr    Load Addr    Size         Type   Attr      Idx    E Section Name        Object

    0x08030020   0x08030020   0x00000008   Code   RO          201    RVM_ENTRY           rvm_platform_a7m_armcc.o
    0x08030028   0x08030028   0x00000000   Code   RO          656  * .ARM.Collect$$$$00000000  mc_w.l(entry.o)
    0x08030028   0x08030028   0x00000004   Code   RO          694    .ARM.Collect$$$$00000003  mc_w.l(entry4.o)
    0x0803002c   0x0803002c   0x00000004   Code   RO          697    .ARM.Collect$$$$00000004  mc_w.l(entry5.o)
    0x08030030   0x08030030   0x00000000   Code   RO          699    .ARM.Collect$$$$00000008  mc_w.l(entry7b.o)
    0x08030030   0x08030030   0x00000000   Code   RO          701    .ARM.Collect$$$$0000000A  mc_w.l(entry8b.o)
    0x08030030   0x08030030   0x00000008   Code   RO          702    .ARM.Collect$$$$0000000B  mc_w.l(entry9a.o)
    0x08030038   0x08030038   0x00000000   Code   RO          704    .ARM.Collect$$$$0000000D  mc_w.l(entry10a.o)
    0x08030038   0x08030038   0x00000000   Code   RO          706    .ARM.Collect$$$$0000000F  mc_w.l(entry11a.o)
    0x08030038   0x08030038   0x00000004   Code   RO          695    .ARM.Collect$$$$00002714  mc_w.l(entry4.o)
    0x0803003c   0x0803003c   0x00000024   Code   RO          720    .text               mc_w.l(init.o)
    0x08030060   0x08030060   0x0000006a   Code   RO          389    .text.RMP_Init      rmp_kernel.o
    0x080300ca   0x080300ca   0x00000002   PAD
    0x080300cc   0x080300cc   0x00000002   Code   RO            3    .text.RMP_Init_Hook  rmp_hook.o
    0x080300ce   0x080300ce   0x00000002   PAD
    0x080300d0   0x080300d0   0x00000004   Code   RO            5    .text.RMP_Init_Idle  rmp_hook.o
    0x080300d4   0x080300d4   0x00000264   Code   RO          311    .text.RMP_Log       rmp_kernel.o
    0x08030338   0x08030338   0x00000188   Code   RO          286    .text.RMP_PendSV_Handler  rmp_platform_a7m_rvm.o
    0x080304c0   0x080304c0   0x00000004   Code   RO          290    .text.RMP_Putchar   rmp_platform_a7m_rvm.o
    0x080304c4   0x080304c4   0x00000006   Code   RO          284    .text.RMP_SysTick_Handler  rmp_platform_a7m_rvm.o
    0x080304ca   0x080304ca   0x00000002   PAD
    0x080304cc   0x080304cc   0x00000058   Code   RO          100    .text.RVM_Clear     rvm_syslib.o
    0x08030524   0x08030524   0x000000f2   Code   RO           55    .text.RVM_Hyp_Int_Ena  rvm_virtlib.o
    0x08030616   0x08030616   0x00000002   PAD
    0x08030618   0x08030618   0x000000a4   Code   RO           53    .text.RVM_Hyp_Putchar  rvm_virtlib.o
    0x080306bc   0x080306bc   0x000000ac   Code   RO           39    .text.RVM_Hyp_Reboot  rvm_virtlib.o
    0x08030768   0x08030768   0x000000ac   Code   RO           71    .text.RVM_Hyp_Vct_Wait  rvm_virtlib.o
    0x08030814   0x08030814   0x00000268   Code   RO           98    .text.RVM_Log       rvm_syslib.o
    0x08030a7c   0x08030a7c   0x00000004   Code   RO           22    .text.RVM_Putchar   prc_flight.o
    0x08030a80   0x08030a80   0x0000000e   Code   RO          182    .text.RVM_Sig_Rcv   rvm_syslib.o
    0x08030a8e   0x08030a8e   0x00000002   PAD
    0x08030a90   0x08030a90   0x0000000e   Code   RO          180    .text.RVM_Sig_Snd   rvm_syslib.o
    0x08030a9e   0x08030a9e   0x00000002   PAD
    0x08030aa0   0x08030aa0   0x0000015e   Code   RO           79    .text.RVM_Vct_Loop  rvm_virtlib.o
    0x08030bfe   0x08030bfe   0x00000002   PAD
    0x08030c00   0x08030c00   0x0000000c   Code   RO           43    .text.RVM_Virt_Ctx_Reg  rvm_virtlib.o
    0x08030c0c   0x08030c0c   0x00000030   Code   RO           33    .text.RVM_Virt_Init  rvm_virtlib.o
    0x08030c3c   0x08030c3c   0x0000000e   Code   RO           45    .text.RVM_Virt_Int_Mask  rvm_virtlib.o
    0x08030c4a   0x08030c4a   0x00000002   PAD
    0x08030c4c   0x08030c4c   0x0000004e   Code   RO           47    .text.RVM_Virt_Int_Unmask  rvm_virtlib.o
    0x08030c9a   0x08030c9a   0x00000002   PAD
    0x08030c9c   0x08030c9c   0x0000000c   Code   RO           41    .text.RVM_Virt_Tim_Reg  rvm_virtlib.o
    0x08030ca8   0x08030ca8   0x0000005e   Code   RO           49    .text.RVM_Virt_Yield  rvm_virtlib.o
    0x08030d06   0x08030d06   0x00000002   PAD
    0x08030d08   0x08030d08   0x0000007a   Code   RO           20    .text.Thd_Vct       prc_flight.o
    0x08030d82   0x08030d82   0x00000002   PAD
    0x08030d84   0x08030d84   0x0000001e   Code   RO          282    .text._RMP_Lowlvl_Init  rmp_platform_a7m_rvm.o
    0x08030da2   0x08030da2   0x00000002   PAD
    0x08030da4   0x08030da4   0x00000076   Code   RO          288    .text._RMP_Plat_Hook  rmp_platform_a7m_rvm.o
    0x08030e1a   0x08030e1a   0x00000002   PAD
    0x08030e1c   0x08030e1c   0x0000009e   Code   RO          329    .text._RMP_Run_High  rmp_kernel.o
    0x08030eba   0x08030eba   0x00000002   PAD
    0x08030ebc   0x08030ebc   0x00000126   Code   RO          331    .text._RMP_Tim_Handler  rmp_kernel.o
    0x08030fe2   0x08030fe2   0x00000002   PAD
    0x08030fe4   0x08030fe4   0x00000272   Code   RO          391    .text.main          rmp_kernel.o
    0x08031256   0x08031256   0x00000002   PAD
    0x08031258   0x08031258   0x00000020   Code   RO          271    ARCH                rmp_platform_a7m_rvm_armcc.o
    0x08031278   0x08031278   0x000001c0   Code   RO          272    FASTYIELD           rmp_platform_a7m_rvm_armcc.o
    0x08031438   0x08031438   0x00000016   Code   RO          206    RVM_SVC             rvm_platform_a7m_armcc.o
    0x0803144e   0x0803144e   0x00000002   PAD
    0x08031450   0x08031450   0x00000006   Code   RO          202    __RVM_STUB          rvm_platform_a7m_armcc.o
    0x08031456   0x08031456   0x0000000e   Code   RO          728    i.__scatterload_copy  mc_w.l(handlers.o)
    0x08031464   0x08031464   0x00000002   Code   RO          729    i.__scatterload_null  mc_w.l(handlers.o)
    0x08031466   0x08031466   0x0000000e   Code   RO          730    i.__scatterload_zeroinit  mc_w.l(handlers.o)
    0x08031474   0x08031474   0x00000004   Data   RO           81    .rodata.RVM_Usr_Param  rvm_virtlib.o
    0x08031478   0x08031478   0x0000002c   Data   RO           24    .rodata.str1.1      prc_flight.o
    0x080314a4   0x080314a4   0x00000035   Data   RO           82    .rodata.str1.1      rvm_virtlib.o
    0x080314d9   0x080314d9   0x00000047   Data   RO          296    .rodata.str1.1      rmp_platform_a7m_rvm.o
    0x08031520   0x08031520   0x00000033   Data   RO          465    .rodata.str1.1      rmp_kernel.o
    0x08031553   0x08031553   0x00000001   PAD
    0x08031554   0x08031554   0x00000010   Data   RO          727    Region$$Table       anon$$obj.o


    Execution Region PROCESS_DATA (Exec base: 0x2000c000, Load base: 0x08031564, Size: 0x00000578, Max: 0x00003950, ABSOLUTE)

    Exec Addr    Load Addr    Size         Type   Attr      Idx    E Section Name        Object

    0x2000c000        -       0x0000001c   Zero   RW           83    .bss..L_MergedGlobals  rvm_virtlib.o
    0x2000c01c        -       0x0000005c   Zero   RW          469    .bss..L_MergedGlobals  rmp_kernel.o
    0x2000c078        -       0x00000400   Zero   RW          467    .bss.RMP_Init_Stack  rmp_kernel.o
    0x2000c478        -       0x00000100   Zero   RW          466    .bss.RMP_Run        rmp_kernel.o


    Execution Region ARM_LIB_STACK (Exec base: 0x2000fa00, Load base: 0x08031564, Size: 0x00000200, Max: 0x00000200, ABSOLUTE)

    Exec Addr    Load Addr    Size         Type   Attr      Idx    E Section Name        Object

    0x2000fa00        -       0x00000200   Zero   RW            1    ARM_LIB_STACK.bss   anon$$obj.o


==============================================================================

Image component sizes


      Code (inc. data)   RO Data    RW Data    ZI Data      Debug   Object Name

       126          0         44          0          0        909   prc_flight.o
         0          0         20          0          0        533   prc_flight_desc.o
         6          0          0          0          0        753   rmp_hook.o
      1796          6         51          0       1372      63738   rmp_kernel.o
       550          0         71          0          0       5054   rmp_platform_a7m_rvm.o
       480         28          0          0          0       1144   rmp_platform_a7m_rvm_armcc.o
        36          4          0          0          0       1460   rvm_platform_a7m_armcc.o
       732          0          0          0          0      17868   rvm_syslib.o
      1358          0         57          0         28       8230   rvm_virtlib.o

    ----------------------------------------------------------------------
      5118         38        260          0       1912      99689   Object Totals
         0          0         16          0        512          0   (incl. Generated)
        34          0          1          0          0          0   (incl. Padding)

    ----------------------------------------------------------------------

      Code (inc. data)   RO Data    RW Data    ZI Data      Debug   Library Member Name

         0          0          0          0          0          0   entry.o
         0          0          0          0          0          0   entry10a.o
         0          0          0          0          0          0   entry11a.o
         8          4          0          0          0          0   entry4.o
         4          0          0          0          0          0   entry5.o
         0          0          0          0          0          0   entry7b.o
         0          0          0          0          0          0   entry8b.o
         8          4          0          0          0          0   entry9a.o
        30          0          0          0          0          0   handlers.o
        36          8          0          0          0         68   init.o

    ----------------------------------------------------------------------
        86         16          0          0          0         68   Library Totals
         0          0          0          0          0          0   (incl. Padding)

    ----------------------------------------------------------------------

      Code (inc. data)   RO Data    RW Data    ZI Data      Debug   Library Name

        86         16          0          0          0         68   mc_w.l

    ----------------------------------------------------------------------
        86         16          0          0          0         68   Library Totals

    ----------------------------------------------------------------------

==============================================================================


      Code (inc. data)   RO Data    RW Data    ZI Data      Debug   

      5204         54        260          0       1912      99461   Grand Totals
      5204         54        260          0       1912      99461   ELF Image Totals
      5204         54        260          0          0          0   ROM Totals

==============================================================================

    Total RO  Size (Code + RO Data)                 5464 (   5.34kB)
    Total RW  Size (RW Data + ZI Data)              1912 (   1.87kB)
    Total ROM Size (Code + RO Data + RW Data)       5464 (   5.34kB)

==============================================================================

