<html>
<body>
<pre>
<h1>礦ision Build Log</h1>
<h2>Tool Versions:</h2>
IDE-Version: μVision V5.37.0.0
Copyright (C) 2022 ARM Ltd and ARM Germany GmbH. All rights reserved.
License Information: feng 8618263261027, sdu, LIC=NQQMA-11CFK-SBTEJ-UCZ6Z-2NW0B-L9AED
 
Tool Versions:
Toolchain:       MDK-ARM Plus  Version: 5.37.0.0
Toolchain Path:  C:\Keil_v5\ARM\ARM_Compiler_5\Bin
C Compiler:      Armcc.exe V5.06 update 7 (build 960)
Assembler:       Armasm.exe V5.06 update 7 (build 960)
Linker/Locator:  ArmLink.exe V5.06 update 7 (build 960)
Library Manager: ArmAr.exe V5.06 update 7 (build 960)
Hex Converter:   FromElf.exe V5.06 update 7 (build 960)
CPU DLL:         SARMCM3.DLL V5.37.0.0
Dialog DLL:      DCM.DLL V1.17.5.0
Target DLL:      CMSIS_AGDI.dll V1.33.12.0
Dialog DLL:      TCM.DLL V1.56.1.0
 
<h2>Project:</h2>
C:\Users\86182\Desktop\Code_Library\【正点原子】MiniFly开源四轴飞行器资料\2，MiniFly程序源码\6 , MiniFly V1.5\6 , MiniFly V1.5\1，MiniFly Master\2，STM32F411\Firmware_F411 V1.4\Firmware_F411 V1.4\USER\Firmware_F411.uvprojx
Project File Date:  03/28/2025

<h2>Output:</h2>
*** Using Compiler 'V5.06 update 7 (build 960)', folder: 'C:\Keil_v5\ARM\ARM_Compiler_5\Bin'
Rebuild target 'Firmware'
compiling system_stm32f4xx.c...
compiling delay.c...
compiling main.c...
compiling sys.c...
compiling exti.c...
compiling motors.c...
compiling led.c...
compiling config_param.c...
compiling usart.c...
compiling i2cdev.c...
compiling module_detect.c...
compiling ak8963.c...
compiling bmp280.c...
compiling i2c_drv.c...
compiling mpu6500.c...
compiling watchdog.c...
compiling uart1.c...
compiling stmflash.c...
compiling nvic.c...
compiling uart_syslink.c...
compiling vl53l0x.c...
compiling spl06.c...
compiling ws2812.c...
compiling system.c...
compiling vl53l1x.c...
compiling vl53lxx_i2c.c...
compiling wifi_ctrl.c...
compiling spi.c...
compiling ledring12.c...
compiling module_mgt.c...
assembling startup_stm32f411xe.s...
compiling vl53l1_api_calibration.c...
compiling vl53lxx.c...
compiling optical_flow.c...
compiling vl53l1_api.c...
compiling vl53l1_api_core.c...
compiling vl53l1_silicon_core.c...
compiling vl53l1_wait.c...
compiling vl53l1_register_funcs.c...
compiling vl53l1_core.c...
compiling vl53l1_api_preset_modes.c...
compiling vl53l1_error_strings.c...
compiling vl53l1_core_support.c...
compiling vl53l1_api_debug.c...
compiling vl53l1_api_strings.c...
compiling misc.c...
compiling stm32f4xx_exti.c...
compiling stm32f4xx_dbgmcu.c...
compiling stm32f4xx_flash.c...
compiling stm32f4xx_dma.c...
compiling stm32f4xx_adc.c...
compiling stm32f4xx_iwdg.c...
compiling stm32f4xx_i2c.c...
compiling stm32f4xx_gpio.c...
compiling stm32f4xx_spi.c...
compiling stm32f4xx_tim.c...
compiling stm32f4xx_rcc.c...
compiling arm_common_tables.c...
compiling arm_const_structs.c...
compiling stm32f4xx_syscfg.c...
compiling stm32f4xx_usart.c...
compiling arm_sin_f32.c...
compiling arm_mat_trans_f32.c...
compiling arm_mat_mult_f32.c...
compiling arm_cos_f32.c...
compiling arm_mean_f32.c...
compiling queue.c...
compiling list.c...
compiling tasks.c...
compiling comm.c...
compiling atkp.c...
compiling commander.c...
compiling heap_4.c...
compiling timers.c...
compiling port.c...
compiling ledseq.c...
compiling console.c...
compiling radiolink.c...
compiling remoter_ctrl.c...
compiling flip.c...
compiling attitude_pid.c...
compiling anomal_detec.c...
compiling pm.c...
compiling pid.c...
compiling stabilizer.c...
compiling debug_assert.c...
compiling filter.c...
compiling position_pid.c...
compiling sensfusion6.c...
compiling state_control.c...
compiling freeRTOSdebug.c...
compiling sensors.c...
compiling state_estimator.c...
compiling power_control.c...
compiling maths.c...
compiling filter2.c...
linking...
Program Size: Code=87920 RO-data=1256 RW-data=1492 ZI-data=41916  
FromELF: creating hex file...
"..\OBJ\Firmware_F411.axf" - 0 Error(s), 0 Warning(s).

<h2>Software Packages used:</h2>

Package Vendor: Keil
                https://www.keil.com/pack/Keil.STM32F4xx_DFP.3.0.0.pack
                Keil.STM32F4xx_DFP.3.0.0
                STMicroelectronics STM32F4 Series Device Support

<h2>Collection of Component include folders:</h2>

<h2>Collection of Component Files used:</h2>
Build Time Elapsed:  00:00:14
</pre>
</body>
</html>
