<html>
<body>
<pre>
<h1>礦ision Build Log</h1>
<h2>Tool Versions:</h2>
IDE-Version: μVision V5.37.0.0
Copyright (C) 2022 ARM Ltd and ARM Germany GmbH. All rights reserved.
License Information: feng 8618263261027, sdu, LIC=NQQMA-11CFK-SBTEJ-UCZ6Z-2NW0B-L9AED
 
Tool Versions:
Toolchain:       MDK-ARM Plus  Version: 5.37.0.0
Toolchain Path:  C:\Keil_v5\ARM\ARM_Compiler_5\Bin
C Compiler:      Armcc.exe V5.06 update 7 (build 960)
Assembler:       Armasm.exe V5.06 update 7 (build 960)
Linker/Locator:  ArmLink.exe V5.06 update 7 (build 960)
Library Manager: ArmAr.exe V5.06 update 7 (build 960)
Hex Converter:   FromElf.exe V5.06 update 7 (build 960)
CPU DLL:         SARMCM3.DLL V5.37.0.0
Dialog DLL:      DCM.DLL V1.17.5.0
Target DLL:      CMSIS_AGDI.dll V1.33.12.0
Dialog DLL:      TCM.DLL V1.56.1.0
 
<h2>Project:</h2>
C:\Users\86182\Desktop\Code_Library\Firmware_F411 V1.4\Firmware_F411 V1.4\USER\Firmware_F411.uvprojx
Project File Date:  04/09/2025

<h2>Output:</h2>
*** Using Compiler 'V5.06 update 7 (build 960)', folder: 'C:\Keil_v5\ARM\ARM_Compiler_5\Bin'
Rebuild target 'Firmware'
compiling system_stm32f4xx.c...
compiling i2cdev.c...
compiling sys.c...
compiling led.c...
compiling bmp280.c...
compiling usart.c...
compiling main.c...
compiling i2c_drv.c...
compiling motors.c...
compiling config_param.c...
compiling delay.c...
compiling module_detect.c...
compiling ak8963.c...
compiling exti.c...
compiling mpu6500.c...
assembling startup_stm32f411xe.s...
compiling spl06.c...
compiling watchdog.c...
compiling misc.c...
compiling stm32f4xx_adc.c...
compiling stm32f4xx_dbgmcu.c...
compiling system.c...
compiling stm32f4xx_exti.c...
compiling stm32f4xx_flash.c...
compiling uart_syslink.c...
compiling spi.c...
compiling uart1.c...
compiling ws2812.c...
compiling stmflash.c...
compiling stm32f4xx_dma.c...
compiling nvic.c...
compiling stm32f4xx_iwdg.c...
compiling arm_cos_f32.c...
compiling stm32f4xx_usart.c...
compiling arm_const_structs.c...
compiling stm32f4xx_spi.c...
compiling stm32f4xx_syscfg.c...
compiling arm_mat_trans_f32.c...
compiling stm32f4xx_rcc.c...
compiling stm32f4xx_i2c.c...
compiling arm_common_tables.c...
compiling arm_mat_mult_f32.c...
compiling arm_mean_f32.c...
compiling arm_sin_f32.c...
compiling stm32f4xx_tim.c...
compiling stm32f4xx_gpio.c...
compiling comm.c...
compiling ledseq.c...
compiling timers.c...
compiling port.c...
compiling heap_4.c...
compiling tasks.c...
compiling queue.c...
compiling console.c...
compiling list.c...
compiling atkp.c...
..\COMMUNICATE\src\atkp.c(369): warning:  #223-D: function "getSensorRawData" declared implicitly
  		getSensorRawData(&acc, &gyro, &mag);
..\COMMUNICATE\src\atkp.c: 1 warning, 0 errors
compiling commander.c...
..\COMMUNICATE\src\commander.c(195): warning:  #550-D: variable "isAdjustingPosXY"  was set but never used
  static bool isAdjustingPosXY = true;/*调整XY位置*/
..\COMMUNICATE\src\commander.c(197): warning:  #550-D: variable "errorPosX"  was set but never used
  static float errorPosX = 0.f;		/*X位移误差*/
..\COMMUNICATE\src\commander.c(198): warning:  #550-D: variable "errorPosY"  was set but never used
  static float errorPosY = 0.f;		/*Y位移误差*/
..\COMMUNICATE\src\commander.c: 3 warnings, 0 errors
compiling remoter_ctrl.c...
compiling pm.c...
compiling radiolink.c...
compiling com_queue.c...
compiling anomal_detec.c...
compiling attitude_pid.c...
compiling freeRTOSdebug.c...
compiling flip.c...
compiling debug_assert.c...
compiling state_estimator.c...
compiling filter.c...
compiling power_control.c...
compiling stabilizer.c...
compiling sensfusion6.c...
compiling pid.c...
compiling position_pid.c...
compiling state_control.c...
compiling sensors.c...
..\FLIGHT\src\sensors.c(6): warning:  #550-D: variable "isMPUPresent"  was set but never used
  static bool isMPUPresent=false;
..\FLIGHT\src\sensors.c: 1 warning, 0 errors
compiling filter2.c...
compiling maths.c...
linking...
Program Size: Code=53392 RO-data=1196 RW-data=1424 ZI-data=60312  
FromELF: creating hex file...
"..\OBJ\Firmware_F411.axf" - 0 Error(s), 5 Warning(s).

<h2>Software Packages used:</h2>

Package Vendor: Keil
                https://www.keil.com/pack/Keil.STM32F4xx_DFP.3.0.0.pack
                Keil.STM32F4xx_DFP.3.0.0
                STMicroelectronics STM32F4 Series Device Support

<h2>Collection of Component include folders:</h2>

<h2>Collection of Component Files used:</h2>
Build Time Elapsed:  00:00:13
</pre>
</body>
</html>
