<!doctype html public "-//w3c//dtd html 4.0 transitional//en">
<html><head>
<title>Static Call Graph - [.\Object\Kernel.axf]</title></head>
<body><HR>
<H1>Static Call Graph for image .\Object\Kernel.axf</H1><HR>
<BR><P>#&#060CALLGRAPH&#062# ARM Linker, 6180002: Last Updated: Thu May 29 10:26:45 2025
<BR><P>
<H3>Maximum Stack Usage =        264 bytes + Unknown(Functions without stacksize, Cycles, Untraceable Function Pointers)</H3><H3>
Call chain for Maximum Stack Depth:</H3>
SVC_Handler &rArr; __RME_A7M_Svc_Handler &rArr; _RME_Svc_Handler &rArr; _RME_Thd_Sched_Prio &rArr; _RME_Kern_High &rArr; _RME_Run_Swt &rArr; RME_Log
<P>
<H3>
Functions with no stack information
</H3><UL>
 <LI><a href="#[8]">PendSV_Handler</a>
 <LI><a href="#[7]">DebugMon_Handler</a>
 <LI><a href="#[2]">HardFault_Handler</a>
 <LI><a href="#[3]">MemManage_Handler</a>
 <LI><a href="#[4]">BusFault_Handler</a>
 <LI><a href="#[5]">UsageFault_Handler</a>
</UL>
</UL>
<P>
<H3>
Mutually Recursive functions
</H3> <LI><a href="#[125]">_RME_Run_Notif</a>&nbsp;&nbsp;&nbsp;&rArr;&nbsp;&nbsp;&nbsp;<a href="#[124]">_RME_Kern_Snd</a><BR>
</UL>
<P>
<H3>
Function Pointers
</H3><UL>
 <LI><a href="#[4]">BusFault_Handler</a> from rme_platform_a7m_armcc.o(SYSTEM_HANDLER) referenced from rme_platform_a7m_armcc.o(RME_VECTOR)
 <LI><a href="#[7]">DebugMon_Handler</a> from rme_platform_a7m_armcc.o(SYSTEM_HANDLER) referenced from rme_platform_a7m_armcc.o(RME_VECTOR)
 <LI><a href="#[2]">HardFault_Handler</a> from rme_platform_a7m_armcc.o(SYSTEM_HANDLER) referenced from rme_platform_a7m_armcc.o(RME_VECTOR)
 <LI><a href="#[a]">IRQ0_Handler</a> from rme_platform_a7m_armcc.o(RME_VECTOR) referenced from rme_platform_a7m_armcc.o(RME_VECTOR)
 <LI><a href="#[6e]">IRQ100_Handler</a> from rme_platform_a7m_armcc.o(RME_VECTOR) referenced from rme_platform_a7m_armcc.o(RME_VECTOR)
 <LI><a href="#[6f]">IRQ101_Handler</a> from rme_platform_a7m_armcc.o(RME_VECTOR) referenced from rme_platform_a7m_armcc.o(RME_VECTOR)
 <LI><a href="#[70]">IRQ102_Handler</a> from rme_platform_a7m_armcc.o(RME_VECTOR) referenced from rme_platform_a7m_armcc.o(RME_VECTOR)
 <LI><a href="#[71]">IRQ103_Handler</a> from rme_platform_a7m_armcc.o(RME_VECTOR) referenced from rme_platform_a7m_armcc.o(RME_VECTOR)
 <LI><a href="#[72]">IRQ104_Handler</a> from rme_platform_a7m_armcc.o(RME_VECTOR) referenced from rme_platform_a7m_armcc.o(RME_VECTOR)
 <LI><a href="#[73]">IRQ105_Handler</a> from rme_platform_a7m_armcc.o(RME_VECTOR) referenced from rme_platform_a7m_armcc.o(RME_VECTOR)
 <LI><a href="#[74]">IRQ106_Handler</a> from rme_platform_a7m_armcc.o(RME_VECTOR) referenced from rme_platform_a7m_armcc.o(RME_VECTOR)
 <LI><a href="#[75]">IRQ107_Handler</a> from rme_platform_a7m_armcc.o(RME_VECTOR) referenced from rme_platform_a7m_armcc.o(RME_VECTOR)
 <LI><a href="#[76]">IRQ108_Handler</a> from rme_platform_a7m_armcc.o(RME_VECTOR) referenced from rme_platform_a7m_armcc.o(RME_VECTOR)
 <LI><a href="#[77]">IRQ109_Handler</a> from rme_platform_a7m_armcc.o(RME_VECTOR) referenced from rme_platform_a7m_armcc.o(RME_VECTOR)
 <LI><a href="#[14]">IRQ10_Handler</a> from rme_platform_a7m_armcc.o(RME_VECTOR) referenced from rme_platform_a7m_armcc.o(RME_VECTOR)
 <LI><a href="#[78]">IRQ110_Handler</a> from rme_platform_a7m_armcc.o(RME_VECTOR) referenced from rme_platform_a7m_armcc.o(RME_VECTOR)
 <LI><a href="#[79]">IRQ111_Handler</a> from rme_platform_a7m_armcc.o(RME_VECTOR) referenced from rme_platform_a7m_armcc.o(RME_VECTOR)
 <LI><a href="#[7a]">IRQ112_Handler</a> from rme_platform_a7m_armcc.o(RME_VECTOR) referenced from rme_platform_a7m_armcc.o(RME_VECTOR)
 <LI><a href="#[7b]">IRQ113_Handler</a> from rme_platform_a7m_armcc.o(RME_VECTOR) referenced from rme_platform_a7m_armcc.o(RME_VECTOR)
 <LI><a href="#[7c]">IRQ114_Handler</a> from rme_platform_a7m_armcc.o(RME_VECTOR) referenced from rme_platform_a7m_armcc.o(RME_VECTOR)
 <LI><a href="#[7d]">IRQ115_Handler</a> from rme_platform_a7m_armcc.o(RME_VECTOR) referenced from rme_platform_a7m_armcc.o(RME_VECTOR)
 <LI><a href="#[7e]">IRQ116_Handler</a> from rme_platform_a7m_armcc.o(RME_VECTOR) referenced from rme_platform_a7m_armcc.o(RME_VECTOR)
 <LI><a href="#[7f]">IRQ117_Handler</a> from rme_platform_a7m_armcc.o(RME_VECTOR) referenced from rme_platform_a7m_armcc.o(RME_VECTOR)
 <LI><a href="#[80]">IRQ118_Handler</a> from rme_platform_a7m_armcc.o(RME_VECTOR) referenced from rme_platform_a7m_armcc.o(RME_VECTOR)
 <LI><a href="#[81]">IRQ119_Handler</a> from rme_platform_a7m_armcc.o(RME_VECTOR) referenced from rme_platform_a7m_armcc.o(RME_VECTOR)
 <LI><a href="#[15]">IRQ11_Handler</a> from rme_platform_a7m_armcc.o(RME_VECTOR) referenced from rme_platform_a7m_armcc.o(RME_VECTOR)
 <LI><a href="#[82]">IRQ120_Handler</a> from rme_platform_a7m_armcc.o(RME_VECTOR) referenced from rme_platform_a7m_armcc.o(RME_VECTOR)
 <LI><a href="#[83]">IRQ121_Handler</a> from rme_platform_a7m_armcc.o(RME_VECTOR) referenced from rme_platform_a7m_armcc.o(RME_VECTOR)
 <LI><a href="#[84]">IRQ122_Handler</a> from rme_platform_a7m_armcc.o(RME_VECTOR) referenced from rme_platform_a7m_armcc.o(RME_VECTOR)
 <LI><a href="#[85]">IRQ123_Handler</a> from rme_platform_a7m_armcc.o(RME_VECTOR) referenced from rme_platform_a7m_armcc.o(RME_VECTOR)
 <LI><a href="#[86]">IRQ124_Handler</a> from rme_platform_a7m_armcc.o(RME_VECTOR) referenced from rme_platform_a7m_armcc.o(RME_VECTOR)
 <LI><a href="#[87]">IRQ125_Handler</a> from rme_platform_a7m_armcc.o(RME_VECTOR) referenced from rme_platform_a7m_armcc.o(RME_VECTOR)
 <LI><a href="#[88]">IRQ126_Handler</a> from rme_platform_a7m_armcc.o(RME_VECTOR) referenced from rme_platform_a7m_armcc.o(RME_VECTOR)
 <LI><a href="#[89]">IRQ127_Handler</a> from rme_platform_a7m_armcc.o(RME_VECTOR) referenced from rme_platform_a7m_armcc.o(RME_VECTOR)
 <LI><a href="#[8a]">IRQ128_Handler</a> from rme_platform_a7m_armcc.o(RME_VECTOR) referenced from rme_platform_a7m_armcc.o(RME_VECTOR)
 <LI><a href="#[8b]">IRQ129_Handler</a> from rme_platform_a7m_armcc.o(RME_VECTOR) referenced from rme_platform_a7m_armcc.o(RME_VECTOR)
 <LI><a href="#[16]">IRQ12_Handler</a> from rme_platform_a7m_armcc.o(RME_VECTOR) referenced from rme_platform_a7m_armcc.o(RME_VECTOR)
 <LI><a href="#[8c]">IRQ130_Handler</a> from rme_platform_a7m_armcc.o(RME_VECTOR) referenced from rme_platform_a7m_armcc.o(RME_VECTOR)
 <LI><a href="#[8d]">IRQ131_Handler</a> from rme_platform_a7m_armcc.o(RME_VECTOR) referenced from rme_platform_a7m_armcc.o(RME_VECTOR)
 <LI><a href="#[8e]">IRQ132_Handler</a> from rme_platform_a7m_armcc.o(RME_VECTOR) referenced from rme_platform_a7m_armcc.o(RME_VECTOR)
 <LI><a href="#[8f]">IRQ133_Handler</a> from rme_platform_a7m_armcc.o(RME_VECTOR) referenced from rme_platform_a7m_armcc.o(RME_VECTOR)
 <LI><a href="#[90]">IRQ134_Handler</a> from rme_platform_a7m_armcc.o(RME_VECTOR) referenced from rme_platform_a7m_armcc.o(RME_VECTOR)
 <LI><a href="#[91]">IRQ135_Handler</a> from rme_platform_a7m_armcc.o(RME_VECTOR) referenced from rme_platform_a7m_armcc.o(RME_VECTOR)
 <LI><a href="#[92]">IRQ136_Handler</a> from rme_platform_a7m_armcc.o(RME_VECTOR) referenced from rme_platform_a7m_armcc.o(RME_VECTOR)
 <LI><a href="#[93]">IRQ137_Handler</a> from rme_platform_a7m_armcc.o(RME_VECTOR) referenced from rme_platform_a7m_armcc.o(RME_VECTOR)
 <LI><a href="#[94]">IRQ138_Handler</a> from rme_platform_a7m_armcc.o(RME_VECTOR) referenced from rme_platform_a7m_armcc.o(RME_VECTOR)
 <LI><a href="#[95]">IRQ139_Handler</a> from rme_platform_a7m_armcc.o(RME_VECTOR) referenced from rme_platform_a7m_armcc.o(RME_VECTOR)
 <LI><a href="#[17]">IRQ13_Handler</a> from rme_platform_a7m_armcc.o(RME_VECTOR) referenced from rme_platform_a7m_armcc.o(RME_VECTOR)
 <LI><a href="#[96]">IRQ140_Handler</a> from rme_platform_a7m_armcc.o(RME_VECTOR) referenced from rme_platform_a7m_armcc.o(RME_VECTOR)
 <LI><a href="#[97]">IRQ141_Handler</a> from rme_platform_a7m_armcc.o(RME_VECTOR) referenced from rme_platform_a7m_armcc.o(RME_VECTOR)
 <LI><a href="#[98]">IRQ142_Handler</a> from rme_platform_a7m_armcc.o(RME_VECTOR) referenced from rme_platform_a7m_armcc.o(RME_VECTOR)
 <LI><a href="#[99]">IRQ143_Handler</a> from rme_platform_a7m_armcc.o(RME_VECTOR) referenced from rme_platform_a7m_armcc.o(RME_VECTOR)
 <LI><a href="#[9a]">IRQ144_Handler</a> from rme_platform_a7m_armcc.o(RME_VECTOR) referenced from rme_platform_a7m_armcc.o(RME_VECTOR)
 <LI><a href="#[9b]">IRQ145_Handler</a> from rme_platform_a7m_armcc.o(RME_VECTOR) referenced from rme_platform_a7m_armcc.o(RME_VECTOR)
 <LI><a href="#[9c]">IRQ146_Handler</a> from rme_platform_a7m_armcc.o(RME_VECTOR) referenced from rme_platform_a7m_armcc.o(RME_VECTOR)
 <LI><a href="#[9d]">IRQ147_Handler</a> from rme_platform_a7m_armcc.o(RME_VECTOR) referenced from rme_platform_a7m_armcc.o(RME_VECTOR)
 <LI><a href="#[9e]">IRQ148_Handler</a> from rme_platform_a7m_armcc.o(RME_VECTOR) referenced from rme_platform_a7m_armcc.o(RME_VECTOR)
 <LI><a href="#[9f]">IRQ149_Handler</a> from rme_platform_a7m_armcc.o(RME_VECTOR) referenced from rme_platform_a7m_armcc.o(RME_VECTOR)
 <LI><a href="#[18]">IRQ14_Handler</a> from rme_platform_a7m_armcc.o(RME_VECTOR) referenced from rme_platform_a7m_armcc.o(RME_VECTOR)
 <LI><a href="#[a0]">IRQ150_Handler</a> from rme_platform_a7m_armcc.o(RME_VECTOR) referenced from rme_platform_a7m_armcc.o(RME_VECTOR)
 <LI><a href="#[a1]">IRQ151_Handler</a> from rme_platform_a7m_armcc.o(RME_VECTOR) referenced from rme_platform_a7m_armcc.o(RME_VECTOR)
 <LI><a href="#[a2]">IRQ152_Handler</a> from rme_platform_a7m_armcc.o(RME_VECTOR) referenced from rme_platform_a7m_armcc.o(RME_VECTOR)
 <LI><a href="#[a3]">IRQ153_Handler</a> from rme_platform_a7m_armcc.o(RME_VECTOR) referenced from rme_platform_a7m_armcc.o(RME_VECTOR)
 <LI><a href="#[a4]">IRQ154_Handler</a> from rme_platform_a7m_armcc.o(RME_VECTOR) referenced from rme_platform_a7m_armcc.o(RME_VECTOR)
 <LI><a href="#[a5]">IRQ155_Handler</a> from rme_platform_a7m_armcc.o(RME_VECTOR) referenced from rme_platform_a7m_armcc.o(RME_VECTOR)
 <LI><a href="#[a6]">IRQ156_Handler</a> from rme_platform_a7m_armcc.o(RME_VECTOR) referenced from rme_platform_a7m_armcc.o(RME_VECTOR)
 <LI><a href="#[a7]">IRQ157_Handler</a> from rme_platform_a7m_armcc.o(RME_VECTOR) referenced from rme_platform_a7m_armcc.o(RME_VECTOR)
 <LI><a href="#[a8]">IRQ158_Handler</a> from rme_platform_a7m_armcc.o(RME_VECTOR) referenced from rme_platform_a7m_armcc.o(RME_VECTOR)
 <LI><a href="#[a9]">IRQ159_Handler</a> from rme_platform_a7m_armcc.o(RME_VECTOR) referenced from rme_platform_a7m_armcc.o(RME_VECTOR)
 <LI><a href="#[19]">IRQ15_Handler</a> from rme_platform_a7m_armcc.o(RME_VECTOR) referenced from rme_platform_a7m_armcc.o(RME_VECTOR)
 <LI><a href="#[aa]">IRQ160_Handler</a> from rme_platform_a7m_armcc.o(RME_VECTOR) referenced from rme_platform_a7m_armcc.o(RME_VECTOR)
 <LI><a href="#[ab]">IRQ161_Handler</a> from rme_platform_a7m_armcc.o(RME_VECTOR) referenced from rme_platform_a7m_armcc.o(RME_VECTOR)
 <LI><a href="#[ac]">IRQ162_Handler</a> from rme_platform_a7m_armcc.o(RME_VECTOR) referenced from rme_platform_a7m_armcc.o(RME_VECTOR)
 <LI><a href="#[ad]">IRQ163_Handler</a> from rme_platform_a7m_armcc.o(RME_VECTOR) referenced from rme_platform_a7m_armcc.o(RME_VECTOR)
 <LI><a href="#[ae]">IRQ164_Handler</a> from rme_platform_a7m_armcc.o(RME_VECTOR) referenced from rme_platform_a7m_armcc.o(RME_VECTOR)
 <LI><a href="#[af]">IRQ165_Handler</a> from rme_platform_a7m_armcc.o(RME_VECTOR) referenced from rme_platform_a7m_armcc.o(RME_VECTOR)
 <LI><a href="#[b0]">IRQ166_Handler</a> from rme_platform_a7m_armcc.o(RME_VECTOR) referenced from rme_platform_a7m_armcc.o(RME_VECTOR)
 <LI><a href="#[b1]">IRQ167_Handler</a> from rme_platform_a7m_armcc.o(RME_VECTOR) referenced from rme_platform_a7m_armcc.o(RME_VECTOR)
 <LI><a href="#[b2]">IRQ168_Handler</a> from rme_platform_a7m_armcc.o(RME_VECTOR) referenced from rme_platform_a7m_armcc.o(RME_VECTOR)
 <LI><a href="#[b3]">IRQ169_Handler</a> from rme_platform_a7m_armcc.o(RME_VECTOR) referenced from rme_platform_a7m_armcc.o(RME_VECTOR)
 <LI><a href="#[1a]">IRQ16_Handler</a> from rme_platform_a7m_armcc.o(RME_VECTOR) referenced from rme_platform_a7m_armcc.o(RME_VECTOR)
 <LI><a href="#[b4]">IRQ170_Handler</a> from rme_platform_a7m_armcc.o(RME_VECTOR) referenced from rme_platform_a7m_armcc.o(RME_VECTOR)
 <LI><a href="#[b5]">IRQ171_Handler</a> from rme_platform_a7m_armcc.o(RME_VECTOR) referenced from rme_platform_a7m_armcc.o(RME_VECTOR)
 <LI><a href="#[b6]">IRQ172_Handler</a> from rme_platform_a7m_armcc.o(RME_VECTOR) referenced from rme_platform_a7m_armcc.o(RME_VECTOR)
 <LI><a href="#[b7]">IRQ173_Handler</a> from rme_platform_a7m_armcc.o(RME_VECTOR) referenced from rme_platform_a7m_armcc.o(RME_VECTOR)
 <LI><a href="#[b8]">IRQ174_Handler</a> from rme_platform_a7m_armcc.o(RME_VECTOR) referenced from rme_platform_a7m_armcc.o(RME_VECTOR)
 <LI><a href="#[b9]">IRQ175_Handler</a> from rme_platform_a7m_armcc.o(RME_VECTOR) referenced from rme_platform_a7m_armcc.o(RME_VECTOR)
 <LI><a href="#[ba]">IRQ176_Handler</a> from rme_platform_a7m_armcc.o(RME_VECTOR) referenced from rme_platform_a7m_armcc.o(RME_VECTOR)
 <LI><a href="#[bb]">IRQ177_Handler</a> from rme_platform_a7m_armcc.o(RME_VECTOR) referenced from rme_platform_a7m_armcc.o(RME_VECTOR)
 <LI><a href="#[bc]">IRQ178_Handler</a> from rme_platform_a7m_armcc.o(RME_VECTOR) referenced from rme_platform_a7m_armcc.o(RME_VECTOR)
 <LI><a href="#[bd]">IRQ179_Handler</a> from rme_platform_a7m_armcc.o(RME_VECTOR) referenced from rme_platform_a7m_armcc.o(RME_VECTOR)
 <LI><a href="#[1b]">IRQ17_Handler</a> from rme_platform_a7m_armcc.o(RME_VECTOR) referenced from rme_platform_a7m_armcc.o(RME_VECTOR)
 <LI><a href="#[be]">IRQ180_Handler</a> from rme_platform_a7m_armcc.o(RME_VECTOR) referenced from rme_platform_a7m_armcc.o(RME_VECTOR)
 <LI><a href="#[bf]">IRQ181_Handler</a> from rme_platform_a7m_armcc.o(RME_VECTOR) referenced from rme_platform_a7m_armcc.o(RME_VECTOR)
 <LI><a href="#[c0]">IRQ182_Handler</a> from rme_platform_a7m_armcc.o(RME_VECTOR) referenced from rme_platform_a7m_armcc.o(RME_VECTOR)
 <LI><a href="#[c1]">IRQ183_Handler</a> from rme_platform_a7m_armcc.o(RME_VECTOR) referenced from rme_platform_a7m_armcc.o(RME_VECTOR)
 <LI><a href="#[c2]">IRQ184_Handler</a> from rme_platform_a7m_armcc.o(RME_VECTOR) referenced from rme_platform_a7m_armcc.o(RME_VECTOR)
 <LI><a href="#[c3]">IRQ185_Handler</a> from rme_platform_a7m_armcc.o(RME_VECTOR) referenced from rme_platform_a7m_armcc.o(RME_VECTOR)
 <LI><a href="#[c4]">IRQ186_Handler</a> from rme_platform_a7m_armcc.o(RME_VECTOR) referenced from rme_platform_a7m_armcc.o(RME_VECTOR)
 <LI><a href="#[c5]">IRQ187_Handler</a> from rme_platform_a7m_armcc.o(RME_VECTOR) referenced from rme_platform_a7m_armcc.o(RME_VECTOR)
 <LI><a href="#[c6]">IRQ188_Handler</a> from rme_platform_a7m_armcc.o(RME_VECTOR) referenced from rme_platform_a7m_armcc.o(RME_VECTOR)
 <LI><a href="#[c7]">IRQ189_Handler</a> from rme_platform_a7m_armcc.o(RME_VECTOR) referenced from rme_platform_a7m_armcc.o(RME_VECTOR)
 <LI><a href="#[1c]">IRQ18_Handler</a> from rme_platform_a7m_armcc.o(RME_VECTOR) referenced from rme_platform_a7m_armcc.o(RME_VECTOR)
 <LI><a href="#[c8]">IRQ190_Handler</a> from rme_platform_a7m_armcc.o(RME_VECTOR) referenced from rme_platform_a7m_armcc.o(RME_VECTOR)
 <LI><a href="#[c9]">IRQ191_Handler</a> from rme_platform_a7m_armcc.o(RME_VECTOR) referenced from rme_platform_a7m_armcc.o(RME_VECTOR)
 <LI><a href="#[ca]">IRQ192_Handler</a> from rme_platform_a7m_armcc.o(RME_VECTOR) referenced from rme_platform_a7m_armcc.o(RME_VECTOR)
 <LI><a href="#[cb]">IRQ193_Handler</a> from rme_platform_a7m_armcc.o(RME_VECTOR) referenced from rme_platform_a7m_armcc.o(RME_VECTOR)
 <LI><a href="#[cc]">IRQ194_Handler</a> from rme_platform_a7m_armcc.o(RME_VECTOR) referenced from rme_platform_a7m_armcc.o(RME_VECTOR)
 <LI><a href="#[cd]">IRQ195_Handler</a> from rme_platform_a7m_armcc.o(RME_VECTOR) referenced from rme_platform_a7m_armcc.o(RME_VECTOR)
 <LI><a href="#[ce]">IRQ196_Handler</a> from rme_platform_a7m_armcc.o(RME_VECTOR) referenced from rme_platform_a7m_armcc.o(RME_VECTOR)
 <LI><a href="#[cf]">IRQ197_Handler</a> from rme_platform_a7m_armcc.o(RME_VECTOR) referenced from rme_platform_a7m_armcc.o(RME_VECTOR)
 <LI><a href="#[d0]">IRQ198_Handler</a> from rme_platform_a7m_armcc.o(RME_VECTOR) referenced from rme_platform_a7m_armcc.o(RME_VECTOR)
 <LI><a href="#[d1]">IRQ199_Handler</a> from rme_platform_a7m_armcc.o(RME_VECTOR) referenced from rme_platform_a7m_armcc.o(RME_VECTOR)
 <LI><a href="#[1d]">IRQ19_Handler</a> from rme_platform_a7m_armcc.o(RME_VECTOR) referenced from rme_platform_a7m_armcc.o(RME_VECTOR)
 <LI><a href="#[b]">IRQ1_Handler</a> from rme_platform_a7m_armcc.o(RME_VECTOR) referenced from rme_platform_a7m_armcc.o(RME_VECTOR)
 <LI><a href="#[d2]">IRQ200_Handler</a> from rme_platform_a7m_armcc.o(RME_VECTOR) referenced from rme_platform_a7m_armcc.o(RME_VECTOR)
 <LI><a href="#[d3]">IRQ201_Handler</a> from rme_platform_a7m_armcc.o(RME_VECTOR) referenced from rme_platform_a7m_armcc.o(RME_VECTOR)
 <LI><a href="#[d4]">IRQ202_Handler</a> from rme_platform_a7m_armcc.o(RME_VECTOR) referenced from rme_platform_a7m_armcc.o(RME_VECTOR)
 <LI><a href="#[d5]">IRQ203_Handler</a> from rme_platform_a7m_armcc.o(RME_VECTOR) referenced from rme_platform_a7m_armcc.o(RME_VECTOR)
 <LI><a href="#[d6]">IRQ204_Handler</a> from rme_platform_a7m_armcc.o(RME_VECTOR) referenced from rme_platform_a7m_armcc.o(RME_VECTOR)
 <LI><a href="#[d7]">IRQ205_Handler</a> from rme_platform_a7m_armcc.o(RME_VECTOR) referenced from rme_platform_a7m_armcc.o(RME_VECTOR)
 <LI><a href="#[d8]">IRQ206_Handler</a> from rme_platform_a7m_armcc.o(RME_VECTOR) referenced from rme_platform_a7m_armcc.o(RME_VECTOR)
 <LI><a href="#[d9]">IRQ207_Handler</a> from rme_platform_a7m_armcc.o(RME_VECTOR) referenced from rme_platform_a7m_armcc.o(RME_VECTOR)
 <LI><a href="#[da]">IRQ208_Handler</a> from rme_platform_a7m_armcc.o(RME_VECTOR) referenced from rme_platform_a7m_armcc.o(RME_VECTOR)
 <LI><a href="#[db]">IRQ209_Handler</a> from rme_platform_a7m_armcc.o(RME_VECTOR) referenced from rme_platform_a7m_armcc.o(RME_VECTOR)
 <LI><a href="#[1e]">IRQ20_Handler</a> from rme_platform_a7m_armcc.o(RME_VECTOR) referenced from rme_platform_a7m_armcc.o(RME_VECTOR)
 <LI><a href="#[dc]">IRQ210_Handler</a> from rme_platform_a7m_armcc.o(RME_VECTOR) referenced from rme_platform_a7m_armcc.o(RME_VECTOR)
 <LI><a href="#[dd]">IRQ211_Handler</a> from rme_platform_a7m_armcc.o(RME_VECTOR) referenced from rme_platform_a7m_armcc.o(RME_VECTOR)
 <LI><a href="#[de]">IRQ212_Handler</a> from rme_platform_a7m_armcc.o(RME_VECTOR) referenced from rme_platform_a7m_armcc.o(RME_VECTOR)
 <LI><a href="#[df]">IRQ213_Handler</a> from rme_platform_a7m_armcc.o(RME_VECTOR) referenced from rme_platform_a7m_armcc.o(RME_VECTOR)
 <LI><a href="#[e0]">IRQ214_Handler</a> from rme_platform_a7m_armcc.o(RME_VECTOR) referenced from rme_platform_a7m_armcc.o(RME_VECTOR)
 <LI><a href="#[e1]">IRQ215_Handler</a> from rme_platform_a7m_armcc.o(RME_VECTOR) referenced from rme_platform_a7m_armcc.o(RME_VECTOR)
 <LI><a href="#[e2]">IRQ216_Handler</a> from rme_platform_a7m_armcc.o(RME_VECTOR) referenced from rme_platform_a7m_armcc.o(RME_VECTOR)
 <LI><a href="#[e3]">IRQ217_Handler</a> from rme_platform_a7m_armcc.o(RME_VECTOR) referenced from rme_platform_a7m_armcc.o(RME_VECTOR)
 <LI><a href="#[e4]">IRQ218_Handler</a> from rme_platform_a7m_armcc.o(RME_VECTOR) referenced from rme_platform_a7m_armcc.o(RME_VECTOR)
 <LI><a href="#[e5]">IRQ219_Handler</a> from rme_platform_a7m_armcc.o(RME_VECTOR) referenced from rme_platform_a7m_armcc.o(RME_VECTOR)
 <LI><a href="#[1f]">IRQ21_Handler</a> from rme_platform_a7m_armcc.o(RME_VECTOR) referenced from rme_platform_a7m_armcc.o(RME_VECTOR)
 <LI><a href="#[e6]">IRQ220_Handler</a> from rme_platform_a7m_armcc.o(RME_VECTOR) referenced from rme_platform_a7m_armcc.o(RME_VECTOR)
 <LI><a href="#[e7]">IRQ221_Handler</a> from rme_platform_a7m_armcc.o(RME_VECTOR) referenced from rme_platform_a7m_armcc.o(RME_VECTOR)
 <LI><a href="#[e8]">IRQ222_Handler</a> from rme_platform_a7m_armcc.o(RME_VECTOR) referenced from rme_platform_a7m_armcc.o(RME_VECTOR)
 <LI><a href="#[e9]">IRQ223_Handler</a> from rme_platform_a7m_armcc.o(RME_VECTOR) referenced from rme_platform_a7m_armcc.o(RME_VECTOR)
 <LI><a href="#[ea]">IRQ224_Handler</a> from rme_platform_a7m_armcc.o(RME_VECTOR) referenced from rme_platform_a7m_armcc.o(RME_VECTOR)
 <LI><a href="#[eb]">IRQ225_Handler</a> from rme_platform_a7m_armcc.o(RME_VECTOR) referenced from rme_platform_a7m_armcc.o(RME_VECTOR)
 <LI><a href="#[ec]">IRQ226_Handler</a> from rme_platform_a7m_armcc.o(RME_VECTOR) referenced from rme_platform_a7m_armcc.o(RME_VECTOR)
 <LI><a href="#[ed]">IRQ227_Handler</a> from rme_platform_a7m_armcc.o(RME_VECTOR) referenced from rme_platform_a7m_armcc.o(RME_VECTOR)
 <LI><a href="#[ee]">IRQ228_Handler</a> from rme_platform_a7m_armcc.o(RME_VECTOR) referenced from rme_platform_a7m_armcc.o(RME_VECTOR)
 <LI><a href="#[ef]">IRQ229_Handler</a> from rme_platform_a7m_armcc.o(RME_VECTOR) referenced from rme_platform_a7m_armcc.o(RME_VECTOR)
 <LI><a href="#[20]">IRQ22_Handler</a> from rme_platform_a7m_armcc.o(RME_VECTOR) referenced from rme_platform_a7m_armcc.o(RME_VECTOR)
 <LI><a href="#[f0]">IRQ230_Handler</a> from rme_platform_a7m_armcc.o(RME_VECTOR) referenced from rme_platform_a7m_armcc.o(RME_VECTOR)
 <LI><a href="#[f1]">IRQ231_Handler</a> from rme_platform_a7m_armcc.o(RME_VECTOR) referenced from rme_platform_a7m_armcc.o(RME_VECTOR)
 <LI><a href="#[f2]">IRQ232_Handler</a> from rme_platform_a7m_armcc.o(RME_VECTOR) referenced from rme_platform_a7m_armcc.o(RME_VECTOR)
 <LI><a href="#[f3]">IRQ233_Handler</a> from rme_platform_a7m_armcc.o(RME_VECTOR) referenced from rme_platform_a7m_armcc.o(RME_VECTOR)
 <LI><a href="#[f4]">IRQ234_Handler</a> from rme_platform_a7m_armcc.o(RME_VECTOR) referenced from rme_platform_a7m_armcc.o(RME_VECTOR)
 <LI><a href="#[f5]">IRQ235_Handler</a> from rme_platform_a7m_armcc.o(RME_VECTOR) referenced from rme_platform_a7m_armcc.o(RME_VECTOR)
 <LI><a href="#[f6]">IRQ236_Handler</a> from rme_platform_a7m_armcc.o(RME_VECTOR) referenced from rme_platform_a7m_armcc.o(RME_VECTOR)
 <LI><a href="#[f7]">IRQ237_Handler</a> from rme_platform_a7m_armcc.o(RME_VECTOR) referenced from rme_platform_a7m_armcc.o(RME_VECTOR)
 <LI><a href="#[f8]">IRQ238_Handler</a> from rme_platform_a7m_armcc.o(RME_VECTOR) referenced from rme_platform_a7m_armcc.o(RME_VECTOR)
 <LI><a href="#[f9]">IRQ239_Handler</a> from rme_platform_a7m_armcc.o(RME_VECTOR) referenced from rme_platform_a7m_armcc.o(RME_VECTOR)
 <LI><a href="#[21]">IRQ23_Handler</a> from rme_platform_a7m_armcc.o(RME_VECTOR) referenced from rme_platform_a7m_armcc.o(RME_VECTOR)
 <LI><a href="#[22]">IRQ24_Handler</a> from rme_platform_a7m_armcc.o(RME_VECTOR) referenced from rme_platform_a7m_armcc.o(RME_VECTOR)
 <LI><a href="#[23]">IRQ25_Handler</a> from rme_platform_a7m_armcc.o(RME_VECTOR) referenced from rme_platform_a7m_armcc.o(RME_VECTOR)
 <LI><a href="#[24]">IRQ26_Handler</a> from rme_platform_a7m_armcc.o(RME_VECTOR) referenced from rme_platform_a7m_armcc.o(RME_VECTOR)
 <LI><a href="#[25]">IRQ27_Handler</a> from rme_platform_a7m_armcc.o(RME_VECTOR) referenced from rme_platform_a7m_armcc.o(RME_VECTOR)
 <LI><a href="#[26]">IRQ28_Handler</a> from rme_platform_a7m_armcc.o(RME_VECTOR) referenced from rme_platform_a7m_armcc.o(RME_VECTOR)
 <LI><a href="#[27]">IRQ29_Handler</a> from rme_platform_a7m_armcc.o(RME_VECTOR) referenced from rme_platform_a7m_armcc.o(RME_VECTOR)
 <LI><a href="#[c]">IRQ2_Handler</a> from rme_platform_a7m_armcc.o(RME_VECTOR) referenced from rme_platform_a7m_armcc.o(RME_VECTOR)
 <LI><a href="#[28]">IRQ30_Handler</a> from rme_platform_a7m_armcc.o(RME_VECTOR) referenced from rme_platform_a7m_armcc.o(RME_VECTOR)
 <LI><a href="#[29]">IRQ31_Handler</a> from rme_platform_a7m_armcc.o(RME_VECTOR) referenced from rme_platform_a7m_armcc.o(RME_VECTOR)
 <LI><a href="#[2a]">IRQ32_Handler</a> from rme_platform_a7m_armcc.o(RME_VECTOR) referenced from rme_platform_a7m_armcc.o(RME_VECTOR)
 <LI><a href="#[2b]">IRQ33_Handler</a> from rme_platform_a7m_armcc.o(RME_VECTOR) referenced from rme_platform_a7m_armcc.o(RME_VECTOR)
 <LI><a href="#[2c]">IRQ34_Handler</a> from rme_platform_a7m_armcc.o(RME_VECTOR) referenced from rme_platform_a7m_armcc.o(RME_VECTOR)
 <LI><a href="#[2d]">IRQ35_Handler</a> from rme_platform_a7m_armcc.o(RME_VECTOR) referenced from rme_platform_a7m_armcc.o(RME_VECTOR)
 <LI><a href="#[2e]">IRQ36_Handler</a> from rme_platform_a7m_armcc.o(RME_VECTOR) referenced from rme_platform_a7m_armcc.o(RME_VECTOR)
 <LI><a href="#[2f]">IRQ37_Handler</a> from rme_platform_a7m_armcc.o(RME_VECTOR) referenced from rme_platform_a7m_armcc.o(RME_VECTOR)
 <LI><a href="#[30]">IRQ38_Handler</a> from rme_platform_a7m_armcc.o(RME_VECTOR) referenced from rme_platform_a7m_armcc.o(RME_VECTOR)
 <LI><a href="#[31]">IRQ39_Handler</a> from rme_platform_a7m_armcc.o(RME_VECTOR) referenced from rme_platform_a7m_armcc.o(RME_VECTOR)
 <LI><a href="#[d]">IRQ3_Handler</a> from rme_platform_a7m_armcc.o(RME_VECTOR) referenced from rme_platform_a7m_armcc.o(RME_VECTOR)
 <LI><a href="#[32]">IRQ40_Handler</a> from rme_platform_a7m_armcc.o(RME_VECTOR) referenced from rme_platform_a7m_armcc.o(RME_VECTOR)
 <LI><a href="#[33]">IRQ41_Handler</a> from rme_platform_a7m_armcc.o(RME_VECTOR) referenced from rme_platform_a7m_armcc.o(RME_VECTOR)
 <LI><a href="#[34]">IRQ42_Handler</a> from rme_platform_a7m_armcc.o(RME_VECTOR) referenced from rme_platform_a7m_armcc.o(RME_VECTOR)
 <LI><a href="#[35]">IRQ43_Handler</a> from rme_platform_a7m_armcc.o(RME_VECTOR) referenced from rme_platform_a7m_armcc.o(RME_VECTOR)
 <LI><a href="#[36]">IRQ44_Handler</a> from rme_platform_a7m_armcc.o(RME_VECTOR) referenced from rme_platform_a7m_armcc.o(RME_VECTOR)
 <LI><a href="#[37]">IRQ45_Handler</a> from rme_platform_a7m_armcc.o(RME_VECTOR) referenced from rme_platform_a7m_armcc.o(RME_VECTOR)
 <LI><a href="#[38]">IRQ46_Handler</a> from rme_platform_a7m_armcc.o(RME_VECTOR) referenced from rme_platform_a7m_armcc.o(RME_VECTOR)
 <LI><a href="#[39]">IRQ47_Handler</a> from rme_platform_a7m_armcc.o(RME_VECTOR) referenced from rme_platform_a7m_armcc.o(RME_VECTOR)
 <LI><a href="#[3a]">IRQ48_Handler</a> from rme_platform_a7m_armcc.o(RME_VECTOR) referenced from rme_platform_a7m_armcc.o(RME_VECTOR)
 <LI><a href="#[3b]">IRQ49_Handler</a> from rme_platform_a7m_armcc.o(RME_VECTOR) referenced from rme_platform_a7m_armcc.o(RME_VECTOR)
 <LI><a href="#[e]">IRQ4_Handler</a> from rme_platform_a7m_armcc.o(RME_VECTOR) referenced from rme_platform_a7m_armcc.o(RME_VECTOR)
 <LI><a href="#[3c]">IRQ50_Handler</a> from rme_platform_a7m_armcc.o(RME_VECTOR) referenced from rme_platform_a7m_armcc.o(RME_VECTOR)
 <LI><a href="#[3d]">IRQ51_Handler</a> from rme_platform_a7m_armcc.o(RME_VECTOR) referenced from rme_platform_a7m_armcc.o(RME_VECTOR)
 <LI><a href="#[3e]">IRQ52_Handler</a> from rme_platform_a7m_armcc.o(RME_VECTOR) referenced from rme_platform_a7m_armcc.o(RME_VECTOR)
 <LI><a href="#[3f]">IRQ53_Handler</a> from rme_platform_a7m_armcc.o(RME_VECTOR) referenced from rme_platform_a7m_armcc.o(RME_VECTOR)
 <LI><a href="#[40]">IRQ54_Handler</a> from rme_platform_a7m_armcc.o(RME_VECTOR) referenced from rme_platform_a7m_armcc.o(RME_VECTOR)
 <LI><a href="#[41]">IRQ55_Handler</a> from rme_platform_a7m_armcc.o(RME_VECTOR) referenced from rme_platform_a7m_armcc.o(RME_VECTOR)
 <LI><a href="#[42]">IRQ56_Handler</a> from rme_platform_a7m_armcc.o(RME_VECTOR) referenced from rme_platform_a7m_armcc.o(RME_VECTOR)
 <LI><a href="#[43]">IRQ57_Handler</a> from rme_platform_a7m_armcc.o(RME_VECTOR) referenced from rme_platform_a7m_armcc.o(RME_VECTOR)
 <LI><a href="#[44]">IRQ58_Handler</a> from rme_platform_a7m_armcc.o(RME_VECTOR) referenced from rme_platform_a7m_armcc.o(RME_VECTOR)
 <LI><a href="#[45]">IRQ59_Handler</a> from rme_platform_a7m_armcc.o(RME_VECTOR) referenced from rme_platform_a7m_armcc.o(RME_VECTOR)
 <LI><a href="#[f]">IRQ5_Handler</a> from rme_platform_a7m_armcc.o(RME_VECTOR) referenced from rme_platform_a7m_armcc.o(RME_VECTOR)
 <LI><a href="#[46]">IRQ60_Handler</a> from rme_platform_a7m_armcc.o(RME_VECTOR) referenced from rme_platform_a7m_armcc.o(RME_VECTOR)
 <LI><a href="#[47]">IRQ61_Handler</a> from rme_platform_a7m_armcc.o(RME_VECTOR) referenced from rme_platform_a7m_armcc.o(RME_VECTOR)
 <LI><a href="#[48]">IRQ62_Handler</a> from rme_platform_a7m_armcc.o(RME_VECTOR) referenced from rme_platform_a7m_armcc.o(RME_VECTOR)
 <LI><a href="#[49]">IRQ63_Handler</a> from rme_platform_a7m_armcc.o(RME_VECTOR) referenced from rme_platform_a7m_armcc.o(RME_VECTOR)
 <LI><a href="#[4a]">IRQ64_Handler</a> from rme_platform_a7m_armcc.o(RME_VECTOR) referenced from rme_platform_a7m_armcc.o(RME_VECTOR)
 <LI><a href="#[4b]">IRQ65_Handler</a> from rme_platform_a7m_armcc.o(RME_VECTOR) referenced from rme_platform_a7m_armcc.o(RME_VECTOR)
 <LI><a href="#[4c]">IRQ66_Handler</a> from rme_platform_a7m_armcc.o(RME_VECTOR) referenced from rme_platform_a7m_armcc.o(RME_VECTOR)
 <LI><a href="#[4d]">IRQ67_Handler</a> from rme_platform_a7m_armcc.o(RME_VECTOR) referenced from rme_platform_a7m_armcc.o(RME_VECTOR)
 <LI><a href="#[4e]">IRQ68_Handler</a> from rme_platform_a7m_armcc.o(RME_VECTOR) referenced from rme_platform_a7m_armcc.o(RME_VECTOR)
 <LI><a href="#[4f]">IRQ69_Handler</a> from rme_platform_a7m_armcc.o(RME_VECTOR) referenced from rme_platform_a7m_armcc.o(RME_VECTOR)
 <LI><a href="#[10]">IRQ6_Handler</a> from rme_platform_a7m_armcc.o(RME_VECTOR) referenced from rme_platform_a7m_armcc.o(RME_VECTOR)
 <LI><a href="#[50]">IRQ70_Handler</a> from rme_platform_a7m_armcc.o(RME_VECTOR) referenced from rme_platform_a7m_armcc.o(RME_VECTOR)
 <LI><a href="#[51]">IRQ71_Handler</a> from rme_platform_a7m_armcc.o(RME_VECTOR) referenced from rme_platform_a7m_armcc.o(RME_VECTOR)
 <LI><a href="#[52]">IRQ72_Handler</a> from rme_platform_a7m_armcc.o(RME_VECTOR) referenced from rme_platform_a7m_armcc.o(RME_VECTOR)
 <LI><a href="#[53]">IRQ73_Handler</a> from rme_platform_a7m_armcc.o(RME_VECTOR) referenced from rme_platform_a7m_armcc.o(RME_VECTOR)
 <LI><a href="#[54]">IRQ74_Handler</a> from rme_platform_a7m_armcc.o(RME_VECTOR) referenced from rme_platform_a7m_armcc.o(RME_VECTOR)
 <LI><a href="#[55]">IRQ75_Handler</a> from rme_platform_a7m_armcc.o(RME_VECTOR) referenced from rme_platform_a7m_armcc.o(RME_VECTOR)
 <LI><a href="#[56]">IRQ76_Handler</a> from rme_platform_a7m_armcc.o(RME_VECTOR) referenced from rme_platform_a7m_armcc.o(RME_VECTOR)
 <LI><a href="#[57]">IRQ77_Handler</a> from rme_platform_a7m_armcc.o(RME_VECTOR) referenced from rme_platform_a7m_armcc.o(RME_VECTOR)
 <LI><a href="#[58]">IRQ78_Handler</a> from rme_platform_a7m_armcc.o(RME_VECTOR) referenced from rme_platform_a7m_armcc.o(RME_VECTOR)
 <LI><a href="#[59]">IRQ79_Handler</a> from rme_platform_a7m_armcc.o(RME_VECTOR) referenced from rme_platform_a7m_armcc.o(RME_VECTOR)
 <LI><a href="#[11]">IRQ7_Handler</a> from rme_platform_a7m_armcc.o(RME_VECTOR) referenced from rme_platform_a7m_armcc.o(RME_VECTOR)
 <LI><a href="#[5a]">IRQ80_Handler</a> from rme_platform_a7m_armcc.o(RME_VECTOR) referenced from rme_platform_a7m_armcc.o(RME_VECTOR)
 <LI><a href="#[5b]">IRQ81_Handler</a> from rme_platform_a7m_armcc.o(RME_VECTOR) referenced from rme_platform_a7m_armcc.o(RME_VECTOR)
 <LI><a href="#[5c]">IRQ82_Handler</a> from rme_platform_a7m_armcc.o(RME_VECTOR) referenced from rme_platform_a7m_armcc.o(RME_VECTOR)
 <LI><a href="#[5d]">IRQ83_Handler</a> from rme_platform_a7m_armcc.o(RME_VECTOR) referenced from rme_platform_a7m_armcc.o(RME_VECTOR)
 <LI><a href="#[5e]">IRQ84_Handler</a> from rme_platform_a7m_armcc.o(RME_VECTOR) referenced from rme_platform_a7m_armcc.o(RME_VECTOR)
 <LI><a href="#[5f]">IRQ85_Handler</a> from rme_platform_a7m_armcc.o(RME_VECTOR) referenced from rme_platform_a7m_armcc.o(RME_VECTOR)
 <LI><a href="#[60]">IRQ86_Handler</a> from rme_platform_a7m_armcc.o(RME_VECTOR) referenced from rme_platform_a7m_armcc.o(RME_VECTOR)
 <LI><a href="#[61]">IRQ87_Handler</a> from rme_platform_a7m_armcc.o(RME_VECTOR) referenced from rme_platform_a7m_armcc.o(RME_VECTOR)
 <LI><a href="#[62]">IRQ88_Handler</a> from rme_platform_a7m_armcc.o(RME_VECTOR) referenced from rme_platform_a7m_armcc.o(RME_VECTOR)
 <LI><a href="#[63]">IRQ89_Handler</a> from rme_platform_a7m_armcc.o(RME_VECTOR) referenced from rme_platform_a7m_armcc.o(RME_VECTOR)
 <LI><a href="#[12]">IRQ8_Handler</a> from rme_platform_a7m_armcc.o(RME_VECTOR) referenced from rme_platform_a7m_armcc.o(RME_VECTOR)
 <LI><a href="#[64]">IRQ90_Handler</a> from rme_platform_a7m_armcc.o(RME_VECTOR) referenced from rme_platform_a7m_armcc.o(RME_VECTOR)
 <LI><a href="#[65]">IRQ91_Handler</a> from rme_platform_a7m_armcc.o(RME_VECTOR) referenced from rme_platform_a7m_armcc.o(RME_VECTOR)
 <LI><a href="#[66]">IRQ92_Handler</a> from rme_platform_a7m_armcc.o(RME_VECTOR) referenced from rme_platform_a7m_armcc.o(RME_VECTOR)
 <LI><a href="#[67]">IRQ93_Handler</a> from rme_platform_a7m_armcc.o(RME_VECTOR) referenced from rme_platform_a7m_armcc.o(RME_VECTOR)
 <LI><a href="#[68]">IRQ94_Handler</a> from rme_platform_a7m_armcc.o(RME_VECTOR) referenced from rme_platform_a7m_armcc.o(RME_VECTOR)
 <LI><a href="#[69]">IRQ95_Handler</a> from rme_platform_a7m_armcc.o(RME_VECTOR) referenced from rme_platform_a7m_armcc.o(RME_VECTOR)
 <LI><a href="#[6a]">IRQ96_Handler</a> from rme_platform_a7m_armcc.o(RME_VECTOR) referenced from rme_platform_a7m_armcc.o(RME_VECTOR)
 <LI><a href="#[6b]">IRQ97_Handler</a> from rme_platform_a7m_armcc.o(RME_VECTOR) referenced from rme_platform_a7m_armcc.o(RME_VECTOR)
 <LI><a href="#[6c]">IRQ98_Handler</a> from rme_platform_a7m_armcc.o(RME_VECTOR) referenced from rme_platform_a7m_armcc.o(RME_VECTOR)
 <LI><a href="#[6d]">IRQ99_Handler</a> from rme_platform_a7m_armcc.o(RME_VECTOR) referenced from rme_platform_a7m_armcc.o(RME_VECTOR)
 <LI><a href="#[13]">IRQ9_Handler</a> from rme_platform_a7m_armcc.o(RME_VECTOR) referenced from rme_platform_a7m_armcc.o(RME_VECTOR)
 <LI><a href="#[3]">MemManage_Handler</a> from rme_platform_a7m_armcc.o(SYSTEM_HANDLER) referenced from rme_platform_a7m_armcc.o(RME_VECTOR)
 <LI><a href="#[1]">NMI_Handler</a> from rme_platform_a7m_armcc.o(SYSTEM_HANDLER) referenced from rme_platform_a7m_armcc.o(RME_VECTOR)
 <LI><a href="#[8]">PendSV_Handler</a> from rme_platform_a7m_armcc.o(SYSTEM_HANDLER) referenced from rme_platform_a7m_armcc.o(RME_VECTOR)
 <LI><a href="#[0]">Reset_Handler</a> from rme_platform_a7m_armcc.o(RME_ENTRY) referenced from rme_platform_a7m_armcc.o(RME_VECTOR)
 <LI><a href="#[6]">SVC_Handler</a> from rme_platform_a7m_armcc.o(SVC_HANDLER) referenced from rme_platform_a7m_armcc.o(RME_VECTOR)
 <LI><a href="#[9]">SysTick_Handler</a> from rme_platform_a7m_armcc.o(SYSTICK_HANDLER) referenced from rme_platform_a7m_armcc.o(RME_VECTOR)
 <LI><a href="#[5]">UsageFault_Handler</a> from rme_platform_a7m_armcc.o(SYSTEM_HANDLER) referenced from rme_platform_a7m_armcc.o(RME_VECTOR)
 <LI><a href="#[fb]">__RME_A7M_Lowlvl_Preinit</a> from rme_platform_a7m.o(.text.__RME_A7M_Lowlvl_Preinit) referenced from rme_platform_a7m_armcc.o(RME_ENTRY)
 <LI><a href="#[fc]">__main</a> from entry.o(.ARM.Collect$$$$00000000) referenced from rme_platform_a7m_armcc.o(RME_ENTRY)
 <LI><a href="#[fa]">main</a> from rme_platform_a7m.o(.text.main) referenced from entry9a.o(.ARM.Collect$$$$0000000B)
</UL>
<P>
<H3>
Global Symbols
</H3>
<P><STRONG><a name="[a]"></a>IRQ0_Handler</STRONG> (Thumb, 0 bytes, Stack size 0 bytes, rme_platform_a7m_armcc.o(RME_VECTOR))
<BR><BR>[Stack]<UL><LI>Max Depth = 120<LI>Call Chain = IRQ0_Handler &rArr; __RME_A7M_Vct_Handler &rArr; _RME_Kern_High &rArr; _RME_Run_Swt &rArr; RME_Log
</UL>
<BR>[Calls]<UL><LI><a href="#[fd]">&gt;&gt;</a>&nbsp;&nbsp;&nbsp;__RME_A7M_Vct_Handler
</UL>
<BR>[Address Reference Count : 1]<UL><LI> rme_platform_a7m_armcc.o(RME_VECTOR)
</UL>
<P><STRONG><a name="[6e]"></a>IRQ100_Handler</STRONG> (Thumb, 0 bytes, Stack size 0 bytes, rme_platform_a7m_armcc.o(RME_VECTOR))
<BR>[Address Reference Count : 1]<UL><LI> rme_platform_a7m_armcc.o(RME_VECTOR)
</UL>
<P><STRONG><a name="[6f]"></a>IRQ101_Handler</STRONG> (Thumb, 0 bytes, Stack size 0 bytes, rme_platform_a7m_armcc.o(RME_VECTOR))
<BR>[Address Reference Count : 1]<UL><LI> rme_platform_a7m_armcc.o(RME_VECTOR)
</UL>
<P><STRONG><a name="[70]"></a>IRQ102_Handler</STRONG> (Thumb, 0 bytes, Stack size 0 bytes, rme_platform_a7m_armcc.o(RME_VECTOR))
<BR>[Address Reference Count : 1]<UL><LI> rme_platform_a7m_armcc.o(RME_VECTOR)
</UL>
<P><STRONG><a name="[71]"></a>IRQ103_Handler</STRONG> (Thumb, 0 bytes, Stack size 0 bytes, rme_platform_a7m_armcc.o(RME_VECTOR))
<BR>[Address Reference Count : 1]<UL><LI> rme_platform_a7m_armcc.o(RME_VECTOR)
</UL>
<P><STRONG><a name="[72]"></a>IRQ104_Handler</STRONG> (Thumb, 0 bytes, Stack size 0 bytes, rme_platform_a7m_armcc.o(RME_VECTOR))
<BR>[Address Reference Count : 1]<UL><LI> rme_platform_a7m_armcc.o(RME_VECTOR)
</UL>
<P><STRONG><a name="[73]"></a>IRQ105_Handler</STRONG> (Thumb, 0 bytes, Stack size 0 bytes, rme_platform_a7m_armcc.o(RME_VECTOR))
<BR>[Address Reference Count : 1]<UL><LI> rme_platform_a7m_armcc.o(RME_VECTOR)
</UL>
<P><STRONG><a name="[74]"></a>IRQ106_Handler</STRONG> (Thumb, 0 bytes, Stack size 0 bytes, rme_platform_a7m_armcc.o(RME_VECTOR))
<BR>[Address Reference Count : 1]<UL><LI> rme_platform_a7m_armcc.o(RME_VECTOR)
</UL>
<P><STRONG><a name="[75]"></a>IRQ107_Handler</STRONG> (Thumb, 0 bytes, Stack size 0 bytes, rme_platform_a7m_armcc.o(RME_VECTOR))
<BR>[Address Reference Count : 1]<UL><LI> rme_platform_a7m_armcc.o(RME_VECTOR)
</UL>
<P><STRONG><a name="[76]"></a>IRQ108_Handler</STRONG> (Thumb, 0 bytes, Stack size 0 bytes, rme_platform_a7m_armcc.o(RME_VECTOR))
<BR>[Address Reference Count : 1]<UL><LI> rme_platform_a7m_armcc.o(RME_VECTOR)
</UL>
<P><STRONG><a name="[77]"></a>IRQ109_Handler</STRONG> (Thumb, 0 bytes, Stack size 0 bytes, rme_platform_a7m_armcc.o(RME_VECTOR))
<BR>[Address Reference Count : 1]<UL><LI> rme_platform_a7m_armcc.o(RME_VECTOR)
</UL>
<P><STRONG><a name="[14]"></a>IRQ10_Handler</STRONG> (Thumb, 0 bytes, Stack size 0 bytes, rme_platform_a7m_armcc.o(RME_VECTOR))
<BR>[Address Reference Count : 1]<UL><LI> rme_platform_a7m_armcc.o(RME_VECTOR)
</UL>
<P><STRONG><a name="[78]"></a>IRQ110_Handler</STRONG> (Thumb, 0 bytes, Stack size 0 bytes, rme_platform_a7m_armcc.o(RME_VECTOR))
<BR>[Address Reference Count : 1]<UL><LI> rme_platform_a7m_armcc.o(RME_VECTOR)
</UL>
<P><STRONG><a name="[79]"></a>IRQ111_Handler</STRONG> (Thumb, 0 bytes, Stack size 0 bytes, rme_platform_a7m_armcc.o(RME_VECTOR))
<BR>[Address Reference Count : 1]<UL><LI> rme_platform_a7m_armcc.o(RME_VECTOR)
</UL>
<P><STRONG><a name="[7a]"></a>IRQ112_Handler</STRONG> (Thumb, 0 bytes, Stack size 0 bytes, rme_platform_a7m_armcc.o(RME_VECTOR))
<BR>[Address Reference Count : 1]<UL><LI> rme_platform_a7m_armcc.o(RME_VECTOR)
</UL>
<P><STRONG><a name="[7b]"></a>IRQ113_Handler</STRONG> (Thumb, 0 bytes, Stack size 0 bytes, rme_platform_a7m_armcc.o(RME_VECTOR))
<BR>[Address Reference Count : 1]<UL><LI> rme_platform_a7m_armcc.o(RME_VECTOR)
</UL>
<P><STRONG><a name="[7c]"></a>IRQ114_Handler</STRONG> (Thumb, 0 bytes, Stack size 0 bytes, rme_platform_a7m_armcc.o(RME_VECTOR))
<BR>[Address Reference Count : 1]<UL><LI> rme_platform_a7m_armcc.o(RME_VECTOR)
</UL>
<P><STRONG><a name="[7d]"></a>IRQ115_Handler</STRONG> (Thumb, 0 bytes, Stack size 0 bytes, rme_platform_a7m_armcc.o(RME_VECTOR))
<BR>[Address Reference Count : 1]<UL><LI> rme_platform_a7m_armcc.o(RME_VECTOR)
</UL>
<P><STRONG><a name="[7e]"></a>IRQ116_Handler</STRONG> (Thumb, 0 bytes, Stack size 0 bytes, rme_platform_a7m_armcc.o(RME_VECTOR))
<BR>[Address Reference Count : 1]<UL><LI> rme_platform_a7m_armcc.o(RME_VECTOR)
</UL>
<P><STRONG><a name="[7f]"></a>IRQ117_Handler</STRONG> (Thumb, 0 bytes, Stack size 0 bytes, rme_platform_a7m_armcc.o(RME_VECTOR))
<BR>[Address Reference Count : 1]<UL><LI> rme_platform_a7m_armcc.o(RME_VECTOR)
</UL>
<P><STRONG><a name="[80]"></a>IRQ118_Handler</STRONG> (Thumb, 0 bytes, Stack size 0 bytes, rme_platform_a7m_armcc.o(RME_VECTOR))
<BR>[Address Reference Count : 1]<UL><LI> rme_platform_a7m_armcc.o(RME_VECTOR)
</UL>
<P><STRONG><a name="[81]"></a>IRQ119_Handler</STRONG> (Thumb, 0 bytes, Stack size 0 bytes, rme_platform_a7m_armcc.o(RME_VECTOR))
<BR>[Address Reference Count : 1]<UL><LI> rme_platform_a7m_armcc.o(RME_VECTOR)
</UL>
<P><STRONG><a name="[15]"></a>IRQ11_Handler</STRONG> (Thumb, 0 bytes, Stack size 0 bytes, rme_platform_a7m_armcc.o(RME_VECTOR))
<BR>[Address Reference Count : 1]<UL><LI> rme_platform_a7m_armcc.o(RME_VECTOR)
</UL>
<P><STRONG><a name="[82]"></a>IRQ120_Handler</STRONG> (Thumb, 0 bytes, Stack size 0 bytes, rme_platform_a7m_armcc.o(RME_VECTOR))
<BR>[Address Reference Count : 1]<UL><LI> rme_platform_a7m_armcc.o(RME_VECTOR)
</UL>
<P><STRONG><a name="[83]"></a>IRQ121_Handler</STRONG> (Thumb, 0 bytes, Stack size 0 bytes, rme_platform_a7m_armcc.o(RME_VECTOR))
<BR>[Address Reference Count : 1]<UL><LI> rme_platform_a7m_armcc.o(RME_VECTOR)
</UL>
<P><STRONG><a name="[84]"></a>IRQ122_Handler</STRONG> (Thumb, 0 bytes, Stack size 0 bytes, rme_platform_a7m_armcc.o(RME_VECTOR))
<BR>[Address Reference Count : 1]<UL><LI> rme_platform_a7m_armcc.o(RME_VECTOR)
</UL>
<P><STRONG><a name="[85]"></a>IRQ123_Handler</STRONG> (Thumb, 0 bytes, Stack size 0 bytes, rme_platform_a7m_armcc.o(RME_VECTOR))
<BR>[Address Reference Count : 1]<UL><LI> rme_platform_a7m_armcc.o(RME_VECTOR)
</UL>
<P><STRONG><a name="[86]"></a>IRQ124_Handler</STRONG> (Thumb, 0 bytes, Stack size 0 bytes, rme_platform_a7m_armcc.o(RME_VECTOR))
<BR>[Address Reference Count : 1]<UL><LI> rme_platform_a7m_armcc.o(RME_VECTOR)
</UL>
<P><STRONG><a name="[87]"></a>IRQ125_Handler</STRONG> (Thumb, 0 bytes, Stack size 0 bytes, rme_platform_a7m_armcc.o(RME_VECTOR))
<BR>[Address Reference Count : 1]<UL><LI> rme_platform_a7m_armcc.o(RME_VECTOR)
</UL>
<P><STRONG><a name="[88]"></a>IRQ126_Handler</STRONG> (Thumb, 0 bytes, Stack size 0 bytes, rme_platform_a7m_armcc.o(RME_VECTOR))
<BR>[Address Reference Count : 1]<UL><LI> rme_platform_a7m_armcc.o(RME_VECTOR)
</UL>
<P><STRONG><a name="[89]"></a>IRQ127_Handler</STRONG> (Thumb, 0 bytes, Stack size 0 bytes, rme_platform_a7m_armcc.o(RME_VECTOR))
<BR>[Address Reference Count : 1]<UL><LI> rme_platform_a7m_armcc.o(RME_VECTOR)
</UL>
<P><STRONG><a name="[8a]"></a>IRQ128_Handler</STRONG> (Thumb, 0 bytes, Stack size 0 bytes, rme_platform_a7m_armcc.o(RME_VECTOR))
<BR>[Address Reference Count : 1]<UL><LI> rme_platform_a7m_armcc.o(RME_VECTOR)
</UL>
<P><STRONG><a name="[8b]"></a>IRQ129_Handler</STRONG> (Thumb, 0 bytes, Stack size 0 bytes, rme_platform_a7m_armcc.o(RME_VECTOR))
<BR>[Address Reference Count : 1]<UL><LI> rme_platform_a7m_armcc.o(RME_VECTOR)
</UL>
<P><STRONG><a name="[16]"></a>IRQ12_Handler</STRONG> (Thumb, 0 bytes, Stack size 0 bytes, rme_platform_a7m_armcc.o(RME_VECTOR))
<BR>[Address Reference Count : 1]<UL><LI> rme_platform_a7m_armcc.o(RME_VECTOR)
</UL>
<P><STRONG><a name="[8c]"></a>IRQ130_Handler</STRONG> (Thumb, 0 bytes, Stack size 0 bytes, rme_platform_a7m_armcc.o(RME_VECTOR))
<BR>[Address Reference Count : 1]<UL><LI> rme_platform_a7m_armcc.o(RME_VECTOR)
</UL>
<P><STRONG><a name="[8d]"></a>IRQ131_Handler</STRONG> (Thumb, 0 bytes, Stack size 0 bytes, rme_platform_a7m_armcc.o(RME_VECTOR))
<BR>[Address Reference Count : 1]<UL><LI> rme_platform_a7m_armcc.o(RME_VECTOR)
</UL>
<P><STRONG><a name="[8e]"></a>IRQ132_Handler</STRONG> (Thumb, 0 bytes, Stack size 0 bytes, rme_platform_a7m_armcc.o(RME_VECTOR))
<BR>[Address Reference Count : 1]<UL><LI> rme_platform_a7m_armcc.o(RME_VECTOR)
</UL>
<P><STRONG><a name="[8f]"></a>IRQ133_Handler</STRONG> (Thumb, 0 bytes, Stack size 0 bytes, rme_platform_a7m_armcc.o(RME_VECTOR))
<BR>[Address Reference Count : 1]<UL><LI> rme_platform_a7m_armcc.o(RME_VECTOR)
</UL>
<P><STRONG><a name="[90]"></a>IRQ134_Handler</STRONG> (Thumb, 0 bytes, Stack size 0 bytes, rme_platform_a7m_armcc.o(RME_VECTOR))
<BR>[Address Reference Count : 1]<UL><LI> rme_platform_a7m_armcc.o(RME_VECTOR)
</UL>
<P><STRONG><a name="[91]"></a>IRQ135_Handler</STRONG> (Thumb, 0 bytes, Stack size 0 bytes, rme_platform_a7m_armcc.o(RME_VECTOR))
<BR>[Address Reference Count : 1]<UL><LI> rme_platform_a7m_armcc.o(RME_VECTOR)
</UL>
<P><STRONG><a name="[92]"></a>IRQ136_Handler</STRONG> (Thumb, 0 bytes, Stack size 0 bytes, rme_platform_a7m_armcc.o(RME_VECTOR))
<BR>[Address Reference Count : 1]<UL><LI> rme_platform_a7m_armcc.o(RME_VECTOR)
</UL>
<P><STRONG><a name="[93]"></a>IRQ137_Handler</STRONG> (Thumb, 0 bytes, Stack size 0 bytes, rme_platform_a7m_armcc.o(RME_VECTOR))
<BR>[Address Reference Count : 1]<UL><LI> rme_platform_a7m_armcc.o(RME_VECTOR)
</UL>
<P><STRONG><a name="[94]"></a>IRQ138_Handler</STRONG> (Thumb, 0 bytes, Stack size 0 bytes, rme_platform_a7m_armcc.o(RME_VECTOR))
<BR>[Address Reference Count : 1]<UL><LI> rme_platform_a7m_armcc.o(RME_VECTOR)
</UL>
<P><STRONG><a name="[95]"></a>IRQ139_Handler</STRONG> (Thumb, 0 bytes, Stack size 0 bytes, rme_platform_a7m_armcc.o(RME_VECTOR))
<BR>[Address Reference Count : 1]<UL><LI> rme_platform_a7m_armcc.o(RME_VECTOR)
</UL>
<P><STRONG><a name="[17]"></a>IRQ13_Handler</STRONG> (Thumb, 0 bytes, Stack size 0 bytes, rme_platform_a7m_armcc.o(RME_VECTOR))
<BR>[Address Reference Count : 1]<UL><LI> rme_platform_a7m_armcc.o(RME_VECTOR)
</UL>
<P><STRONG><a name="[96]"></a>IRQ140_Handler</STRONG> (Thumb, 0 bytes, Stack size 0 bytes, rme_platform_a7m_armcc.o(RME_VECTOR))
<BR>[Address Reference Count : 1]<UL><LI> rme_platform_a7m_armcc.o(RME_VECTOR)
</UL>
<P><STRONG><a name="[97]"></a>IRQ141_Handler</STRONG> (Thumb, 0 bytes, Stack size 0 bytes, rme_platform_a7m_armcc.o(RME_VECTOR))
<BR>[Address Reference Count : 1]<UL><LI> rme_platform_a7m_armcc.o(RME_VECTOR)
</UL>
<P><STRONG><a name="[98]"></a>IRQ142_Handler</STRONG> (Thumb, 0 bytes, Stack size 0 bytes, rme_platform_a7m_armcc.o(RME_VECTOR))
<BR>[Address Reference Count : 1]<UL><LI> rme_platform_a7m_armcc.o(RME_VECTOR)
</UL>
<P><STRONG><a name="[99]"></a>IRQ143_Handler</STRONG> (Thumb, 0 bytes, Stack size 0 bytes, rme_platform_a7m_armcc.o(RME_VECTOR))
<BR>[Address Reference Count : 1]<UL><LI> rme_platform_a7m_armcc.o(RME_VECTOR)
</UL>
<P><STRONG><a name="[9a]"></a>IRQ144_Handler</STRONG> (Thumb, 0 bytes, Stack size 0 bytes, rme_platform_a7m_armcc.o(RME_VECTOR))
<BR>[Address Reference Count : 1]<UL><LI> rme_platform_a7m_armcc.o(RME_VECTOR)
</UL>
<P><STRONG><a name="[9b]"></a>IRQ145_Handler</STRONG> (Thumb, 0 bytes, Stack size 0 bytes, rme_platform_a7m_armcc.o(RME_VECTOR))
<BR>[Address Reference Count : 1]<UL><LI> rme_platform_a7m_armcc.o(RME_VECTOR)
</UL>
<P><STRONG><a name="[9c]"></a>IRQ146_Handler</STRONG> (Thumb, 0 bytes, Stack size 0 bytes, rme_platform_a7m_armcc.o(RME_VECTOR))
<BR>[Address Reference Count : 1]<UL><LI> rme_platform_a7m_armcc.o(RME_VECTOR)
</UL>
<P><STRONG><a name="[9d]"></a>IRQ147_Handler</STRONG> (Thumb, 0 bytes, Stack size 0 bytes, rme_platform_a7m_armcc.o(RME_VECTOR))
<BR>[Address Reference Count : 1]<UL><LI> rme_platform_a7m_armcc.o(RME_VECTOR)
</UL>
<P><STRONG><a name="[9e]"></a>IRQ148_Handler</STRONG> (Thumb, 0 bytes, Stack size 0 bytes, rme_platform_a7m_armcc.o(RME_VECTOR))
<BR>[Address Reference Count : 1]<UL><LI> rme_platform_a7m_armcc.o(RME_VECTOR)
</UL>
<P><STRONG><a name="[9f]"></a>IRQ149_Handler</STRONG> (Thumb, 0 bytes, Stack size 0 bytes, rme_platform_a7m_armcc.o(RME_VECTOR))
<BR>[Address Reference Count : 1]<UL><LI> rme_platform_a7m_armcc.o(RME_VECTOR)
</UL>
<P><STRONG><a name="[18]"></a>IRQ14_Handler</STRONG> (Thumb, 0 bytes, Stack size 0 bytes, rme_platform_a7m_armcc.o(RME_VECTOR))
<BR>[Address Reference Count : 1]<UL><LI> rme_platform_a7m_armcc.o(RME_VECTOR)
</UL>
<P><STRONG><a name="[a0]"></a>IRQ150_Handler</STRONG> (Thumb, 0 bytes, Stack size 0 bytes, rme_platform_a7m_armcc.o(RME_VECTOR))
<BR>[Address Reference Count : 1]<UL><LI> rme_platform_a7m_armcc.o(RME_VECTOR)
</UL>
<P><STRONG><a name="[a1]"></a>IRQ151_Handler</STRONG> (Thumb, 0 bytes, Stack size 0 bytes, rme_platform_a7m_armcc.o(RME_VECTOR))
<BR>[Address Reference Count : 1]<UL><LI> rme_platform_a7m_armcc.o(RME_VECTOR)
</UL>
<P><STRONG><a name="[a2]"></a>IRQ152_Handler</STRONG> (Thumb, 0 bytes, Stack size 0 bytes, rme_platform_a7m_armcc.o(RME_VECTOR))
<BR>[Address Reference Count : 1]<UL><LI> rme_platform_a7m_armcc.o(RME_VECTOR)
</UL>
<P><STRONG><a name="[a3]"></a>IRQ153_Handler</STRONG> (Thumb, 0 bytes, Stack size 0 bytes, rme_platform_a7m_armcc.o(RME_VECTOR))
<BR>[Address Reference Count : 1]<UL><LI> rme_platform_a7m_armcc.o(RME_VECTOR)
</UL>
<P><STRONG><a name="[a4]"></a>IRQ154_Handler</STRONG> (Thumb, 0 bytes, Stack size 0 bytes, rme_platform_a7m_armcc.o(RME_VECTOR))
<BR>[Address Reference Count : 1]<UL><LI> rme_platform_a7m_armcc.o(RME_VECTOR)
</UL>
<P><STRONG><a name="[a5]"></a>IRQ155_Handler</STRONG> (Thumb, 0 bytes, Stack size 0 bytes, rme_platform_a7m_armcc.o(RME_VECTOR))
<BR>[Address Reference Count : 1]<UL><LI> rme_platform_a7m_armcc.o(RME_VECTOR)
</UL>
<P><STRONG><a name="[a6]"></a>IRQ156_Handler</STRONG> (Thumb, 0 bytes, Stack size 0 bytes, rme_platform_a7m_armcc.o(RME_VECTOR))
<BR>[Address Reference Count : 1]<UL><LI> rme_platform_a7m_armcc.o(RME_VECTOR)
</UL>
<P><STRONG><a name="[a7]"></a>IRQ157_Handler</STRONG> (Thumb, 0 bytes, Stack size 0 bytes, rme_platform_a7m_armcc.o(RME_VECTOR))
<BR>[Address Reference Count : 1]<UL><LI> rme_platform_a7m_armcc.o(RME_VECTOR)
</UL>
<P><STRONG><a name="[a8]"></a>IRQ158_Handler</STRONG> (Thumb, 0 bytes, Stack size 0 bytes, rme_platform_a7m_armcc.o(RME_VECTOR))
<BR>[Address Reference Count : 1]<UL><LI> rme_platform_a7m_armcc.o(RME_VECTOR)
</UL>
<P><STRONG><a name="[a9]"></a>IRQ159_Handler</STRONG> (Thumb, 0 bytes, Stack size 0 bytes, rme_platform_a7m_armcc.o(RME_VECTOR))
<BR>[Address Reference Count : 1]<UL><LI> rme_platform_a7m_armcc.o(RME_VECTOR)
</UL>
<P><STRONG><a name="[19]"></a>IRQ15_Handler</STRONG> (Thumb, 0 bytes, Stack size 0 bytes, rme_platform_a7m_armcc.o(RME_VECTOR))
<BR>[Address Reference Count : 1]<UL><LI> rme_platform_a7m_armcc.o(RME_VECTOR)
</UL>
<P><STRONG><a name="[aa]"></a>IRQ160_Handler</STRONG> (Thumb, 0 bytes, Stack size 0 bytes, rme_platform_a7m_armcc.o(RME_VECTOR))
<BR>[Address Reference Count : 1]<UL><LI> rme_platform_a7m_armcc.o(RME_VECTOR)
</UL>
<P><STRONG><a name="[ab]"></a>IRQ161_Handler</STRONG> (Thumb, 0 bytes, Stack size 0 bytes, rme_platform_a7m_armcc.o(RME_VECTOR))
<BR>[Address Reference Count : 1]<UL><LI> rme_platform_a7m_armcc.o(RME_VECTOR)
</UL>
<P><STRONG><a name="[ac]"></a>IRQ162_Handler</STRONG> (Thumb, 0 bytes, Stack size 0 bytes, rme_platform_a7m_armcc.o(RME_VECTOR))
<BR>[Address Reference Count : 1]<UL><LI> rme_platform_a7m_armcc.o(RME_VECTOR)
</UL>
<P><STRONG><a name="[ad]"></a>IRQ163_Handler</STRONG> (Thumb, 0 bytes, Stack size 0 bytes, rme_platform_a7m_armcc.o(RME_VECTOR))
<BR>[Address Reference Count : 1]<UL><LI> rme_platform_a7m_armcc.o(RME_VECTOR)
</UL>
<P><STRONG><a name="[ae]"></a>IRQ164_Handler</STRONG> (Thumb, 0 bytes, Stack size 0 bytes, rme_platform_a7m_armcc.o(RME_VECTOR))
<BR>[Address Reference Count : 1]<UL><LI> rme_platform_a7m_armcc.o(RME_VECTOR)
</UL>
<P><STRONG><a name="[af]"></a>IRQ165_Handler</STRONG> (Thumb, 0 bytes, Stack size 0 bytes, rme_platform_a7m_armcc.o(RME_VECTOR))
<BR>[Address Reference Count : 1]<UL><LI> rme_platform_a7m_armcc.o(RME_VECTOR)
</UL>
<P><STRONG><a name="[b0]"></a>IRQ166_Handler</STRONG> (Thumb, 0 bytes, Stack size 0 bytes, rme_platform_a7m_armcc.o(RME_VECTOR))
<BR>[Address Reference Count : 1]<UL><LI> rme_platform_a7m_armcc.o(RME_VECTOR)
</UL>
<P><STRONG><a name="[b1]"></a>IRQ167_Handler</STRONG> (Thumb, 0 bytes, Stack size 0 bytes, rme_platform_a7m_armcc.o(RME_VECTOR))
<BR>[Address Reference Count : 1]<UL><LI> rme_platform_a7m_armcc.o(RME_VECTOR)
</UL>
<P><STRONG><a name="[b2]"></a>IRQ168_Handler</STRONG> (Thumb, 0 bytes, Stack size 0 bytes, rme_platform_a7m_armcc.o(RME_VECTOR))
<BR>[Address Reference Count : 1]<UL><LI> rme_platform_a7m_armcc.o(RME_VECTOR)
</UL>
<P><STRONG><a name="[b3]"></a>IRQ169_Handler</STRONG> (Thumb, 0 bytes, Stack size 0 bytes, rme_platform_a7m_armcc.o(RME_VECTOR))
<BR>[Address Reference Count : 1]<UL><LI> rme_platform_a7m_armcc.o(RME_VECTOR)
</UL>
<P><STRONG><a name="[1a]"></a>IRQ16_Handler</STRONG> (Thumb, 0 bytes, Stack size 0 bytes, rme_platform_a7m_armcc.o(RME_VECTOR))
<BR>[Address Reference Count : 1]<UL><LI> rme_platform_a7m_armcc.o(RME_VECTOR)
</UL>
<P><STRONG><a name="[b4]"></a>IRQ170_Handler</STRONG> (Thumb, 0 bytes, Stack size 0 bytes, rme_platform_a7m_armcc.o(RME_VECTOR))
<BR>[Address Reference Count : 1]<UL><LI> rme_platform_a7m_armcc.o(RME_VECTOR)
</UL>
<P><STRONG><a name="[b5]"></a>IRQ171_Handler</STRONG> (Thumb, 0 bytes, Stack size 0 bytes, rme_platform_a7m_armcc.o(RME_VECTOR))
<BR>[Address Reference Count : 1]<UL><LI> rme_platform_a7m_armcc.o(RME_VECTOR)
</UL>
<P><STRONG><a name="[b6]"></a>IRQ172_Handler</STRONG> (Thumb, 0 bytes, Stack size 0 bytes, rme_platform_a7m_armcc.o(RME_VECTOR))
<BR>[Address Reference Count : 1]<UL><LI> rme_platform_a7m_armcc.o(RME_VECTOR)
</UL>
<P><STRONG><a name="[b7]"></a>IRQ173_Handler</STRONG> (Thumb, 0 bytes, Stack size 0 bytes, rme_platform_a7m_armcc.o(RME_VECTOR))
<BR>[Address Reference Count : 1]<UL><LI> rme_platform_a7m_armcc.o(RME_VECTOR)
</UL>
<P><STRONG><a name="[b8]"></a>IRQ174_Handler</STRONG> (Thumb, 0 bytes, Stack size 0 bytes, rme_platform_a7m_armcc.o(RME_VECTOR))
<BR>[Address Reference Count : 1]<UL><LI> rme_platform_a7m_armcc.o(RME_VECTOR)
</UL>
<P><STRONG><a name="[b9]"></a>IRQ175_Handler</STRONG> (Thumb, 0 bytes, Stack size 0 bytes, rme_platform_a7m_armcc.o(RME_VECTOR))
<BR>[Address Reference Count : 1]<UL><LI> rme_platform_a7m_armcc.o(RME_VECTOR)
</UL>
<P><STRONG><a name="[ba]"></a>IRQ176_Handler</STRONG> (Thumb, 0 bytes, Stack size 0 bytes, rme_platform_a7m_armcc.o(RME_VECTOR))
<BR>[Address Reference Count : 1]<UL><LI> rme_platform_a7m_armcc.o(RME_VECTOR)
</UL>
<P><STRONG><a name="[bb]"></a>IRQ177_Handler</STRONG> (Thumb, 0 bytes, Stack size 0 bytes, rme_platform_a7m_armcc.o(RME_VECTOR))
<BR>[Address Reference Count : 1]<UL><LI> rme_platform_a7m_armcc.o(RME_VECTOR)
</UL>
<P><STRONG><a name="[bc]"></a>IRQ178_Handler</STRONG> (Thumb, 0 bytes, Stack size 0 bytes, rme_platform_a7m_armcc.o(RME_VECTOR))
<BR>[Address Reference Count : 1]<UL><LI> rme_platform_a7m_armcc.o(RME_VECTOR)
</UL>
<P><STRONG><a name="[bd]"></a>IRQ179_Handler</STRONG> (Thumb, 0 bytes, Stack size 0 bytes, rme_platform_a7m_armcc.o(RME_VECTOR))
<BR>[Address Reference Count : 1]<UL><LI> rme_platform_a7m_armcc.o(RME_VECTOR)
</UL>
<P><STRONG><a name="[1b]"></a>IRQ17_Handler</STRONG> (Thumb, 0 bytes, Stack size 0 bytes, rme_platform_a7m_armcc.o(RME_VECTOR))
<BR>[Address Reference Count : 1]<UL><LI> rme_platform_a7m_armcc.o(RME_VECTOR)
</UL>
<P><STRONG><a name="[be]"></a>IRQ180_Handler</STRONG> (Thumb, 0 bytes, Stack size 0 bytes, rme_platform_a7m_armcc.o(RME_VECTOR))
<BR>[Address Reference Count : 1]<UL><LI> rme_platform_a7m_armcc.o(RME_VECTOR)
</UL>
<P><STRONG><a name="[bf]"></a>IRQ181_Handler</STRONG> (Thumb, 0 bytes, Stack size 0 bytes, rme_platform_a7m_armcc.o(RME_VECTOR))
<BR>[Address Reference Count : 1]<UL><LI> rme_platform_a7m_armcc.o(RME_VECTOR)
</UL>
<P><STRONG><a name="[c0]"></a>IRQ182_Handler</STRONG> (Thumb, 0 bytes, Stack size 0 bytes, rme_platform_a7m_armcc.o(RME_VECTOR))
<BR>[Address Reference Count : 1]<UL><LI> rme_platform_a7m_armcc.o(RME_VECTOR)
</UL>
<P><STRONG><a name="[c1]"></a>IRQ183_Handler</STRONG> (Thumb, 0 bytes, Stack size 0 bytes, rme_platform_a7m_armcc.o(RME_VECTOR))
<BR>[Address Reference Count : 1]<UL><LI> rme_platform_a7m_armcc.o(RME_VECTOR)
</UL>
<P><STRONG><a name="[c2]"></a>IRQ184_Handler</STRONG> (Thumb, 0 bytes, Stack size 0 bytes, rme_platform_a7m_armcc.o(RME_VECTOR))
<BR>[Address Reference Count : 1]<UL><LI> rme_platform_a7m_armcc.o(RME_VECTOR)
</UL>
<P><STRONG><a name="[c3]"></a>IRQ185_Handler</STRONG> (Thumb, 0 bytes, Stack size 0 bytes, rme_platform_a7m_armcc.o(RME_VECTOR))
<BR>[Address Reference Count : 1]<UL><LI> rme_platform_a7m_armcc.o(RME_VECTOR)
</UL>
<P><STRONG><a name="[c4]"></a>IRQ186_Handler</STRONG> (Thumb, 0 bytes, Stack size 0 bytes, rme_platform_a7m_armcc.o(RME_VECTOR))
<BR>[Address Reference Count : 1]<UL><LI> rme_platform_a7m_armcc.o(RME_VECTOR)
</UL>
<P><STRONG><a name="[c5]"></a>IRQ187_Handler</STRONG> (Thumb, 0 bytes, Stack size 0 bytes, rme_platform_a7m_armcc.o(RME_VECTOR))
<BR>[Address Reference Count : 1]<UL><LI> rme_platform_a7m_armcc.o(RME_VECTOR)
</UL>
<P><STRONG><a name="[c6]"></a>IRQ188_Handler</STRONG> (Thumb, 0 bytes, Stack size 0 bytes, rme_platform_a7m_armcc.o(RME_VECTOR))
<BR>[Address Reference Count : 1]<UL><LI> rme_platform_a7m_armcc.o(RME_VECTOR)
</UL>
<P><STRONG><a name="[c7]"></a>IRQ189_Handler</STRONG> (Thumb, 0 bytes, Stack size 0 bytes, rme_platform_a7m_armcc.o(RME_VECTOR))
<BR>[Address Reference Count : 1]<UL><LI> rme_platform_a7m_armcc.o(RME_VECTOR)
</UL>
<P><STRONG><a name="[1c]"></a>IRQ18_Handler</STRONG> (Thumb, 0 bytes, Stack size 0 bytes, rme_platform_a7m_armcc.o(RME_VECTOR))
<BR>[Address Reference Count : 1]<UL><LI> rme_platform_a7m_armcc.o(RME_VECTOR)
</UL>
<P><STRONG><a name="[c8]"></a>IRQ190_Handler</STRONG> (Thumb, 0 bytes, Stack size 0 bytes, rme_platform_a7m_armcc.o(RME_VECTOR))
<BR>[Address Reference Count : 1]<UL><LI> rme_platform_a7m_armcc.o(RME_VECTOR)
</UL>
<P><STRONG><a name="[c9]"></a>IRQ191_Handler</STRONG> (Thumb, 0 bytes, Stack size 0 bytes, rme_platform_a7m_armcc.o(RME_VECTOR))
<BR>[Address Reference Count : 1]<UL><LI> rme_platform_a7m_armcc.o(RME_VECTOR)
</UL>
<P><STRONG><a name="[ca]"></a>IRQ192_Handler</STRONG> (Thumb, 0 bytes, Stack size 0 bytes, rme_platform_a7m_armcc.o(RME_VECTOR))
<BR>[Address Reference Count : 1]<UL><LI> rme_platform_a7m_armcc.o(RME_VECTOR)
</UL>
<P><STRONG><a name="[cb]"></a>IRQ193_Handler</STRONG> (Thumb, 0 bytes, Stack size 0 bytes, rme_platform_a7m_armcc.o(RME_VECTOR))
<BR>[Address Reference Count : 1]<UL><LI> rme_platform_a7m_armcc.o(RME_VECTOR)
</UL>
<P><STRONG><a name="[cc]"></a>IRQ194_Handler</STRONG> (Thumb, 0 bytes, Stack size 0 bytes, rme_platform_a7m_armcc.o(RME_VECTOR))
<BR>[Address Reference Count : 1]<UL><LI> rme_platform_a7m_armcc.o(RME_VECTOR)
</UL>
<P><STRONG><a name="[cd]"></a>IRQ195_Handler</STRONG> (Thumb, 0 bytes, Stack size 0 bytes, rme_platform_a7m_armcc.o(RME_VECTOR))
<BR>[Address Reference Count : 1]<UL><LI> rme_platform_a7m_armcc.o(RME_VECTOR)
</UL>
<P><STRONG><a name="[ce]"></a>IRQ196_Handler</STRONG> (Thumb, 0 bytes, Stack size 0 bytes, rme_platform_a7m_armcc.o(RME_VECTOR))
<BR>[Address Reference Count : 1]<UL><LI> rme_platform_a7m_armcc.o(RME_VECTOR)
</UL>
<P><STRONG><a name="[cf]"></a>IRQ197_Handler</STRONG> (Thumb, 0 bytes, Stack size 0 bytes, rme_platform_a7m_armcc.o(RME_VECTOR))
<BR>[Address Reference Count : 1]<UL><LI> rme_platform_a7m_armcc.o(RME_VECTOR)
</UL>
<P><STRONG><a name="[d0]"></a>IRQ198_Handler</STRONG> (Thumb, 0 bytes, Stack size 0 bytes, rme_platform_a7m_armcc.o(RME_VECTOR))
<BR>[Address Reference Count : 1]<UL><LI> rme_platform_a7m_armcc.o(RME_VECTOR)
</UL>
<P><STRONG><a name="[d1]"></a>IRQ199_Handler</STRONG> (Thumb, 0 bytes, Stack size 0 bytes, rme_platform_a7m_armcc.o(RME_VECTOR))
<BR>[Address Reference Count : 1]<UL><LI> rme_platform_a7m_armcc.o(RME_VECTOR)
</UL>
<P><STRONG><a name="[1d]"></a>IRQ19_Handler</STRONG> (Thumb, 0 bytes, Stack size 0 bytes, rme_platform_a7m_armcc.o(RME_VECTOR))
<BR>[Address Reference Count : 1]<UL><LI> rme_platform_a7m_armcc.o(RME_VECTOR)
</UL>
<P><STRONG><a name="[b]"></a>IRQ1_Handler</STRONG> (Thumb, 0 bytes, Stack size 0 bytes, rme_platform_a7m_armcc.o(RME_VECTOR))
<BR>[Address Reference Count : 1]<UL><LI> rme_platform_a7m_armcc.o(RME_VECTOR)
</UL>
<P><STRONG><a name="[d2]"></a>IRQ200_Handler</STRONG> (Thumb, 0 bytes, Stack size 0 bytes, rme_platform_a7m_armcc.o(RME_VECTOR))
<BR>[Address Reference Count : 1]<UL><LI> rme_platform_a7m_armcc.o(RME_VECTOR)
</UL>
<P><STRONG><a name="[d3]"></a>IRQ201_Handler</STRONG> (Thumb, 0 bytes, Stack size 0 bytes, rme_platform_a7m_armcc.o(RME_VECTOR))
<BR>[Address Reference Count : 1]<UL><LI> rme_platform_a7m_armcc.o(RME_VECTOR)
</UL>
<P><STRONG><a name="[d4]"></a>IRQ202_Handler</STRONG> (Thumb, 0 bytes, Stack size 0 bytes, rme_platform_a7m_armcc.o(RME_VECTOR))
<BR>[Address Reference Count : 1]<UL><LI> rme_platform_a7m_armcc.o(RME_VECTOR)
</UL>
<P><STRONG><a name="[d5]"></a>IRQ203_Handler</STRONG> (Thumb, 0 bytes, Stack size 0 bytes, rme_platform_a7m_armcc.o(RME_VECTOR))
<BR>[Address Reference Count : 1]<UL><LI> rme_platform_a7m_armcc.o(RME_VECTOR)
</UL>
<P><STRONG><a name="[d6]"></a>IRQ204_Handler</STRONG> (Thumb, 0 bytes, Stack size 0 bytes, rme_platform_a7m_armcc.o(RME_VECTOR))
<BR>[Address Reference Count : 1]<UL><LI> rme_platform_a7m_armcc.o(RME_VECTOR)
</UL>
<P><STRONG><a name="[d7]"></a>IRQ205_Handler</STRONG> (Thumb, 0 bytes, Stack size 0 bytes, rme_platform_a7m_armcc.o(RME_VECTOR))
<BR>[Address Reference Count : 1]<UL><LI> rme_platform_a7m_armcc.o(RME_VECTOR)
</UL>
<P><STRONG><a name="[d8]"></a>IRQ206_Handler</STRONG> (Thumb, 0 bytes, Stack size 0 bytes, rme_platform_a7m_armcc.o(RME_VECTOR))
<BR>[Address Reference Count : 1]<UL><LI> rme_platform_a7m_armcc.o(RME_VECTOR)
</UL>
<P><STRONG><a name="[d9]"></a>IRQ207_Handler</STRONG> (Thumb, 0 bytes, Stack size 0 bytes, rme_platform_a7m_armcc.o(RME_VECTOR))
<BR>[Address Reference Count : 1]<UL><LI> rme_platform_a7m_armcc.o(RME_VECTOR)
</UL>
<P><STRONG><a name="[da]"></a>IRQ208_Handler</STRONG> (Thumb, 0 bytes, Stack size 0 bytes, rme_platform_a7m_armcc.o(RME_VECTOR))
<BR>[Address Reference Count : 1]<UL><LI> rme_platform_a7m_armcc.o(RME_VECTOR)
</UL>
<P><STRONG><a name="[db]"></a>IRQ209_Handler</STRONG> (Thumb, 0 bytes, Stack size 0 bytes, rme_platform_a7m_armcc.o(RME_VECTOR))
<BR>[Address Reference Count : 1]<UL><LI> rme_platform_a7m_armcc.o(RME_VECTOR)
</UL>
<P><STRONG><a name="[1e]"></a>IRQ20_Handler</STRONG> (Thumb, 0 bytes, Stack size 0 bytes, rme_platform_a7m_armcc.o(RME_VECTOR))
<BR>[Address Reference Count : 1]<UL><LI> rme_platform_a7m_armcc.o(RME_VECTOR)
</UL>
<P><STRONG><a name="[dc]"></a>IRQ210_Handler</STRONG> (Thumb, 0 bytes, Stack size 0 bytes, rme_platform_a7m_armcc.o(RME_VECTOR))
<BR>[Address Reference Count : 1]<UL><LI> rme_platform_a7m_armcc.o(RME_VECTOR)
</UL>
<P><STRONG><a name="[dd]"></a>IRQ211_Handler</STRONG> (Thumb, 0 bytes, Stack size 0 bytes, rme_platform_a7m_armcc.o(RME_VECTOR))
<BR>[Address Reference Count : 1]<UL><LI> rme_platform_a7m_armcc.o(RME_VECTOR)
</UL>
<P><STRONG><a name="[de]"></a>IRQ212_Handler</STRONG> (Thumb, 0 bytes, Stack size 0 bytes, rme_platform_a7m_armcc.o(RME_VECTOR))
<BR>[Address Reference Count : 1]<UL><LI> rme_platform_a7m_armcc.o(RME_VECTOR)
</UL>
<P><STRONG><a name="[df]"></a>IRQ213_Handler</STRONG> (Thumb, 0 bytes, Stack size 0 bytes, rme_platform_a7m_armcc.o(RME_VECTOR))
<BR>[Address Reference Count : 1]<UL><LI> rme_platform_a7m_armcc.o(RME_VECTOR)
</UL>
<P><STRONG><a name="[e0]"></a>IRQ214_Handler</STRONG> (Thumb, 0 bytes, Stack size 0 bytes, rme_platform_a7m_armcc.o(RME_VECTOR))
<BR>[Address Reference Count : 1]<UL><LI> rme_platform_a7m_armcc.o(RME_VECTOR)
</UL>
<P><STRONG><a name="[e1]"></a>IRQ215_Handler</STRONG> (Thumb, 0 bytes, Stack size 0 bytes, rme_platform_a7m_armcc.o(RME_VECTOR))
<BR>[Address Reference Count : 1]<UL><LI> rme_platform_a7m_armcc.o(RME_VECTOR)
</UL>
<P><STRONG><a name="[e2]"></a>IRQ216_Handler</STRONG> (Thumb, 0 bytes, Stack size 0 bytes, rme_platform_a7m_armcc.o(RME_VECTOR))
<BR>[Address Reference Count : 1]<UL><LI> rme_platform_a7m_armcc.o(RME_VECTOR)
</UL>
<P><STRONG><a name="[e3]"></a>IRQ217_Handler</STRONG> (Thumb, 0 bytes, Stack size 0 bytes, rme_platform_a7m_armcc.o(RME_VECTOR))
<BR>[Address Reference Count : 1]<UL><LI> rme_platform_a7m_armcc.o(RME_VECTOR)
</UL>
<P><STRONG><a name="[e4]"></a>IRQ218_Handler</STRONG> (Thumb, 0 bytes, Stack size 0 bytes, rme_platform_a7m_armcc.o(RME_VECTOR))
<BR>[Address Reference Count : 1]<UL><LI> rme_platform_a7m_armcc.o(RME_VECTOR)
</UL>
<P><STRONG><a name="[e5]"></a>IRQ219_Handler</STRONG> (Thumb, 0 bytes, Stack size 0 bytes, rme_platform_a7m_armcc.o(RME_VECTOR))
<BR>[Address Reference Count : 1]<UL><LI> rme_platform_a7m_armcc.o(RME_VECTOR)
</UL>
<P><STRONG><a name="[1f]"></a>IRQ21_Handler</STRONG> (Thumb, 0 bytes, Stack size 0 bytes, rme_platform_a7m_armcc.o(RME_VECTOR))
<BR>[Address Reference Count : 1]<UL><LI> rme_platform_a7m_armcc.o(RME_VECTOR)
</UL>
<P><STRONG><a name="[e6]"></a>IRQ220_Handler</STRONG> (Thumb, 0 bytes, Stack size 0 bytes, rme_platform_a7m_armcc.o(RME_VECTOR))
<BR>[Address Reference Count : 1]<UL><LI> rme_platform_a7m_armcc.o(RME_VECTOR)
</UL>
<P><STRONG><a name="[e7]"></a>IRQ221_Handler</STRONG> (Thumb, 0 bytes, Stack size 0 bytes, rme_platform_a7m_armcc.o(RME_VECTOR))
<BR>[Address Reference Count : 1]<UL><LI> rme_platform_a7m_armcc.o(RME_VECTOR)
</UL>
<P><STRONG><a name="[e8]"></a>IRQ222_Handler</STRONG> (Thumb, 0 bytes, Stack size 0 bytes, rme_platform_a7m_armcc.o(RME_VECTOR))
<BR>[Address Reference Count : 1]<UL><LI> rme_platform_a7m_armcc.o(RME_VECTOR)
</UL>
<P><STRONG><a name="[e9]"></a>IRQ223_Handler</STRONG> (Thumb, 0 bytes, Stack size 0 bytes, rme_platform_a7m_armcc.o(RME_VECTOR))
<BR>[Address Reference Count : 1]<UL><LI> rme_platform_a7m_armcc.o(RME_VECTOR)
</UL>
<P><STRONG><a name="[ea]"></a>IRQ224_Handler</STRONG> (Thumb, 0 bytes, Stack size 0 bytes, rme_platform_a7m_armcc.o(RME_VECTOR))
<BR>[Address Reference Count : 1]<UL><LI> rme_platform_a7m_armcc.o(RME_VECTOR)
</UL>
<P><STRONG><a name="[eb]"></a>IRQ225_Handler</STRONG> (Thumb, 0 bytes, Stack size 0 bytes, rme_platform_a7m_armcc.o(RME_VECTOR))
<BR>[Address Reference Count : 1]<UL><LI> rme_platform_a7m_armcc.o(RME_VECTOR)
</UL>
<P><STRONG><a name="[ec]"></a>IRQ226_Handler</STRONG> (Thumb, 0 bytes, Stack size 0 bytes, rme_platform_a7m_armcc.o(RME_VECTOR))
<BR>[Address Reference Count : 1]<UL><LI> rme_platform_a7m_armcc.o(RME_VECTOR)
</UL>
<P><STRONG><a name="[ed]"></a>IRQ227_Handler</STRONG> (Thumb, 0 bytes, Stack size 0 bytes, rme_platform_a7m_armcc.o(RME_VECTOR))
<BR>[Address Reference Count : 1]<UL><LI> rme_platform_a7m_armcc.o(RME_VECTOR)
</UL>
<P><STRONG><a name="[ee]"></a>IRQ228_Handler</STRONG> (Thumb, 0 bytes, Stack size 0 bytes, rme_platform_a7m_armcc.o(RME_VECTOR))
<BR>[Address Reference Count : 1]<UL><LI> rme_platform_a7m_armcc.o(RME_VECTOR)
</UL>
<P><STRONG><a name="[ef]"></a>IRQ229_Handler</STRONG> (Thumb, 0 bytes, Stack size 0 bytes, rme_platform_a7m_armcc.o(RME_VECTOR))
<BR>[Address Reference Count : 1]<UL><LI> rme_platform_a7m_armcc.o(RME_VECTOR)
</UL>
<P><STRONG><a name="[20]"></a>IRQ22_Handler</STRONG> (Thumb, 0 bytes, Stack size 0 bytes, rme_platform_a7m_armcc.o(RME_VECTOR))
<BR>[Address Reference Count : 1]<UL><LI> rme_platform_a7m_armcc.o(RME_VECTOR)
</UL>
<P><STRONG><a name="[f0]"></a>IRQ230_Handler</STRONG> (Thumb, 0 bytes, Stack size 0 bytes, rme_platform_a7m_armcc.o(RME_VECTOR))
<BR>[Address Reference Count : 1]<UL><LI> rme_platform_a7m_armcc.o(RME_VECTOR)
</UL>
<P><STRONG><a name="[f1]"></a>IRQ231_Handler</STRONG> (Thumb, 0 bytes, Stack size 0 bytes, rme_platform_a7m_armcc.o(RME_VECTOR))
<BR>[Address Reference Count : 1]<UL><LI> rme_platform_a7m_armcc.o(RME_VECTOR)
</UL>
<P><STRONG><a name="[f2]"></a>IRQ232_Handler</STRONG> (Thumb, 0 bytes, Stack size 0 bytes, rme_platform_a7m_armcc.o(RME_VECTOR))
<BR>[Address Reference Count : 1]<UL><LI> rme_platform_a7m_armcc.o(RME_VECTOR)
</UL>
<P><STRONG><a name="[f3]"></a>IRQ233_Handler</STRONG> (Thumb, 0 bytes, Stack size 0 bytes, rme_platform_a7m_armcc.o(RME_VECTOR))
<BR>[Address Reference Count : 1]<UL><LI> rme_platform_a7m_armcc.o(RME_VECTOR)
</UL>
<P><STRONG><a name="[f4]"></a>IRQ234_Handler</STRONG> (Thumb, 0 bytes, Stack size 0 bytes, rme_platform_a7m_armcc.o(RME_VECTOR))
<BR>[Address Reference Count : 1]<UL><LI> rme_platform_a7m_armcc.o(RME_VECTOR)
</UL>
<P><STRONG><a name="[f5]"></a>IRQ235_Handler</STRONG> (Thumb, 0 bytes, Stack size 0 bytes, rme_platform_a7m_armcc.o(RME_VECTOR))
<BR>[Address Reference Count : 1]<UL><LI> rme_platform_a7m_armcc.o(RME_VECTOR)
</UL>
<P><STRONG><a name="[f6]"></a>IRQ236_Handler</STRONG> (Thumb, 0 bytes, Stack size 0 bytes, rme_platform_a7m_armcc.o(RME_VECTOR))
<BR>[Address Reference Count : 1]<UL><LI> rme_platform_a7m_armcc.o(RME_VECTOR)
</UL>
<P><STRONG><a name="[f7]"></a>IRQ237_Handler</STRONG> (Thumb, 0 bytes, Stack size 0 bytes, rme_platform_a7m_armcc.o(RME_VECTOR))
<BR>[Address Reference Count : 1]<UL><LI> rme_platform_a7m_armcc.o(RME_VECTOR)
</UL>
<P><STRONG><a name="[f8]"></a>IRQ238_Handler</STRONG> (Thumb, 0 bytes, Stack size 0 bytes, rme_platform_a7m_armcc.o(RME_VECTOR))
<BR>[Address Reference Count : 1]<UL><LI> rme_platform_a7m_armcc.o(RME_VECTOR)
</UL>
<P><STRONG><a name="[f9]"></a>IRQ239_Handler</STRONG> (Thumb, 0 bytes, Stack size 0 bytes, rme_platform_a7m_armcc.o(RME_VECTOR))
<BR>[Address Reference Count : 1]<UL><LI> rme_platform_a7m_armcc.o(RME_VECTOR)
</UL>
<P><STRONG><a name="[21]"></a>IRQ23_Handler</STRONG> (Thumb, 0 bytes, Stack size 0 bytes, rme_platform_a7m_armcc.o(RME_VECTOR))
<BR>[Address Reference Count : 1]<UL><LI> rme_platform_a7m_armcc.o(RME_VECTOR)
</UL>
<P><STRONG><a name="[22]"></a>IRQ24_Handler</STRONG> (Thumb, 0 bytes, Stack size 0 bytes, rme_platform_a7m_armcc.o(RME_VECTOR))
<BR>[Address Reference Count : 1]<UL><LI> rme_platform_a7m_armcc.o(RME_VECTOR)
</UL>
<P><STRONG><a name="[23]"></a>IRQ25_Handler</STRONG> (Thumb, 0 bytes, Stack size 0 bytes, rme_platform_a7m_armcc.o(RME_VECTOR))
<BR>[Address Reference Count : 1]<UL><LI> rme_platform_a7m_armcc.o(RME_VECTOR)
</UL>
<P><STRONG><a name="[24]"></a>IRQ26_Handler</STRONG> (Thumb, 0 bytes, Stack size 0 bytes, rme_platform_a7m_armcc.o(RME_VECTOR))
<BR>[Address Reference Count : 1]<UL><LI> rme_platform_a7m_armcc.o(RME_VECTOR)
</UL>
<P><STRONG><a name="[25]"></a>IRQ27_Handler</STRONG> (Thumb, 0 bytes, Stack size 0 bytes, rme_platform_a7m_armcc.o(RME_VECTOR))
<BR>[Address Reference Count : 1]<UL><LI> rme_platform_a7m_armcc.o(RME_VECTOR)
</UL>
<P><STRONG><a name="[26]"></a>IRQ28_Handler</STRONG> (Thumb, 0 bytes, Stack size 0 bytes, rme_platform_a7m_armcc.o(RME_VECTOR))
<BR>[Address Reference Count : 1]<UL><LI> rme_platform_a7m_armcc.o(RME_VECTOR)
</UL>
<P><STRONG><a name="[27]"></a>IRQ29_Handler</STRONG> (Thumb, 0 bytes, Stack size 0 bytes, rme_platform_a7m_armcc.o(RME_VECTOR))
<BR>[Address Reference Count : 1]<UL><LI> rme_platform_a7m_armcc.o(RME_VECTOR)
</UL>
<P><STRONG><a name="[c]"></a>IRQ2_Handler</STRONG> (Thumb, 0 bytes, Stack size 0 bytes, rme_platform_a7m_armcc.o(RME_VECTOR))
<BR>[Address Reference Count : 1]<UL><LI> rme_platform_a7m_armcc.o(RME_VECTOR)
</UL>
<P><STRONG><a name="[28]"></a>IRQ30_Handler</STRONG> (Thumb, 0 bytes, Stack size 0 bytes, rme_platform_a7m_armcc.o(RME_VECTOR))
<BR>[Address Reference Count : 1]<UL><LI> rme_platform_a7m_armcc.o(RME_VECTOR)
</UL>
<P><STRONG><a name="[29]"></a>IRQ31_Handler</STRONG> (Thumb, 0 bytes, Stack size 0 bytes, rme_platform_a7m_armcc.o(RME_VECTOR))
<BR>[Address Reference Count : 1]<UL><LI> rme_platform_a7m_armcc.o(RME_VECTOR)
</UL>
<P><STRONG><a name="[2a]"></a>IRQ32_Handler</STRONG> (Thumb, 0 bytes, Stack size 0 bytes, rme_platform_a7m_armcc.o(RME_VECTOR))
<BR>[Address Reference Count : 1]<UL><LI> rme_platform_a7m_armcc.o(RME_VECTOR)
</UL>
<P><STRONG><a name="[2b]"></a>IRQ33_Handler</STRONG> (Thumb, 0 bytes, Stack size 0 bytes, rme_platform_a7m_armcc.o(RME_VECTOR))
<BR>[Address Reference Count : 1]<UL><LI> rme_platform_a7m_armcc.o(RME_VECTOR)
</UL>
<P><STRONG><a name="[2c]"></a>IRQ34_Handler</STRONG> (Thumb, 0 bytes, Stack size 0 bytes, rme_platform_a7m_armcc.o(RME_VECTOR))
<BR>[Address Reference Count : 1]<UL><LI> rme_platform_a7m_armcc.o(RME_VECTOR)
</UL>
<P><STRONG><a name="[2d]"></a>IRQ35_Handler</STRONG> (Thumb, 0 bytes, Stack size 0 bytes, rme_platform_a7m_armcc.o(RME_VECTOR))
<BR>[Address Reference Count : 1]<UL><LI> rme_platform_a7m_armcc.o(RME_VECTOR)
</UL>
<P><STRONG><a name="[2e]"></a>IRQ36_Handler</STRONG> (Thumb, 0 bytes, Stack size 0 bytes, rme_platform_a7m_armcc.o(RME_VECTOR))
<BR>[Address Reference Count : 1]<UL><LI> rme_platform_a7m_armcc.o(RME_VECTOR)
</UL>
<P><STRONG><a name="[2f]"></a>IRQ37_Handler</STRONG> (Thumb, 0 bytes, Stack size 0 bytes, rme_platform_a7m_armcc.o(RME_VECTOR))
<BR>[Address Reference Count : 1]<UL><LI> rme_platform_a7m_armcc.o(RME_VECTOR)
</UL>
<P><STRONG><a name="[30]"></a>IRQ38_Handler</STRONG> (Thumb, 0 bytes, Stack size 0 bytes, rme_platform_a7m_armcc.o(RME_VECTOR))
<BR>[Address Reference Count : 1]<UL><LI> rme_platform_a7m_armcc.o(RME_VECTOR)
</UL>
<P><STRONG><a name="[31]"></a>IRQ39_Handler</STRONG> (Thumb, 0 bytes, Stack size 0 bytes, rme_platform_a7m_armcc.o(RME_VECTOR))
<BR>[Address Reference Count : 1]<UL><LI> rme_platform_a7m_armcc.o(RME_VECTOR)
</UL>
<P><STRONG><a name="[d]"></a>IRQ3_Handler</STRONG> (Thumb, 0 bytes, Stack size 0 bytes, rme_platform_a7m_armcc.o(RME_VECTOR))
<BR>[Address Reference Count : 1]<UL><LI> rme_platform_a7m_armcc.o(RME_VECTOR)
</UL>
<P><STRONG><a name="[32]"></a>IRQ40_Handler</STRONG> (Thumb, 0 bytes, Stack size 0 bytes, rme_platform_a7m_armcc.o(RME_VECTOR))
<BR>[Address Reference Count : 1]<UL><LI> rme_platform_a7m_armcc.o(RME_VECTOR)
</UL>
<P><STRONG><a name="[33]"></a>IRQ41_Handler</STRONG> (Thumb, 0 bytes, Stack size 0 bytes, rme_platform_a7m_armcc.o(RME_VECTOR))
<BR>[Address Reference Count : 1]<UL><LI> rme_platform_a7m_armcc.o(RME_VECTOR)
</UL>
<P><STRONG><a name="[34]"></a>IRQ42_Handler</STRONG> (Thumb, 0 bytes, Stack size 0 bytes, rme_platform_a7m_armcc.o(RME_VECTOR))
<BR>[Address Reference Count : 1]<UL><LI> rme_platform_a7m_armcc.o(RME_VECTOR)
</UL>
<P><STRONG><a name="[35]"></a>IRQ43_Handler</STRONG> (Thumb, 0 bytes, Stack size 0 bytes, rme_platform_a7m_armcc.o(RME_VECTOR))
<BR>[Address Reference Count : 1]<UL><LI> rme_platform_a7m_armcc.o(RME_VECTOR)
</UL>
<P><STRONG><a name="[36]"></a>IRQ44_Handler</STRONG> (Thumb, 0 bytes, Stack size 0 bytes, rme_platform_a7m_armcc.o(RME_VECTOR))
<BR>[Address Reference Count : 1]<UL><LI> rme_platform_a7m_armcc.o(RME_VECTOR)
</UL>
<P><STRONG><a name="[37]"></a>IRQ45_Handler</STRONG> (Thumb, 0 bytes, Stack size 0 bytes, rme_platform_a7m_armcc.o(RME_VECTOR))
<BR>[Address Reference Count : 1]<UL><LI> rme_platform_a7m_armcc.o(RME_VECTOR)
</UL>
<P><STRONG><a name="[38]"></a>IRQ46_Handler</STRONG> (Thumb, 0 bytes, Stack size 0 bytes, rme_platform_a7m_armcc.o(RME_VECTOR))
<BR>[Address Reference Count : 1]<UL><LI> rme_platform_a7m_armcc.o(RME_VECTOR)
</UL>
<P><STRONG><a name="[39]"></a>IRQ47_Handler</STRONG> (Thumb, 0 bytes, Stack size 0 bytes, rme_platform_a7m_armcc.o(RME_VECTOR))
<BR>[Address Reference Count : 1]<UL><LI> rme_platform_a7m_armcc.o(RME_VECTOR)
</UL>
<P><STRONG><a name="[3a]"></a>IRQ48_Handler</STRONG> (Thumb, 0 bytes, Stack size 0 bytes, rme_platform_a7m_armcc.o(RME_VECTOR))
<BR>[Address Reference Count : 1]<UL><LI> rme_platform_a7m_armcc.o(RME_VECTOR)
</UL>
<P><STRONG><a name="[3b]"></a>IRQ49_Handler</STRONG> (Thumb, 0 bytes, Stack size 0 bytes, rme_platform_a7m_armcc.o(RME_VECTOR))
<BR>[Address Reference Count : 1]<UL><LI> rme_platform_a7m_armcc.o(RME_VECTOR)
</UL>
<P><STRONG><a name="[e]"></a>IRQ4_Handler</STRONG> (Thumb, 0 bytes, Stack size 0 bytes, rme_platform_a7m_armcc.o(RME_VECTOR))
<BR>[Address Reference Count : 1]<UL><LI> rme_platform_a7m_armcc.o(RME_VECTOR)
</UL>
<P><STRONG><a name="[3c]"></a>IRQ50_Handler</STRONG> (Thumb, 0 bytes, Stack size 0 bytes, rme_platform_a7m_armcc.o(RME_VECTOR))
<BR>[Address Reference Count : 1]<UL><LI> rme_platform_a7m_armcc.o(RME_VECTOR)
</UL>
<P><STRONG><a name="[3d]"></a>IRQ51_Handler</STRONG> (Thumb, 0 bytes, Stack size 0 bytes, rme_platform_a7m_armcc.o(RME_VECTOR))
<BR>[Address Reference Count : 1]<UL><LI> rme_platform_a7m_armcc.o(RME_VECTOR)
</UL>
<P><STRONG><a name="[3e]"></a>IRQ52_Handler</STRONG> (Thumb, 0 bytes, Stack size 0 bytes, rme_platform_a7m_armcc.o(RME_VECTOR))
<BR>[Address Reference Count : 1]<UL><LI> rme_platform_a7m_armcc.o(RME_VECTOR)
</UL>
<P><STRONG><a name="[3f]"></a>IRQ53_Handler</STRONG> (Thumb, 0 bytes, Stack size 0 bytes, rme_platform_a7m_armcc.o(RME_VECTOR))
<BR>[Address Reference Count : 1]<UL><LI> rme_platform_a7m_armcc.o(RME_VECTOR)
</UL>
<P><STRONG><a name="[40]"></a>IRQ54_Handler</STRONG> (Thumb, 0 bytes, Stack size 0 bytes, rme_platform_a7m_armcc.o(RME_VECTOR))
<BR>[Address Reference Count : 1]<UL><LI> rme_platform_a7m_armcc.o(RME_VECTOR)
</UL>
<P><STRONG><a name="[41]"></a>IRQ55_Handler</STRONG> (Thumb, 0 bytes, Stack size 0 bytes, rme_platform_a7m_armcc.o(RME_VECTOR))
<BR>[Address Reference Count : 1]<UL><LI> rme_platform_a7m_armcc.o(RME_VECTOR)
</UL>
<P><STRONG><a name="[42]"></a>IRQ56_Handler</STRONG> (Thumb, 0 bytes, Stack size 0 bytes, rme_platform_a7m_armcc.o(RME_VECTOR))
<BR>[Address Reference Count : 1]<UL><LI> rme_platform_a7m_armcc.o(RME_VECTOR)
</UL>
<P><STRONG><a name="[43]"></a>IRQ57_Handler</STRONG> (Thumb, 0 bytes, Stack size 0 bytes, rme_platform_a7m_armcc.o(RME_VECTOR))
<BR>[Address Reference Count : 1]<UL><LI> rme_platform_a7m_armcc.o(RME_VECTOR)
</UL>
<P><STRONG><a name="[44]"></a>IRQ58_Handler</STRONG> (Thumb, 0 bytes, Stack size 0 bytes, rme_platform_a7m_armcc.o(RME_VECTOR))
<BR>[Address Reference Count : 1]<UL><LI> rme_platform_a7m_armcc.o(RME_VECTOR)
</UL>
<P><STRONG><a name="[45]"></a>IRQ59_Handler</STRONG> (Thumb, 0 bytes, Stack size 0 bytes, rme_platform_a7m_armcc.o(RME_VECTOR))
<BR>[Address Reference Count : 1]<UL><LI> rme_platform_a7m_armcc.o(RME_VECTOR)
</UL>
<P><STRONG><a name="[f]"></a>IRQ5_Handler</STRONG> (Thumb, 0 bytes, Stack size 0 bytes, rme_platform_a7m_armcc.o(RME_VECTOR))
<BR>[Address Reference Count : 1]<UL><LI> rme_platform_a7m_armcc.o(RME_VECTOR)
</UL>
<P><STRONG><a name="[46]"></a>IRQ60_Handler</STRONG> (Thumb, 0 bytes, Stack size 0 bytes, rme_platform_a7m_armcc.o(RME_VECTOR))
<BR>[Address Reference Count : 1]<UL><LI> rme_platform_a7m_armcc.o(RME_VECTOR)
</UL>
<P><STRONG><a name="[47]"></a>IRQ61_Handler</STRONG> (Thumb, 0 bytes, Stack size 0 bytes, rme_platform_a7m_armcc.o(RME_VECTOR))
<BR>[Address Reference Count : 1]<UL><LI> rme_platform_a7m_armcc.o(RME_VECTOR)
</UL>
<P><STRONG><a name="[48]"></a>IRQ62_Handler</STRONG> (Thumb, 0 bytes, Stack size 0 bytes, rme_platform_a7m_armcc.o(RME_VECTOR))
<BR>[Address Reference Count : 1]<UL><LI> rme_platform_a7m_armcc.o(RME_VECTOR)
</UL>
<P><STRONG><a name="[49]"></a>IRQ63_Handler</STRONG> (Thumb, 0 bytes, Stack size 0 bytes, rme_platform_a7m_armcc.o(RME_VECTOR))
<BR>[Address Reference Count : 1]<UL><LI> rme_platform_a7m_armcc.o(RME_VECTOR)
</UL>
<P><STRONG><a name="[4a]"></a>IRQ64_Handler</STRONG> (Thumb, 0 bytes, Stack size 0 bytes, rme_platform_a7m_armcc.o(RME_VECTOR))
<BR>[Address Reference Count : 1]<UL><LI> rme_platform_a7m_armcc.o(RME_VECTOR)
</UL>
<P><STRONG><a name="[4b]"></a>IRQ65_Handler</STRONG> (Thumb, 0 bytes, Stack size 0 bytes, rme_platform_a7m_armcc.o(RME_VECTOR))
<BR>[Address Reference Count : 1]<UL><LI> rme_platform_a7m_armcc.o(RME_VECTOR)
</UL>
<P><STRONG><a name="[4c]"></a>IRQ66_Handler</STRONG> (Thumb, 0 bytes, Stack size 0 bytes, rme_platform_a7m_armcc.o(RME_VECTOR))
<BR>[Address Reference Count : 1]<UL><LI> rme_platform_a7m_armcc.o(RME_VECTOR)
</UL>
<P><STRONG><a name="[4d]"></a>IRQ67_Handler</STRONG> (Thumb, 0 bytes, Stack size 0 bytes, rme_platform_a7m_armcc.o(RME_VECTOR))
<BR>[Address Reference Count : 1]<UL><LI> rme_platform_a7m_armcc.o(RME_VECTOR)
</UL>
<P><STRONG><a name="[4e]"></a>IRQ68_Handler</STRONG> (Thumb, 0 bytes, Stack size 0 bytes, rme_platform_a7m_armcc.o(RME_VECTOR))
<BR>[Address Reference Count : 1]<UL><LI> rme_platform_a7m_armcc.o(RME_VECTOR)
</UL>
<P><STRONG><a name="[4f]"></a>IRQ69_Handler</STRONG> (Thumb, 0 bytes, Stack size 0 bytes, rme_platform_a7m_armcc.o(RME_VECTOR))
<BR>[Address Reference Count : 1]<UL><LI> rme_platform_a7m_armcc.o(RME_VECTOR)
</UL>
<P><STRONG><a name="[10]"></a>IRQ6_Handler</STRONG> (Thumb, 0 bytes, Stack size 0 bytes, rme_platform_a7m_armcc.o(RME_VECTOR))
<BR>[Address Reference Count : 1]<UL><LI> rme_platform_a7m_armcc.o(RME_VECTOR)
</UL>
<P><STRONG><a name="[50]"></a>IRQ70_Handler</STRONG> (Thumb, 0 bytes, Stack size 0 bytes, rme_platform_a7m_armcc.o(RME_VECTOR))
<BR>[Address Reference Count : 1]<UL><LI> rme_platform_a7m_armcc.o(RME_VECTOR)
</UL>
[...]
<BR><BR>[Stack]<UL><LI>Max Depth = 88<LI>Call Chain = ___RME_A7M_MPU_Update &rArr; RME_Log
</UL>
<BR>[Calls]<UL><LI><a href="#[16e]">&gt;&gt;</a>&nbsp;&nbsp;&nbsp;___RME_A7M_MPU_Clear
<LI><a href="#[15f]">&gt;&gt;</a>&nbsp;&nbsp;&nbsp;__RME_A7M_Reset
<LI><a href="#[107]">&gt;&gt;</a>&nbsp;&nbsp;&nbsp;RME_Log
<LI><a href="#[15e]">&gt;&gt;</a>&nbsp;&nbsp;&nbsp;RME_Reboot_Failsafe
</UL>
<BR>[Called By]<UL><LI><a href="#[132]">&gt;&gt;</a>&nbsp;&nbsp;&nbsp;__RME_Pgt_Pgdir_Map
<LI><a href="#[139]">&gt;&gt;</a>&nbsp;&nbsp;&nbsp;__RME_Pgt_Page_Unmap
<LI><a href="#[12c]">&gt;&gt;</a>&nbsp;&nbsp;&nbsp;__RME_Pgt_Page_Map
<LI><a href="#[15a]">&gt;&gt;</a>&nbsp;&nbsp;&nbsp;__RME_A7M_Exc_Handler
</UL>

<P><STRONG><a name="[16e]"></a>___RME_A7M_MPU_Clear</STRONG> (Thumb, 350 bytes, Stack size 16 bytes, rme_platform_a7m.o(.text.___RME_A7M_MPU_Clear))
<BR><BR>[Stack]<UL><LI>Max Depth = 16<LI>Call Chain = ___RME_A7M_MPU_Clear
</UL>
<BR>[Called By]<UL><LI><a href="#[137]">&gt;&gt;</a>&nbsp;&nbsp;&nbsp;__RME_Pgt_Pgdir_Unmap
<LI><a href="#[15c]">&gt;&gt;</a>&nbsp;&nbsp;&nbsp;___RME_A7M_MPU_Update
</UL>

<P><STRONG><a name="[16d]"></a>___RME_A7M_Pgt_Refresh</STRONG> (Thumb, 34 bytes, Stack size 8 bytes, rme_platform_a7m.o(.text.___RME_A7M_Pgt_Refresh))
<BR><BR>[Stack]<UL><LI>Max Depth = 8<LI>Call Chain = ___RME_A7M_Pgt_Refresh
</UL>
<BR>[Calls]<UL><LI><a href="#[15b]">&gt;&gt;</a>&nbsp;&nbsp;&nbsp;_RME_Thd_Pgt
<LI><a href="#[15d]">&gt;&gt;</a>&nbsp;&nbsp;&nbsp;___RME_A7M_MPU_Set8
</UL>
<BR>[Called By]<UL><LI><a href="#[132]">&gt;&gt;</a>&nbsp;&nbsp;&nbsp;__RME_Pgt_Pgdir_Map
</UL>

<P><STRONG><a name="[11d]"></a>_RME_Inv_Ret</STRONG> (Thumb, 222 bytes, Stack size 32 bytes, rme_kernel.o(.text._RME_Inv_Ret))
<BR><BR>[Stack]<UL><LI>Max Depth = 72<LI>Call Chain = _RME_Inv_Ret &rArr; RME_Log
</UL>
<BR>[Calls]<UL><LI><a href="#[11f]">&gt;&gt;</a>&nbsp;&nbsp;&nbsp;__RME_Inv_Retval_Set
<LI><a href="#[11e]">&gt;&gt;</a>&nbsp;&nbsp;&nbsp;__RME_Inv_Reg_Restore
<LI><a href="#[120]">&gt;&gt;</a>&nbsp;&nbsp;&nbsp;__RME_Svc_Retval_Set
<LI><a href="#[11a]">&gt;&gt;</a>&nbsp;&nbsp;&nbsp;__RME_Pgt_Set
<LI><a href="#[108]">&gt;&gt;</a>&nbsp;&nbsp;&nbsp;__RME_A7M_Reboot
<LI><a href="#[107]">&gt;&gt;</a>&nbsp;&nbsp;&nbsp;RME_Log
</UL>
<BR>[Called By]<UL><LI><a href="#[140]">&gt;&gt;</a>&nbsp;&nbsp;&nbsp;_RME_Svc_Handler
<LI><a href="#[156]">&gt;&gt;</a>&nbsp;&nbsp;&nbsp;_RME_Thd_Fatal
</UL>

<P><STRONG><a name="[117]"></a>_RME_Inv_Act</STRONG> (Thumb, 306 bytes, Stack size 24 bytes, rme_kernel.o(.text._RME_Inv_Act))
<BR><BR>[Stack]<UL><LI>Max Depth = 64<LI>Call Chain = _RME_Inv_Act &rArr; RME_Log
</UL>
<BR>[Calls]<UL><LI><a href="#[118]">&gt;&gt;</a>&nbsp;&nbsp;&nbsp;__RME_Inv_Reg_Save
<LI><a href="#[119]">&gt;&gt;</a>&nbsp;&nbsp;&nbsp;__RME_Thd_Reg_Init
<LI><a href="#[11a]">&gt;&gt;</a>&nbsp;&nbsp;&nbsp;__RME_Pgt_Set
<LI><a href="#[108]">&gt;&gt;</a>&nbsp;&nbsp;&nbsp;__RME_A7M_Reboot
<LI><a href="#[107]">&gt;&gt;</a>&nbsp;&nbsp;&nbsp;RME_Log
</UL>
<BR>[Called By]<UL><LI><a href="#[140]">&gt;&gt;</a>&nbsp;&nbsp;&nbsp;_RME_Svc_Handler
</UL>

<P><STRONG><a name="[13f]"></a>_RME_Sig_Snd</STRONG> (Thumb, 454 bytes, Stack size 24 bytes, rme_kernel.o(.text._RME_Sig_Snd))
<BR><BR>[Stack]<UL><LI>Max Depth = 128<LI>Call Chain = _RME_Sig_Snd &rArr; _RME_Kern_High &rArr; _RME_Run_Swt &rArr; RME_Log
</UL>
<BR>[Calls]<UL><LI><a href="#[125]">&gt;&gt;</a>&nbsp;&nbsp;&nbsp;_RME_Run_Notif
<LI><a href="#[120]">&gt;&gt;</a>&nbsp;&nbsp;&nbsp;__RME_Svc_Retval_Set
<LI><a href="#[121]">&gt;&gt;</a>&nbsp;&nbsp;&nbsp;_RME_Kern_High
<LI><a href="#[108]">&gt;&gt;</a>&nbsp;&nbsp;&nbsp;__RME_A7M_Reboot
<LI><a href="#[107]">&gt;&gt;</a>&nbsp;&nbsp;&nbsp;RME_Log
</UL>
<BR>[Called By]<UL><LI><a href="#[140]">&gt;&gt;</a>&nbsp;&nbsp;&nbsp;_RME_Svc_Handler
</UL>

<P><STRONG><a name="[13e]"></a>_RME_Sig_Rcv</STRONG> (Thumb, 562 bytes, Stack size 8 bytes, rme_kernel.o(.text._RME_Sig_Rcv))
<BR><BR>[Stack]<UL><LI>Max Depth = 112<LI>Call Chain = _RME_Sig_Rcv &rArr; _RME_Kern_High &rArr; _RME_Run_Swt &rArr; RME_Log
</UL>
<BR>[Calls]<UL><LI><a href="#[120]">&gt;&gt;</a>&nbsp;&nbsp;&nbsp;__RME_Svc_Retval_Set
<LI><a href="#[121]">&gt;&gt;</a>&nbsp;&nbsp;&nbsp;_RME_Kern_High
<LI><a href="#[108]">&gt;&gt;</a>&nbsp;&nbsp;&nbsp;__RME_A7M_Reboot
<LI><a href="#[107]">&gt;&gt;</a>&nbsp;&nbsp;&nbsp;RME_Log
</UL>
<BR>[Called By]<UL><LI><a href="#[140]">&gt;&gt;</a>&nbsp;&nbsp;&nbsp;_RME_Svc_Handler
</UL>

<P><STRONG><a name="[126]"></a>_RME_Kfn_Act</STRONG> (Thumb, 250 bytes, Stack size 24 bytes, rme_kernel.o(.text._RME_Kfn_Act))
<BR><BR>[Stack]<UL><LI>Max Depth = 168<LI>Call Chain = _RME_Kfn_Act &rArr; __RME_Kfn_Handler &rArr; _RME_Kern_High &rArr; _RME_Run_Swt &rArr; RME_Log
</UL>
<BR>[Calls]<UL><LI><a href="#[127]">&gt;&gt;</a>&nbsp;&nbsp;&nbsp;__RME_Kfn_Handler
</UL>
<BR>[Called By]<UL><LI><a href="#[140]">&gt;&gt;</a>&nbsp;&nbsp;&nbsp;_RME_Svc_Handler
</UL>

<P><STRONG><a name="[142]"></a>_RME_Thd_Sched_Free</STRONG> (Thumb, 442 bytes, Stack size 24 bytes, rme_kernel.o(.text._RME_Thd_Sched_Free))
<BR><BR>[Stack]<UL><LI>Max Depth = 128<LI>Call Chain = _RME_Thd_Sched_Free &rArr; _RME_Kern_High &rArr; _RME_Run_Swt &rArr; RME_Log
</UL>
<BR>[Calls]<UL><LI><a href="#[120]">&gt;&gt;</a>&nbsp;&nbsp;&nbsp;__RME_Svc_Retval_Set
<LI><a href="#[121]">&gt;&gt;</a>&nbsp;&nbsp;&nbsp;_RME_Kern_High
<LI><a href="#[108]">&gt;&gt;</a>&nbsp;&nbsp;&nbsp;__RME_A7M_Reboot
<LI><a href="#[107]">&gt;&gt;</a>&nbsp;&nbsp;&nbsp;RME_Log
</UL>
<BR>[Called By]<UL><LI><a href="#[140]">&gt;&gt;</a>&nbsp;&nbsp;&nbsp;_RME_Svc_Handler
</UL>

<P><STRONG><a name="[143]"></a>_RME_Thd_Exec_Set</STRONG> (Thumb, 442 bytes, Stack size 24 bytes, rme_kernel.o(.text._RME_Thd_Exec_Set))
<BR><BR>[Stack]<UL><LI>Max Depth = 128<LI>Call Chain = _RME_Thd_Exec_Set &rArr; _RME_Kern_High &rArr; _RME_Run_Swt &rArr; RME_Log
</UL>
<BR>[Calls]<UL><LI><a href="#[155]">&gt;&gt;</a>&nbsp;&nbsp;&nbsp;__RME_Thd_Cop_Init
<LI><a href="#[119]">&gt;&gt;</a>&nbsp;&nbsp;&nbsp;__RME_Thd_Reg_Init
<LI><a href="#[120]">&gt;&gt;</a>&nbsp;&nbsp;&nbsp;__RME_Svc_Retval_Set
<LI><a href="#[121]">&gt;&gt;</a>&nbsp;&nbsp;&nbsp;_RME_Kern_High
<LI><a href="#[124]">&gt;&gt;</a>&nbsp;&nbsp;&nbsp;_RME_Kern_Snd
<LI><a href="#[108]">&gt;&gt;</a>&nbsp;&nbsp;&nbsp;__RME_A7M_Reboot
<LI><a href="#[107]">&gt;&gt;</a>&nbsp;&nbsp;&nbsp;RME_Log
</UL>
<BR>[Called By]<UL><LI><a href="#[140]">&gt;&gt;</a>&nbsp;&nbsp;&nbsp;_RME_Svc_Handler
</UL>

<P><STRONG><a name="[144]"></a>_RME_Thd_Sched_Prio</STRONG> (Thumb, 994 bytes, Stack size 80 bytes, rme_kernel.o(.text._RME_Thd_Sched_Prio))
<BR><BR>[Stack]<UL><LI>Max Depth = 184<LI>Call Chain = _RME_Thd_Sched_Prio &rArr; _RME_Kern_High &rArr; _RME_Run_Swt &rArr; RME_Log
</UL>
<BR>[Calls]<UL><LI><a href="#[120]">&gt;&gt;</a>&nbsp;&nbsp;&nbsp;__RME_Svc_Retval_Set
<LI><a href="#[121]">&gt;&gt;</a>&nbsp;&nbsp;&nbsp;_RME_Kern_High
<LI><a href="#[108]">&gt;&gt;</a>&nbsp;&nbsp;&nbsp;__RME_A7M_Reboot
<LI><a href="#[107]">&gt;&gt;</a>&nbsp;&nbsp;&nbsp;RME_Log
</UL>
<BR>[Called By]<UL><LI><a href="#[140]">&gt;&gt;</a>&nbsp;&nbsp;&nbsp;_RME_Svc_Handler
</UL>

<P><STRONG><a name="[145]"></a>_RME_Thd_Time_Xfer</STRONG> (Thumb, 802 bytes, Stack size 24 bytes, rme_kernel.o(.text._RME_Thd_Time_Xfer))
<BR><BR>[Stack]<UL><LI>Max Depth = 128<LI>Call Chain = _RME_Thd_Time_Xfer &rArr; _RME_Kern_High &rArr; _RME_Run_Swt &rArr; RME_Log
</UL>
<BR>[Calls]<UL><LI><a href="#[120]">&gt;&gt;</a>&nbsp;&nbsp;&nbsp;__RME_Svc_Retval_Set
<LI><a href="#[121]">&gt;&gt;</a>&nbsp;&nbsp;&nbsp;_RME_Kern_High
<LI><a href="#[124]">&gt;&gt;</a>&nbsp;&nbsp;&nbsp;_RME_Kern_Snd
<LI><a href="#[108]">&gt;&gt;</a>&nbsp;&nbsp;&nbsp;__RME_A7M_Reboot
<LI><a href="#[107]">&gt;&gt;</a>&nbsp;&nbsp;&nbsp;RME_Log
</UL>
<BR>[Called By]<UL><LI><a href="#[140]">&gt;&gt;</a>&nbsp;&nbsp;&nbsp;_RME_Svc_Handler
</UL>

<P><STRONG><a name="[146]"></a>_RME_Thd_Swt</STRONG> (Thumb, 982 bytes, Stack size 32 bytes, rme_kernel.o(.text._RME_Thd_Swt))
<BR><BR>[Stack]<UL><LI>Max Depth = 120<LI>Call Chain = _RME_Thd_Swt &rArr; _RME_Run_Swt &rArr; RME_Log
</UL>
<BR>[Calls]<UL><LI><a href="#[123]">&gt;&gt;</a>&nbsp;&nbsp;&nbsp;_RME_Run_Swt
<LI><a href="#[120]">&gt;&gt;</a>&nbsp;&nbsp;&nbsp;__RME_Svc_Retval_Set
<LI><a href="#[124]">&gt;&gt;</a>&nbsp;&nbsp;&nbsp;_RME_Kern_Snd
<LI><a href="#[122]">&gt;&gt;</a>&nbsp;&nbsp;&nbsp;__RME_A7M_MSB_Get
<LI><a href="#[108]">&gt;&gt;</a>&nbsp;&nbsp;&nbsp;__RME_A7M_Reboot
<LI><a href="#[107]">&gt;&gt;</a>&nbsp;&nbsp;&nbsp;RME_Log
</UL>
<BR>[Called By]<UL><LI><a href="#[140]">&gt;&gt;</a>&nbsp;&nbsp;&nbsp;_RME_Svc_Handler
</UL>

<P><STRONG><a name="[115]"></a>_RME_Cpt_Crt</STRONG> (Thumb, 532 bytes, Stack size 24 bytes, rme_kernel.o(.text._RME_Cpt_Crt))
<BR><BR>[Stack]<UL><LI>Max Depth = 48<LI>Call Chain = _RME_Cpt_Crt &rArr; _RME_Kot_Mark
</UL>
<BR>[Calls]<UL><LI><a href="#[114]">&gt;&gt;</a>&nbsp;&nbsp;&nbsp;_RME_Kot_Mark
</UL>
<BR>[Called By]<UL><LI><a href="#[140]">&gt;&gt;</a>&nbsp;&nbsp;&nbsp;_RME_Svc_Handler
</UL>

<P><STRONG><a name="[116]"></a>_RME_Cpt_Del</STRONG> (Thumb, 700 bytes, Stack size 32 bytes, rme_kernel.o(.text._RME_Cpt_Del))
<BR><BR>[Stack]<UL><LI>Max Depth = 72<LI>Call Chain = _RME_Cpt_Del &rArr; RME_Log
</UL>
<BR>[Calls]<UL><LI><a href="#[10f]">&gt;&gt;</a>&nbsp;&nbsp;&nbsp;__aeabi_memclr4
<LI><a href="#[108]">&gt;&gt;</a>&nbsp;&nbsp;&nbsp;__RME_A7M_Reboot
<LI><a href="#[107]">&gt;&gt;</a>&nbsp;&nbsp;&nbsp;RME_Log
</UL>
<BR>[Called By]<UL><LI><a href="#[140]">&gt;&gt;</a>&nbsp;&nbsp;&nbsp;_RME_Svc_Handler
</UL>

<P><STRONG><a name="[147]"></a>_RME_Cpt_Frz</STRONG> (Thumb, 270 bytes, Stack size 8 bytes, rme_kernel.o(.text._RME_Cpt_Frz))
<BR><BR>[Stack]<UL><LI>Max Depth = 8<LI>Call Chain = _RME_Cpt_Frz
</UL>
<BR>[Called By]<UL><LI><a href="#[140]">&gt;&gt;</a>&nbsp;&nbsp;&nbsp;_RME_Svc_Handler
</UL>

<P><STRONG><a name="[148]"></a>_RME_Cpt_Add</STRONG> (Thumb, 766 bytes, Stack size 20 bytes, rme_kernel.o(.text._RME_Cpt_Add))
<BR><BR>[Stack]<UL><LI>Max Depth = 20<LI>Call Chain = _RME_Cpt_Add
</UL>
<BR>[Called By]<UL><LI><a href="#[140]">&gt;&gt;</a>&nbsp;&nbsp;&nbsp;_RME_Svc_Handler
</UL>

<P><STRONG><a name="[149]"></a>_RME_Cpt_Rem</STRONG> (Thumb, 270 bytes, Stack size 8 bytes, rme_kernel.o(.text._RME_Cpt_Rem))
<BR><BR>[Stack]<UL><LI>Max Depth = 8<LI>Call Chain = _RME_Cpt_Rem
</UL>
<BR>[Called By]<UL><LI><a href="#[140]">&gt;&gt;</a>&nbsp;&nbsp;&nbsp;_RME_Svc_Handler
</UL>

<P><STRONG><a name="[133]"></a>_RME_Pgt_Crt</STRONG> (Thumb, 642 bytes, Stack size 40 bytes, rme_kernel.o(.text._RME_Pgt_Crt))
<BR><BR>[Stack]<UL><LI>Max Depth = 80<LI>Call Chain = _RME_Pgt_Crt &rArr; RME_Log
</UL>
<BR>[Calls]<UL><LI><a href="#[129]">&gt;&gt;</a>&nbsp;&nbsp;&nbsp;_RME_Kot_Erase
<LI><a href="#[114]">&gt;&gt;</a>&nbsp;&nbsp;&nbsp;_RME_Kot_Mark
<LI><a href="#[12f]">&gt;&gt;</a>&nbsp;&nbsp;&nbsp;__RME_Pgt_Check
<LI><a href="#[130]">&gt;&gt;</a>&nbsp;&nbsp;&nbsp;__RME_Pgt_Init
<LI><a href="#[108]">&gt;&gt;</a>&nbsp;&nbsp;&nbsp;__RME_A7M_Reboot
<LI><a href="#[107]">&gt;&gt;</a>&nbsp;&nbsp;&nbsp;RME_Log
</UL>
<BR>[Called By]<UL><LI><a href="#[140]">&gt;&gt;</a>&nbsp;&nbsp;&nbsp;_RME_Svc_Handler
</UL>

<P><STRONG><a name="[134]"></a>_RME_Pgt_Del</STRONG> (Thumb, 656 bytes, Stack size 32 bytes, rme_kernel.o(.text._RME_Pgt_Del))
<BR><BR>[Stack]<UL><LI>Max Depth = 72<LI>Call Chain = _RME_Pgt_Del &rArr; RME_Log
</UL>
<BR>[Calls]<UL><LI><a href="#[10f]">&gt;&gt;</a>&nbsp;&nbsp;&nbsp;__aeabi_memclr4
<LI><a href="#[135]">&gt;&gt;</a>&nbsp;&nbsp;&nbsp;__RME_Pgt_Del_Check
<LI><a href="#[108]">&gt;&gt;</a>&nbsp;&nbsp;&nbsp;__RME_A7M_Reboot
<LI><a href="#[107]">&gt;&gt;</a>&nbsp;&nbsp;&nbsp;RME_Log
</UL>
<BR>[Called By]<UL><LI><a href="#[140]">&gt;&gt;</a>&nbsp;&nbsp;&nbsp;_RME_Svc_Handler
</UL>

<P><STRONG><a name="[12a]"></a>_RME_Pgt_Add</STRONG> (Thumb, 554 bytes, Stack size 40 bytes, rme_kernel.o(.text._RME_Pgt_Add))
<BR><BR>[Stack]<UL><LI>Max Depth = 160<LI>Call Chain = _RME_Pgt_Add &rArr; __RME_Pgt_Page_Map &rArr; ___RME_A7M_MPU_Update &rArr; RME_Log
</UL>
<BR>[Calls]<UL><LI><a href="#[12b]">&gt;&gt;</a>&nbsp;&nbsp;&nbsp;__RME_Pgt_Lookup
<LI><a href="#[12c]">&gt;&gt;</a>&nbsp;&nbsp;&nbsp;__RME_Pgt_Page_Map
</UL>
<BR>[Called By]<UL><LI><a href="#[140]">&gt;&gt;</a>&nbsp;&nbsp;&nbsp;_RME_Svc_Handler
</UL>

<P><STRONG><a name="[138]"></a>_RME_Pgt_Rem</STRONG> (Thumb, 230 bytes, Stack size 8 bytes, rme_kernel.o(.text._RME_Pgt_Rem))
<BR><BR>[Stack]<UL><LI>Max Depth = 112<LI>Call Chain = _RME_Pgt_Rem &rArr; __RME_Pgt_Page_Unmap &rArr; ___RME_A7M_MPU_Update &rArr; RME_Log
</UL>
<BR>[Calls]<UL><LI><a href="#[139]">&gt;&gt;</a>&nbsp;&nbsp;&nbsp;__RME_Pgt_Page_Unmap
</UL>
<BR>[Called By]<UL><LI><a href="#[140]">&gt;&gt;</a>&nbsp;&nbsp;&nbsp;_RME_Svc_Handler
</UL>

<P><STRONG><a name="[131]"></a>_RME_Pgt_Con</STRONG> (Thumb, 490 bytes, Stack size 16 bytes, rme_kernel.o(.text._RME_Pgt_Con))
<BR><BR>[Stack]<UL><LI>Max Depth = 120<LI>Call Chain = _RME_Pgt_Con &rArr; __RME_Pgt_Pgdir_Map &rArr; ___RME_A7M_MPU_Update &rArr; RME_Log
</UL>
<BR>[Calls]<UL><LI><a href="#[132]">&gt;&gt;</a>&nbsp;&nbsp;&nbsp;__RME_Pgt_Pgdir_Map
</UL>
<BR>[Called By]<UL><LI><a href="#[140]">&gt;&gt;</a>&nbsp;&nbsp;&nbsp;_RME_Svc_Handler
</UL>

<P><STRONG><a name="[136]"></a>_RME_Pgt_Des</STRONG> (Thumb, 402 bytes, Stack size 16 bytes, rme_kernel.o(.text._RME_Pgt_Des))
<BR><BR>[Stack]<UL><LI>Max Depth = 56<LI>Call Chain = _RME_Pgt_Des &rArr; __RME_Pgt_Pgdir_Unmap &rArr; ___RME_A7M_MPU_Clear
</UL>
<BR>[Calls]<UL><LI><a href="#[137]">&gt;&gt;</a>&nbsp;&nbsp;&nbsp;__RME_Pgt_Pgdir_Unmap
</UL>
<BR>[Called By]<UL><LI><a href="#[140]">&gt;&gt;</a>&nbsp;&nbsp;&nbsp;_RME_Svc_Handler
</UL>

<P><STRONG><a name="[14a]"></a>_RME_Prc_Crt</STRONG> (Thumb, 562 bytes, Stack size 16 bytes, rme_kernel.o(.text._RME_Prc_Crt))
<BR><BR>[Stack]<UL><LI>Max Depth = 16<LI>Call Chain = _RME_Prc_Crt
</UL>
<BR>[Called By]<UL><LI><a href="#[140]">&gt;&gt;</a>&nbsp;&nbsp;&nbsp;_RME_Svc_Handler
</UL>

<P><STRONG><a name="[13a]"></a>_RME_Prc_Del</STRONG> (Thumb, 334 bytes, Stack size 8 bytes, rme_kernel.o(.text._RME_Prc_Del))
<BR><BR>[Stack]<UL><LI>Max Depth = 48<LI>Call Chain = _RME_Prc_Del &rArr; RME_Log
</UL>
<BR>[Calls]<UL><LI><a href="#[108]">&gt;&gt;</a>&nbsp;&nbsp;&nbsp;__RME_A7M_Reboot
<LI><a href="#[107]">&gt;&gt;</a>&nbsp;&nbsp;&nbsp;RME_Log
</UL>
<BR>[Called By]<UL><LI><a href="#[140]">&gt;&gt;</a>&nbsp;&nbsp;&nbsp;_RME_Svc_Handler
</UL>

<P><STRONG><a name="[14b]"></a>_RME_Prc_Cpt</STRONG> (Thumb, 362 bytes, Stack size 8 bytes, rme_kernel.o(.text._RME_Prc_Cpt))
<BR><BR>[Stack]<UL><LI>Max Depth = 8<LI>Call Chain = _RME_Prc_Cpt
</UL>
<BR>[Called By]<UL><LI><a href="#[140]">&gt;&gt;</a>&nbsp;&nbsp;&nbsp;_RME_Svc_Handler
</UL>

<P><STRONG><a name="[14c]"></a>_RME_Prc_Pgt</STRONG> (Thumb, 362 bytes, Stack size 8 bytes, rme_kernel.o(.text._RME_Prc_Pgt))
<BR><BR>[Stack]<UL><LI>Max Depth = 8<LI>Call Chain = _RME_Prc_Pgt
</UL>
<BR>[Called By]<UL><LI><a href="#[140]">&gt;&gt;</a>&nbsp;&nbsp;&nbsp;_RME_Svc_Handler
</UL>

<P><STRONG><a name="[14d]"></a>_RME_Thd_Crt</STRONG> (Thumb, 762 bytes, Stack size 40 bytes, rme_kernel.o(.text._RME_Thd_Crt))
<BR><BR>[Stack]<UL><LI>Max Depth = 64<LI>Call Chain = _RME_Thd_Crt &rArr; _RME_Kot_Mark
</UL>
<BR>[Calls]<UL><LI><a href="#[114]">&gt;&gt;</a>&nbsp;&nbsp;&nbsp;_RME_Kot_Mark
<LI><a href="#[154]">&gt;&gt;</a>&nbsp;&nbsp;&nbsp;__RME_Thd_Cop_Size
</UL>
<BR>[Called By]<UL><LI><a href="#[140]">&gt;&gt;</a>&nbsp;&nbsp;&nbsp;_RME_Svc_Handler
</UL>

<P><STRONG><a name="[14e]"></a>_RME_Thd_Del</STRONG> (Thumb, 1030 bytes, Stack size 32 bytes, rme_kernel.o(.text._RME_Thd_Del))
<BR><BR>[Stack]<UL><LI>Max Depth = 72<LI>Call Chain = _RME_Thd_Del &rArr; RME_Log
</UL>
<BR>[Calls]<UL><LI><a href="#[10f]">&gt;&gt;</a>&nbsp;&nbsp;&nbsp;__aeabi_memclr4
<LI><a href="#[154]">&gt;&gt;</a>&nbsp;&nbsp;&nbsp;__RME_Thd_Cop_Size
<LI><a href="#[108]">&gt;&gt;</a>&nbsp;&nbsp;&nbsp;__RME_A7M_Reboot
<LI><a href="#[107]">&gt;&gt;</a>&nbsp;&nbsp;&nbsp;RME_Log
</UL>
<BR>[Called By]<UL><LI><a href="#[140]">&gt;&gt;</a>&nbsp;&nbsp;&nbsp;_RME_Svc_Handler
</UL>

<P><STRONG><a name="[14f]"></a>_RME_Thd_Sched_Bind</STRONG> (Thumb, 742 bytes, Stack size 32 bytes, rme_kernel.o(.text._RME_Thd_Sched_Bind))
<BR><BR>[Stack]<UL><LI>Max Depth = 72<LI>Call Chain = _RME_Thd_Sched_Bind &rArr; RME_Log
</UL>
<BR>[Calls]<UL><LI><a href="#[158]">&gt;&gt;</a>&nbsp;&nbsp;&nbsp;__RME_Thd_Cop_Check
<LI><a href="#[154]">&gt;&gt;</a>&nbsp;&nbsp;&nbsp;__RME_Thd_Cop_Size
<LI><a href="#[108]">&gt;&gt;</a>&nbsp;&nbsp;&nbsp;__RME_A7M_Reboot
<LI><a href="#[107]">&gt;&gt;</a>&nbsp;&nbsp;&nbsp;RME_Log
</UL>
<BR>[Called By]<UL><LI><a href="#[140]">&gt;&gt;</a>&nbsp;&nbsp;&nbsp;_RME_Svc_Handler
</UL>

<P><STRONG><a name="[150]"></a>_RME_Thd_Sched_Rcv</STRONG> (Thumb, 266 bytes, Stack size 0 bytes, rme_kernel.o(.text._RME_Thd_Sched_Rcv))
<BR><BR>[Called By]<UL><LI><a href="#[140]">&gt;&gt;</a>&nbsp;&nbsp;&nbsp;_RME_Svc_Handler
</UL>

<P><STRONG><a name="[151]"></a>_RME_Sig_Crt</STRONG> (Thumb, 246 bytes, Stack size 8 bytes, rme_kernel.o(.text._RME_Sig_Crt))
<BR><BR>[Stack]<UL><LI>Max Depth = 8<LI>Call Chain = _RME_Sig_Crt
</UL>
<BR>[Called By]<UL><LI><a href="#[140]">&gt;&gt;</a>&nbsp;&nbsp;&nbsp;_RME_Svc_Handler
</UL>

<P><STRONG><a name="[13d]"></a>_RME_Sig_Del</STRONG> (Thumb, 350 bytes, Stack size 8 bytes, rme_kernel.o(.text._RME_Sig_Del))
<BR><BR>[Stack]<UL><LI>Max Depth = 48<LI>Call Chain = _RME_Sig_Del &rArr; RME_Log
</UL>
<BR>[Calls]<UL><LI><a href="#[108]">&gt;&gt;</a>&nbsp;&nbsp;&nbsp;__RME_A7M_Reboot
<LI><a href="#[107]">&gt;&gt;</a>&nbsp;&nbsp;&nbsp;RME_Log
</UL>
<BR>[Called By]<UL><LI><a href="#[140]">&gt;&gt;</a>&nbsp;&nbsp;&nbsp;_RME_Svc_Handler
</UL>

<P><STRONG><a name="[11b]"></a>_RME_Inv_Crt</STRONG> (Thumb, 612 bytes, Stack size 16 bytes, rme_kernel.o(.text._RME_Inv_Crt))
<BR><BR>[Stack]<UL><LI>Max Depth = 40<LI>Call Chain = _RME_Inv_Crt &rArr; _RME_Kot_Mark
</UL>
<BR>[Calls]<UL><LI><a href="#[114]">&gt;&gt;</a>&nbsp;&nbsp;&nbsp;_RME_Kot_Mark
</UL>
<BR>[Called By]<UL><LI><a href="#[140]">&gt;&gt;</a>&nbsp;&nbsp;&nbsp;_RME_Svc_Handler
</UL>

<P><STRONG><a name="[11c]"></a>_RME_Inv_Del</STRONG> (Thumb, 632 bytes, Stack size 32 bytes, rme_kernel.o(.text._RME_Inv_Del))
<BR><BR>[Stack]<UL><LI>Max Depth = 72<LI>Call Chain = _RME_Inv_Del &rArr; RME_Log
</UL>
<BR>[Calls]<UL><LI><a href="#[10f]">&gt;&gt;</a>&nbsp;&nbsp;&nbsp;__aeabi_memclr4
<LI><a href="#[108]">&gt;&gt;</a>&nbsp;&nbsp;&nbsp;__RME_A7M_Reboot
<LI><a href="#[107]">&gt;&gt;</a>&nbsp;&nbsp;&nbsp;RME_Log
</UL>
<BR>[Called By]<UL><LI><a href="#[140]">&gt;&gt;</a>&nbsp;&nbsp;&nbsp;_RME_Svc_Handler
</UL>

<P><STRONG><a name="[152]"></a>_RME_Inv_Set</STRONG> (Thumb, 198 bytes, Stack size 8 bytes, rme_kernel.o(.text._RME_Inv_Set))
<BR><BR>[Stack]<UL><LI>Max Depth = 8<LI>Call Chain = _RME_Inv_Set
</UL>
<BR>[Called By]<UL><LI><a href="#[140]">&gt;&gt;</a>&nbsp;&nbsp;&nbsp;_RME_Svc_Handler
</UL>

<P><STRONG><a name="[125]"></a>_RME_Run_Notif</STRONG> (Thumb, 40 bytes, Stack size 0 bytes, rme_kernel.o(.text._RME_Run_Notif))
<BR><BR>[Calls]<UL><LI><a href="#[124]">&gt;&gt;</a>&nbsp;&nbsp;&nbsp;_RME_Kern_Snd
</UL>
<BR>[Called By]<UL><LI><a href="#[13f]">&gt;&gt;</a>&nbsp;&nbsp;&nbsp;_RME_Sig_Snd
<LI><a href="#[124]">&gt;&gt;</a>&nbsp;&nbsp;&nbsp;_RME_Kern_Snd
</UL>

<P><STRONG><a name="[123]"></a>_RME_Run_Swt</STRONG> (Thumb, 242 bytes, Stack size 48 bytes, rme_kernel.o(.text._RME_Run_Swt))
<BR><BR>[Stack]<UL><LI>Max Depth = 88<LI>Call Chain = _RME_Run_Swt &rArr; RME_Log
</UL>
<BR>[Calls]<UL><LI><a href="#[13c]">&gt;&gt;</a>&nbsp;&nbsp;&nbsp;__RME_Thd_Cop_Swap
<LI><a href="#[13b]">&gt;&gt;</a>&nbsp;&nbsp;&nbsp;__RME_Thd_Reg_Copy
<LI><a href="#[11a]">&gt;&gt;</a>&nbsp;&nbsp;&nbsp;__RME_Pgt_Set
<LI><a href="#[108]">&gt;&gt;</a>&nbsp;&nbsp;&nbsp;__RME_A7M_Reboot
<LI><a href="#[107]">&gt;&gt;</a>&nbsp;&nbsp;&nbsp;RME_Log
</UL>
<BR>[Called By]<UL><LI><a href="#[146]">&gt;&gt;</a>&nbsp;&nbsp;&nbsp;_RME_Thd_Swt
<LI><a href="#[121]">&gt;&gt;</a>&nbsp;&nbsp;&nbsp;_RME_Kern_High
</UL>
<P>
<H3>
Undefined Global Symbols
</H3><HR></body></html>
