<html>
<body>
<pre>
<h1>礦ision Build Log</h1>
<h2>Tool Versions:</h2>
IDE-Version: μVision V5.37.0.0
Copyright (C) 2022 ARM Ltd and ARM Germany GmbH. All rights reserved.
License Information: feng 8618263261027, sdu, LIC=NQQMA-11CFK-SBTEJ-UCZ6Z-2NW0B-L9AED
 
Tool Versions:
Toolchain:       MDK-ARM Plus  Version: 5.37.0.0
Toolchain Path:  C:\Keil_v5\ARM\ARM_Compiler_5\Bin
C Compiler:      Armcc.exe V5.06 update 7 (build 960)
Assembler:       Armasm.exe V5.06 update 7 (build 960)
Linker/Locator:  ArmLink.exe V5.06 update 7 (build 960)
Library Manager: ArmAr.exe V5.06 update 7 (build 960)
Hex Converter:   FromElf.exe V5.06 update 7 (build 960)
CPU DLL:         SARMCM3.DLL V5.37.0.0
Dialog DLL:      DCM.DLL V1.17.5.0
Target DLL:      CMSIS_AGDI.dll V1.33.12.0
Dialog DLL:      TCM.DLL V1.56.1.0
 
<h2>Project:</h2>
C:\Users\86182\Desktop\Code_Library\Firmware_F411 V1.4\Firmware_F411 V1.4\USER\Firmware_F411.uvprojx
Project File Date:  03/28/2025

<h2>Output:</h2>
*** Using Compiler 'V5.06 update 7 (build 960)', folder: 'C:\Keil_v5\ARM\ARM_Compiler_5\Bin'
Build target 'Firmware'
compiling commander.c...
..\COMMUNICATE\src\commander.c(224): warning:  #550-D: variable "isAdjustingPosXY"  was set but never used
  static bool isAdjustingPosXY = true;/*调整XY位置*/
..\COMMUNICATE\src\commander.c(225): warning:  #177-D: variable "adjustPosXYTime"  was declared but never referenced
  static u8 adjustPosXYTime = 0;		/*XY位置调整时间*/
..\COMMUNICATE\src\commander.c(226): warning:  #550-D: variable "errorPosX"  was set but never used
  static float errorPosX = 0.f;		/*X位移误差*/
..\COMMUNICATE\src\commander.c(227): warning:  #550-D: variable "errorPosY"  was set but never used
  static float errorPosY = 0.f;		/*Y位移误差*/
..\COMMUNICATE\src\commander.c: 4 warnings, 0 errors
linking...
Program Size: Code=57980 RO-data=1140 RW-data=1236 ZI-data=40564  
FromELF: creating hex file...
"..\OBJ\Firmware_F411.axf" - 0 Error(s), 4 Warning(s).

<h2>Software Packages used:</h2>

Package Vendor: Keil
                https://www.keil.com/pack/Keil.STM32F4xx_DFP.3.0.0.pack
                Keil.STM32F4xx_DFP.3.0.0
                STMicroelectronics STM32F4 Series Device Support

<h2>Collection of Component include folders:</h2>

<h2>Collection of Component Files used:</h2>
Build Time Elapsed:  00:00:02
</pre>
</body>
</html>
